11-03 23:53:21.959 10667 10725 D UE4     : Case APP_CMD_PAUSE
11-03 23:53:21.959 10667 10667 D UE4     : Unregistering sensor listeners
11-03 23:53:21.959 10667 10725 D UE4     : LogAndroidEvents: EnqueueAppEvent : 6, 0, tid = 10725
11-03 23:53:21.959  3790  3801 D SensorService: Calling activate off 6
11-03 23:53:21.959  3237  3883 I Sensors : AccSensor old sensor_state 16403, new sensor_state : 16402 en : 0
11-03 23:53:21.960  3250  3250 I Layer   : id=859 onRemoved BlackSurface#0 
11-03 23:53:21.960  3250  3250 I Layer   : id=856 onRemoved BlackSurface#0 
11-03 23:53:21.960  3250  3250 I Layer   : id=857 onRemoved BlackSurface#0 
11-03 23:53:21.961  3250  3250 I Layer   : id=855 onRemoved ScreenshotSurface#0 
11-03 23:53:21.961  3250  3250 I Layer   : id=858 onRemoved BlackSurface#0 
11-03 23:53:21.962  3790  3801 D SensorService: Calling activate off 7
11-03 23:53:21.962  3237  3883 I Sensors : GyroSensor old sensor_state 16402, new sensor_state : 16400 en : 0
11-03 23:53:21.964  3790  3801 D SensorService: Calling activate off 11
11-03 23:53:21.964  3237  3883 I Sensors : GeoMagneticSensor old sensor_state 16400, new sensor_state : 16384 en : 0
11-03 23:53:21.969 10667 10667 D SensorManager: unregisterListener ::   
11-03 23:53:21.969 10667 10667 D UE4     : ==============> GameActive.onPause complete!
11-03 23:53:21.970  3790  4594 D ActivityManager: isScaleDownAnimationEnabled() : false
11-03 23:53:21.971  3790  4594 D StorageManagerService: getExternalStorageMountMode : 2
11-03 23:53:21.971  3790  4594 D StorageManagerService: getExternalStorageMountMode : 3
11-03 23:53:21.971  3790  4594 D StorageManagerService: getExternalStorageMountMode : final mountMode=2, uid : 10036, packageName : com.google.android.packageinstaller
11-03 23:53:21.971  3790  4594 I ApplicationPolicy: isApplicationExternalStorageWhitelisted:com.google.android.packageinstaller user:0
11-03 23:53:21.971  3790  4594 D ApplicationPolicy: isApplicationExternalStorageWhitelisted: DO is not enabled on user 0. Allowed.
11-03 23:53:21.971  3790  4594 D ActivityManager: package  com.google.android.packageinstaller, user - 0 is SDcard whitelisted
11-03 23:53:21.971  3790  4594 I ApplicationPolicy: isApplicationExternalStorageBlacklisted:com.google.android.packageinstaller user:0
11-03 23:53:21.971  3790  4594 D ApplicationPolicy: isApplicationExternalStorageBlacklisted: DO is not enabled on user 0. Allowed.
11-03 23:53:21.982  3790  4594 I ActivityManager: Start proc 10767:com.google.android.packageinstaller/u0a36 for activity com.google.android.packageinstaller/com.android.packageinstaller.permission.ui.GrantPermissionsActivity
11-03 23:53:21.982 10767 10767 E Zygote  : isWhitelistProcess - Process is Whitelisted
11-03 23:53:21.983 10767 10767 E libpersona: scanKnoxPersonas
11-03 23:53:21.983 10767 10767 E libpersona: Couldn't open the File - /data/system/users/0/personalist.xml - No such file or directory
11-03 23:53:21.985 10667 10667 D ViewRootImpl@4e28dab[GameActivity]: MSG_RESIZED_REPORT: frame=Rect(0, 0 - 2094, 1080) ci=Rect(0, 0 - 0, 0) vi=Rect(0, 0 - 0, 0) or=2
11-03 23:53:21.986 10767 10767 W SELinux : SELinux selinux_android_compute_policy_index : Policy Index[2],  Con:u:r:zygote:s0 RAM:SEPF_SM-G955F_8.0.0_0016, [-1 -1 -1 -1 0 1]
11-03 23:53:21.986 10767 10767 I SELinux : SELinux: seapp_context_lookup: seinfo=apm, level=s0:c512,c768, pkgname=com.google.android.packageinstaller 
11-03 23:53:22.004 10767 10767 D TimaKeyStoreProvider: TimaKeyStore is not enabled: cannot add TimaSignature Service and generateKeyPair Service
11-03 23:53:22.004 10767 10767 D ActivityThread: Added TimaKeyStore provider
11-03 23:53:22.006  3790  4594 I ActivityManager: DSS on for com.google.android.packageinstaller and scale is 1.0
11-03 23:53:22.014  3790  4594 D PersonaManagerService: Current focused persona service handled id set to : 0
11-03 23:53:22.014  3790  4594 D InputDispatcher: Focused application set to: xxxx
11-03 23:53:22.015  3790  4594 D InputDispatcher: Focus left window: 10667
11-03 23:53:22.017  3790  4068 D GameManagerService: handleForegroundChange(). pkgName: com.google.android.packageinstaller, clsName: com.android.packageinstaller.permission.ui.GrantPermissionsActivity,FgActivityName:com.google.android.packageinstaller/com.android.packageinstaller.permission.ui.GrantPermissionsActivity
11-03 23:53:22.017  3790  4594 D MARsPolicyManager: onPackageResumedFG pkgName = com.google.android.packageinstaller, userId = 0
11-03 23:53:22.017  3790  4068 D GameManagerService: sem_perfomance_mode: 0
11-03 23:53:22.017  3790  4068 D GameManagerService: notifyResumePause(). pkg: com.google.android.packageinstaller, type: 4, isMinimized: false, isTunableApp: false
11-03 23:53:22.017  3790  4068 D GameManagerService:   notifyResumePause(). do nothing. mKillNotiCount: 3
11-03 23:53:22.022  3790  7015 D GamePkgDataHelper: getGamePkgDataIncServer(). com.google.android.packageinstaller
11-03 23:53:22.023  4557  6848 D ForegroundUtils: could not check pending caller
11-03 23:53:22.024  9338 10686 I SAMSUNGPAY: [Hint_ProcessStatusChange] fg Change, pid : 10767 , isNotify : true , isForeground : true , fg list : [10667, 10767]
11-03 23:53:22.025  3790  7015 D GameManagerService: identifyGamePackage. com.google.android.packageinstaller
11-03 23:53:22.025  3790  7015 D GamePkgDataHelper: getGamePkgData(). com.google.android.packageinstaller
11-03 23:53:22.026  9338  9338 I SAMSUNGPAY: [ServiceTypeTable] isSupportOperator : BTU, GB
11-03 23:53:22.027  9338  9338 D SAMSUNGPAY: [ServiceTypeTable] Upgrade - ServiceTypeTable - entryFromCountryIso - index is : 37, iso : GB
11-03 23:53:22.028  3790  7015 D GameManagerService: identifyGamePackage. com.google.android.packageinstaller
11-03 23:53:22.028  3790  7015 D GamePkgDataHelper: getGamePkgData(). com.google.android.packageinstaller
11-03 23:53:22.029  9338  9338 D SAMSUNGPAY: [Hint_SimpleIntroService] Hint Status - already invisible, skip hide : Landscape mode
11-03 23:53:22.030  3790  7015 D GamePkgDataHelper: getSosPolicy(). com.google.android.packageinstaller
11-03 23:53:22.033  3790  7015 D GameManagerService: identifyGamePackage. com.google.android.packageinstaller
11-03 23:53:22.033  3790  7015 D GamePkgDataHelper: getGamePkgData(). com.google.android.packageinstaller
11-03 23:53:22.037  3790  7015 D GameManagerService: identifyGamePackage. com.google.android.packageinstaller
11-03 23:53:22.037  3790  7015 D GamePkgDataHelper: getGamePkgData(). com.google.android.packageinstaller
11-03 23:53:22.050 10767 10792 I vndksupport: sphal namespace is not configured for this process. Loading /vendor/lib64/egl/libGLES_mali.so from the current namespace instead.
11-03 23:53:22.064 10667 10724 D UE4     : LogICUInternationalization: Display: ICU TimeZone Detection - Raw Offset: +0:00, Platform Override: ''
11-03 23:53:22.064 10667 10724 D UE4     : 
11-03 23:53:22.068 10667 10724 D UE4     : EGL Extensions: 
11-03 23:53:22.068 10667 10724 D UE4     : EGL_KHR_get_all_proc_addresses EGL_ANDROID_presentation_time EGL_KHR_swap_buffers_with_damage EGL_ANDROID_get_native_client_buffer EGL_ANDROID_front_buffer_auto_refresh EGL_ANDROID_get_frame_timestamps EGL_KHR_image EGL_KHR_image_base EGL_KHR_gl_colorspace EGL_KHR_gl_texture_2D_image EGL_KHR_gl_texture_cubemap_image EGL_KHR_gl_renderbuffer_image EGL_KHR_fence_sync EGL_KHR_create_context EGL_KHR_config_attribs EGL_KHR_surfaceless_context EGL_EXT_create_context_robustness EGL_ANDROID_image_native_buffer EGL_KHR_wait_sync EGL_ANDROID_recordable EGL_KHR_partial_update EGL_KHR_mutable_render_buffer EGL_EXT_protected_content EGL_IMG_context_priority EGL_KHR_no_config_context 
11-03 23:53:22.072 10767 10792 D libEGL  : loaded /vendor/lib64/egl/libGLES_mali.so
11-03 23:53:22.072 10667 10724 D UE4     : FAndroidGPUInfo
11-03 23:53:22.072 10667 10724 D UE4     : AndroidEGL::InitSurface 1, 1
11-03 23:53:22.073 10667 10724 D mali_winsys: EGLint new_window_surface(egl_winsys_display *, void *, EGLSurface, EGLConfig, egl_winsys_surface **, egl_color_buffer_format *, EGLBoolean) returns 0x3000,  [8x8]-format:2
11-03 23:53:22.073 10667 10724 D UE4     : AndroidEGL::CreateEGLSurface() 0xbbccffb8
11-03 23:53:22.074 10667 10724 D UE4     : AndroidEGL::CreateEGLSurface(1), auxSurface = eglCreatePbufferSurface(), 8x8
11-03 23:53:22.075 10667 10724 D UE4     : Vulkan library detected, checking for available driver
11-03 23:53:22.078 10667 10724 I vndksupport: sphal namespace is not configured for this process. Loading /vendor/lib/hw/vulkan.exynos5.so from the current namespace instead.
11-03 23:53:22.078  3790  3801 V WindowManager: finishDrawingLocked: mDrawState=COMMIT_DRAW_PENDING Window{643635d u0 com.YourCompany.FlaminGo/com.epicgames.ue4.GameActivity} in Surface(name=com.YourCompany.FlaminGo/com.epicgames.ue4.GameActivity)
11-03 23:53:22.080 10667 10724 D vulkan  : searching for layers in '/data/app/com.YourCompany.FlaminGo--quH7qS5MQjaMptgUYiAoA==/lib/arm'
11-03 23:53:22.080 10667 10724 D vulkan  : searching for layers in '/system/fake-libs'
11-03 23:53:22.081 10667 10724 D vulkan  : searching for layers in '/data/app/com.YourCompany.FlaminGo--quH7qS5MQjaMptgUYiAoA==/base.apk!/lib/armeabi-v7a'
11-03 23:53:22.081 10667 10724 D vulkan  : vulkan api version_1_0 1.0.0
11-03 23:53:22.081 10667 10724 D vulkan  : vulkan header version 46
11-03 23:53:22.083  3790  3801 V WindowManager: Relayout Window{c67e0f6 u0 com.YourCompany.FlaminGo/com.epicgames.ue4.GameActivity}: viewVisibility=0 req=2094x1080 WM.LayoutParams{(0,0)(fillxfill) sim=#10 ty=1 fl=#1810500 pfl=0x1000000 fmt=1 wanim=0x1030001 vsysui=0x10 needsMenuKey=2 colorMode=0 naviIconColor=0}
11-03 23:53:22.089 10667 10667 D ViewRootImpl@f78b6ac[GameActivity]: Relayout returned: old=[0,0][2094,1080] new=[0,0][2094,1080] result=0x3 surface={valid=true 3324772352} changed=false
11-03 23:53:22.110  3790  3947 D CustomFrequencyManagerService: releaseDVFSLockLocked : Getting Lock type frm List : DVFS_MIN_LIMIT  frequency : 2314000  uid : 1000  pid : 3790  tag : AMS_APP_SWITCH@CPU_MIN@10
11-03 23:53:22.111  3790  3947 D CustomFrequencyManagerService: acquireDVFSLockLocked : type : DVFS_MIN_LIMIT  frequency : 2314000  uid : 1000  pid : 3790  pkgName : AMS_APP_SWITCH@CPU_MIN@10
11-03 23:53:22.111  3790  3947 D ActivityManagerPerformance: AMP_acquire() APP_SWITCH
11-03 23:53:22.111  3790  5029 D ActivityManagerPerformance: Received MSG_CFMS_HINT_AMS_SWITCH pkgName: com.YourCompany.FlaminGo
11-03 23:53:22.111  3790  3947 D ActivityManager: isScaleDownAnimationEnabled() : false
11-03 23:53:22.111  3790  3947 D PersonaManagerService: Current focused persona service handled id set to : 0
11-03 23:53:22.111  3790  3947 D InputDispatcher: Focused application set to: xxxx
11-03 23:53:22.112  3790  3947 D InputDispatcher: Focus entered window: 10667
11-03 23:53:22.116  3790  4068 D GameManagerService: handleForegroundChange(). pkgName: com.YourCompany.FlaminGo, clsName: com.epicgames.ue4.GameActivity,FgActivityName:com.YourCompany.FlaminGo/com.epicgames.ue4.GameActivity
11-03 23:53:22.116  3790  4068 D GameManagerService: sem_perfomance_mode: 0
11-03 23:53:22.116  3790  4068 D GameManagerService: notifyResumePause(). pkg: com.YourCompany.FlaminGo, type: 4, isMinimized: false, isTunableApp: false
11-03 23:53:22.116  3790  4068 D GameManagerService:   notifyResumePause(). do nothing. mKillNotiCount: 3
11-03 23:53:22.116  3790  3947 D MARsPolicyManager: onPackageResumedFG pkgName = com.YourCompany.FlaminGo, userId = 0
11-03 23:53:22.122 10667 10724 D UE4     : VulkanRHI is available, Vulkan capable device detected.
11-03 23:53:22.135  3790  4594 V WindowManager: finishDrawingLocked: mDrawState=COMMIT_DRAW_PENDING Window{c67e0f6 u0 com.YourCompany.FlaminGo/com.epicgames.ue4.GameActivity} in Surface(name=com.YourCompany.FlaminGo/com.epicgames.ue4.GameActivity)
11-03 23:53:22.138 10667 10667 D ViewRootImpl@f78b6ac[GameActivity]: MSG_RESIZED_REPORT: frame=Rect(0, 0 - 2094, 1080) ci=Rect(0, 0 - 0, 0) vi=Rect(0, 0 - 0, 0) or=2
11-03 23:53:22.138 10667 10667 D ViewRootImpl@f78b6ac[GameActivity]: MSG_WINDOW_FOCUS_CHANGED 1
11-03 23:53:22.145 10667 10667 V threaded_app: WindowFocusChanged: 0xda97ba80 -- 1
11-03 23:53:22.145 10667 10725 D UE4     : LogAndroidEvents: EnqueueAppEvent : 11, 0, tid = 10725
11-03 23:53:22.154  3790  3807 D SamsungPhoneWindowManager: updateSystemUiVisibilityLw : setForceImmersiveBtnVisibility=true
11-03 23:53:22.154  3790  3807 D WindowManager: set systemUiVisibility : systemUiFlags= 0x10 fullscreenStackSysUiFlags= 0x0
11-03 23:53:22.155  4209  4209 D NavigationBar: setForceImmersiveBtnVisibility visible : true
11-03 23:53:22.155  4209  4209 D SecNavigationBarView: setPinButtonVisibility() shouldshow=true, leftRemoteVisible=false, mAllKeyDisabled=false, isBouncerShowing=false, isUltraPowerSaving=false, isEmergencyMode=false, isDeviceEncrypted=false, isUserSetupComplete : true
11-03 23:53:22.156  4209  4209 D BarTransitions.PhoneStatusBarView: MODE_TRANSPARENT -> MODE_OPAQUE animate=false
11-03 23:53:22.158 10667 10667 V InputMethodManager: Starting input: tba=android.view.inputmethod.EditorInfo@d2ec886 nm : com.YourCompany.FlaminGo ic=null
11-03 23:53:22.158 10667 10667 I InputMethodManager: startInputInner - mService.startInputOrWindowGainedFocus
11-03 23:53:22.158  3790  3801 D WindowManager: adjustSystemUiVisibilityLw : vis= 0x10
11-03 23:53:22.158  3790  3947 D InputMethodManagerService: startInputOrWindowGainedFocus : windowGainedFocus 
11-03 23:53:22.158  3790  3947 D InputMethodManagerService: windowGainedFocus: destinationUserId (getCallingUid) = 0
11-03 23:53:22.158  3790  3947 D InputMethodManagerService: windowGainedFocus: currentUserId=0
11-03 23:53:22.159  3790  3947 D InputMethodManagerService: windowGainedFocus: mCurrentFocusedUserId=0
11-03 23:53:22.159  3790  3947 D InputMethodManagerService: windowGainedFocus : lock - currentUserId = 0 destinationUserId = 0
11-03 23:53:22.159  3790  3947 D InputMethodManagerService: windowGainedFocus : mCurrentFocusedUserId - 0 and mSecureKeypadEnabled - false, userSwitched - false
11-03 23:53:22.159  3790  3947 V InputMethodManagerService: windowGainedFocus : reason=WINDOW_FOCUS_GAIN client=android.os.BinderProxy@b8edc88 inputContext=null missingMethods= attribute=android.view.inputmethod.EditorInfo@460517e nm = com.YourCompany.FlaminGo controlFlags=#105 softInputMode=#10 windowFlags=#1810500
11-03 23:53:22.159  3790  3947 V InputMethodManagerService: hideCurrentInputLocked : shouldHideSoftInput is false
11-03 23:53:22.160  3790  3815 D CustomFrequencyManagerService: acquireDVFSLockLocked : type : DVFS_MIN_LIMIT  frequency : 1807000  uid : 1000  pid : 3790  pkgName : AMS_RESUME_TAIL@CPU_MIN@16
11-03 23:53:22.160  3790  3815 D ActivityManagerPerformance: AMP_acquire() TAIL
11-03 23:53:22.160  3790  3947 D InputMethodManagerService: isImeSwitcherDisabledPackage : false
11-03 23:53:22.160  3790  3815 D CustomFrequencyManagerService: releaseDVFSLockLocked : Getting Lock type frm List : DVFS_MIN_LIMIT  frequency : 2314000  uid : 1000  pid : 3790  tag : AMS_APP_SWITCH@CPU_MIN@10
11-03 23:53:22.160  3790  3815 D ActivityManagerPerformance: AMP_release() APP_SWITCH
11-03 23:53:22.163  3790  3936 D MdnieScenarioControlService:  packageName : com.YourCompany.FlaminGo    className : com.epicgames.ue4.GameActivity
11-03 23:53:22.163  3790  3936 V MdnieScenarioControlService: setUIMode from UI function(3)
11-03 23:53:22.165  3790  3812 D MARsDBManager: onChange - mSmartManagerObserver! Uri = content://com.samsung.android.sm/AppFreezer?MARs-self=true&MARs=true
11-03 23:53:22.166  3790  3790 D AppWidgetServiceImpl: handleNotifyUpdateAppWidget, appWidgetId = 3
11-03 23:53:22.167 30045 30045 I LauncherAppWidgetHostView: updateLastInflationOrientation, orientation: 0,activityOrientation: 1, widget: ComponentInfo{com.google.android.googlequicksearchbox/com.google.android.googlequicksearchbox.SearchWidgetProvider}
11-03 23:53:22.168  3250  3250 D SurfaceFlinger:   Display[0] configurations (* current):
11-03 23:53:22.168  3250  3250 D SurfaceFlinger:     * 0: 1440x2960, xdpi=522.513977, ydpi=525.762024, refresh=16666666
11-03 23:53:22.168  3250  3250 D SurfaceFlinger:   numHwLayers=3, flags=00000000
11-03 23:53:22.168  3250  3250 D SurfaceFlinger:     type   |  handle  | hint | flag | tr | blnd |   format    |     source crop (l,t,r,b)      |          frame         | name 
11-03 23:53:22.168  3250  3250 D SurfaceFlinger: -----------+----------+------+------+----+------+-------------+--------------------------------+------------------------+------
11-03 23:53:22.168  3250  3250 D SurfaceFlinger:        HWC | 7239a589c0 | 0000 | 0020 | 00 | 0100 | RGBA_8888   |    0.0,    0.0, 1080.0, 2094.0 |    0,    0, 1080, 2094 | com.YourCompany.FlaminGo/com.epicgames.ue4.GameActivity#0
11-03 23:53:22.168  3250  3250 D SurfaceFlinger:        HWC | 7239a55fc0 | 0000 | 0000 | 00 | 0105 | RGBA_8888   |    0.0,    0.0, 1080.0,  126.0 |    0, 2094, 1080, 2220 | NavigationBar#0
11-03 23:53:22.168  3250  3250 D SurfaceFlinger:  FB TARGET | 7239a55b60 | 0000 | 0000 | 00 | 0105 | RGBA_8888   |    0.0,    0.0, 1440.0, 2960.0 |    0,    0, 1440, 2960 | HWC_FRAMEBUFFER_TARGET
11-03 23:53:22.170  3790  3947 V InputMethodManagerService: Creating new session for client ClientState{b4b46df uid 10223 pid 10667}
11-03 23:53:22.171 10667 10667 D ViewRootImpl@f78b6ac[GameActivity]: MSG_WINDOW_FOCUS_CHANGED 0
11-03 23:53:22.171 10667 10667 V threaded_app: WindowFocusChanged: 0xda97ba80 -- 0
11-03 23:53:22.172 10667 10725 D UE4     : LogAndroidEvents: EnqueueAppEvent : 10, 0, tid = 10725
11-03 23:53:22.172  3790  3801 D InputMethodManagerService: setCurrentInputInfo - inputContext : null eidtorInfo : android.view.inputmethod.EditorInfo@460517e missingMethods : 0
11-03 23:53:22.174 10667 10667 D ViewRootImpl@f78b6ac[GameActivity]: MSG_WINDOW_FOCUS_CHANGED 1
11-03 23:53:22.174  4190  4190 I InputMethodWrapper:  call dispatchStartInputWithToken
11-03 23:53:22.174  4190  4190 I InputMethodService: dispatchStartInputWithToken
11-03 23:53:22.174 10667 10667 V threaded_app: WindowFocusChanged: 0xda97ba80 -- 1
11-03 23:53:22.174 10667 10725 D UE4     : LogAndroidEvents: EnqueueAppEvent : 11, 0, tid = 10725
11-03 23:53:22.176  3790  3947 D InputMethodManagerService: startInputOrWindowGainedFocus : windowGainedFocus 
11-03 23:53:22.176  3790  3947 D InputMethodManagerService: windowGainedFocus: destinationUserId (getCallingUid) = 0
11-03 23:53:22.176  3790  3947 D InputMethodManagerService: windowGainedFocus: currentUserId=0
11-03 23:53:22.176  3790  3947 D InputMethodManagerService: windowGainedFocus: mCurrentFocusedUserId=0
11-03 23:53:22.176  3790  3947 D InputMethodManagerService: windowGainedFocus : lock - currentUserId = 0 destinationUserId = 0
11-03 23:53:22.176  3790  3947 D InputMethodManagerService: windowGainedFocus : mCurrentFocusedUserId - 0 and mSecureKeypadEnabled - false, userSwitched - false
11-03 23:53:22.176  3790  3947 W InputMethodManagerService: Window already focused, ignoring focus gain of: com.android.internal.view.IInputMethodClient$Stub$Proxy@57c4df5 attribute=null, token = android.os.BinderProxy@2bb3991
11-03 23:53:22.176  4190  4190 I SKBD    : SamsungKeypad [IMI] onStartInput - caller pid : 10667, caller uid : 10223
11-03 23:53:22.177 10667 10667 V threaded_app: Resume: 0xda97ba80
11-03 23:53:22.177 10667 10725 V threaded_app: activityState=11
11-03 23:53:22.177 10667 10725 D UE4     : Case APP_CMD_RESUME
11-03 23:53:22.177 10667 10667 D UE4     : Registering sensor listeners
11-03 23:53:22.177 10667 10725 D UE4     : LogAndroidEvents: EnqueueAppEvent : 7, 0, tid = 10725
11-03 23:53:22.178  3790  3947 I SensorService: createSensorEventConnection package name com.epicgames.ue4.GameActivity
11-03 23:53:22.178 30045 30045 D DragLayer: DragLayer onMeasure, mIsNaviBarPositionChanged = false, mWillOrientationChange = false
11-03 23:53:22.178  3790  3947 D SensorService: Calling batch handle==6 flags=0 rate=20000000 timeout== 0
11-03 23:53:22.179 30045 30045 D LauncherAppWidgetHostView: setResizeScaleResult() 1292/ 370 scaleToResize = 0.7987616(widget id = 3)
11-03 23:53:22.179  3237  3883 I Sensors : batch - accelerometer_sensor try to batching with 20000000
11-03 23:53:22.179 30045 30045 D LauncherAppWidgetHostView: setResizeScaleResult() 772/ 1132 scaleToResize = 0.79792744(widget id = 2)
11-03 23:53:22.180  3237  3883 I Sensors : AccSensor old sensor_state 16384, new sensor_state : 16385 en : 1
11-03 23:53:22.181 10667 10667 D SensorManager: registerListener :: 6, LSM6DSL Acceleration Sensor, 20000, 0,  
11-03 23:53:22.181  3790  3947 D SensorService: Calling batch handle==11 flags=0 rate=20000000 timeout== 0
11-03 23:53:22.181  3237  3883 I Sensors : batch - geomagnetic_sensor try to batching with 20000000
11-03 23:53:22.182  3237  3883 I Sensors : GeoMagneticSensor old sensor_state 16385, new sensor_state : 16401 en : 1
11-03 23:53:22.184 10667 10667 D SensorManager: registerListener :: 11, AK09916C Magnetic field Sensor, 20000, 0,  
11-03 23:53:22.184  3790  3947 D SensorService: Calling batch handle==7 flags=0 rate=20000000 timeout== 0
11-03 23:53:22.184  3237  3883 I Sensors : batch - gyro_sensor try to batching with 20000000
11-03 23:53:22.185  3237  3883 I Sensors : GyroSensor old sensor_state 16401, new sensor_state : 16403 en : 1
11-03 23:53:22.188 10667 10667 D SensorManager: registerListener :: 7, LSM6DSL Gyroscope Sensor, 20000, 0,  
11-03 23:53:22.188 10667 10667 D UE4     : App is running in Landscape
11-03 23:53:22.188 10667 10667 D UE4     : ==============> Resuming main init
11-03 23:53:22.188 10667 10667 D UE4     : ==============> GameActive.onResume complete!
11-03 23:53:22.189  3790  3947 D ActivityManager: post active user change for 0 fullscreen true isHomeActivity() false
11-03 23:53:22.191  3790  3947 V WindowManager: Relayout Window{c67e0f6 u0 com.YourCompany.FlaminGo/com.epicgames.ue4.GameActivity}: viewVisibility=0 req=2094x1080 WM.LayoutParams{(0,0)(fillxfill) sim=#110 ty=1 fl=#1810500 pfl=0x1000000 fmt=1 wanim=0x1030001 vsysui=0x10 needsMenuKey=2 colorMode=0 naviIconColor=0}
11-03 23:53:22.196 10667 10667 D ViewRootImpl@f78b6ac[GameActivity]: Relayout returned: old=[0,0][2094,1080] new=[0,0][2094,1080] result=0x1 surface={valid=true 3324772352} changed=false
11-03 23:53:22.208 10667 10667 V InputMethodManager: Starting input: tba=android.view.inputmethod.EditorInfo@ba86547 nm : com.YourCompany.FlaminGo ic=null
11-03 23:53:22.214 30045 30045 D StageManager: saved stages : inStack [1] , outStack[2]
11-03 23:53:22.214  4557  6848 D ForegroundUtils: could not check pending caller
11-03 23:53:22.216  9338 10686 I SAMSUNGPAY: [Hint_ProcessStatusChange] fg Change, pid : 10767 , isNotify : true , isForeground : false , fg list : [10667]
11-03 23:53:22.218  9338  9338 I SAMSUNGPAY: [ServiceTypeTable] isSupportOperator : BTU, GB
11-03 23:53:22.219  9338  9338 D SAMSUNGPAY: [ServiceTypeTable] Upgrade - ServiceTypeTable - entryFromCountryIso - index is : 37, iso : GB
11-03 23:53:22.219  9338  9338 D SAMSUNGPAY: [Hint_SimpleIntroService] Hint Status - already invisible, skip hide : Landscape mode
11-03 23:53:22.219  4209  4897 D SystemServicesProxy: updateOverviewLastStackActiveTimeAsync: newTime=1540204754719
11-03 23:53:22.220  3790  3801 D SecContentProvider: query(), uri = 17 selection = isSettingsChangesAllowed
11-03 23:53:22.221  3790  3801 D SecContentProvider: called from android.uid.systemui:10005
11-03 23:53:22.221  4209  4480 D SystemServicesProxy: updateOverviewLastStackActiveTimeAsync: done.
11-03 23:53:22.230 25221 25221 E adbd    : recv: OPEN 00000c4d 00000000 004d:73 68 65 6C 6C 3A 65 78 70 6F 72 74 20 41 4E 44 52 4F 49 44 5F 4C 4F 47 5F 54 41 47 53 3D 22 27 27 22 3B 20 65 78 65 63 20 6C 6F 67 63 61 74 20 27 2D 64 27 20 27 2D 73 27 20 27 55 45 34 27 20 27 2D 73 27 20 27 44 65 62 75 67 27 00 
11-03 23:53:22.230 25221 25221 E adbd    : service_to_fd: shell:export ANDROID_LOG_TAGS="''"; exec logcat '-d' '-s' 'UE4' '-s' 'Debug'
11-03 23:53:22.233  3790  3801 I WindowManager: Destroying surface Surface(name=com.sec.android.app.launcher/com.sec.android.app.launcher.activities.LauncherActivity) called by com.android.server.wm.WindowStateAnimator.destroySurface:2465 com.android.server.wm.WindowStateAnimator.destroySurfaceLocked:967 com.android.server.wm.WindowState.destroyOrSaveSurfaceUnchecked:3661 com.android.server.wm.WindowState.destroySurface:3609 com.android.server.wm.AppWindowToken.destroySurfaces:722 com.android.server.wm.AppWindowToken.destroySurfaces:706 com.android.server.wm.AppWindowToken.notifyAppStopped:751 com.android.server.wm.AppWindowContainerController.notifyAppStopped:824 
11-03 23:53:22.233  3250  4684 I SurfaceFlinger: id=845 Removed com.sec.android.app.launcher/com.sec.android.app.launcher.activities.LauncherActivity#0 (1/7)
11-03 23:53:22.233  3250  4684 I SurfaceFlinger: id=845 Removed com.sec.android.app.launcher/com.sec.android.app.launcher.activities.LauncherActivity#0 (-2/7)
11-03 23:53:22.236  4557  6848 D ForegroundUtils: could not check pending caller
11-03 23:53:22.237  9338 10686 I SAMSUNGPAY: [Hint_ProcessStatusChange] fg Change, pid : 30045 , isNotify : false , isForeground : false , fg list : [10667]
11-03 23:53:22.244  3250  3250 I Layer   : id=845 onRemoved com.sec.android.app.launcher/com.sec.android.app.launcher.activities.LauncherActivity#0 
11-03 23:53:22.323 10667 10724 D UE4     : LogStreaming: Display: Took  0.073s to configure plugins.
11-03 23:53:22.323 10667 10724 D UE4     : 
11-03 23:53:22.327 25221 25221 E adbd    : recv: OPEN 00000c4f 00000000 0035:73 68 65 6C 6C 3A 65 78 70 6F 72 74 20 41 4E 44 52 4F 49 44 5F 4C 4F 47 5F 54 41 47 53 3D 22 27 27 22 3B 20 65 78 65 63 20 6C 6F 67 63 61 74 20 27 2D 64 27 00 
11-03 23:53:22.327 25221 25221 E adbd    : service_to_fd: shell:export ANDROID_LOG_TAGS="''"; exec logcat '-d'
