11-05 13:15:43.664  4211  4211 D NavigationBar: setForceImmersiveBtnVisibility visible : true
11-05 13:15:43.664  4211  4211 D SecNavigationBarView: setPinButtonVisibility() shouldshow=true, leftRemoteVisible=false, mAllKeyDisabled=false, isBouncerShowing=false, isUltraPowerSaving=false, isEmergencyMode=false, isDeviceEncrypted=false, isUserSetupComplete : true
11-05 13:15:43.664  3783  4705 D InputDispatcher: Focus entered window: 3559
11-05 13:15:43.667  3559  3559 D ViewRootImpl@3a176fe[GameActivity]: MSG_WINDOW_FOCUS_CHANGED 1
11-05 13:15:43.668  3559  3559 V threaded_app: WindowFocusChanged: 0xdfffba80 -- 1
11-05 13:15:43.668  3559  3588 D UE4     : LogAndroidEvents: EnqueueAppEvent : 11, 0, tid = 3588
11-05 13:15:43.669  3783  4067 D GameManagerService: handleForegroundChange(). pkgName: com.YourCompany.FlaminGo, clsName: com.epicgames.ue4.GameActivity,FgActivityName:com.YourCompany.FlaminGo/com.epicgames.ue4.GameActivity
11-05 13:15:43.669  3783  4067 D GameManagerService: sem_perfomance_mode: 0
11-05 13:15:43.669  3783  4067 D GameManagerService: notifyResumePause(). pkg: com.YourCompany.FlaminGo, type: 4, isMinimized: false, isTunableApp: false
11-05 13:15:43.669  3783  4067 D GameManagerService:   notifyResumePause(). unexpected mPrevNotiType: -1
11-05 13:15:43.670  3783  4705 D MARsPolicyManager: onPackageResumedFG pkgName = com.YourCompany.FlaminGo, userId = 0
11-05 13:15:43.676  5208  5208 D StageManager: saved stages : inStack [1] , outStack[2]
11-05 13:15:43.677  3783  7275 I ActivityManager: KPU : put [com.samsung.android.sm.provider] : 11037 K
11-05 13:15:43.677  3783  7275 I ActivityManager: Killing 1821:com.samsung.android.sm.provider/1000 (adj 906): DHA:empty #25
11-05 13:15:43.678  4536 16815 D ForegroundUtils: could not check pending caller
11-05 13:15:43.679  3559  3559 V InputMethodManager: Starting input: tba=android.view.inputmethod.EditorInfo@a22d761 nm : com.YourCompany.FlaminGo ic=null
11-05 13:15:43.679  3559  3559 I InputMethodManager: startInputInner - mService.startInputOrWindowGainedFocus
11-05 13:15:43.680   983   994 I SAMSUNGPAY: [Hint_ProcessStatusChange] fg Change, pid : 3617 , isNotify : true , isForeground : false , fg list : [3559, 5208]
11-05 13:15:43.680  3559  3587 D UE4     : VulkanRHI is available, Vulkan capable device detected.
11-05 13:15:43.682  3783  7275 D InputMethodManagerService: startInputOrWindowGainedFocus : windowGainedFocus 
11-05 13:15:43.682   983   983 I SAMSUNGPAY: [ServiceTypeTable] isSupportOperator : BTU, GB
11-05 13:15:43.684   983   983 D SAMSUNGPAY: [ServiceTypeTable] Upgrade - ServiceTypeTable - entryFromCountryIso - index is : 37, iso : GB
11-05 13:15:43.684  3783  7275 D InputMethodManagerService: windowGainedFocus: destinationUserId (getCallingUid) = 0
11-05 13:15:43.684  3783  7275 D InputMethodManagerService: windowGainedFocus: currentUserId=0
11-05 13:15:43.684  3783  7275 D InputMethodManagerService: windowGainedFocus: mCurrentFocusedUserId=0
11-05 13:15:43.684   983   983 D SAMSUNGPAY: [Hint_SimpleIntroService] Hint Status - already invisible, skip hide : Landscape mode
11-05 13:15:43.684  3783  7275 D InputMethodManagerService: windowGainedFocus : lock - currentUserId = 0 destinationUserId = 0
11-05 13:15:43.685  3783  7275 D InputMethodManagerService: windowGainedFocus : mCurrentFocusedUserId - 0 and mSecureKeypadEnabled - false, userSwitched - false
11-05 13:15:43.688  3783  4705 I WindowManager: Destroying surface Surface(name=com.sec.android.app.launcher/com.sec.android.app.launcher.activities.LauncherActivity) called by com.android.server.wm.WindowStateAnimator.destroySurface:2465 com.android.server.wm.WindowStateAnimator.destroySurfaceLocked:967 com.android.server.wm.WindowState.destroyOrSaveSurfaceUnchecked:3661 com.android.server.wm.WindowState.destroySurface:3609 com.android.server.wm.AppWindowToken.destroySurfaces:722 com.android.server.wm.AppWindowToken.destroySurfaces:706 com.android.server.wm.AppWindowToken.notifyAppStopped:751 com.android.server.wm.AppWindowContainerController.notifyAppStopped:824 
11-05 13:15:43.688  3253  6520 I SurfaceFlinger: id=234 Removed com.sec.android.app.launcher/com.sec.android.app.launcher.activities.LauncherActivity#0 (1/8)
11-05 13:15:43.688  3253  6520 I SurfaceFlinger: id=234 Removed com.sec.android.app.launcher/com.sec.android.app.launcher.activities.LauncherActivity#0 (-2/8)
11-05 13:15:43.688  3783  7275 V InputMethodManagerService: windowGainedFocus : reason=WINDOW_FOCUS_GAIN client=android.os.BinderProxy@e5cbd4 inputContext=null missingMethods= attribute=android.view.inputmethod.EditorInfo@f0ed7d2 nm = com.YourCompany.FlaminGo controlFlags=#101 softInputMode=#10 windowFlags=#1810500
11-05 13:15:43.688  3783  7275 V InputMethodManagerService: hideCurrentInputLocked : shouldHideSoftInput is false
11-05 13:15:43.689  3783  7275 D InputMethodManagerService: isImeSwitcherDisabledPackage : false
11-05 13:15:43.689  3783  7275 V InputMethodManagerService: Creating new session for client ClientState{d8010a3 uid 10225 pid 3559}
11-05 13:15:43.690  3783  7275 D InputMethodManagerService: setCurrentInputInfo - inputContext : null eidtorInfo : android.view.inputmethod.EditorInfo@f0ed7d2 missingMethods : 0
11-05 13:15:43.690  4536 16815 D ForegroundUtils: could not check pending caller
11-05 13:15:43.691  3559  3559 V threaded_app: Resume: 0xdfffba80
11-05 13:15:43.691  3559  3588 V threaded_app: activityState=11
11-05 13:15:43.691  3559  3588 D UE4     : Case APP_CMD_RESUME
11-05 13:15:43.691  3559  3559 D UE4     : Registering sensor listeners
11-05 13:15:43.691  3559  3588 D UE4     : LogAndroidEvents: EnqueueAppEvent : 7, 0, tid = 3588
11-05 13:15:43.691  3783  7275 I SensorService: createSensorEventConnection package name com.epicgames.ue4.GameActivity
11-05 13:15:43.691   983   994 I SAMSUNGPAY: [Hint_ProcessStatusChange] fg Change, pid : 5208 , isNotify : true , isForeground : false , fg list : [3559]
11-05 13:15:43.692  3783  4705 D SensorService: Calling batch handle==6 flags=0 rate=20000000 timeout== 0
11-05 13:15:43.692  3240  3240 I Sensors : batch - accelerometer_sensor try to batching with 20000000
11-05 13:15:43.693   983   983 I SAMSUNGPAY: [ServiceTypeTable] isSupportOperator : BTU, GB
11-05 13:15:43.694   983   983 D SAMSUNGPAY: [ServiceTypeTable] Upgrade - ServiceTypeTable - entryFromCountryIso - index is : 37, iso : GB
11-05 13:15:43.695   983   983 D SAMSUNGPAY: [Hint_SimpleIntroService] Hint Status - already invisible, skip hide : Landscape mode
11-05 13:15:43.695  3253  3253 I Layer   : id=234 onRemoved com.sec.android.app.launcher/com.sec.android.app.launcher.activities.LauncherActivity#0 
11-05 13:15:43.696  4189  4189 I InputMethodWrapper:  call dispatchStartInputWithToken
11-05 13:15:43.696  4189  4189 I InputMethodService: dispatchStartInputWithToken
11-05 13:15:43.697  3559  3559 D SensorManager: registerListener :: 6, LSM6DSL Acceleration Sensor, 20000, 0,  
11-05 13:15:43.697  4189  4189 I SKBD    : SamsungKeypad [IMI] onStartInput - caller pid : 3559, caller uid : 10225
11-05 13:15:43.697  3783  4705 D SensorService: Calling batch handle==11 flags=0 rate=20000000 timeout== 0
11-05 13:15:43.698  3240  3240 I Sensors : batch - geomagnetic_sensor try to batching with 20000000
11-05 13:15:43.698  4189  4189 I SKBD    : SamsungKeypad  CACHEDIC onStartInput  isCachedICEnabled:  false
11-05 13:15:43.698  3240  3240 I Sensors : GeoMagneticSensor old sensor_state 1, new sensor_state : 17 en : 1
11-05 13:15:43.698  4189  4189 I SKBD    : atl getDefaultInputRange : UNKNOWN
11-05 13:15:43.698  4189  4189 I SKBD    : awo resetBinderManager()
11-05 13:15:43.699  4189  4189 I SKBD_SYNC: SamsungKeypad onStartInput: import DLM
11-05 13:15:43.699  4189  4189 I SKBD    : atl setPrivateImeOptionsToTable privateImeOptions ( null )
11-05 13:15:43.699  4189  4189 I SKBD    : atl imeOptions is null
11-05 13:15:43.700  3559  3559 D SensorManager: registerListener :: 11, AK09916C Magnetic field Sensor, 20000, 0,  
11-05 13:15:43.700  3783  7275 D SensorService: Calling batch handle==7 flags=0 rate=20000000 timeout== 0
11-05 13:15:43.700  3240  3884 I Sensors : batch - gyro_sensor try to batching with 20000000
11-05 13:15:43.700  3240  3884 I Sensors : GyroSensor old sensor_state 17, new sensor_state : 19 en : 1
11-05 13:15:43.703  3559  3559 D SensorManager: registerListener :: 7, LSM6DSL Gyroscope Sensor, 20000, 0,  
11-05 13:15:43.703  3559  3559 D UE4     : App is running in Landscape
11-05 13:15:43.703  3559  3559 D UE4     : ==============> Resuming main init
11-05 13:15:43.703  4189  4189 I SKBD    : SamsungKeypad [PF_OP][onStartInput] 5685616
11-05 13:15:43.703  3559  3559 D UE4     : ==============> GameActive.onResume complete!
11-05 13:15:43.704  3783  7275 D ActivityManager: post active user change for 0 fullscreen true isHomeActivity() false
11-05 13:15:43.705  3559  3559 V InputMethodManager: Starting input: tba=android.view.inputmethod.EditorInfo@47b7286 nm : com.YourCompany.FlaminGo ic=null
11-05 13:15:43.713  3783  7275 V WindowManager: Relayout Window{ea8c5af u0 InputMethod}: viewVisibility=8 req=2220x126 WM.LayoutParams{(0,0)(fillxwrap) gr=#50 sim=#20 ty=2011 fl=#800108 pfl=0x1000000 fmt=-2 wanim=0x7f0e00e1 vsysui=0x310 needsMenuKey=2 colorMode=0 naviIconColor=0 sfl=0x800}
11-05 13:15:43.716  3783  4705 V WindowManager: Relayout Window{aff7335 u0 com.YourCompany.FlaminGo/com.epicgames.ue4.GameActivity}: viewVisibility=0 req=2094x1080 WM.LayoutParams{(0,0)(fillxfill) sim=#110 ty=1 fl=#1810500 pfl=0x1000000 fmt=1 wanim=0x1030001 vsysui=0x10 needsMenuKey=2 colorMode=0 naviIconColor=0}
11-05 13:15:43.716  4189  4189 D ViewRootImpl@6769103[InputMethod]: Relayout returned: old=[0,819][1080,2220] new=[0,819][1080,2220] result=0x1 surface={valid=false 0} changed=false
11-05 13:15:43.718  4189  4189 I SKBD    : putCacheDrawable inputModule=0 key =ICON_SETTING
11-05 13:15:43.719  3559  3559 D ViewRootImpl@3a176fe[GameActivity]: Relayout returned: old=[0,0][2094,1080] new=[0,0][2094,1080] result=0x1 surface={valid=true 3450109952} changed=false
11-05 13:15:43.723  3240  3425 E Sensors : Sensor : Meta event
11-05 13:15:43.727  3376  3376 E adbd    : recv: OPEN 00002297 00000000 004d:73 68 65 6C 6C 3A 65 78 70 6F 72 74 20 41 4E 44 52 4F 49 44 5F 4C 4F 47 5F 54 41 47 53 3D 22 27 27 22 3B 20 65 78 65 63 20 6C 6F 67 63 61 74 20 27 2D 64 27 20 27 2D 73 27 20 27 55 45 34 27 20 27 2D 73 27 20 27 44 65 62 75 67 27 00 
11-05 13:15:43.727  3376  3376 E adbd    : service_to_fd: shell:export ANDROID_LOG_TAGS="''"; exec logcat '-d' '-s' 'UE4' '-s' 'Debug'
11-05 13:15:43.740  4536 16815 D ForegroundUtils: could not check pending caller
11-05 13:15:43.773  4211 30535 D SystemServicesProxy: updateOverviewLastStackActiveTimeAsync: newTime=1540204754719
11-05 13:15:43.774  3783 12436 D SecContentProvider: query(), uri = 17 selection = isSettingsChangesAllowed
11-05 13:15:43.774  3783 12436 D SecContentProvider: called from android.uid.systemui:10005
11-05 13:15:43.775  4211  4481 D SystemServicesProxy: updateOverviewLastStackActiveTimeAsync: done.
11-05 13:15:43.819  3376  3376 E adbd    : recv: OPEN 00002299 00000000 0035:73 68 65 6C 6C 3A 65 78 70 6F 72 74 20 41 4E 44 52 4F 49 44 5F 4C 4F 47 5F 54 41 47 53 3D 22 27 27 22 3B 20 65 78 65 63 20 6C 6F 67 63 61 74 20 27 2D 64 27 00 
11-05 13:15:43.819  3376  3376 E adbd    : service_to_fd: shell:export ANDROID_LOG_TAGS="''"; exec logcat '-d'
11-05 13:15:43.820  3783  3938 D MdnieScenarioControlService:  packageName : com.YourCompany.FlaminGo    className : com.epicgames.ue4.GameActivity
11-05 13:15:43.820  3783  3938 V MdnieScenarioControlService: setUIMode from UI function(3)
11-05 13:15:43.852  3559  3587 D UE4     : LogStreaming: Display: Took  0.065s to configure plugins.
11-05 13:15:43.852  3559  3587 D UE4     : 
