--------- beginning of main
11-04 20:31:46.906 17211 17211 E Zygote  : isWhitelistProcess - Process is Whitelisted
11-04 20:31:46.915 17211 17211 W SELinux : SELinux selinux_android_compute_policy_index : Policy Index[2],  Con:u:r:zygote:s0 RAM:SEPF_SM-G955F_8.0.0_0016, [-1 -1 -1 -1 0 1]
11-04 20:31:46.924 17193 17193 D TimaKeyStoreProvider: TimaKeyStore is not enabled: cannot add TimaSignature Service and generateKeyPair Service
11-04 20:31:46.925 17193 17193 D ActivityThread: Added TimaKeyStore provider
11-04 20:31:46.926 17211 17211 I SELinux : SELinux: seapp_context_lookup: seinfo=platform, level=s0:c512,c768, pkgname=com.samsung.android.sm.policy 
11-04 20:31:46.939 16886 16982 D S HEALTH - RestrictionManager: doubleCheckWithMainState() currentRemoteState: NONE, currentMainState: NONE
11-04 20:31:46.940 16886 16982 D S HEALTH - RestrictionManager: callLaunchApi(), mState is NONE.
11-04 20:31:46.940 16886 16982 I S HEALTH - RestrictionManager: init state: NONE / remote
11-04 20:31:46.968 17211 17211 D TimaKeyStoreProvider: TimaKeyStore is not enabled: cannot add TimaSignature Service and generateKeyPair Service
11-04 20:31:46.968 17211 17211 D ActivityThread: Added TimaKeyStore provider
11-04 20:31:46.979 17160 17190 D SamsungAnalytics111040: [Setting Sender] No status log
11-04 20:31:47.002 17193 17230 I vndksupport: sphal namespace is not configured for this process. Loading /vendor/lib64/egl/libGLES_mali.so from the current namespace instead.
11-04 20:31:47.036 17193 17193 D SamsungAnalytics:110038: cf feature is supported
11-04 20:31:47.041 17211 17232 I vndksupport: sphal namespace is not configured for this process. Loading /vendor/lib64/egl/libGLES_mali.so from the current namespace instead.
11-04 20:31:47.061 17193 17230 D libEGL  : loaded /vendor/lib64/egl/libGLES_mali.so
11-04 20:31:47.087 17193 17193 D SamsungAnalytics:110038: newThread on Executor
11-04 20:31:47.088 17193 17193 D SamsungAnalytics:110038: [Tracker] Tracker start:1.10.038
11-04 20:31:47.091 17193 17193 D TaskEdge.Provider: onReceive android.intent.action.PACKAGE_ADDED
11-04 20:31:47.095 16710 16710 D RefreshChecker: :Ph::Got Intent Action:android.intent.action.PACKAGE_ADDED
11-04 20:31:47.096 16710 16710 D RefreshChecker: :Ph::	 extra:android.intent.extra.UID::10224
11-04 20:31:47.096 16710 16710 D RefreshChecker: :Ph::	 extra:android.intent.extra.user_handle::0
11-04 20:31:47.101 16710 16710 D AppChooserReceiver: :Ph::onReceive: android.intent.action.PACKAGE_ADDED
11-04 20:31:47.104 16691 16691 D BixbyEm-1.0.00-115: ExecutorManagerPackageReceiver onReceive
--------- beginning of system
11-04 20:31:47.112  3783  4344 D StorageManagerService: getExternalStorageMountMode : 3
11-04 20:31:47.113  3783  4344 D StorageManagerService: getExternalStorageMountMode : 3
11-04 20:31:47.113  3783  4344 D StorageManagerService: getExternalStorageMountMode : final mountMode=3, uid : 1250, packageName : com.samsung.android.knox.containeragent
11-04 20:31:47.114  3783  4344 I ApplicationPolicy: isApplicationExternalStorageWhitelisted:com.samsung.android.knox.containeragent user:0
11-04 20:31:47.114  3783  4344 D ApplicationPolicy: isApplicationExternalStorageWhitelisted: DO is not enabled on user 0. Allowed.
11-04 20:31:47.114  3783  4344 D ActivityManager: package  com.samsung.android.knox.containeragent, user - 0 is SDcard whitelisted
11-04 20:31:47.114  3783  4344 I ApplicationPolicy: isApplicationExternalStorageBlacklisted:com.samsung.android.knox.containeragent user:0
11-04 20:31:47.114  3783  4344 D ApplicationPolicy: isApplicationExternalStorageBlacklisted: DO is not enabled on user 0. Allowed.
11-04 20:31:47.115 17211 17232 D libEGL  : loaded /vendor/lib64/egl/libGLES_mali.so
11-04 20:31:47.126 16710 16723 D LanguageSettingsProvider: :Ph::query content://com.samsung.android.bixby.agent.settings/bixby_voice_isenable
11-04 20:31:47.127 16710 16723 D PreferenceObserver: :Ph::registerListener()
11-04 20:31:47.127 16710 16723 V LanguageSettingsProvider: :Ph::getBixbyEnabled()
11-04 20:31:47.134 16625 16625 I IPServiceController: [IPService] Releasing libs and extractors 
11-04 20:31:47.134 16625 16625 I OscExtractor: [IPService] release() 
11-04 20:31:47.134 16625 16625 I IPModuleQE: [IPService] release 
11-04 20:31:47.137 16625 16625 I IPModuleVA: [IPService] release 
11-04 20:31:47.137 16625 16625 D ImageClassification: release enter
11-04 20:31:47.140 17236 17236 E Zygote  : isWhitelistProcess - Process is Whitelisted
11-04 20:31:47.140 16625 16625 I ICNative: ImgGroupSize to be saved : 4
11-04 20:31:47.140 16625 16625 I IMG_SEARCH_IC_NATIVE: Trying to open DB_FILE to write data area
11-04 20:31:47.141 16625 16625 I IMG_SEARCH_IC_NATIVE: Called dtor, ImgFetNum to be saved : 7 to 7
11-04 20:31:47.141 16625 16625 D ImageClassification: release :0
11-04 20:31:47.141 16625 16625 D ImageClassification: br release :0
11-04 20:31:47.142 16625 16625 I [barcode]: Start saiv_vision_barcode_recognizer_release(0x7208978180)
11-04 20:31:47.143  3783  4344 I ActivityManager: Start proc 17236:com.samsung.android.knox.containeragent/1250 for broadcast com.samsung.android.knox.containeragent/.KnoxPackageStateReceiver
11-04 20:31:47.143 16625 16625 I [barcode]: saiv_vision_barcode_recognizer_release(0x7208978180) finished
11-04 20:31:47.143 16625 16625 D ImageClassification: release exit
11-04 20:31:47.144 16625 16625 I IPService: [IPService] onDestroy() over 
11-04 20:31:47.145 16710 16723 D LanguageSettingsProvider: :Ph::current user : 0
11-04 20:31:47.147 17160 17197 D PolicyVersion: Server version : 0
11-04 20:31:47.150 17236 17236 E libpersona: scanKnoxPersonas
11-04 20:31:47.150  3376  3376 E adbd    : recv: OPEN 000019d9 00000000 004f:73 68 65 6C 6C 2C 76 32 3A 61 6D 20 73 74 61 72 74 20 2D 6E 20 63 6F 6D 2E 59 6F 75 72 43 6F 6D 70 61 6E 79 2E 46 6C 61 6D 69 6E 47 6F 2F 63 6F 6D 2E 65 70 69 63 67 61 6D 65 73 2E 75 65 34 2E 53 70 6C 61 73 68 41 63 74 69 76 69 74 79 00 
11-04 20:31:47.150  3376  3376 E adbd    : service_to_fd: shell,v2:am start -n com.YourCompany.FlaminGo/com.epicgames.ue4.SplashActivity
11-04 20:31:47.152 17236 17236 E libpersona: Couldn't open the File - /data/system/users/0/personalist.xml - No such file or directory
11-04 20:31:47.154 16691 16691 E BixbyEm-1.0.00-115: Is Bixby Service available:false
11-04 20:31:47.155 16691 16691 D BixbyEm-1.0.00-115: PackageBR: Bixby Service is not on.
11-04 20:31:47.158  3783  4344 I ActivityManager: KPU : put [com.android.mtp] : 0 K
11-04 20:31:47.158  3783  4344 I ActivityManager: Killing 16362:com.android.mtp/u0a44 (adj 906): DHA:empty #25
11-04 20:31:47.175 17236 17236 W SELinux : SELinux selinux_android_compute_policy_index : Policy Index[2],  Con:u:r:zygote:s0 RAM:SEPF_SM-G955F_8.0.0_0016, [-1 -1 -1 -1 0 1]
11-04 20:31:47.176 17236 17236 I SELinux : SELinux: seapp_context_lookup: seinfo=platform, level=s0:c512,c768, pkgname=com.samsung.android.knox.containeragent 
11-04 20:31:47.179  3783  9125 I ActivityManager: KPU : put [com.google.android.apps.docs] : 0 K
11-04 20:31:47.179  3783  9125 I ActivityManager: Killing 16534:com.google.android.apps.docs/u0a191 (adj 906): DHA:empty #25
11-04 20:31:47.231  4536  4616 D ForegroundUtils: could not check pending caller
11-04 20:31:47.235 17236 17236 D TimaKeyStoreProvider: TimaKeyStore is not enabled: cannot add TimaSignature Service and generateKeyPair Service
11-04 20:31:47.235 17236 17236 D ActivityThread: Added TimaKeyStore provider
11-04 20:31:47.244  3783  4252 I ActivityManager: DSS on for com.samsung.android.knox.containeragent and scale is 1.0
11-04 20:31:47.262  4536  4616 D ForegroundUtils: could not check pending caller
11-04 20:31:47.279  3783  5274 I ActivityManager: START u0 {act=null typ=null flg=0x10000000 cmp=ComponentInfo{com.YourCompany.FlaminGo/com.epicgames.ue4.SplashActivity}} from uid 2000
11-04 20:31:47.291  3783  5274 D CustomFrequencyManagerService: acquireDVFSLockLocked : type : DVFS_MIN_LIMIT  frequency : 2314000  uid : 1000  pid : 3783  pkgName : AMS_APP_SWITCH@CPU_MIN@61
11-04 20:31:47.294  3783  5274 D ActivityManagerPerformance: AMP_acquire() APP_SWITCH
11-04 20:31:47.294  3783  4994 D ActivityManagerPerformance: Received MSG_CFMS_HINT_AMS_SWITCH pkgName: com.YourCompany.FlaminGo
11-04 20:31:47.295  3783  3783 D CS_HdrController: MultiWindowEventListener::onFocusStackChanged(1)
11-04 20:31:47.299  5208  5208 V Launcher: Launcher.onPause()
11-04 20:31:47.299  5208  5208 D Launcher: setHotWordDetection : call requestHotWordDetection false
11-04 20:31:47.303  3783  3881 D ViewRootImpl@d7314f6[FlaminGo]: setView = DecorView@257ab64[FlaminGo] TM=true MM=false
11-04 20:31:47.303  3783  3783 D CS_HdrController: updateMultiWindowState : 0
11-04 20:31:47.307  3783  3783 D MdnieScenarioControlService: Listener Real Multi Window State : false
11-04 20:31:47.308  3783  3783 D CodecSolution: MultiWindowEventListener::onMultiWindowFocusChanged(1)
11-04 20:31:47.308  3783  3796 D ActivityManager: isScaleDownAnimationEnabled() : false
11-04 20:31:47.309  3783  3796 D StorageManagerService: getExternalStorageMountMode : 3
11-04 20:31:47.309  3783  3796 D StorageManagerService: getExternalStorageMountMode : 3
11-04 20:31:47.309  3783  3796 D StorageManagerService: getExternalStorageMountMode : final mountMode=3, uid : 10224, packageName : com.YourCompany.FlaminGo
11-04 20:31:47.309  3783  3796 I ApplicationPolicy: isApplicationExternalStorageWhitelisted:com.YourCompany.FlaminGo user:0
11-04 20:31:47.309  3783  3796 D ApplicationPolicy: isApplicationExternalStorageWhitelisted: DO is not enabled on user 0. Allowed.
11-04 20:31:47.309  3783  3796 D ActivityManager: package  com.YourCompany.FlaminGo, user - 0 is SDcard whitelisted
11-04 20:31:47.309  3783  3796 I ApplicationPolicy: isApplicationExternalStorageBlacklisted:com.YourCompany.FlaminGo user:0
11-04 20:31:47.309  3783  3796 D ApplicationPolicy: isApplicationExternalStorageBlacklisted: DO is not enabled on user 0. Allowed.
11-04 20:31:47.311  3783  3881 D ViewRootImpl@d7314f6[FlaminGo]: dispatchAttachedToWindow
11-04 20:31:47.311  3783  3881 V WindowManager: Relayout Window{6a710f7 u0 Splash Screen com.YourCompany.FlaminGo}: viewVisibility=0 req=1079x2029 WM.LayoutParams{(0,0)(fillxfill) sim=#20 ty=3 fl=#1830518 pfl=0x1000011 wanim=0x1030001 vsysui=0x10 needsMenuKey=2 colorMode=0 naviIconColor=0}
11-04 20:31:47.312 17236 17258 I vndksupport: sphal namespace is not configured for this process. Loading /vendor/lib64/egl/libGLES_mali.so from the current namespace instead.
11-04 20:31:47.313 17236 17236 I RCPDumpStateProvider_0: Premium container does not exist. Hence not opening DBs for dumping.
11-04 20:31:47.314 17236 17236 D KnoxUsageDB: getInstance - KnoxUsageDBHelper
11-04 20:31:47.314 17236 17236 D KnoxUsageDB: null == mDbHelperInstance - KnoxUsageDBHelper
11-04 20:31:47.315  3253  3253 I SurfaceFlinger: id=62 createSurf (1080x2094),1 flag=404, Splash Screen com.YourCompany.FlaminGo#0
11-04 20:31:47.317  3783  3881 V Surface : sf_framedrop debug : 0x4f4c, game : false, logging : 0
11-04 20:31:47.319  3783  3881 D ViewRootImpl@d7314f6[FlaminGo]: Relayout returned: old=[0,0][0,0] new=[0,0][1080,2094] result=0x7 surface={valid=true 488854089728} changed=true
11-04 20:31:47.319 17259 17259 E Zygote  : isWhitelistProcess - Process is Whitelisted
11-04 20:31:47.320  3783  3796 I ActivityManager: Start proc 17259:com.YourCompany.FlaminGo/u0a224 for activity com.YourCompany.FlaminGo/com.epicgames.ue4.SplashActivity
11-04 20:31:47.320 17259 17259 E libpersona: scanKnoxPersonas
11-04 20:31:47.320 17259 17259 E libpersona: Couldn't open the File - /data/system/users/0/personalist.xml - No such file or directory
11-04 20:31:47.323 17259 17259 W SELinux : SELinux selinux_android_compute_policy_index : Policy Index[2],  Con:u:r:zygote:s0 RAM:SEPF_SM-G955F_8.0.0_0016, [-1 -1 -1 -1 0 1]
11-04 20:31:47.323 17259 17259 I SELinux : SELinux: seapp_context_lookup: seinfo=untrusted, level=s0:c512,c768, pkgname=com.YourCompany.FlaminGo 
11-04 20:31:47.326 17259 17259 I zygote  : Late-enabling -Xcheck:jni
11-04 20:31:47.329 17236 17236 D KnoxPackageStateReceiver:  received intent Intent { act=android.intent.action.PACKAGE_ADDED dat=package:com.YourCompany.FlaminGo flg=0x4000010 cmp=com.samsung.android.knox.containeragent/.KnoxPackageStateReceiver (has extras) }
11-04 20:31:47.340  3230  3505 I soundtrigger_hw_primary: stdev_stop_recognition Handle 0
11-04 20:31:47.340  3230  3505 V soundtrigger_hw_primary: stdev_stop_recognition Handle 0 Trylock acquired successfully
11-04 20:31:47.340  3230  3505 V soundtrigger_hw_primary: stdev_stop_recognition_l
11-04 20:31:47.340  3230  3505 V soundtrigger_hw_primary: stdev_active_callback_bitmask
11-04 20:31:47.340  3230  3505 V soundtrigger_hw_primary: stdev_join_callback_thread
11-04 20:31:47.340  3230 15357 I soundtrigger_hw_primary: callback_thread_loop: Termination message
11-04 20:31:47.340  3230 15357 V soundtrigger_hw_primary: stdev_vts_set_power enabled: 0
11-04 20:31:47.340  3230 15357 V soundtrigger_hw_primary: set_mixer_ctrls, path: VTS Active Keyphrase
11-04 20:31:47.340  3230 15357 V soundtrigger_hw_primary: set_mixer_ctrls: VTS Active Keyphrase configured value: 1
11-04 20:31:47.341  3230 15357 V soundtrigger_hw_primary: set_mixer_ctrls: VTS VoiceTrigger Value configured value: 0
11-04 20:31:47.342  3230 15357 V soundtrigger_hw_primary: set_mixer_ctrls: VTS VoiceRecognization Mode configured value: 9
11-04 20:31:47.342  3230 15357 D audio_hw_primary_abox: device-notify_sthal_status: Ok-Google Model Recognition [STOPPED]
11-04 20:31:47.342  3230 15357 D soundtrigger_hw_primary: stdev_vts_set_power: Google Model recognization stopped & Notified to AudioHAL
11-04 20:31:47.342  3230 15357 V soundtrigger_hw_primary: set_mixer_ctrls, path: VTS DMIC SEL
11-04 20:31:47.343  3230 15357 V soundtrigger_hw_primary: set_mixer_ctrls: VTS Virtual Output Mux configured value: 0
11-04 20:31:47.343  3783  3881 V WindowManager: finishDrawingLocked: mDrawState=COMMIT_DRAW_PENDING Window{6a710f7 u0 Splash Screen com.YourCompany.FlaminGo} in Surface(name=Splash Screen com.YourCompany.FlaminGo)
11-04 20:31:47.344  3783  4252 I ActivityManager: KPU : put [com.microsoft.skydrive] : 0 K
11-04 20:31:47.344  3783  4252 I ActivityManager: Killing 16416:com.microsoft.skydrive/u0a57 (adj 906): DHA:empty #25
11-04 20:31:47.345  3230 15357 V soundtrigger_hw_primary: set_mixer_ctrls: DMIC1 Switch configured value: 0
11-04 20:31:47.346  3230 15357 V soundtrigger_hw_primary: set_mixer_ctrls: VTS HPF SEL configured value: 0
11-04 20:31:47.346  3230 15357 V soundtrigger_hw_primary: set_mixer_ctrls: VTS HPF EN configured value: 0
11-04 20:31:47.346  3230 15357 V soundtrigger_hw_primary: set_mixer_ctrls: VTS SYS SEL configured value: 0
11-04 20:31:47.346  4382  4382 D WallpaperService: updateSurface forceRelayout=true redrawNeeded=false myWidth=-1 myHeight=-1 fixedSize=false x = 0 y = 0 mWidth=-1 mHeight=-1 mIsSleepMode=false
11-04 20:31:47.350  3230 15357 V soundtrigger_hw_primary: set_mixer_ctrls: VTS DMIC IF LCH EN configured value: 0
11-04 20:31:47.350  3230 15357 V soundtrigger_hw_primary: set_mixer_ctrls: VTS DMIC IF RCH EN configured value: 0
11-04 20:31:47.350  3783  4252 V WindowManager: Relayout Window{a60ebd3 u0 com.android.systemui.infinity.InfinityWallpaperBlack}: viewVisibility=0 req=-1x-1 WM.LayoutParams{(0,0)(fillxfill) gr=#800033 ty=2013 fl=#10318 pfl=0x4 fmt=2 wanim=0x103030e colorMode=0 naviIconColor=0 sfl=0x8}
11-04 20:31:47.350  3230 15357 V soundtrigger_hw_primary: set_mixer_ctrls: VTS DMIC SEL configured value: 0
11-04 20:31:47.350  3230 15357 D soundtrigger_hw_primary: stdev_vts_set_mic: Disable MIC Controls 
11-04 20:31:47.351  3230  3505 V soundtrigger_hw_primary: stdev_vts_set_power enabled: 0
11-04 20:31:47.351  3230  3505 V soundtrigger_hw_primary: stdev_close_callback_thread_sockets
11-04 20:31:47.351  3783  4252 V WindowManager: rotationForOrientationLw(orient=0, last=0); user=0  sensorRotation=-1 mLidState=-1 mDockMode=0 mHdmiPlugged=false
11-04 20:31:47.351  3230  3505 I soundtrigger_hw_primary: stdev_stop_recognition Handle Exit 0
11-04 20:31:47.351  3783  4252 D SamsungPhoneWindowManager: setRotationLw() : rotation=1
11-04 20:31:47.351  3783  4252 D SamsungPhoneWindowManager: semDvfsWakeupBooster.acquire()
11-04 20:31:47.351  3783  4252 D CustomFrequencyManagerService: acquireDVFSLockLocked : type : DVFS_MIN_LIMIT  frequency : 2314000  uid : 1000  pid : 3783  pkgName : PWM_ROTATION@CPU_MIN@66
11-04 20:31:47.352  3783 17264 D TspStateManagerInternal: update cmd=set_grip_data,2,1,60,10
11-04 20:31:47.353  3376  3376 E adbd    : recv: OPEN 000019dd 00000000 000c:73 68 65 6C 6C 2C 76 32 3A 70 73 00 
11-04 20:31:47.353  3376  3376 E adbd    : service_to_fd: shell,v2:ps
11-04 20:31:47.353  5073  5073 I GsaVoiceInteractionSrv: Stop Hotword Recognition status: true
11-04 20:31:47.354  3783  4252 D InputDispatcher: setInputDispatchMode: enabled=1, frozen=1
11-04 20:31:47.355  3253  3253 I SurfaceFlinger: id=63 createSurf (1080x2220),2 flag=4, ScreenshotSurface#0
11-04 20:31:47.355  3783  4252 V Surface : sf_framedrop debug : 0x4f4c, game : false, logging : 0
11-04 20:31:47.356  3253  3253 V Surface : sf_framedrop debug : 0x4f4c, game : false, logging : 0
11-04 20:31:47.357  9584  9584 I [SC]SCloudSystemIntentReceiver: onReceive: android.intent.action.PACKAGE_ADDED
11-04 20:31:47.361  9584  9584 I [SC]AllowConnectionList: addWhiteList : com.YourCompany.FlaminGo
11-04 20:31:47.370 16468 16640 I System.out: (HTTPLog)-Static: isSBSettingEnabled false
11-04 20:31:47.371 16468 16640 I System.out: (HTTPLog)-Static: isSBSettingEnabled false
11-04 20:31:47.374  3418  3640 D DnsProxyListener: DNSDBG::dns addrinfo af 0
11-04 20:31:47.376  3783  5274 W BroadcastQueue: Background execution not allowed: receiving Intent { act=android.intent.action.PACKAGE_ADDED dat=package:com.YourCompany.FlaminGo flg=0x4000010 (has extras) } to com.samsung.android.themecenter/com.samsung.android.thememanager.ThemeManagerReceiver
11-04 20:31:47.378 16789 16813 I zygote  : Waiting for a blocking GC ProfileSaver
11-04 20:31:47.379  3783  3805 D StorageManagerService: getExternalStorageMountMode : 1
11-04 20:31:47.379  3783  3805 D StorageManagerService: getExternalStorageMountMode : 3
11-04 20:31:47.379  3783  3783 D GameManagerService: onDisplayChanged. displyId: 0, state: 2
11-04 20:31:47.380  3783  3783 D GameManagerService: dpi: 420, longPixel: 2094, shortPixel: 1080
11-04 20:31:47.380  3783  3805 D StorageManagerService: getExternalStorageMountMode : final mountMode=1, uid : 10071, packageName : com.samsung.knox.securefolder
11-04 20:31:47.380  3783  3783 I CAE     : handleMessage(CaPowerManager.java:173) - AP_WAKEUP_Already_Delivered
11-04 20:31:47.380  3253  3253 I SurfaceFlinger: Disp[0] Orientation 0=>1
11-04 20:31:47.387  4382 13098 D WallpaperService: dispatchAppVisibility onVisibilityChanged(): false
11-04 20:31:47.388  3783  3814 D PointerController: mLocked.displayWidth 1080, mLocked.displayHeight 2220
11-04 20:31:47.389  3783  3935 I InputReader: Reconfiguring input devices.  changes=0x00000004
11-04 20:31:47.389  3783  3935 I InputReader: Device reconfigured: id=4, name='sec_touchpad', size 1080x2220, orientation 1, mode 4, display id 0
11-04 20:31:47.389  3783  3935 I InputReader: Device reconfigured: id=5, name='sec_touchscreen', size 1080x2220, orientation 1, mode 1, display id 0
11-04 20:31:47.391  3783  3805 I ApplicationPolicy: isApplicationExternalStorageWhitelisted:com.samsung.knox.securefolder user:0
11-04 20:31:47.391  3783  3805 D ApplicationPolicy: isApplicationExternalStorageWhitelisted: DO is not enabled on user 0. Allowed.
11-04 20:31:47.391  3783  3805 D ActivityManager: package  com.samsung.knox.securefolder, user - 0 is SDcard whitelisted
11-04 20:31:47.391  3783  3805 I ApplicationPolicy: isApplicationExternalStorageBlacklisted:com.samsung.knox.securefolder user:0
11-04 20:31:47.391  3783  3805 D ApplicationPolicy: isApplicationExternalStorageBlacklisted: DO is not enabled on user 0. Allowed.
11-04 20:31:47.392  3253  3253 D SurfaceFlinger:   Display[0] configurations (* current):
11-04 20:31:47.392  3253  3253 D SurfaceFlinger:     * 0: 1440x2960, xdpi=522.513977, ydpi=525.762024, refresh=16666666
11-04 20:31:47.392  3253  3253 D SurfaceFlinger:   numHwLayers=6, flags=00000000
11-04 20:31:47.392  3253  3253 D SurfaceFlinger:     type   |  handle  | hint | flag | tr | blnd |   format    |     source crop (l,t,r,b)      |          frame         | name 
11-04 20:31:47.392  3253  3253 D SurfaceFlinger: -----------+----------+------+------+----+------+-------------+--------------------------------+------------------------+------
11-04 20:31:47.392  3253  3253 D SurfaceFlinger:        HWC | 7f0ae59fa0 | 0000 | 0020 | 00 | 0100 | RGBx_8888   |    0.0,    0.0, 1080.0, 2220.0 |    0,    0, 1080, 2220 | com.android.systemui.infinity.InfinityWallpaperBlack#0
11-04 20:31:47.392  3253  3253 D SurfaceFlinger:        HWC | 7f0ae59a60 | 0000 | 0000 | 04 | 0105 | RGBA_8888   |    0.0,    0.0, 1080.0, 1080.0 |    0,    0, 1080, 1080 | com.sec.android.app.launcher/com.sec.android.app.launcher.activities.LauncherActivity#0
11-04 20:31:47.392  3253  3253 D SurfaceFlinger:       GLES | 7f0ae59360 | 0000 | 0000 | 04 | 0105 | RGBA_8888   |    0.0,    0.0, 1080.0,   63.0 | 1017,    0, 1080, 1080 | StatusBar#0
11-04 20:31:47.392  3253  3253 D SurfaceFlinger:       GLES | 7f0ae58f00 | 0000 | 0000 | 04 | 0105 | RGBA_8888   |    0.0,    0.0,   67.0,  455.0
11-04 20:31:47.392  3253  3253 D SurfaceFlinger:  |   20, 1013,  475, 1080 | com.samsung.android.app.cocktailbarservice/com.samsung.android.app.cocktailbarservice.CocktailBarService#0
11-04 20:31:47.392  3253  3253 D SurfaceFlinger:        HWC | 7f0ae56340 | 0000 | 0100 | 00 | 0105 | RGBA_8888   |    0.0,    0.0, 1080.0, 2220.0 |    0,    0, 1080, 2220 | ScreenshotSurface#0
11-04 20:31:47.392  3253  3253 D SurfaceFlinger:  FB TARGET | 7f0ae55b60 | 0000 | 0000 | 00 | 0105 | RGBA_8888   |    0.0,    0.0, 1440.0, 2960.0 |    0,    0, 1440, 2960 | HWC_FRAMEBUFFER_TARGET
11-04 20:31:47.393  4536  4536 D NfcService: PROXIMITY SCREEN ON
11-04 20:31:47.396 17259 17259 D TimaKeyStoreProvider: TimaKeyStore is not enabled: cannot add TimaSignature Service and generateKeyPair Service
11-04 20:31:47.397 17259 17259 D ActivityThread: Added TimaKeyStore provider
11-04 20:31:47.403  3783  3805 I ActivityManager: Start proc 17279:com.samsung.knox.securefolder/u0a71 for broadcast com.samsung.knox.securefolder/.containeragent.detector.KnoxPackageStateReceiver
11-04 20:31:47.404  3253  3253 D SurfaceFlinger:   Display[0] configurations (* current):
11-04 20:31:47.404  3253  3253 D SurfaceFlinger:     * 0: 1440x2960, xdpi=522.513977, ydpi=525.762024, refresh=16666666
11-04 20:31:47.404  3253  3253 D SurfaceFlinger:   numHwLayers=4, flags=00000000
11-04 20:31:47.404  3253  3253 D SurfaceFlinger:     type   |  handle  | hint | flag | tr | blnd |   format    |     source crop (l,t,r,b)      |          frame         | name 
11-04 20:31:47.404  3253  3253 D SurfaceFlinger: -----------+----------+------+------+----+------+-------------+--------------------------------+------------------------+------
11-04 20:31:47.404  3253  3253 D SurfaceFlinger:        HWC | 7f0ae59360 | 0000 | 0000 | 04 | 0105 | RGBA_8888   |    0.0,    0.0, 1080.0,   63.0 | 1017,    0, 1080, 1080 | StatusBar#0
11-04 20:31:47.404  3253  3253 D SurfaceFlinger:       GLES | 7f0ae58f00 | 0000 | 0000 | 04 | 0105 | RGBA_8888   |    0.0,    0.0,   67.0,  455.0 |   20, 1013,  475, 1080 | com.samsung.android.app.cocktailbarservice/com.samsung.android.app.cocktailbarservice.CocktailBarService#0
11-04 20:31:47.404  3253  3253 D SurfaceFlinger:        HWC | 7f0ae56340 | 0000 | 0100 | 00 | 0105 | RGBA_8888   |    0.0,    0.0, 1080.0, 2220.0 |    0,    0, 1080, 2220 | ScreenshotSurface#0
11-04 20:31:47.404  3253  3253 D SurfaceFlinger:  FB TARGET | 7f0ae558c0 | 0000 | 0000 | 00 | 0105 | RGBA_8888   |    0.0,    0.0, 1440.0, 2960.0 |    0,    0, 1
11-04 20:31:47.404  3253  3253 D SurfaceFlinger: 440, 2960 | HWC_FRAMEBUFFER_TARGET
11-04 20:31:47.406  4211  4211 D SecNavigationBarView: setNavigationIconHints showImeButton : false
11-04 20:31:47.406  4211  4211 D SecNavigationBarView: updateImmersivePinIcon() isImmersiveMode=false
11-04 20:31:47.406 17279 17279 E Zygote  : isWhitelistProcess - Process is Whitelisted
11-04 20:31:47.407 17279 17279 E libpersona: scanKnoxPersonas
11-04 20:31:47.407 17279 17279 E libpersona: Couldn't open the File - /data/system/users/0/personalist.xml - No such file or directory
11-04 20:31:47.409  3783  4252 I ActivityManager: Config changes=480 {0 1.1 themeSeq = 0 showBtnBg = 0 ?mcc?mnc [en_GB] ldltr sw411dp w797dp h387dp 420dpi nrml long land finger -keyb/v/h -nav/h appBounds=Rect(0, 0 - 2094, 1080) s.12 mkbd/h desktop/d ?dc}
11-04 20:31:47.409 17279 17279 W SELinux : SELinux selinux_android_compute_policy_index : Policy Index[2],  Con:u:r:zygote:s0 RAM:SEPF_SM-G955F_8.0.0_0016, [-1 -1 -1 -1 0 1]
11-04 20:31:47.410 17279 17279 I SELinux : SELinux: seapp_context_lookup: seinfo=platform, level=s0:c512,c768, pkgname=com.samsung.knox.securefolder 
11-04 20:31:47.413  4211  4211 D NavBarHideController: adjustConsumeWindowLp() enabled=false, mWindowAdded=true, rot=1
11-04 20:31:47.417 15039 15099 I chromium: [INFO:WebViewImpl.cpp(2027)] Blink ResizeWithBrowserControls old_size = 412 * 670, new_size = 412 * 670
11-04 20:31:47.421 17236 17258 D libEGL  : loaded /vendor/lib64/egl/libGLES_mali.so
11-04 20:31:47.428  3783  4252 I ActivityManager: Override config changes=480 {0 1.1 themeSeq = 0 showBtnBg = 0 ?mcc?mnc [en_GB] ldltr sw411dp w797dp h387dp 420dpi nrml long land finger -keyb/v/h -nav/h appBounds=Rect(0, 0 - 2094, 1080) s.12 mkbd/h desktop/d ?dc} for displayId=0
11-04 20:31:47.428  3783  3783 D TelecomService: onConfigurationChanged {0 1.1 themeSeq = 0 showBtnBg = 0 ?mcc?mnc [en_GB] ldltr sw411dp w797dp h387dp 420dpi nrml long land finger -keyb/v/h -nav/h appBounds=Rect(0, 0 - 2094, 1080) s.12 mkbd/h desktop/d ?dc}
11-04 20:31:47.429  3783  4252 I SamsungPhoneWindowManager: setInitialDisplaySize() width=1080, height=2220, density=420, initWidth=1440, initHeight=2960, initDensity=560
11-04 20:31:47.429  3783  4252 D TspStateManagerInternal: updateDefaultValue customSetting=null
11-04 20:31:47.431  3783  4252 I SamsungPhoneWindowManager: setInitialDisplaySize() width=1080, height=2220, density=420, initWidth=1440, initHeight=2960, initDensity=560
11-04 20:31:47.431  3783  4252 D TspStateManagerInternal: updateDefaultValue customSetting=null
11-04 20:31:47.434  3783  3806 D WindowManager: set systemUiVisibility : systemUiFlags= 0x8708 fullscreenStackSysUiFlags= 0x0
11-04 20:31:47.437  3783  4252 D InputDispatcher: Focus left window: 5208
11-04 20:31:47.438  3783  3881 D ViewRootImpl@d7314f6[FlaminGo]: MSG_RESIZED_REPORT: frame=Rect(0, 0 - 2094, 1080) ci=Rect(0, 0 - 0, 0) vi=Rect(0, 63 - 0, 0) or=2
11-04 20:31:47.441  3783  3796 I ActivityManager: DSS on for com.YourCompany.FlaminGo and scale is 1.0
11-04 20:31:47.448  3783  3881 V WindowManager: Relayout Window{6a710f7 u0 Splash Screen com.YourCompany.FlaminGo}: viewVisibility=0 req=2094x1080 WM.LayoutParams{(0,0)(fillxfill) sim=#20 ty=3 fl=#1830518 pfl=0x1000011 wanim=0x1030001 vsysui=0x10 needsMenuKey=2 colorMode=0 naviIconColor=0}
11-04 20:31:47.452  3253  3253 D SurfaceFlinger:   Display[0] configurations (* current):
11-04 20:31:47.452  3253  3253 D SurfaceFlinger:     * 0: 1440x2960, xdpi=522.513977, ydpi=525.762024, refresh=16666666
11-04 20:31:47.452  3253  3253 D SurfaceFlinger:   numHwLayers=6, flags=00000000
11-04 20:31:47.452  3253  3253 D SurfaceFlinger:     type   |  handle  | hint | flag | tr | blnd |   format    |     source crop (l,t,r,b)      |          frame         | name 
11-04 20:31:47.452  3253  3253 D SurfaceFlinger: -----------+----------+------+------+----+------+-------------+--------------------------------+------------------------+------
11-04 20:31:47.452  3253  3253 D SurfaceFlinger:        HWC | 7f0ae59360 | 0000 | 0000 | 04 | 0105 | RGBA_8888   |    0.0,    0.0, 1080.0,   63.0 | 1017,    0, 1080, 1080 | StatusBar#0
11-04 20:31:47.452  3253  3253 D SurfaceFlinger:       GLES | 7f0ae58f00 | 0000 | 0000 | 04 | 0105 | RGBA_8888   |    0.0,    0.0,   67.0,  455.0 |   20, 2153,  475, 2220 | com.samsung.android.app.cocktailbarservice/com.samsung.android.app.cocktailbarservice.CocktailBarService#0
11-04 20:31:47.452  3253  3253 D SurfaceFlinger:       GLES | 7f0a82b460 | 0000 | 0000 | 04 | 0105 | RGBA_8888   |    0.0,    0.0,  126.0,  126.0 |  954, 2094, 1080, 2220 | NavigationBar#0
11-04 20:31:47.452  3253  3253 D SurfaceFlinger:       GLES | 7f0ae565e0 | 0000 | 0000 | 04 | 0105 | RGBA_8888   |    0.0,    0.0,  566.0,   63.0 |    0,  827,   63,
11-04 20:31:47.452  3253  3253 D SurfaceFlinger:  1393 | com.samsung.android.spay.simple.SimpleIntroHintService#0
11-04 20:31:47.452  3253  3253 D SurfaceFlinger:        HWC | 7f0ae56340 | 0000 | 0100 | 00 | 0105 | RGBA_8888   |    0.0,    0.0, 1080.0, 2220.0 |    0,    0, 1080, 2220 | ScreenshotSurface#0
11-04 20:31:47.452  3253  3253 D SurfaceFlinger:  FB TARGET | 7f0ae55d20 | 0000 | 0000 | 00 | 0105 | RGBA_8888   |    0.0,    0.0, 1440.0, 2960.0 |    0,    0, 1440, 2960 | HWC_FRAMEBUFFER_TARGET
11-04 20:31:47.463  5208  5208 V Configuration:  needToUpdateOverlays
11-04 20:31:47.464  4536  4536 V Configuration:  needToUpdateOverlays
11-04 20:31:47.464  5208  5208 I chatty  : uid=10083(u0_a83) com.sec.android.app.launcher expire 10 lines
11-04 20:31:47.464  5208  5208 V Configuration:  needToUpdateOverlays
11-04 20:31:47.464  5208  5208 V Configuration:  needToUpdateOverlays
11-04 20:31:47.468  5208  5208 I chatty  : uid=10083(u0_a83) com.sec.android.app.launcher identical 7 lines
11-04 20:31:47.468  5208  5208 V Configuration:  needToUpdateOverlays
11-04 20:31:47.469  3783  3881 D ViewRootImpl@d7314f6[FlaminGo]: Relayout returned: old=[0,0][2094,1080] new=[0,0][2094,1080] result=0x23 surface={valid=true 488854089728} changed=false
11-04 20:31:47.471  5208  5208 V Configuration:  needToUpdateOverlays
11-04 20:31:47.482  3783  3881 V WindowManager: finishDrawingLocked: mDrawState=COMMIT_DRAW_PENDING Window{6a710f7 u0 Splash Screen com.YourCompany.FlaminGo} in Surface(name=Splash Screen com.YourCompany.FlaminGo)
11-04 20:31:47.483  5208  5208 I Launcher: onWindowVisibilityChanged : false
11-04 20:31:47.484  3783  3881 D ViewRootImpl@d7314f6[FlaminGo]: MSG_RESIZED_REPORT: frame=Rect(0, 0 - 2094, 1080) ci=Rect(0, 0 - 0, 0) vi=Rect(0, 63 - 0, 0) or=1
11-04 20:31:47.485  6548  6548 V Configuration:  needToUpdateOverlays
11-04 20:31:47.486  6548  6548 I chatty  : uid=10013(u0_a13) com.samsung.android.app.cocktailbarservice identical 14 lines
11-04 20:31:47.486  6548  6548 V Configuration:  needToUpdateOverlays
11-04 20:31:47.489  6548  6548 I CocktailBarPositionManager: onOrientationChanged position not dirty
11-04 20:31:47.490  6548  6548 D TrayStateController: updateDescriptionLayout invalid panelview
11-04 20:31:47.491  6548  6548 E CocktailBarContainerView: updateContainerVisibility: 0
11-04 20:31:47.491  6548  6548 D CocktailBarUiController: onConfigurationChanged : orientation = true densityDpi = false
11-04 20:31:47.494  6548  6548 D CocktailBarTriggerContainerView: setContainerGravityState: 1 --> 1
11-04 20:31:47.497  4382  4382 D GLAnimatorManager: doFrame
11-04 20:31:47.500  3783  3806 D WindowManager: set systemUiVisibility : systemUiFlags= 0x10 fullscreenStackSysUiFlags= 0x0
11-04 20:31:47.503  6548  6548 D TrayStateController: putInputRect mDynamicInputRegion=128111791@LastEvent=t=1541361480821Rect(25, 0 - 67, 455),Rect=Rect(0, 0 - 0, 0)
11-04 20:31:47.503  3783  3881 D ViewRootImpl@d7314f6[FlaminGo]: MSG_RESIZED_REPORT: frame=Rect(0, 0 - 2094, 1080) ci=Rect(0, 0 - 0, 0) vi=Rect(0, 0 - 0, 0) or=1
11-04 20:31:47.505  6548  6548 D TrayStateController: putInputRect mDynamicInputRegion=128111791@LastEvent=t=1541361480821Rect(25, 0 - 67, 455),Rect=Rect(25, 0 - 67, 455)
11-04 20:31:47.505  6548  6548 I Utils   :  Edge First Use Help enabled
11-04 20:31:47.505  3783  3796 W ActivityManager: Slow operation: 64ms so far, now at attachApplicationLocked: immediately before bindApplication
11-04 20:31:47.506  3783  3796 W ActivityManager: Slow operation: 65ms so far, now at attachApplicationLocked: immediately after bindApplication
11-04 20:31:47.506  3783  3796 W ActivityManager: Slow operation: 65ms so far, now at attachApplicationLocked: after updateLruProcessLocked
11-04 20:31:47.507  6548  6548 D TrayStateTrigger: getTriggerMarginOnTop retY=605 halfHandleSize=228 getTriggerPosition=33.800007
11-04 20:31:47.509  6548  6548 D TrayStateController: updateDescriptionLayout invalid panelview
11-04 20:31:47.509  6548  6548 E CocktailBarContainerView: updateContainerVisibility: 0
11-04 20:31:47.509  6548  6548 E CocktailBarContainerView: updateContainerVisibility: 0
11-04 20:31:47.513  3783  3796 D PersonaManagerService: Current focused persona service handled id set to : 0
11-04 20:31:47.513  3783  3796 D InputDispatcher: Focused application set to: xxxx
11-04 20:31:47.515  3783  3881 V WindowManager: finishDrawingLocked: mDrawState=COMMIT_DRAW_PENDING Window{6a710f7 u0 Splash Screen com.YourCompany.FlaminGo} in Surface(name=Splash Screen com.YourCompany.FlaminGo)
11-04 20:31:47.521  3253  3253 D SurfaceFlinger:   Display[0] configurations (* current):
11-04 20:31:47.521  3253  3253 D SurfaceFlinger:     * 0: 1440x2960, xdpi=522.513977, ydpi=525.762024, refresh=16666666
11-04 20:31:47.521  3253  3253 D SurfaceFlinger:   numHwLayers=7, flags=00000000
11-04 20:31:47.521  3253  3253 D SurfaceFlinger:     type   |  handle  | hint | flag | tr | blnd |   format    |     source crop (l,t,r,b)      |          frame         | name 
11-04 20:31:47.521  3253  3253 D SurfaceFlinger: -----------+----------+------+------+----+------+-------------+--------------------------------+------------------------+------
11-04 20:31:47.521  3253  3253 D SurfaceFlinger:        HWC | 7f0ae57920 | 0000 | 0020 | 04 | 0100 | RGBA_8888   |    0.0,    0.0, 2094.0, 1080.0 |    0,    0, 1080, 2094 | Splash Screen com.YourCompany.FlaminGo#0
11-04 20:31:47.521  3253  3253 D SurfaceFlinger:       GLES | 7f0ae59360 | 0000 | 0000 | 04 | 0105 | RGBA_8888   |    0.0,    0.0, 1080.0,   63.0 | 1017,    0, 1080, 1080 | StatusBar#0
11-04 20:31:47.521  3253  3253 D SurfaceFlinger:       GLES | 7f0ae58f00 | 0000 | 0000 | 04 | 0105 | RGBA_8888   |    0.0,    0.0,   67.0,  455.0 |   20, 2153,  475, 2220 | com.samsung.android.app.cocktailbarservice/com.samsung.android.app.cocktailbarservice.CocktailBarService#0
11-04 20:31:47.521  3253  3253 D SurfaceFlinger:       GLES | 7f0a82b460 | 0000 | 0000 | 04 | 0105 | RGBA_8888   |    0.0,    0.0,  126.0,  
11-04 20:31:47.521  3253  3253 D SurfaceFlinger: 126.0 |  954, 2094, 1080, 2220 | NavigationBar#0
11-04 20:31:47.521  3253  3253 D SurfaceFlinger:       GLES | 7f0ae565e0 | 0000 | 0000 | 04 | 0105 | RGBA_8888   |    0.0,    0.0,  566.0,   63.0 |    0,  827,   63, 1393 | com.samsung.android.spay.simple.SimpleIntroHintService#0
11-04 20:31:47.521  3253  3253 D SurfaceFlinger:        HWC | 7f0ae56340 | 0000 | 0100 | 00 | 0105 | RGBA_8888   |    0.0,    0.0, 1080.0, 2220.0 |    0,    0, 1080, 2220 | ScreenshotSurface#0
11-04 20:31:47.521  3253  3253 D SurfaceFlinger:  FB TARGET | 7f0ae55b60 | 0000 | 0000 | 00 | 0105 | RGBA_8888   |    0.0,    0.0, 1440.0, 2960.0 |    0,    0, 1440, 2960 | HWC_FRAMEBUFFER_TARGET
11-04 20:31:47.533  4536  4536 I NfcP2pEventManager: changeConfiguration() in NfcService
11-04 20:31:47.536  3253  3253 D SurfaceFlinger:   Display[0] configurations (* current):
11-04 20:31:47.536  3253  3253 D SurfaceFlinger:     * 0: 1440x2960, xdpi=522.513977, ydpi=525.762024, refresh=16666666
11-04 20:31:47.536  3253  3253 D SurfaceFlinger:   numHwLayers=6, flags=00000000
11-04 20:31:47.536  3253  3253 D SurfaceFlinger:     type   |  handle  | hint | flag | tr | blnd |   format    |     source crop (l,t,r,b)      |          frame         | name 
11-04 20:31:47.536  3253  3253 D SurfaceFlinger: -----------+----------+------+------+----+------+-------------+--------------------------------+------------------------+------
11-04 20:31:47.536  3253  3253 D SurfaceFlinger:        HWC | 7f0ae57920 | 0000 | 0020 | 04 | 0100 | RGBA_8888   |    0.0,    0.0, 2094.0, 1080.0 |    0,    0, 1080, 2094 | Splash Screen com.YourCompany.FlaminGo#0
11-04 20:31:47.536  3253  3253 D SurfaceFlinger:       GLES | 7f0ae58f00 | 0000 | 0000 | 04 | 0105 | RGBA_8888   |    0.0,    0.0,   67.0,  455.0 |   20, 2153,  475, 2220 | com.samsung.android.app.cocktailbarservice/com.samsung.android.app.cocktailbarservice.CocktailBarService#0
11-04 20:31:47.536  3253  3253 D SurfaceFlinger:       GLES | 7f0a82b460 | 0000 | 0000 | 04 | 0105 | RGBA_8888   |    0.0,    0.0,  126.0,  126.0 |  954, 2094, 1080, 2220 | NavigationBar#0
11-04 20:31:47.536  3253  3253 D SurfaceFlinger:       GLES | 7f0ae565e0 | 0000 | 0000 | 04 | 0105 | RGBA_8888   |    0.0,    0.0,  566.
11-04 20:31:47.536  3253  3253 D SurfaceFlinger: 0,   63.0 |    0,  827,   63, 1393 | com.samsung.android.spay.simple.SimpleIntroHintService#0
11-04 20:31:47.536  3253  3253 D SurfaceFlinger:        HWC | 7f0ae56340 | 0000 | 0100 | 00 | 0105 | RGBA_8888   |    0.0,    0.0, 1080.0, 2220.0 |    0,    0, 1080, 2220 | ScreenshotSurface#0
11-04 20:31:47.536  3253  3253 D SurfaceFlinger:  FB TARGET | 7f0ae558c0 | 0000 | 0000 | 00 | 0105 | RGBA_8888   |    0.0,    0.0, 1440.0, 2960.0 |    0,    0, 1440, 2960 | HWC_FRAMEBUFFER_TARGET
11-04 20:31:47.541  4382  4382 D GalaxyWallpaper: onVisibilityChanged = false, mCurrentMode = HOME
11-04 20:31:47.541  4382  4382 D GyroRender: pauseSensing
11-04 20:31:47.542  3783  3948 D SensorService: Calling activate off 10
11-04 20:31:47.543  3240  3884 I Sensors : InterruptGyroSensor old sensor_state 33570817, new sensor_state : 16385 en : 0
11-04 20:31:47.546 17279 17279 D TimaKeyStoreProvider: TimaKeyStore is not enabled: cannot add TimaSignature Service and generateKeyPair Service
11-04 20:31:47.547 17279 17279 D ActivityThread: Added TimaKeyStore provider
11-04 20:31:47.548  3783  4067 D GameManagerService: handleForegroundChange(). pkgName: com.YourCompany.FlaminGo, clsName: com.epicgames.ue4.SplashActivity,FgActivityName:com.YourCompany.FlaminGo/com.epicgames.ue4.SplashActivity
11-04 20:31:47.548  4382  4382 D SensorManager: unregisterListener ::   
11-04 20:31:47.548  4382  4382 D GyroRender: unregisterListener
11-04 20:31:47.548  4382  4382 D WallpaperService: reportVisibility onVisibilityChanged visible: false
11-04 20:31:47.553  3783  4067 D GameManagerService: sem_perfomance_mode: 0
11-04 20:31:47.553  3783  4067 D GameManagerService: notifyResumePause(). pkg: com.YourCompany.FlaminGo, type: 4, isMinimized: false, isTunableApp: false
11-04 20:31:47.553  3783  4067 D GameManagerService:   notifyResumePause(). unexpected mPrevNotiType: -1
11-04 20:31:47.558  3783  3796 D MARsPolicyManager: onPackageResumedFG pkgName = com.YourCompany.FlaminGo, userId = 0
11-04 20:31:47.561  3783  3796 W ActivityManager: Slow operation: 120ms so far, now at attachApplicationLocked: after mServices.attachApplicationLocked
11-04 20:31:47.562  4211  4277 D vol.VolumeDialogControl.VC: setLayoutDirection
11-04 20:31:47.564  6548  6548 I Utils   : isCurrentUser current = 0, ownerId = 0
11-04 20:31:47.564  6548  6548 I TrayVisibilityController: updateTrayVisible: State=257 visible=2 mCurrentVisible=1 specificMode=0
11-04 20:31:47.565  6548  6548 D TrayStateController: putInputRect mDynamicInputRegion=128111791@LastEvent=t=1541361480821Rect(25, 0 - 67, 455),Rect=Rect(0, 0 - 0, 0)
11-04 20:31:47.566  4551  4551 D DeviceLocale: onReceive
11-04 20:31:47.568  3783  7224 D GamePkgDataHelper: getGamePkgDataIncServer(). com.YourCompany.FlaminGo
11-04 20:31:47.568  3783  7224 D GamePkgDataHelper: getSosPolicy(). com.YourCompany.FlaminGo
11-04 20:31:47.568 14481 14491 I SAMSUNGPAY: [Hint_ProcessStatusChange] fg Change, pid : 17259 , isNotify : true , isForeground : true , fg list : [5208, 17259]
11-04 20:31:47.569  4536  4616 D ForegroundUtils: could not check pending caller
11-04 20:31:47.570  3783  3813 D TetheringConfiguration: NAP is enabled by CSCfeature
11-04 20:31:47.570  3783  4598 I ActivityManager: DSS on for com.samsung.knox.securefolder and scale is 1.0
11-04 20:31:47.574  4551  4795 D EucModule: onLocaleChanged, languageCode=en
11-04 20:31:47.576  3783  7224 D GameManagerService: identifyGamePackage. com.YourCompany.FlaminGo
11-04 20:31:47.576  3783  7224 D GamePkgDataHelper: getGamePkgData(). com.YourCompany.FlaminGo
11-04 20:31:47.581  4211  4650 D vol.VolumeDialogControl: onReceive ACTION_CONFIGURATION_CHANGED
11-04 20:31:47.583  3783  3813 E TetheringConfiguration: No numeric data
11-04 20:31:47.586  3783  4250 V WindowManager: Relayout Window{70a4286 u0 NavigationBar}: viewVisibility=0 req=1080x126 WM.LayoutParams{(0,0)(fillxfill) sim=#20 ty=2019 fl=#21840068 fmt=-3 colorMode=0 naviIconColor=0}
11-04 20:31:47.588 14481 14569 I SAMSUNGPAY: [Hint_cek] ensureHomePackagesLoaded - already update, isHomePackageEmpty : false, isKnoxRunning : false
11-04 20:31:47.589  3783  7224 D GameManagerService: identifyGamePackage. com.YourCompany.FlaminGo
11-04 20:31:47.589  3783  7224 D GamePkgDataHelper: getGamePkgData(). com.YourCompany.FlaminGo
11-04 20:31:47.590  4211  4915 D SystemServicesProxy: updateOverviewLastStackActiveTimeAsync: newTime=1540204754719
11-04 20:31:47.592  3783  8657 D SecContentProvider: query(), uri = 17 selection = isSettingsChangesAllowed
11-04 20:31:47.593  6548  6548 D TrayStateController: setUiState 2 : -isHideByOrientationPolicy 0 --> 2
11-04 20:31:47.593  6548  6548 D TrayStateController: setUiState 2 : -isHideByOrientationPolicy  already 2
11-04 20:31:47.594  3783  7224 D GameManagerService: identifyGamePackage. com.YourCompany.FlaminGo
11-04 20:31:47.594  3783  7224 D GamePkgDataHelper: getGamePkgData(). com.YourCompany.FlaminGo
11-04 20:31:47.595  3783  8657 D SecContentProvider: called from android.uid.systemui:10005
11-04 20:31:47.597  4211  4481 D SystemServicesProxy: updateOverviewLastStackActiveTimeAsync: done.
11-04 20:31:47.605  4211  4211 D ViewRootImpl@6438528[NavigationBar]: Relayout returned: old=[0,2094][1080,2220] new=[2094,0][2220,1080] result=0x23 surface={valid=true 488757387264} changed=false
11-04 20:31:47.606  6548  6641 D OpenGLRenderer: eglDestroySurface = 0x721b0412a0
11-04 20:31:47.606  3783  7224 D GameManagerService: identifyGamePackage. com.YourCompany.FlaminGo
11-04 20:31:47.606  3783  7224 D GamePkgDataHelper: getGamePkgData(). com.YourCompany.FlaminGo
11-04 20:31:47.606  6548  6548 D CocktailBarTriggerContainerView: onApplyWindowInsets bottom =0
11-04 20:31:47.607  3783 14347 V WindowManager: Relayout Window{1ed392f u0 com.samsung.android.app.cocktailbarservice/com.samsung.android.app.cocktailbarservice.CocktailBarService}: viewVisibility=8 req=67x455 WM.LayoutParams{(0,605)(67x455) gr=#35 sim=#20 ty=2226 fl=#1800148 pfl=0x50 fmt=-2 vsysui=0x2000 colorMode=0 naviIconColor=0}
11-04 20:31:47.608  3783 14347 I WindowManager: Destroying surface Surface(name=com.samsung.android.app.cocktailbarservice/com.samsung.android.app.cocktailbarservice.CocktailBarService) called by com.android.server.wm.WindowStateAnimator.destroySurface:2465 com.android.server.wm.WindowStateAnimator.destroySurfaceLocked:967 com.android.server.wm.WindowState.destroyOrSaveSurfaceUnchecked:3661 com.android.server.wm.WindowState.destroySurface:3609 com.android.server.wm.WindowManagerService.tryStartExitingAnimation:2676 com.android.server.wm.WindowManagerService.relayoutWindow:2460 com.android.server.wm.Session.relayout:249 android.view.IWindowSession$Stub.onTransact:288 
11-04 20:31:47.608  3253  3481 I SurfaceFlinger: id=34 Removed com.samsung.android.app.cocktailbarservice/com.samsung.android.app.cocktailbarservice.CocktailBarService#0 (6/9)
11-04 20:31:47.608  3253  3481 I SurfaceFlinger: id=34 Removed com.samsung.android.app.cocktailbarservice/com.samsung.android.app.cocktailbarservice.CocktailBarService#0 (-2/9)
11-04 20:31:47.608 14481 14569 I SAMSUNGPAY: [Hint_cek] isHomePackageRunning topPkgName = com.YourCompany.FlaminGo, topClsName = com.epicgames.ue4.SplashActivity, return false
11-04 20:31:47.609  3783  7224 D GameManagerService: identifyGamePackage. com.YourCompany.FlaminGo
11-04 20:31:47.609  3783  7224 D GamePkgDataHelper: getGamePkgData(). com.YourCompany.FlaminGo
11-04 20:31:47.610  4211  4669 D OpenGLRenderer: eglDestroySurface = 0x71d3bde400
11-04 20:31:47.611  4211  4669 D mali_winsys: EGLint new_window_surface(egl_winsys_display *, void *, EGLSurface, EGLConfig, egl_winsys_surface **, egl_color_buffer_format *, EGLBoolean) returns 0x3000,  [126x1080]-format:1
11-04 20:31:47.611  4211  4669 D OpenGLRenderer: eglCreateWindowSurface = 0x71d3bde400
11-04 20:31:47.612  6548  6548 D ViewRootImpl@dd20ccb[CocktailBarService]: Relayout returned: old=[2153,605][2220,1060] new=[2153,605][2220,1060] result=0x5 surface={valid=false 0} changed=true
11-04 20:31:47.612  6548  6548 D CocktailBarTriggerContainerView: onApplyWindowInsets bottom =0
11-04 20:31:47.612  4211  4211 D SecNavigationBarView: setNavigationIconHints showImeButton : false
11-04 20:31:47.612  4211  4211 D SecNavigationBarView: updateImmersivePinIcon() isImmersiveMode=false
11-04 20:31:47.614  3253  3253 I Layer   : id=34 onRemoved com.samsung.android.app.cocktailbarservice/com.samsung.android.app.cocktailbarservice.CocktailBarService#0 
11-04 20:31:47.616  6548  6548 D ViewRootImpl@dd20ccb[CocktailBarService]: MSG_RESIZED_REPORT: frame=Rect(2153, 605 - 2220, 1060) ci=Rect(0, 0 - 126, 0) vi=Rect(0, 0 - 126, 0) or=2
11-04 20:31:47.617  6548  6548 D CocktailBarUiController: onCocktailBarStateChanged: flag=0x1 vis=2 bgType=0 showTimeout=-1 activate=true
11-04 20:31:47.623  5208  5430 D OpenGLRenderer: eglDestroySurface = 0x71fd6c7930
11-04 20:31:47.624  3783  4598 V WindowManager: finishDrawingLocked: mDrawState=COMMIT_DRAW_PENDING Window{70a4286 u0 NavigationBar} in Surface(name=NavigationBar)
11-04 20:31:47.624  3253  3253 D SurfaceFlinger:   Display[0] configurations (* current):
11-04 20:31:47.624  3253  3253 D SurfaceFlinger:     * 0: 1440x2960, xdpi=522.513977, ydpi=525.762024, refresh=16666666
11-04 20:31:47.624  3253  3253 D SurfaceFlinger:   numHwLayers=5, flags=00000000
11-04 20:31:47.624  3253  3253 D SurfaceFlinger:     type   |  handle  | hint | flag | tr | blnd |   format    |     source crop (l,t,r,b)      |          frame         | name 
11-04 20:31:47.624  3253  3253 D SurfaceFlinger: -----------+----------+------+------+----+------+-------------+--------------------------------+------------------------+------
11-04 20:31:47.624  3253  3253 D SurfaceFlinger:        HWC | 7f0ae57920 | 0000 | 0020 | 04 | 0100 | RGBA_8888   |    0.0,    0.0, 2094.0, 1080.0 |    0,    0, 1080, 2094 | Splash Screen com.YourCompany.FlaminGo#0
11-04 20:31:47.624  3253  3253 D SurfaceFlinger:       GLES | 7f0a82b460 | 0000 | 0000 | 04 | 0105 | RGBA_8888   |    0.0,    0.0,  126.0,  126.0 |  954, 2094, 1080, 2220 | NavigationBar#0
11-04 20:31:47.624  3253  3253 D SurfaceFlinger:       GLES | 7f0ae565e0 | 0000 | 0000 | 04 | 0105 | RGBA_8888   |    0.0,    0.0,  566.0,   63.0 |    0,  827,   63, 1393 | com.samsung.android.spay.simple.SimpleIntroHintService#0
11-04 20:31:47.624  3253  3253 D SurfaceFlinger:        HWC | 7f0ae56340 | 0000 | 0100 | 00 | 0105 | RGBA_8888   |    0.0,    0.0, 1080.0, 2220.0 |    0,    0, 1080, 2220 | ScreenshotSur
11-04 20:31:47.625  3253  3253 D SurfaceFlinger: face#0
11-04 20:31:47.625  3253  3253 D SurfaceFlinger:  FB TARGET | 7f0ae55d20 | 0000 | 0000 | 00 | 0105 | RGBA_8888   |    0.0,    0.0, 1440.0, 2960.0 |    0,    0, 1440, 2960 | HWC_FRAMEBUFFER_TARGET
11-04 20:31:47.626 17259 17296 I vndksupport: sphal namespace is not configured for this process. Loading /vendor/lib/egl/libGLES_mali.so from the current namespace instead.
11-04 20:31:47.627  3783  3796 V WindowManager: Relayout Window{b1803b4 u0 com.sec.android.app.launcher/com.sec.android.app.launcher.activities.LauncherActivity}: viewVisibility=8 req=1080x2220 WM.LayoutParams{(0,0)(fillxfill) sim=#130 ty=1 fl=#81910d00 pfl=0x20000 fmt=-2 wanim=0x10302ea vsysui=0x700 needsMenuKey=2 colorMode=0 naviIconColor=0}
11-04 20:31:47.633  5208  5208 D ViewRootImpl@b2d5f8e[LauncherActivity]: Relayout returned: old=[0,0][1080,2220] new=[0,0][1080,2220] result=0x5 surface={valid=false 0} changed=true
11-04 20:31:47.633  5208  5208 D ViewRootImpl@b2d5f8e[LauncherActivity]: MSG_WINDOW_FOCUS_CHANGED 0
11-04 20:31:47.639  3783  4598 V WindowManager: Relayout Window{e75ce4a u0 NavBarTouchConsumer}: viewVisibility=0 req=4x4 WM.LayoutParams{(0,0)(4x4) gr=#5 sim=#20 ty=2273 fl=#1080108 fmt=-3 alpha=0.0 colorMode=0 naviIconColor=0 sfl=0x20000}
11-04 20:31:47.644  3783  3796 V WindowManager: Relayout Window{1ed392f u0 com.samsung.android.app.cocktailbarservice/com.samsung.android.app.cocktailbarservice.CocktailBarService}: viewVisibility=8 req=67x455 WM.LayoutParams{(0,605)(67x455) gr=#35 sim=#20 ty=2226 fl=#1800148 pfl=0x50 fmt=-2 vsysui=0x2000 colorMode=0 naviIconColor=0}
11-04 20:31:47.644  4211  4211 D ViewRootImpl@99336fc[NavBarTouchConsumer]: Relayout returned: old=[538,2216][542,2220] new=[2216,538][2220,542] result=0x3 surface={valid=true 489376280576} changed=false
11-04 20:31:47.644 17259 17296 D libEGL  : loaded /vendor/lib/egl/libGLES_mali.so
11-04 20:31:47.647  3783  3948 V WindowManager: finishDrawingLocked: mDrawState=COMMIT_DRAW_PENDING Window{e75ce4a u0 NavBarTouchConsumer} in Surface(name=NavBarTouchConsumer)
11-04 20:31:47.647  6548  6548 D ViewRootImpl@dd20ccb[CocktailBarService]: Relayout returned: old=[2153,605][2220,1060] new=[2153,605][2220,1060] result=0x1 surface={valid=false 0} changed=false
11-04 20:31:47.653  4211  4211 V Configuration:  needToUpdateOverlays
