--------- beginning of main
11-03 23:53:20.851 25221 25221 E adbd    : recv: OPEN 00000c47 00000000 004f:73 68 65 6C 6C 2C 76 32 3A 61 6D 20 73 74 61 72 74 20 2D 6E 20 63 6F 6D 2E 59 6F 75 72 43 6F 6D 70 61 6E 79 2E 46 6C 61 6D 69 6E 47 6F 2F 63 6F 6D 2E 65 70 69 63 67 61 6D 65 73 2E 75 65 34 2E 53 70 6C 61 73 68 41 63 74 69 76 69 74 79 00 
11-03 23:53:20.852 25221 25221 E adbd    : service_to_fd: shell,v2:am start -n com.YourCompany.FlaminGo/com.epicgames.ue4.SplashActivity
--------- beginning of system
11-03 23:53:20.979  3790  3947 I ActivityManager: START u0 {act=null typ=null flg=0x10000000 cmp=ComponentInfo{com.YourCompany.FlaminGo/com.epicgames.ue4.SplashActivity}} from uid 2000
11-03 23:53:20.989  3790  3947 D CustomFrequencyManagerService: acquireDVFSLockLocked : type : DVFS_MIN_LIMIT  frequency : 2314000  uid : 1000  pid : 3790  pkgName : AMS_APP_SWITCH@CPU_MIN@10
11-03 23:53:20.992  3790  3947 D ActivityManagerPerformance: AMP_acquire() APP_SWITCH
11-03 23:53:20.993  3790  5029 D ActivityManagerPerformance: Received MSG_CFMS_HINT_AMS_SWITCH pkgName: com.YourCompany.FlaminGo
11-03 23:53:20.996  3790  3790 D CS_HdrController: MultiWindowEventListener::onFocusStackChanged(1)
11-03 23:53:20.999 30045 30045 V Launcher: Launcher.onPause()
11-03 23:53:21.000 30045 30045 D Launcher: setHotWordDetection : call requestHotWordDetection false
11-03 23:53:21.000 30045 30045 D SemTipPopup:  #### mBubblePopup.mIsDismissing = false
11-03 23:53:21.000 30045 30045 D SemTipPopup:  #### mBalloonPopup.mIsDismissing = false
11-03 23:53:21.003  3790  3790 D CS_HdrController: updateMultiWindowState : 0
11-03 23:53:21.003  3790  3790 D CodecSolution: MultiWindowEventListener::onMultiWindowFocusChanged(1)
11-03 23:53:21.007  3790  3801 I ActivityManager: KPU : put [com.samsung.android.da.daagent] : 8767 K
11-03 23:53:21.007  3790  3801 I ActivityManager: Killing 10283:com.samsung.android.da.daagent/1000 (adj 906): DHA:empty #25
11-03 23:53:21.008  3790  3790 D MdnieScenarioControlService: Listener Real Multi Window State : false
11-03 23:53:21.010  3790  3880 D ViewRootImpl@fd74910[FlaminGo]: setView = DecorView@13cae0e[FlaminGo] TM=true MM=false
11-03 23:53:21.010  3790  3947 D ActivityManager: isScaleDownAnimationEnabled() : false
11-03 23:53:21.011  3790  3947 D StorageManagerService: getExternalStorageMountMode : 3
11-03 23:53:21.011  3790  3947 D StorageManagerService: getExternalStorageMountMode : 3
11-03 23:53:21.011  3790  3947 D StorageManagerService: getExternalStorageMountMode : final mountMode=3, uid : 10223, packageName : com.YourCompany.FlaminGo
11-03 23:53:21.011  3790  3947 I ApplicationPolicy: isApplicationExternalStorageWhitelisted:com.YourCompany.FlaminGo user:0
11-03 23:53:21.011  3790  3947 D ApplicationPolicy: isApplicationExternalStorageWhitelisted: DO is not enabled on user 0. Allowed.
11-03 23:53:21.011  3790  3947 D ActivityManager: package  com.YourCompany.FlaminGo, user - 0 is SDcard whitelisted
11-03 23:53:21.011  3790  3947 I ApplicationPolicy: isApplicationExternalStorageBlacklisted:com.YourCompany.FlaminGo user:0
11-03 23:53:21.011  3790  3947 D ApplicationPolicy: isApplicationExternalStorageBlacklisted: DO is not enabled on user 0. Allowed.
11-03 23:53:21.014  3790  3880 D ViewRootImpl@fd74910[FlaminGo]: dispatchAttachedToWindow
11-03 23:53:21.014  3790  3880 V WindowManager: Relayout Window{94d2c09 u0 Splash Screen com.YourCompany.FlaminGo}: viewVisibility=0 req=1079x2029 WM.LayoutParams{(0,0)(fillxfill) sim=#20 ty=3 fl=#1830518 pfl=0x1000011 wanim=0x1030001 vsysui=0x10 needsMenuKey=2 colorMode=0 naviIconColor=0}
11-03 23:53:21.017  3250  3250 I SurfaceFlinger: id=854 createSurf (1080x2094),1 flag=404, Splash Screen com.YourCompany.FlaminGo#0
11-03 23:53:21.018  3790  3880 V Surface : sf_framedrop debug : 0x4f4c, game : false, logging : 0
11-03 23:53:21.020  3790  3947 I ActivityManager: Start proc 10667:com.YourCompany.FlaminGo/u0a223 for activity com.YourCompany.FlaminGo/com.epicgames.ue4.SplashActivity
11-03 23:53:21.021  3790  3880 D ViewRootImpl@fd74910[FlaminGo]: Relayout returned: old=[0,0][0,0] new=[0,0][1080,2094] result=0x7 surface={valid=true 488618209280} changed=true
11-03 23:53:21.022 10667 10667 E Zygote  : isWhitelistProcess - Process is Whitelisted
11-03 23:53:21.022 10667 10667 E libpersona: scanKnoxPersonas
11-03 23:53:21.022 10667 10667 E libpersona: Couldn't open the File - /data/system/users/0/personalist.xml - No such file or directory
11-03 23:53:21.025 10667 10667 W SELinux : SELinux selinux_android_compute_policy_index : Policy Index[2],  Con:u:r:zygote:s0 RAM:SEPF_SM-G955F_8.0.0_0016, [-1 -1 -1 -1 0 1]
11-03 23:53:21.026 10667 10667 I SELinux : SELinux: seapp_context_lookup: seinfo=untrusted, level=s0:c512,c768, pkgname=com.YourCompany.FlaminGo 
11-03 23:53:21.029  3227  3667 I soundtrigger_hw_primary: stdev_stop_recognition Handle 0
11-03 23:53:21.029  3227  3667 V soundtrigger_hw_primary: stdev_stop_recognition Handle 0 Trylock acquired successfully
11-03 23:53:21.029  3227  3667 V soundtrigger_hw_primary: stdev_stop_recognition_l
11-03 23:53:21.029  3227  3667 V soundtrigger_hw_primary: stdev_active_callback_bitmask
11-03 23:53:21.029  3227  3667 V soundtrigger_hw_primary: stdev_join_callback_thread
11-03 23:53:21.029 10667 10667 I zygote  : Late-enabling -Xcheck:jni
11-03 23:53:21.029  3227  8448 I soundtrigger_hw_primary: callback_thread_loop: Termination message
11-03 23:53:21.029  3227  8448 V soundtrigger_hw_primary: stdev_vts_set_power enabled: 0
11-03 23:53:21.029  3227  8448 V soundtrigger_hw_primary: set_mixer_ctrls, path: VTS Active Keyphrase
11-03 23:53:21.029  3227  8448 V soundtrigger_hw_primary: set_mixer_ctrls: VTS Active Keyphrase configured value: 1
11-03 23:53:21.029  3227  8448 V soundtrigger_hw_primary: set_mixer_ctrls: VTS VoiceTrigger Value configured value: 0
11-03 23:53:21.031  3227  8448 V soundtrigger_hw_primary: set_mixer_ctrls: VTS VoiceRecognization Mode configured value: 9
11-03 23:53:21.031  3227  8448 D audio_hw_primary_abox: device-notify_sthal_status: Ok-Google Model Recognition [STOPPED]
11-03 23:53:21.031  3227  8448 D soundtrigger_hw_primary: stdev_vts_set_power: Google Model recognization stopped & Notified to AudioHAL
11-03 23:53:21.031  3227  8448 V soundtrigger_hw_primary: set_mixer_ctrls, path: VTS DMIC SEL
11-03 23:53:21.033  3227  8448 V soundtrigger_hw_primary: set_mixer_ctrls: VTS Virtual Output Mux configured value: 0
11-03 23:53:21.034  3227  8448 V soundtrigger_hw_primary: set_mixer_ctrls: DMIC1 Switch configured value: 0
11-03 23:53:21.034  3227  8448 V soundtrigger_hw_primary: set_mixer_ctrls: VTS HPF SEL configured value: 0
11-03 23:53:21.034  3227  8448 V soundtrigger_hw_primary: set_mixer_ctrls: VTS HPF EN configured value: 0
11-03 23:53:21.034  3227  8448 V soundtrigger_hw_primary: set_mixer_ctrls: VTS SYS SEL configured value: 0
11-03 23:53:21.035  3227  8448 V soundtrigger_hw_primary: set_mixer_ctrls: VTS DMIC IF LCH EN configured value: 0
11-03 23:53:21.035  3227  8448 V soundtrigger_hw_primary: set_mixer_ctrls: VTS DMIC IF RCH EN configured value: 0
11-03 23:53:21.035  3227  8448 V soundtrigger_hw_primary: set_mixer_ctrls: VTS DMIC SEL configured value: 0
11-03 23:53:21.035  3227  8448 D soundtrigger_hw_primary: stdev_vts_set_mic: Disable MIC Controls 
11-03 23:53:21.035  3227  3667 V soundtrigger_hw_primary: stdev_vts_set_power enabled: 0
11-03 23:53:21.035  3227  3667 V soundtrigger_hw_primary: stdev_close_callback_thread_sockets
11-03 23:53:21.035  3227  3667 I soundtrigger_hw_primary: stdev_stop_recognition Handle Exit 0
11-03 23:53:21.037  5168  5168 I GsaVoiceInteractionSrv: Stop Hotword Recognition status: true
11-03 23:53:21.043  3790  3880 V WindowManager: finishDrawingLocked: mDrawState=COMMIT_DRAW_PENDING Window{94d2c09 u0 Splash Screen com.YourCompany.FlaminGo} in Surface(name=Splash Screen com.YourCompany.FlaminGo)
11-03 23:53:21.046  4371  4371 D WallpaperService: updateSurface forceRelayout=true redrawNeeded=false myWidth=-1 myHeight=-1 fixedSize=false x = 0 y = 0 mWidth=-1 mHeight=-1 mIsSleepMode=false
11-03 23:53:21.048  3790  3801 V WindowManager: Relayout Window{f626e80 u0 com.android.systemui.infinity.InfinityWallpaperBlack}: viewVisibility=0 req=-1x-1 WM.LayoutParams{(0,0)(fillxfill) gr=#800033 ty=2013 fl=#10318 pfl=0x4 fmt=2 wanim=0x103030e colorMode=0 naviIconColor=0 sfl=0x8}
11-03 23:53:21.048  3790  3801 V WindowManager: rotationForOrientationLw(orient=0, last=0); user=0  sensorRotation=-1 mLidState=-1 mDockMode=0 mHdmiPlugged=false
11-03 23:53:21.048  3790  3801 D SamsungPhoneWindowManager: setRotationLw() : rotation=1
11-03 23:53:21.048  3790  3801 D SamsungPhoneWindowManager: semDvfsWakeupBooster.acquire()
11-03 23:53:21.048  3790  3801 D CustomFrequencyManagerService: acquireDVFSLockLocked : type : DVFS_MIN_LIMIT  frequency : 2314000  uid : 1000  pid : 3790  pkgName : PWM_ROTATION@CPU_MIN@86
11-03 23:53:21.049  3790 10672 D TspStateManagerInternal: update cmd=set_grip_data,2,1,60,10
11-03 23:53:21.049  3790  3801 D InputDispatcher: setInputDispatchMode: enabled=1, frozen=1
11-03 23:53:21.050  3250  3250 I SurfaceFlinger: id=855 createSurf (1080x2220),2 flag=4, ScreenshotSurface#0
11-03 23:53:21.050  3790  3801 V Surface : sf_framedrop debug : 0x4f4c, game : false, logging : 0
11-03 23:53:21.051  3250  3250 V Surface : sf_framedrop debug : 0x4f4c, game : false, logging : 0
11-03 23:53:21.055  4557  6848 D ForegroundUtils: could not check pending caller
11-03 23:53:21.062 25221 25221 E adbd    : recv: OPEN 00000c4b 00000000 000c:73 68 65 6C 6C 2C 76 32 3A 70 73 00 
11-03 23:53:21.062 25221 25221 E adbd    : service_to_fd: shell,v2:ps
11-03 23:53:21.064  3790  3790 D GameManagerService: onDisplayChanged. displyId: 0, state: 2
11-03 23:53:21.064  3790  3790 D GameManagerService: dpi: 420, longPixel: 2094, shortPixel: 1080
11-03 23:53:21.065  3790  3790 I CAE     : handleMessage(CaPowerManager.java:173) - AP_WAKEUP_Already_Delivered
11-03 23:53:21.073  4557  4557 D NfcService: PROXIMITY SCREEN ON
11-03 23:53:21.074 10667 10667 D TimaKeyStoreProvider: TimaKeyStore is not enabled: cannot add TimaSignature Service and generateKeyPair Service
11-03 23:53:21.075 10667 10667 D ActivityThread: Added TimaKeyStore provider
11-03 23:53:21.075  4557 10684 D NfcService: call the applyRouting
11-03 23:53:21.076  3250  3250 I SurfaceFlinger: Disp[0] Orientation 0=>1
11-03 23:53:21.077  3790  3801 V WindowManager: rotationForOrientationLw(orient=-1, last=0); user=0  sensorRotation=1 mLidState=-1 mDockMode=0 mHdmiPlugged=false
11-03 23:53:21.078  4557 10684 D NfcService: Screen Cmd value : 3
11-03 23:53:21.078  4557 10684 D NfcService: Discovery configuration equal, not updating.
11-03 23:53:21.088  3250  3250 D SurfaceFlinger:   Display[0] configurations (* current):
11-03 23:53:21.088  3250  3250 D SurfaceFlinger:     * 0: 1440x2960, xdpi=522.513977, ydpi=525.762024, refresh=16666666
11-03 23:53:21.088  3250  3250 D SurfaceFlinger:   numHwLayers=6, flags=00000000
11-03 23:53:21.088  3250  3250 D SurfaceFlinger:     type   |  handle  | hint | flag | tr | blnd |   format    |     source crop (l,t,r,b)      |          frame         | name 
11-03 23:53:21.088  3250  3250 D SurfaceFlinger: -----------+----------+------+------+----+------+-------------+--------------------------------+------------------------+------
11-03 23:53:21.088  3250  3250 D SurfaceFlinger:        HWC | 7239a57920 | 0000 | 0020 | 00 | 0100 | RGBx_8888   |    0.0,    0.0, 1080.0, 2220.0 |    0,    0, 1080, 2220 | com.android.systemui.infinity.InfinityWallpaperBlack#0
11-03 23:53:21.088  3250  3250 D SurfaceFlinger:        HWC | 7239a59a60 | 0000 | 0000 | 04 | 0105 | RGBA_8888   |    0.0,    0.0, 1080.0, 1080.0 |    0,    0, 1080, 1080 | com.sec.android.app.launcher/com.sec.android.app.launcher.activities.LauncherActivity#0
11-03 23:53:21.088  3250  3250 D SurfaceFlinger:       GLES | 7239a58100 | 0000 | 0000 | 04 | 0105 | RGBA_8888   |    0.0,    0.0, 1080.0,   63.0 | 1017,    0, 1080, 1080 | StatusBar#0
11-03 23:53:21.088  3250  3250 D SurfaceFlinger:       GLES | 7239a58b80 | 0000 | 0000 | 04 | 0105 | RGBA_8888   |    0.0,    0.0,   67.0,  455.0
11-03 23:53:21.088  3250  3250 D SurfaceFlinger:  |   20, 1013,  475, 1080 | com.samsung.android.app.cocktailbarservice/com.samsung.android.app.cocktailbarservice.CocktailBarService#0
11-03 23:53:21.088  3250  3250 D SurfaceFlinger:        HWC | 7239639180 | 0000 | 0100 | 00 | 0105 | RGBA_8888   |    0.0,    0.0, 1080.0, 2220.0 |    0,    0, 1080, 2220 | ScreenshotSurface#0
11-03 23:53:21.088  3250  3250 D SurfaceFlinger:  FB TARGET | 7239a55d20 | 0000 | 0000 | 00 | 0105 | RGBA_8888   |    0.0,    0.0, 1440.0, 2960.0 |    0,    0, 1440, 2960 | HWC_FRAMEBUFFER_TARGET
11-03 23:53:21.094  4371 11702 D WallpaperService: dispatchAppVisibility onVisibilityChanged(): false
11-03 23:53:21.095  3790  3815 D PointerController: mLocked.displayWidth 1080, mLocked.displayHeight 2220
11-03 23:53:21.095  3790  3815 D PointerController: mLocked.displayWidth 1080, mLocked.displayHeight 2220
11-03 23:53:21.095  3790  3932 I InputReader: Reconfiguring input devices.  changes=0x00000004
11-03 23:53:21.095  3790  3932 I InputReader: Device reconfigured: id=4, name='sec_touchpad', size 1080x2220, orientation 1, mode 4, display id 0
11-03 23:53:21.095  3790  3932 I InputReader: Device reconfigured: id=5, name='sec_touchscreen', size 1080x2220, orientation 1, mode 1, display id 0
11-03 23:53:21.096  3790  3932 I InputReader: Reconfiguring input devices.  changes=0x00000004
11-03 23:53:21.096  3790  3801 I ActivityManager: Config changes=480 {0 1.1 themeSeq = 0 showBtnBg = 0 ?mcc?mnc [en_GB] ldltr sw411dp w797dp h387dp 420dpi nrml long land finger -keyb/v/h -nav/h appBounds=Rect(0, 0 - 2094, 1080) s.71 mkbd/h desktop/d ?dc}
11-03 23:53:21.102  3790  3801 I ActivityManager: Override config changes=480 {0 1.1 themeSeq = 0 showBtnBg = 0 ?mcc?mnc [en_GB] ldltr sw411dp w797dp h387dp 420dpi nrml long land finger -keyb/v/h -nav/h appBounds=Rect(0, 0 - 2094, 1080) s.71 mkbd/h desktop/d ?dc} for displayId=0
11-03 23:53:21.102  3790  3790 D TelecomService: onConfigurationChanged {0 1.1 themeSeq = 0 showBtnBg = 0 ?mcc?mnc [en_GB] ldltr sw411dp w797dp h387dp 420dpi nrml long land finger -keyb/v/h -nav/h appBounds=Rect(0, 0 - 2094, 1080) s.71 mkbd/h desktop/d ?dc}
11-03 23:53:21.102  3790  3801 I SamsungPhoneWindowManager: setInitialDisplaySize() width=1080, height=2220, density=420, initWidth=1440, initHeight=2960, initDensity=560
11-03 23:53:21.102  3790  3801 D TspStateManagerInternal: updateDefaultValue customSetting=null
11-03 23:53:21.104  3790  3801 I SamsungPhoneWindowManager: setInitialDisplaySize() width=1080, height=2220, density=420, initWidth=1440, initHeight=2960, initDensity=560
11-03 23:53:21.104  3790  3801 D TspStateManagerInternal: updateDefaultValue customSetting=null
11-03 23:53:21.105  3790  3801 D VirtualScreen: computeScreenConfiguration - change rect to Rect(-2220, 0 - 0, 1080) mDefaultDisplayRect is Rect(0, 0 - 2220, 1080)
11-03 23:53:21.105  3790  3801 D VirtualScreen: setOffset() mXOffset : 0 mYOffset : 0
11-03 23:53:21.109  3790  3815 I ActivityManager: Override config changes=480 {0 0.0 themeSeq = 0 showBtnBg = 0 ?mcc?mnc ?localeList ?layoutDir sw411dp w845dp h411dp 420dpi nrml long land ?uimode ?night finger -keyb/v/h -nav/h appBounds=Rect(0, 0 - 2220, 1080) mkbd/h desktop/d ?dc} for displayId=2
11-03 23:53:21.112  3790  3807 D WindowManager: set systemUiVisibility : systemUiFlags= 0x8708 fullscreenStackSysUiFlags= 0x0
11-03 23:53:21.114  3790  3815 D InputDispatcher: Focus left window: 30045
11-03 23:53:21.115  3790  3880 D ViewRootImpl@fd74910[FlaminGo]: MSG_RESIZED_REPORT: frame=Rect(0, 0 - 2094, 1080) ci=Rect(0, 0 - 0, 0) vi=Rect(0, 63 - 0, 0) or=2
11-03 23:53:21.120  3250  3250 D SurfaceFlinger:   Display[0] configurations (* current):
11-03 23:53:21.120  3250  3250 D SurfaceFlinger:     * 0: 1440x2960, xdpi=522.513977, ydpi=525.762024, refresh=16666666
11-03 23:53:21.120  3250  3250 D SurfaceFlinger:   numHwLayers=4, flags=00000000
11-03 23:53:21.120  3250  3250 D SurfaceFlinger:     type   |  handle  | hint | flag | tr | blnd |   format    |     source crop (l,t,r,b)      |          frame         | name 
11-03 23:53:21.120  3250  3250 D SurfaceFlinger: -----------+----------+------+------+----+------+-------------+--------------------------------+------------------------+------
11-03 23:53:21.120  3250  3250 D SurfaceFlinger:        HWC | 7239a58100 | 0000 | 0000 | 04 | 0105 | RGBA_8888   |    0.0,    0.0, 1080.0,   63.0 | 1017,    0, 1080, 1080 | StatusBar#0
11-03 23:53:21.120  3250  3250 D SurfaceFlinger:       GLES | 7239a58b80 | 0000 | 0000 | 04 | 0105 | RGBA_8888   |    0.0,    0.0,   67.0,  455.0 |   20, 1013,  475, 1080 | com.samsung.android.app.cocktailbarservice/com.samsung.android.app.cocktailbarservice.CocktailBarService#0
11-03 23:53:21.120  3250  3250 D SurfaceFlinger:        HWC | 7239639180 | 0000 | 0100 | 00 | 0105 | RGBA_8888   |    0.0,    0.0, 1080.0, 2220.0 |    0,    0, 1080, 2220 | ScreenshotSurface#0
11-03 23:53:21.120  3250  3250 D SurfaceFlinger:  FB TARGET | 7239a55b60 | 0000 | 0000 | 00 | 0105 | RGBA_8888   |    0.0,    0.0, 1440.0, 2960.0 |    0,    0, 1
11-03 23:53:21.120  3250  3250 D SurfaceFlinger: 440, 2960 | HWC_FRAMEBUFFER_TARGET
11-03 23:53:21.121  4209  4209 D SecNavigationBarView: setNavigationIconHints showImeButton : false
11-03 23:53:21.121  4209  4209 D SecNavigationBarView: updateImmersivePinIcon() isImmersiveMode=false
11-03 23:53:21.122  4209  4209 D NavBarHideController: adjustConsumeWindowLp() enabled=false, mWindowAdded=true, rot=1
11-03 23:53:21.124  3790  3814 D TetheringConfiguration: NAP is enabled by CSCfeature
11-03 23:53:21.125  4209  4509 D vol.VolumeDialogControl: onReceive ACTION_CONFIGURATION_CHANGED
11-03 23:53:21.127  3790  3880 V WindowManager: Relayout Window{94d2c09 u0 Splash Screen com.YourCompany.FlaminGo}: viewVisibility=0 req=2094x1080 WM.LayoutParams{(0,0)(fillxfill) sim=#20 ty=3 fl=#1830518 pfl=0x1000011 wanim=0x1030001 vsysui=0x10 needsMenuKey=2 colorMode=0 naviIconColor=0}
11-03 23:53:21.132  4371  4371 D GLAnimatorManager: doFrame
11-03 23:53:21.132  3250  3250 D SurfaceFlinger:   Display[0] configurations (* current):
11-03 23:53:21.132  3250  3250 D SurfaceFlinger:     * 0: 1440x2960, xdpi=522.513977, ydpi=525.762024, refresh=16666666
11-03 23:53:21.132  3250  3250 D SurfaceFlinger:   numHwLayers=6, flags=00000000
11-03 23:53:21.132  3250  3250 D SurfaceFlinger:     type   |  handle  | hint | flag | tr | blnd |   format    |     source crop (l,t,r,b)      |          frame         | name 
11-03 23:53:21.132  3250  3250 D SurfaceFlinger: -----------+----------+------+------+----+------+-------------+--------------------------------+------------------------+------
11-03 23:53:21.132  3250  3250 D SurfaceFlinger:        HWC | 7239a58100 | 0000 | 0000 | 04 | 0105 | RGBA_8888   |    0.0,    0.0, 1080.0,   63.0 | 1017,    0, 1080, 1080 | StatusBar#0
11-03 23:53:21.132  3250  3250 D SurfaceFlinger:       GLES | 7239a58b80 | 0000 | 0000 | 04 | 0105 | RGBA_8888   |    0.0,    0.0,   67.0,  455.0 |   20, 2153,  475, 2220 | com.samsung.android.app.cocktailbarservice/com.samsung.android.app.cocktailbarservice.CocktailBarService#0
11-03 23:53:21.132  3250  3250 D SurfaceFlinger:       GLES | 7239638a80 | 0000 | 0000 | 04 | 0105 | RGBA_8888   |    0.0,    0.0,  126.0,  126.0 |  954, 2094, 1080, 2220 | NavigationBar#0
11-03 23:53:21.132  3250  3250 D SurfaceFlinger:       GLES | 7239638d20 | 0000 | 0000 | 04 | 0105 | RGBA_8888   |    0.0,    0.0,  566.0,   63.0 |    0,  827,   63,
11-03 23:53:21.133  3250  3250 D SurfaceFlinger:  1393 | com.samsung.android.spay.simple.SimpleIntroHintService#0
11-03 23:53:21.133  3250  3250 D SurfaceFlinger:        HWC | 7239639180 | 0000 | 0100 | 00 | 0105 | RGBA_8888   |    0.0,    0.0, 1080.0, 2220.0 |    0,    0, 1080, 2220 | ScreenshotSurface#0
11-03 23:53:21.133  3250  3250 D SurfaceFlinger:  FB TARGET | 7239a558c0 | 0000 | 0000 | 00 | 0105 | RGBA_8888   |    0.0,    0.0, 1440.0, 2960.0 |    0,    0, 1440, 2960 | HWC_FRAMEBUFFER_TARGET
11-03 23:53:21.133  3790  4266 I ActivityManager: DSS on for com.YourCompany.FlaminGo and scale is 1.0
11-03 23:53:21.139  3790  3899 D SamsungAlarmManager: Expired : 4
11-03 23:53:21.139  3790  3899 I SamsungAlarmManager: setLocked to kernel - T:2 / 20181103T235335, SetElapsed=1584745740, nowELAPSED=1584731647
11-03 23:53:21.139  3790  3814 E TetheringConfiguration: No numeric data
11-03 23:53:21.139  3790  3899 V SamsungAlarmManager: Sending to uid : 1000 listener=android.app.AlarmManager$ListenerWrapper@a2401e3 alarm=Alarm{ae2004b type 2 when 1584730652 android}
11-03 23:53:21.147  3790  3880 D ViewRootImpl@fd74910[FlaminGo]: Relayout returned: old=[0,0][2094,1080] new=[0,0][2094,1080] result=0x23 surface={valid=true 488618209280} changed=false
11-03 23:53:21.149  4209  4897 D vol.VolumeDialogControl.VC: setLayoutDirection
11-03 23:53:21.165  3790  3880 V WindowManager: finishDrawingLocked: mDrawState=COMMIT_DRAW_PENDING Window{94d2c09 u0 Splash Screen com.YourCompany.FlaminGo} in Surface(name=Splash Screen com.YourCompany.FlaminGo)
11-03 23:53:21.165  3790  3880 D ViewRootImpl@fd74910[FlaminGo]: MSG_RESIZED_REPORT: frame=Rect(0, 0 - 2094, 1080) ci=Rect(0, 0 - 0, 0) vi=Rect(0, 63 - 0, 0) or=1
11-03 23:53:21.166  4371  4371 D GalaxyWallpaper: onVisibilityChanged = false, mCurrentMode = HOME
11-03 23:53:21.166  4371  4371 D GyroRender: pauseSensing
11-03 23:53:21.166  3790  3947 D SensorService: Calling activate off 10
11-03 23:53:21.167  3237  3883 I Sensors : InterruptGyroSensor old sensor_state 33570816, new sensor_state : 16384 en : 0
11-03 23:53:21.167 30045 30045 V Configuration:  needToUpdateOverlays
11-03 23:53:21.169 30045 30045 I chatty  : uid=10083(u0_a83) com.sec.android.app.launcher identical 11 lines
11-03 23:53:21.169 30045 30045 V Configuration:  needToUpdateOverlays
11-03 23:53:21.170  4371  4371 D SensorManager: unregisterListener ::   
11-03 23:53:21.170  4371  4371 D GyroRender: unregisterListener
11-03 23:53:21.170  4371  4371 D WallpaperService: reportVisibility onVisibilityChanged visible: false
11-03 23:53:21.171 30045 30045 V Configuration:  needToUpdateOverlays
11-03 23:53:21.171 30045 30045 I chatty  : uid=10083(u0_a83) com.sec.android.app.launcher identical 5 lines
11-03 23:53:21.172 30045 30045 V Configuration:  needToUpdateOverlays
11-03 23:53:21.173 30045 30045 D ViewRootImpl@b86b2e4[LauncherActivity]: MSG_WINDOW_FOCUS_CHANGED 0
11-03 23:53:21.182 30045 30045 I Launcher: onWindowVisibilityChanged : false
11-03 23:53:21.182  3790  3807 D WindowManager: set systemUiVisibility : systemUiFlags= 0x10 fullscreenStackSysUiFlags= 0x0
11-03 23:53:21.185  3790  3880 D ViewRootImpl@fd74910[FlaminGo]: MSG_RESIZED_REPORT: frame=Rect(0, 0 - 2094, 1080) ci=Rect(0, 0 - 0, 0) vi=Rect(0, 0 - 0, 0) or=1
11-03 23:53:21.185  8814  8814 V Configuration:  needToUpdateOverlays
11-03 23:53:21.186  8814  8814 I chatty  : uid=10013(u0_a13) com.samsung.android.app.cocktailbarservice identical 13 lines
11-03 23:53:21.186  8814  8814 V Configuration:  needToUpdateOverlays
11-03 23:53:21.187  8814  8814 I CocktailBarPositionManager: onOrientationChanged position not dirty
11-03 23:53:21.187  8814  8814 D TrayStateController: updateDescriptionLayout invalid panelview
11-03 23:53:21.187  8814  8814 E CocktailBarContainerView: updateContainerVisibility: 0
11-03 23:53:21.187  8814  8814 D CocktailBarUiController: onConfigurationChanged : orientation = true densityDpi = false
11-03 23:53:21.189 30045 15264 D OpenGLRenderer: eglDestroySurface = 0x72078a8510
11-03 23:53:21.189  8814  8814 D CocktailBarTriggerContainerView: setContainerGravityState: 1 --> 1
11-03 23:53:21.190  3790  3947 V WindowManager: Relayout Window{4a6c632 u0 com.sec.android.app.launcher/com.sec.android.app.launcher.activities.LauncherActivity}: viewVisibility=8 req=1080x2220 WM.LayoutParams{(0,0)(fillxfill) sim=#130 ty=1 fl=#81910d00 pfl=0x20000 fmt=-2 wanim=0x10302ea vsysui=0x700 needsMenuKey=2 colorMode=0 dimDuration=222 naviIconColor=0}
11-03 23:53:21.192  8814  8814 D TrayStateController: putInputRect mDynamicInputRegion=207482568@LastEvent=t=1541288944099Rect(25, 0 - 67, 455),Rect=Rect(0, 0 - 0, 0)
11-03 23:53:21.193  4563  4563 D DeviceLocale: onReceive
11-03 23:53:21.193  8814  8814 D TrayStateController: putInputRect mDynamicInputRegion=207482568@LastEvent=t=1541288944099Rect(25, 0 - 67, 455),Rect=Rect(25, 0 - 67, 455)
11-03 23:53:21.193  8814  8814 I Utils   :  Edge First Use Help enabled
11-03 23:53:21.194 30045 30045 D ViewRootImpl@b86b2e4[LauncherActivity]: Relayout returned: old=[0,0][1080,2220] new=[0,0][1080,2220] result=0x5 surface={valid=false 0} changed=true
11-03 23:53:21.194  8814  8814 D TrayStateTrigger: getTriggerMarginOnTop retY=605 halfHandleSize=228 getTriggerPosition=33.800007
11-03 23:53:21.195  8814  8814 D TrayStateController: updateDescriptionLayout invalid panelview
11-03 23:53:21.196  8814  8814 E CocktailBarContainerView: updateContainerVisibility: 0
11-03 23:53:21.196  8814  8814 E CocktailBarContainerView: updateContainerVisibility: 0
11-03 23:53:21.197  4563  4803 D EucModule: onLocaleChanged, languageCode=en
11-03 23:53:21.197  3790 10183 V WindowManager: Relayout Window{f99ad90 u0 NavigationBar}: viewVisibility=0 req=1080x126 WM.LayoutParams{(0,0)(fillxfill) sim=#20 ty=2019 fl=#21840068 fmt=-3 colorMode=0 naviIconColor=0}
11-03 23:53:21.203  4557  4557 V Configuration:  needToUpdateOverlays
11-03 23:53:21.207  3250  3250 D SurfaceFlinger:   Display[0] configurations (* current):
11-03 23:53:21.207  3250  3250 D SurfaceFlinger:     * 0: 1440x2960, xdpi=522.513977, ydpi=525.762024, refresh=16666666
11-03 23:53:21.207  3250  3250 D SurfaceFlinger:   numHwLayers=7, flags=00000000
11-03 23:53:21.207  3250  3250 D SurfaceFlinger:     type   |  handle  | hint | flag | tr | blnd |   format    |     source crop (l,t,r,b)      |          frame         | name 
11-03 23:53:21.207  3250  3250 D SurfaceFlinger: -----------+----------+------+------+----+------+-------------+--------------------------------+------------------------+------
11-03 23:53:21.207  3250  3250 D SurfaceFlinger:        HWC | 7239639500 | 0000 | 0020 | 04 | 0100 | RGBA_8888   |    0.0,    0.0, 2094.0, 1080.0 |    0,    0, 1080, 2094 | Splash Screen com.YourCompany.FlaminGo#0
11-03 23:53:21.207  3250  3250 D SurfaceFlinger:       GLES | 7239a58100 | 0000 | 0000 | 04 | 0105 | RGBA_8888   |    0.0,    0.0, 1080.0,   63.0 | 1017,    0, 1080, 1080 | StatusBar#0
11-03 23:53:21.207  3250  3250 D SurfaceFlinger:       GLES | 7239a58b80 | 0000 | 0000 | 04 | 0105 | RGBA_8888   |    0.0,    0.0,   67.0,  455.0 |   20, 2153,  475, 2220 | com.samsung.android.app.cocktailbarservice/com.samsung.android.app.cocktailbarservice.CocktailBarService#0
11-03 23:53:21.207  3250  3250 D SurfaceFlinger:       GLES | 7239638a80 | 0000 | 0000 | 04 | 0105 | RGBA_8888   |    0.0,    0.0,  126.0,  
11-03 23:53:21.207  3250  3250 D SurfaceFlinger: 126.0 |  954, 2094, 1080, 2220 | NavigationBar#0
11-03 23:53:21.207  3250  3250 D SurfaceFlinger:       GLES | 7239638d20 | 0000 | 0000 | 04 | 0105 | RGBA_8888   |    0.0,    0.0,  566.0,   63.0 |    0,  827,   63, 1393 | com.samsung.android.spay.simple.SimpleIntroHintService#0
11-03 23:53:21.207  3250  3250 D SurfaceFlinger:        HWC | 7239639180 | 0000 | 0100 | 00 | 0105 | RGBA_8888   |    0.0,    0.0, 1080.0, 2220.0 |    0,    0, 1080, 2220 | ScreenshotSurface#0
11-03 23:53:21.207  3250  3250 D SurfaceFlinger:  FB TARGET | 7239a55d20 | 0000 | 0000 | 00 | 0105 | RGBA_8888   |    0.0,    0.0, 1440.0, 2960.0 |    0,    0, 1440, 2960 | HWC_FRAMEBUFFER_TARGET
11-03 23:53:21.211  4557  4557 I NfcP2pEventManager: changeConfiguration() in NfcService
11-03 23:53:21.213  3790  3880 V WindowManager: finishDrawingLocked: mDrawState=COMMIT_DRAW_PENDING Window{94d2c09 u0 Splash Screen com.YourCompany.FlaminGo} in Surface(name=Splash Screen com.YourCompany.FlaminGo)
11-03 23:53:21.214  4209  4209 D ViewRootImpl@dba86b7[NavigationBar]: Relayout returned: old=[0,2094][1080,2220] new=[2094,0][2220,1080] result=0x23 surface={valid=true 488655261696} changed=false
11-03 23:53:21.214  3250  3250 D SurfaceFlinger:   Display[0] configurations (* current):
11-03 23:53:21.214  3250  3250 D SurfaceFlinger:     * 0: 1440x2960, xdpi=522.513977, ydpi=525.762024, refresh=16666666
11-03 23:53:21.214  3250  3250 D SurfaceFlinger:   numHwLayers=6, flags=00000000
11-03 23:53:21.214  3250  3250 D SurfaceFlinger:     type   |  handle  | hint | flag | tr | blnd |   format    |     source crop (l,t,r,b)      |          frame         | name 
11-03 23:53:21.214  3250  3250 D SurfaceFlinger: -----------+----------+------+------+----+------+-------------+--------------------------------+------------------------+------
11-03 23:53:21.214  3250  3250 D SurfaceFlinger:        HWC | 7239639500 | 0000 | 0020 | 04 | 0100 | RGBA_8888   |    0.0,    0.0, 2094.0, 1080.0 |    0,    0, 1080, 2094 | Splash Screen com.YourCompany.FlaminGo#0
11-03 23:53:21.214  3250  3250 D SurfaceFlinger:       GLES | 7239a58b80 | 0000 | 0000 | 04 | 0105 | RGBA_8888   |    0.0,    0.0,   67.0,  455.0 |   20, 2153,  475, 2220 | com.samsung.android.app.cocktailbarservice/com.samsung.android.app.cocktailbarservice.CocktailBarService#0
11-03 23:53:21.214  3250  3250 D SurfaceFlinger:       GLES | 7239638a80 | 0000 | 0000 | 04 | 0105 | RGBA_8888   |    0.0,    0.0,  126.0,  126.0 |  954, 2094, 1080, 2220 | NavigationBar#0
11-03 23:53:21.214  3250  3250 D SurfaceFlinger:       GLES | 7239638d20 | 0000 | 0000 | 04 | 0105 | RGBA_8888   |    0.0,    0.0,  566.
11-03 23:53:21.214  3250  3250 D SurfaceFlinger: 0,   63.0 |    0,  827,   63, 1393 | com.samsung.android.spay.simple.SimpleIntroHintService#0
11-03 23:53:21.214  3250  3250 D SurfaceFlinger:        HWC | 7239639180 | 0000 | 0100 | 00 | 0105 | RGBA_8888   |    0.0,    0.0, 1080.0, 2220.0 |    0,    0, 1080, 2220 | ScreenshotSurface#0
11-03 23:53:21.214  3250  3250 D SurfaceFlinger:  FB TARGET | 7239a55b60 | 0000 | 0000 | 00 | 0105 | RGBA_8888   |    0.0,    0.0, 1440.0, 2960.0 |    0,    0, 1440, 2960 | HWC_FRAMEBUFFER_TARGET
11-03 23:53:21.217  4209  4649 D OpenGLRenderer: eglDestroySurface = 0x71cd583d70
11-03 23:53:21.218  4209  4649 D mali_winsys: EGLint new_window_surface(egl_winsys_display *, void *, EGLSurface, EGLConfig, egl_winsys_surface **, egl_color_buffer_format *, EGLBoolean) returns 0x3000,  [126x1080]-format:1
11-03 23:53:21.218  4209  4649 D OpenGLRenderer: eglCreateWindowSurface = 0x71cd583d70
11-03 23:53:21.220  3790  4266 D PersonaManagerService: Current focused persona service handled id set to : 0
11-03 23:53:21.220  3790  4266 D InputDispatcher: Focused application set to: xxxx
11-03 23:53:21.221  3790  4068 D GameManagerService: handleForegroundChange(). pkgName: com.YourCompany.FlaminGo, clsName: com.epicgames.ue4.SplashActivity,FgActivityName:com.YourCompany.FlaminGo/com.epicgames.ue4.SplashActivity
11-03 23:53:21.221  3790  4068 D GameManagerService: sem_perfomance_mode: 0
11-03 23:53:21.221  3790  4068 D GameManagerService: notifyResumePause(). pkg: com.YourCompany.FlaminGo, type: 4, isMinimized: false, isTunableApp: false
11-03 23:53:21.221  3790  4068 D GameManagerService:   notifyResumePause(). do nothing. mKillNotiCount: 3
11-03 23:53:21.221  3790  4266 D MARsPolicyManager: onPackageResumedFG pkgName = com.YourCompany.FlaminGo, userId = 0
11-03 23:53:21.222  3790  4266 W ActivityManager: Slow operation: 89ms so far, now at attachApplicationLocked: after mServices.attachApplicationLocked
11-03 23:53:21.222  3790  3790 D SamsungAlarmManager: setInexact Listener (T:2/F:0/AC:false) 20181104T004614 - CU:1000/CP:3790
11-03 23:53:21.222  8814  8814 I Utils   : isCurrentUser current = 0, ownerId = 0
11-03 23:53:21.223  8814  8814 I TrayVisibilityController: updateTrayVisible: State=257 visible=2 mCurrentVisible=1 specificMode=0
11-03 23:53:21.223  8814  8814 D TrayStateController: putInputRect mDynamicInputRegion=207482568@LastEvent=t=1541288944099Rect(25, 0 - 67, 455),Rect=Rect(0, 0 - 0, 0)
11-03 23:53:21.224  4209  4209 D SecNavigationBarView: setNavigationIconHints showImeButton : false
11-03 23:53:21.224  4209  4209 D SecNavigationBarView: updateImmersivePinIcon() isImmersiveMode=false
11-03 23:53:21.224  3790  5073 W CocktailBarStatePolicyController: updateWindowType: current window type is requested window type(1)
11-03 23:53:21.225  3790  7015 D GamePkgDataHelper: getGamePkgDataIncServer(). com.YourCompany.FlaminGo
11-03 23:53:21.225  4557  6848 D ForegroundUtils: could not check pending caller
11-03 23:53:21.227  8814  8814 D TrayStateController: setUiState 2 : -isHideByOrientationPolicy 0 --> 2
11-03 23:53:21.227  8814  8814 D TrayStateController: setUiState 2 : -isHideByOrientationPolicy  already 2
11-03 23:53:21.228  3790  7015 D GameManagerService: identifyGamePackage. com.YourCompany.FlaminGo
11-03 23:53:21.228  3790  7015 D GamePkgDataHelper: getGamePkgData(). com.YourCompany.FlaminGo
11-03 23:53:21.228  8814  8814 D ViewRootImpl@ac72f74[CocktailBarService]: MSG_RESIZED_REPORT: frame=Rect(2153, 605 - 2220, 1060) ci=Rect(0, 0 - 126, 0) vi=Rect(0, 0 - 126, 0) or=2
11-03 23:53:21.229  9338  9349 I SAMSUNGPAY: [Hint_ProcessStatusChange] fg Change, pid : 10667 , isNotify : true , isForeground : true , fg list : [10667]
11-03 23:53:21.229  3790  7015 D GameManagerService: identifyGamePackage. com.YourCompany.FlaminGo
11-03 23:53:21.229  3790  7015 D GamePkgDataHelper: getGamePkgData(). com.YourCompany.FlaminGo
11-03 23:53:21.232  8814  8859 D OpenGLRenderer: eglDestroySurface = 0x720981d870
11-03 23:53:21.232  3790  7015 D GameManagerService: identifyGamePackage. com.YourCompany.FlaminGo
11-03 23:53:21.232  8814  8814 D CocktailBarTriggerContainerView: onApplyWindowInsets bottom =0
11-03 23:53:21.232  3790  7015 D GamePkgDataHelper: getGamePkgData(). com.YourCompany.FlaminGo
11-03 23:53:21.233  3790  7015 D GamePkgDataHelper: getSosPolicy(). com.YourCompany.FlaminGo
11-03 23:53:21.233  3790  3801 V WindowManager: Relayout Window{933b4ba u0 com.samsung.android.app.cocktailbarservice/com.samsung.android.app.cocktailbarservice.CocktailBarService}: viewVisibility=8 req=67x455 WM.LayoutParams{(0,605)(67x455) gr=#35 sim=#20 ty=2226 fl=#1800148 pfl=0x50 fmt=-2 vsysui=0x2000 colorMode=0 naviIconColor=0}
11-03 23:53:21.233  3790  3801 I WindowManager: Destroying surface Surface(name=com.samsung.android.app.cocktailbarservice/com.samsung.android.app.cocktailbarservice.CocktailBarService) called by com.android.server.wm.WindowStateAnimator.destroySurface:2465 com.android.server.wm.WindowStateAnimator.destroySurfaceLocked:967 com.android.server.wm.WindowState.destroyOrSaveSurfaceUnchecked:3661 com.android.server.wm.WindowState.destroySurface:3609 com.android.server.wm.WindowManagerService.tryStartExitingAnimation:2676 com.android.server.wm.WindowManagerService.relayoutWindow:2460 com.android.server.wm.Session.relayout:249 android.view.IWindowSession$Stub.onTransact:288 
11-03 23:53:21.233  3250  3280 I SurfaceFlinger: id=844 Removed com.samsung.android.app.cocktailbarservice/com.samsung.android.app.cocktailbarservice.CocktailBarService#0 (6/9)
11-03 23:53:21.233  3250  3280 I SurfaceFlinger: id=844 Removed com.samsung.android.app.cocktailbarservice/com.samsung.android.app.cocktailbarservice.CocktailBarService#0 (-2/9)
11-03 23:53:21.236  3790  7015 D GameManagerService: identifyGamePackage. com.YourCompany.FlaminGo
11-03 23:53:21.236  3790  7015 D GamePkgDataHelper: getGamePkgData(). com.YourCompany.FlaminGo
11-03 23:53:21.236  3790  4594 V WindowManager: finishDrawingLocked: mDrawState=COMMIT_DRAW_PENDING Window{f99ad90 u0 NavigationBar} in Surface(name=NavigationBar)
11-03 23:53:21.236  8814  8814 D ViewRootImpl@ac72f74[CocktailBarService]: Relayout returned: old=[2153,605][2220,1060] new=[2153,605][2220,1060] result=0x5 surface={valid=false 0} changed=true
11-03 23:53:21.236  8814  8814 D CocktailBarTriggerContainerView: onApplyWindowInsets bottom =0
11-03 23:53:21.238  3790  3801 V WindowManager: Relayout Window{c90d8c9 u0 NavBarTouchConsumer}: viewVisibility=0 req=4x4 WM.LayoutParams{(0,0)(4x4) gr=#5 sim=#20 ty=2273 fl=#1080108 fmt=-3 alpha=0.0 colorMode=0 naviIconColor=0 sfl=0x20000}
11-03 23:53:21.241  4209  4209 D ViewRootImpl@2b1c8a1[NavBarTouchConsumer]: Relayout returned: old=[538,2216][542,2220] new=[2216,538][2220,542] result=0x3 surface={valid=true 489322921984} changed=false
11-03 23:53:21.243  3250  3250 I Layer   : id=844 onRemoved com.samsung.android.app.cocktailbarservice/com.samsung.android.app.cocktailbarservice.CocktailBarService#0 
11-03 23:53:21.244  4209 29266 D SystemServicesProxy: updateOverviewLastStackActiveTimeAsync: newTime=1540204754719
11-03 23:53:21.245  3790  3947 D SecContentProvider: query(), uri = 17 selection = isSettingsChangesAllowed
11-03 23:53:21.248  3250  3250 D SurfaceFlinger:   Display[0] configurations (* current):
11-03 23:53:21.248  3250  3250 D SurfaceFlinger:     * 0: 1440x2960, xdpi=522.513977, ydpi=525.762024, refresh=16666666
11-03 23:53:21.248  3250  3250 D SurfaceFlinger:   numHwLayers=5, flags=00000000
11-03 23:53:21.248  3250  3250 D SurfaceFlinger:     type   |  handle  | hint | flag | tr | blnd |   format    |     source crop (l,t,r,b)      |          frame         | name 
11-03 23:53:21.248  3250  3250 D SurfaceFlinger: -----------+----------+------+------+----+------+-------------+--------------------------------+------------------------+------
11-03 23:53:21.248  3250  3250 D SurfaceFlinger:        HWC | 7239639500 | 0000 | 0020 | 04 | 0100 | RGBA_8888   |    0.0,    0.0, 2094.0, 1080.0 |    0,    0, 1080, 2094 | Splash Screen com.YourCompany.FlaminGo#0
11-03 23:53:21.248  3250  3250 D SurfaceFlinger:        HWC | 7239a55fc0 | 0000 | 0000 | 00 | 0105 | RGBA_8888   |    0.0,    0.0, 1080.0,  126.0 |    0, 2094, 1080, 2220 | NavigationBar#0
11-03 23:53:21.248  3250  3250 D SurfaceFlinger:       GLES | 7239638d20 | 0000 | 0000 | 04 | 0105 | RGBA_8888   |    0.0,    0.0,  566.0,   63.0 |    0,  827,   63, 1393 | com.samsung.android.spay.simple.SimpleIntroHintService#0
11-03 23:53:21.248  3250  3250 D SurfaceFlinger:        HWC | 7239639180 | 0000 | 0100 | 00 | 0105 | RGBA_8888   |    0.0,    0.0, 1080.0, 2220.0 |    0,    0, 1080, 2220 | ScreenshotSur
11-03 23:53:21.248  3250  3250 D SurfaceFlinger: face#0
11-03 23:53:21.248  3250  3250 D SurfaceFlinger:  FB TARGET | 7239a558c0 | 0000 | 0000 | 00 | 0105 | RGBA_8888   |    0.0,    0.0, 1440.0, 2960.0 |    0,    0, 1440, 2960 | HWC_FRAMEBUFFER_TARGET
11-03 23:53:21.249  3790  3947 D SecContentProvider: called from android.uid.systemui:10005
11-03 23:53:21.250  4209  4480 D SystemServicesProxy: updateOverviewLastStackActiveTimeAsync: done.
11-03 23:53:21.254  3790  5073 V WindowManager: finishDrawingLocked: mDrawState=COMMIT_DRAW_PENDING Window{c90d8c9 u0 NavBarTouchConsumer} in Surface(name=NavBarTouchConsumer)
11-03 23:53:21.254  8814  8814 D CocktailBarUiController: onCocktailBarStateChanged: flag=0x1 vis=2 bgType=0 showTimeout=-1 activate=true
11-03 23:53:21.255 10667 10690 I vndksupport: sphal namespace is not configured for this process. Loading /vendor/lib/egl/libGLES_mali.so from the current namespace instead.
11-03 23:53:21.259  4209  4209 V Configuration:  needToUpdateOverlays
11-03 23:53:21.265  3790  7015 D GameManagerService: identifyGamePackage. com.YourCompany.FlaminGo
11-03 23:53:21.265  3790  7015 D GamePkgDataHelper: getGamePkgData(). com.YourCompany.FlaminGo
11-03 23:53:21.265  3790  5073 V WindowManager: Relayout Window{933b4ba u0 com.samsung.android.app.cocktailbarservice/com.samsung.android.app.cocktailbarservice.CocktailBarService}: viewVisibility=8 req=67x455 WM.LayoutParams{(0,605)(67x455) gr=#35 sim=#20 ty=2226 fl=#1800148 pfl=0x50 fmt=-2 vsysui=0x2000 colorMode=0 naviIconColor=0}
11-03 23:53:21.273  4209  4209 I chatty  : uid=10005(u0_a5) com.android.systemui identical 110 lines
11-03 23:53:21.273  4209  4209 V Configuration:  needToUpdateOverlays
11-03 23:53:21.274 25213 25213 V Configuration:  needToUpdateOverlays
11-03 23:53:21.274  8814  8814 D ViewRootImpl@ac72f74[CocktailBarService]: Relayout returned: old=[2153,605][2220,1060] new=[2153,605][2220,1060] result=0x1 surface={valid=false 0} changed=false
11-03 23:53:21.274  4209  4209 V Configuration:  needToUpdateOverlays
11-03 23:53:21.274  4209  4209 V Configuration:  needToUpdateOverlays
11-03 23:53:21.279  4209  4209 I chatty  : uid=10005(u0_a5) com.android.systemui identical 8 lines
11-03 23:53:21.279  4209  4209 V Configuration:  needToUpdateOverlays
11-03 23:53:21.280  9338  9338 V Configuration:  needToUpdateOverlays
11-03 23:53:21.280  9338  9338 I chatty  : uid=10194(u0_a194) com.samsung.android.spay identical 3 lines
11-03 23:53:21.280  9338  9338 V Configuration:  needToUpdateOverlays
11-03 23:53:21.280  4209  4209 V Configuration:  needToUpdateOverlays
11-03 23:53:21.282  4209  4507 D NetworkController.MobileSignalController(0/-2): getMobileIconGroup(): 0
11-03 23:53:21.286 10667 10690 D libEGL  : loaded /vendor/lib/egl/libGLES_mali.so
11-03 23:53:21.287  4209  4209 D ViewRootImpl@ef30bff[AssistPreviewPanel]: setView = com.android.systemui.assist.AssistOrbContainer{15dfdcc G.E...... ......I. 0,0-0,0} TM=true MM=false
11-03 23:53:21.287  4209  4507 D NetworkController: updateCarrierText : Emergency calls only
11-03 23:53:21.288 22341 22341 I [WeatherWidget(157738@8)] : {[6F553C0FFEEBC8921C1DE372C0B7801AE73AF692B4D34AF07BA7747CBD8AFEE966523F972648F19F09857001A7CE9016BC545B7C29E22C195F7029BAD1E51092]}
11-03 23:53:21.289 22341 22341 I [WeatherWidget(157738@8)] : {[6F553C0FFEEBC8921C1DE372C0B7801AA01BB0C39F82763FF4509115D82B8D6E8F7548AAF31890FA7B9038662072A9AC6855E26A2CE06A09029A117D4CCE27C2FAC9F80DAE31FBAB897D7D86BA1DFC9F]}
11-03 23:53:21.290 22341 22341 D [WeatherWidget(157738@8)] : {[1E664422AD52943CBB2A3A8093981A53214B59EF8336756F3A53C3AED4C7D819445FBF54BA5ADF9159760DDE7965C454FED52E802B23DA62F149C23CCEAC3AA8BC25E3B73843615E29CC9356DC3F194514387D6D5742449D7EB28EBA4ED68111432D166C1822C4B37947D4DDECEC855773C9D0896144A89D16ABE7A0055995D6F059CCF9589FD03A61A9E6B657DA003A38F0D718A406C0A8FD63D7DB51F0D791A86547DE7D48E9E001F29EC92D5A4470328F6F391C1BFA8B467835FA8515D32278888A36055CFD7D22922044AAA7CA77579409B219F9EFCD263D0E606BD7AD57BCA21031D52700065150F5CC4BD9781B]}
11-03 23:53:21.291  7543  7543 D TuiService: onConfigurationChanged, old dpi=420, new dpi=420
11-03 23:53:21.292  4190  4190 V Configuration:  needToUpdateOverlays
11-03 23:53:21.293  3790  3801 I ActivityManager: START u0 {act=null typ=null flg=0x10000 cmp=ComponentInfo{com.YourCompany.FlaminGo/com.epicgames.ue4.GameActivity}} from uid 10223
11-03 23:53:21.296  1786  1786 V Configuration:  needToUpdateOverlays
11-03 23:53:21.296  1786  1786 I chatty  : uid=10094(u0_a94) com.google.android.googlequicksearchbox:search identical 7 lines
11-03 23:53:21.296  1786  1786 V Configuration:  needToUpdateOverlays
11-03 23:53:21.296  3790  3880 D ViewRootImpl@fd74910[FlaminGo]: dispatchDetachedFromWindow
11-03 23:53:21.296  1786  1786 V Configuration:  needToUpdateOverlays
11-03 23:53:21.296  3790  3880 D InputEventReceiver: channel '94d2c09 Splash Screen com.YourCompany.FlaminGo (client)' ~ Disposing input event receiver.
11-03 23:53:21.296  3790  3880 D InputEventReceiver: channel '94d2c09 Splash Screen com.YourCompany.FlaminGo (client)' ~NativeInputEventReceiver.
11-03 23:53:21.298  3790  3880 I WindowManager: Destroying surface Surface(name=Splash Screen com.YourCompany.FlaminGo) called by com.android.server.wm.WindowStateAnimator.destroySurface:2465 com.android.server.wm.WindowStateAnimator.destroySurfaceLocked:967 com.android.server.wm.WindowState.removeImmediately:2396 com.android.server.wm.WindowState.removeIfPossible:2594 com.android.server.wm.WindowState.removeIfPossible:2434 com.android.server.wm.WindowManagerService.removeWindow:2018 com.android.server.wm.Session.remove:233 android.view.ViewRootImpl.dispatchDetachedFromWindow:4093 
11-03 23:53:21.298  3250  4684 I SurfaceFlinger: id=854 Removed Splash Screen com.YourCompany.FlaminGo#0 (2/8)
11-03 23:53:21.298  3250  4684 I SurfaceFlinger: id=854 Removed Splash Screen com.YourCompany.FlaminGo#0 (-2/8)
11-03 23:53:21.303  9338 10058 I SAMSUNGPAY: [Hint_cek] ensureHomePackagesLoaded - already update, isHomePackageEmpty : false, isKnoxRunning : false
11-03 23:53:21.305  4190  4190 V Configuration:  needToUpdateOverlays
11-03 23:53:21.305  4190  4190 V Configuration:  needToUpdateOverlays
11-03 23:53:21.306  9338 10058 I SAMSUNGPAY: [Hint_cek] isHomePackageRunning topPkgName = com.YourCompany.FlaminGo, topClsName = com.epicgames.ue4.GameActivity, return false
11-03 23:53:21.310  9338  9338 D ViewRootImpl@41790c8[SimpleIntroHintService]: MSG_RESIZED_REPORT: frame=Rect(827, 1017 - 1393, 1080) ci=Rect(0, 0 - 0, 0) vi=Rect(0, 0 - 0, 0) or=2
11-03 23:53:21.310  4190  4190 V Configuration:  needToUpdateOverlays
11-03 23:53:21.310  4190  4190 V Configuration:  needToUpdateOverlays
11-03 23:53:21.310  3250  3250 I Layer   : id=854 onRemoved Splash Screen com.YourCompany.FlaminGo#0 
11-03 23:53:21.310  4190  4190 V Configuration:  needToUpdateOverlays
11-03 23:53:21.310  4190  4190 V Configuration:  needToUpdateOverlays
11-03 23:53:21.310  4190  4190 I chatty  : uid=10166(u0_a166) com.sec.android.inputmethod identical 20 lines
11-03 23:53:21.311  4190  4190 V Configuration:  needToUpdateOverlays
11-03 23:53:21.314  4190  4190 I SKBD    : SamsungKeypad onConfigurationChanged2
11-03 23:53:21.315  4209  4209 D ViewRootImpl@71b4bf6[DockedStackDivider]: setView = com.android.systemui.stackdivider.DividerView{e087bf7 I.E...... ......I. 0,0-0,0} TM=true MM=false
11-03 23:53:21.316 25213 25213 I [WeatherApp(157738@8)] : {[6F553C0FFEEBC8921C1DE372C0B7801AE73AF692B4D34AF07BA7747CBD8AFEE966523F972648F19F09857001A7CE9016AED2EACD8D109A77CAF0F2E84A549F450FEDF3735534D2510CFE54996B35AC220B97EEC99579DCCC37DF79208312A04D]}
11-03 23:53:21.316  4209  4209 D ViewRootImpl@9d2b923[DividerButtonsGroup]: dispatchDetachedFromWindow
11-03 23:53:21.317  3250  3250 D SurfaceFlinger:   Display[0] configurations (* current):
11-03 23:53:21.317  3250  3250 D SurfaceFlinger:     * 0: 1440x2960, xdpi=522.513977, ydpi=525.762024, refresh=16666666
11-03 23:53:21.317  3250  3250 D SurfaceFlinger:   numHwLayers=4, flags=00000000
11-03 23:53:21.317  3250  3250 D SurfaceFlinger:     type   |  handle  | hint | flag | tr | blnd |   format    |     source crop (l,t,r,b)      |          frame         | name 
11-03 23:53:21.317  3250  3250 D SurfaceFlinger: -----------+----------+------+------+----+------+-------------+--------------------------------+------------------------+------
11-03 23:53:21.317  3250  3250 D SurfaceFlinger:        HWC | 7239a55fc0 | 0000 | 0000 | 00 | 0105 | RGBA_8888   |    0.0,    0.0, 1080.0,  126.0 |    0, 2094, 1080, 2220 | NavigationBar#0
11-03 23:53:21.317  3250  3250 D SurfaceFlinger:        HWC | 7239638d20 | 0000 | 0000 | 04 | 0105 | RGBA_8888   |    0.0,    0.0,  566.0,   63.0 |    0,  827,   63, 1393 | com.samsung.android.spay.simple.SimpleIntroHintService#0
11-03 23:53:21.317  3250  3250 D SurfaceFlinger:        HWC | 7239639180 | 0000 | 0100 | 00 | 0105 | RGBA_8888   |    0.0,    0.0, 1080.0, 2220.0 |    0,    0, 1080, 2220 | ScreenshotSurface#0
11-03 23:53:21.317  3250  3250 D SurfaceFlinger:  FB TARGET | 7239a55d20 | 0000 | 0000 | 00 | 0105 | RGBA_8888   |    0.0,    0.0, 1440.0, 2960.0 |    0,    0, 1440, 2960 | HWC_FRAMEBUFFER_TARGET
11-03 23:53:21.319  9338  9338 I SAMSUNGPAY: [ServiceTypeTable] isSupportOperator : BTU, GB
11-03 23:53:21.320  9338  9338 D SAMSUNGPAY: [ServiceTypeTable] Upgrade - ServiceTypeTable - entryFromCountryIso - index is : 37, iso : GB
11-03 23:53:21.321  9338  9338 D SAMSUNGPAY: [Hint_SimpleIntroService] Hint Status - HIDE : Home Package Not Running
11-03 23:53:21.321  9338  9338 I SemUiSupportService: getWindowAttributes()
11-03 23:53:21.321  4209  4209 D InputEventReceiver: channel '2a1b1d4 DividerButtonsGroup (client)' ~ Disposing input event receiver.
11-03 23:53:21.321  4209  4209 D InputEventReceiver: channel '2a1b1d4 DividerButtonsGroup (client)' ~NativeInputEventReceiver.
11-03 23:53:21.321  3790  4594 W AppOps  : Finishing op nesting under-run: uid 10005 pkg com.android.systemui code 70 time=0 duration=0 nesting=0
11-03 23:53:21.322  9338  9338 I SAMSUNGPAY: [ServiceTypeTable] isSupportOperator : BTU, GB
11-03 23:53:21.323  4190  4190 I SKBD    : SamsungKeypad [IMI] onStartInput - caller pid : 17950, caller uid : 10222
11-03 23:53:21.323  9338  9338 D SAMSUNGPAY: [ServiceTypeTable] Upgrade - ServiceTypeTable - entryFromCountryIso - index is : 37, iso : GB
11-03 23:53:21.324  4190  4190 I SKBD    : SamsungKeypad  CACHEDIC onStartInput  isCachedICEnabled:  false
11-03 23:53:21.324  4190  4190 I SKBD    : atl getDefaultInputRange : UNKNOWN
11-03 23:53:21.324  4190  4190 I SKBD    : awo resetBinderManager()
11-03 23:53:21.324  4190  4190 I SKBD_SYNC: SamsungKeypad onStartInput: import DLM
11-03 23:53:21.325  4190  4190 I SKBD    : atl setPrivateImeOptionsToTable privateImeOptions ( null )
11-03 23:53:21.325  4190  4190 I SKBD    : atl imeOptions is null
11-03 23:53:21.326  4190  4190 I SKBD    : SamsungKeypad [PF_OP][onStartInput] 3332462
11-03 23:53:21.328  4190  4190 I SKBD    : putCacheDrawable inputModule=0 key =ICON_SETTING
11-03 23:53:21.328  9338  9338 D SAMSUNGPAY: [Hint_SimpleIntroService] Hint Status - already invisible, skip hide : Landscape mode
11-03 23:53:21.328  4209  4209 D ViewRootImpl@c2be3ce[DividerButtonsGroup]: setView = com.android.systemui.stackdivider.DividerButtonsGroup{d6cf2ef I.E...... ......I. 0,0-0,0} TM=true MM=false
11-03 23:53:21.329  4209  4209 D ViewRootImpl@64b00a8[StatusBar]: MSG_RESIZED_REPORT: frame=Rect(0, 0 - 2220, 63) ci=Rect(0, 0 - 126, 0) vi=Rect(0, 0 - 126, 0) or=2
11-03 23:53:21.330  4209  4209 D MetadataParser: onConfigurationChanged()
