11-04 21:09:28.189 19441 19441 W SELinux : SELinux selinux_android_compute_policy_index : Policy Index[2],  Con:u:r:zygote:s0 RAM:SEPF_SM-G955F_8.0.0_0016, [-1 -1 -1 -1 0 1]
11-04 21:09:28.189 19441 19441 I SELinux : SELinux: seapp_context_lookup: seinfo=apm, level=s0:c512,c768, pkgname=com.google.android.packageinstaller 
11-04 21:09:28.209 19441 19441 D TimaKeyStoreProvider: TimaKeyStore is not enabled: cannot add TimaSignature Service and generateKeyPair Service
11-04 21:09:28.209 19441 19441 D ActivityThread: Added TimaKeyStore provider
11-04 21:09:28.211  3783 14455 I ActivityManager: DSS on for com.google.android.packageinstaller and scale is 1.0
11-04 21:09:28.220  3783 14455 D PersonaManagerService: Current focused persona service handled id set to : 0
11-04 21:09:28.220  3783 14455 D InputDispatcher: Focused application set to: xxxx
11-04 21:09:28.220  3783 14455 D InputDispatcher: Focus left window: 19365
11-04 21:09:28.223  3783  4067 D GameManagerService: handleForegroundChange(). pkgName: com.google.android.packageinstaller, clsName: com.android.packageinstaller.permission.ui.GrantPermissionsActivity,FgActivityName:com.google.android.packageinstaller/com.android.packageinstaller.permission.ui.GrantPermissionsActivity
11-04 21:09:28.223  3783 14455 D MARsPolicyManager: onPackageResumedFG pkgName = com.google.android.packageinstaller, userId = 0
11-04 21:09:28.224  3783  4067 D GameManagerService: sem_perfomance_mode: 0
11-04 21:09:28.224  3783  4067 D GameManagerService: notifyResumePause(). pkg: com.google.android.packageinstaller, type: 4, isMinimized: false, isTunableApp: false
11-04 21:09:28.224  3783  4067 D GameManagerService:   notifyResumePause(). unexpected mPrevNotiType: -1
11-04 21:09:28.227 18503 18513 I SAMSUNGPAY: [Hint_ProcessStatusChange] fg Change, pid : 19441 , isNotify : true , isForeground : true , fg list : [19441, 19365]
11-04 21:09:28.228  3783  7224 D GamePkgDataHelper: getGamePkgDataIncServer(). com.google.android.packageinstaller
11-04 21:09:28.228  3783  7224 D GamePkgDataHelper: getSosPolicy(). com.google.android.packageinstaller
11-04 21:09:28.228  3783  7224 D GameManagerService: identifyGamePackage. com.google.android.packageinstaller
11-04 21:09:28.229  3783  7224 D GamePkgDataHelper: getGamePkgData(). com.google.android.packageinstaller
11-04 21:09:28.229  4536  4616 D ForegroundUtils: could not check pending caller
11-04 21:09:28.231  3783  7224 D GameManagerService: identifyGamePackage. com.google.android.packageinstaller
11-04 21:09:28.231  3783  4589 V WindowManager: finishDrawingLocked: mDrawState=COMMIT_DRAW_PENDING Window{ad5d767 u0 com.YourCompany.FlaminGo/com.epicgames.ue4.GameActivity} in Surface(name=com.YourCompany.FlaminGo/com.epicgames.ue4.GameActivity)
11-04 21:09:28.231 18503 18503 I SAMSUNGPAY: [ServiceTypeTable] isSupportOperator : BTU, GB
11-04 21:09:28.232  3783  7224 D GamePkgDataHelper: getGamePkgData(). com.google.android.packageinstaller
11-04 21:09:28.234  3783  7224 D GameManagerService: identifyGamePackage. com.google.android.packageinstaller
11-04 21:09:28.234  3783  7224 D GamePkgDataHelper: getGamePkgData(). com.google.android.packageinstaller
11-04 21:09:28.235 18503 18503 D SAMSUNGPAY: [ServiceTypeTable] Upgrade - ServiceTypeTable - entryFromCountryIso - index is : 37, iso : GB
11-04 21:09:28.235  3783  7224 D GameManagerService: identifyGamePackage. com.google.android.packageinstaller
11-04 21:09:28.235  3783  7224 D GamePkgDataHelper: getGamePkgData(). com.google.android.packageinstaller
11-04 21:09:28.236 18503 18503 D SAMSUNGPAY: [Hint_SimpleIntroService] Hint Status - already invisible, skip hide : Landscape mode
11-04 21:09:28.238  3783  4589 V WindowManager: Relayout Window{f03fcfe u0 com.YourCompany.FlaminGo/com.epicgames.ue4.GameActivity}: viewVisibility=0 req=2094x1080 WM.LayoutParams{(0,0)(fillxfill) sim=#10 ty=1 fl=#1810500 pfl=0x1000000 fmt=1 wanim=0x1030001 vsysui=0x10 needsMenuKey=2 colorMode=0 naviIconColor=0}
11-04 21:09:28.242 19365 19365 D ViewRootImpl@3a176fe[GameActivity]: Relayout returned: old=[0,0][2094,1080] new=[0,0][2094,1080] result=0x3 surface={valid=true 3713896448} changed=false
11-04 21:09:28.249 19441 19461 I vndksupport: sphal namespace is not configured for this process. Loading /vendor/lib64/egl/libGLES_mali.so from the current namespace instead.
11-04 21:09:28.256  3783  4589 V WindowManager: finishDrawingLocked: mDrawState=COMMIT_DRAW_PENDING Window{f03fcfe u0 com.YourCompany.FlaminGo/com.epicgames.ue4.GameActivity} in Surface(name=com.YourCompany.FlaminGo/com.epicgames.ue4.GameActivity)
11-04 21:09:28.260 19365 19365 D ViewRootImpl@3a176fe[GameActivity]: MSG_RESIZED_REPORT: frame=Rect(0, 0 - 2094, 1080) ci=Rect(0, 0 - 0, 0) vi=Rect(0, 0 - 0, 0) or=2
11-04 21:09:28.263  3783  3814 D CustomFrequencyManagerService: acquireDVFSLockLocked : type : DVFS_MIN_LIMIT  frequency : 1807000  uid : 1000  pid : 3783  pkgName : AMS_RESUME_TAIL@CPU_MIN@72
11-04 21:09:28.263  3783  3814 D ActivityManagerPerformance: AMP_acquire() TAIL
11-04 21:09:28.263  3783  3814 D CustomFrequencyManagerService: releaseDVFSLockLocked : Getting Lock type frm List : DVFS_MIN_LIMIT  frequency : 2314000  uid : 1000  pid : 3783  tag : AMS_APP_SWITCH@CPU_MIN@61
11-04 21:09:28.263  3783  3814 D ActivityManagerPerformance: AMP_release() APP_SWITCH
11-04 21:09:28.264 19365 19365 D ViewRootImpl@3a176fe[GameActivity]: MSG_WINDOW_FOCUS_CHANGED 1
11-04 21:09:28.264 19365 19365 V threaded_app: WindowFocusChanged: 0xdfffba80 -- 1
11-04 21:09:28.265 19365 19411 D UE4     : LogAndroidEvents: EnqueueAppEvent : 11, 0, tid = 19411
11-04 21:09:28.271 19365 19410 D UE4     : LogICUInternationalization: Display: ICU TimeZone Detection - Raw Offset: +0:00, Platform Override: ''
11-04 21:09:28.272 19365 19410 D UE4     : 
11-04 21:09:28.273  3783  3806 D WindowManager: set systemUiVisibility : systemUiFlags= 0x10 fullscreenStackSysUiFlags= 0x0
11-04 21:09:28.274  4211  4211 D BarTransitions.PhoneStatusBarView: MODE_TRANSPARENT -> MODE_OPAQUE animate=false
11-04 21:09:28.275 19365 19410 D UE4     : EGL Extensions: 
11-04 21:09:28.275 19365 19410 D UE4     : EGL_KHR_get_all_proc_addresses EGL_ANDROID_presentation_time EGL_KHR_swap_buffers_with_damage EGL_ANDROID_get_native_client_buffer EGL_ANDROID_front_buffer_auto_refresh EGL_ANDROID_get_frame_timestamps EGL_KHR_image EGL_KHR_image_base EGL_KHR_gl_colorspace EGL_KHR_gl_texture_2D_image EGL_KHR_gl_texture_cubemap_image EGL_KHR_gl_renderbuffer_image EGL_KHR_fence_sync EGL_KHR_create_context EGL_KHR_config_attribs EGL_KHR_surfaceless_context EGL_EXT_create_context_robustness EGL_ANDROID_image_native_buffer EGL_KHR_wait_sync EGL_ANDROID_recordable EGL_KHR_partial_update EGL_KHR_mutable_render_buffer EGL_EXT_protected_content EGL_IMG_context_priority EGL_KHR_no_config_context 
11-04 21:09:28.277  3783  4589 D WindowManager: adjustSystemUiVisibilityLw : vis= 0x10
11-04 21:09:28.279 19365 19410 D UE4     : FAndroidGPUInfo
11-04 21:09:28.279 19365 19410 D UE4     : AndroidEGL::InitSurface 1, 1
11-04 21:09:28.280 19365 19410 D mali_winsys: EGLint new_window_surface(egl_winsys_display *, void *, EGLSurface, EGLConfig, egl_winsys_surface **, egl_color_buffer_format *, EGLBoolean) returns 0x3000,  [8x8]-format:2
11-04 21:09:28.280 19365 19410 D UE4     : AndroidEGL::CreateEGLSurface() 0xc32530f8
11-04 21:09:28.280 19365 19410 D UE4     : AndroidEGL::CreateEGLSurface(1), auxSurface = eglCreatePbufferSurface(), 8x8
11-04 21:09:28.282 19365 19410 D UE4     : Vulkan library detected, checking for available driver
11-04 21:09:28.282 19365 19365 V InputMethodManager: Starting input: tba=android.view.inputmethod.EditorInfo@4019f6b nm : com.YourCompany.FlaminGo ic=null
11-04 21:09:28.282 19365 19365 I InputMethodManager: startInputInner - mService.startInputOrWindowGainedFocus
11-04 21:09:28.283 19365 19410 I vndksupport: sphal namespace is not configured for this process. Loading /vendor/lib/hw/vulkan.exynos5.so from the current namespace instead.
11-04 21:09:28.283  3783 14455 D InputMethodManagerService: startInputOrWindowGainedFocus : windowGainedFocus 
11-04 21:09:28.283  3783 14455 D InputMethodManagerService: windowGainedFocus: destinationUserId (getCallingUid) = 0
11-04 21:09:28.283  3783 14455 D InputMethodManagerService: windowGainedFocus: currentUserId=0
11-04 21:09:28.283  3783 14455 D InputMethodManagerService: windowGainedFocus: mCurrentFocusedUserId=0
11-04 21:09:28.283  3783 14455 D InputMethodManagerService: windowGainedFocus : lock - currentUserId = 0 destinationUserId = 0
11-04 21:09:28.284  3783 14455 D InputMethodManagerService: windowGainedFocus : mCurrentFocusedUserId - 0 and mSecureKeypadEnabled - false, userSwitched - false
11-04 21:09:28.284 19365 19410 D vulkan  : searching for layers in '/data/app/com.YourCompany.FlaminGo-GPJPTI8NtjlGzWCwLdAaEg==/lib/arm'
11-04 21:09:28.284  3783 14455 W InputMethodManagerService: Focus gain on non-focused client com.android.internal.view.IInputMethodClient$Stub$Proxy@6d6857 (uid=10224 pid=19365)
11-04 21:09:28.284 19365 19410 D vulkan  : searching for layers in '/system/fake-libs'
11-04 21:09:28.284  3783 14455 W InputMethodManagerService: calledFromValidUser : true, (mCurFocusedWindow == windowToken) : false, (attribute != null) : true
11-04 21:09:28.284  3783 14455 W InputMethodManagerService: (mCurClient != cs) : true, mCurFocusedWindow : android.os.BinderProxy@d6b5887, windowToken : android.os.BinderProxy@9d5a0b9
11-04 21:09:28.284  3783 14455 V InputMethodManagerService: Focus gain on non-focused client mCurClient info is ClientState{54e3160 uid 10083 pid 5208}
11-04 21:09:28.284 19365 19410 D vulkan  : searching for layers in '/data/app/com.YourCompany.FlaminGo-GPJPTI8NtjlGzWCwLdAaEg==/base.apk!/lib/armeabi-v7a'
11-04 21:09:28.284 19365 19410 D vulkan  : vulkan api version_1_0 1.0.0
11-04 21:09:28.284 19365 19410 D vulkan  : vulkan header version 46
11-04 21:09:28.285 19365 19365 D ViewRootImpl@3a176fe[GameActivity]: MSG_WINDOW_FOCUS_CHANGED 0
11-04 21:09:28.285 19365 19365 V threaded_app: WindowFocusChanged: 0xdfffba80 -- 0
11-04 21:09:28.285 19365 19411 D UE4     : LogAndroidEvents: EnqueueAppEvent : 10, 0, tid = 19411
11-04 21:09:28.291 19441 19461 D libEGL  : loaded /vendor/lib64/egl/libGLES_mali.so
11-04 21:09:28.295  3253  3253 D SurfaceFlinger:   Display[0] configurations (* current):
11-04 21:09:28.295  3253  3253 D SurfaceFlinger:     * 0: 1440x2960, xdpi=522.513977, ydpi=525.762024, refresh=16666666
11-04 21:09:28.295  3253  3253 D SurfaceFlinger:   numHwLayers=3, flags=00000000
11-04 21:09:28.295  3253  3253 D SurfaceFlinger:     type   |  handle  | hint | flag | tr | blnd |   format    |     source crop (l,t,r,b)      |          frame         | name 
11-04 21:09:28.295  3253  3253 D SurfaceFlinger: -----------+----------+------+------+----+------+-------------+--------------------------------+------------------------+------
11-04 21:09:28.295  3253  3253 D SurfaceFlinger:        HWC | 7f0a82b620 | 0000 | 0020 | 00 | 0100 | RGBA_8888   |    0.0,    0.0, 1080.0, 2094.0 |    0,    0, 1080, 2094 | com.YourCompany.FlaminGo/com.epicgames.ue4.GameActivity#0
11-04 21:09:28.295  3253  3253 D SurfaceFlinger:        HWC | 7f0ae55380 | 0000 | 0000 | 00 | 0105 | RGBA_8888   |    0.0,    0.0, 1080.0,  126.0 |    0, 2094, 1080, 2220 | NavigationBar#0
11-04 21:09:28.295  3253  3253 D SurfaceFlinger:  FB TARGET | 7f0ae558c0 | 0000 | 0000 | 00 | 0105 | RGBA_8888   |    0.0,    0.0, 1440.0, 2960.0 |    0,    0, 1440, 2960 | HWC_FRAMEBUFFER_TARGET
11-04 21:09:28.306 19365 19410 D UE4     : VulkanRHI is available, Vulkan capable device detected.
11-04 21:09:28.307  3783  4589 D CustomFrequencyManagerService: acquireDVFSLockLocked : type : DVFS_MIN_LIMIT  frequency : 1703000  uid : 1000  pid : 3783  pkgName : AMS_ACT_RESUME@CPU_MIN@80
11-04 21:09:28.307  3783  4589 D ActivityManagerPerformance: AMP_acquire() ACT_RESUME
11-04 21:09:28.307  3783  4589 D ActivityManager: isScaleDownAnimationEnabled() : false
11-04 21:09:28.307  3783  4589 D PersonaManagerService: Current focused persona service handled id set to : 0
11-04 21:09:28.307  3783  4589 D InputDispatcher: Focused application set to: xxxx
11-04 21:09:28.308  3783  3806 D SamsungPhoneWindowManager: updateSystemUiVisibilityLw : setForceImmersiveBtnVisibility=true
11-04 21:09:28.308  3783  4589 D InputDispatcher: Focus entered window: 19365
11-04 21:09:28.308  4211  4211 D NavigationBar: setForceImmersiveBtnVisibility visible : true
11-04 21:09:28.308  4211  4211 D SecNavigationBarView: setPinButtonVisibility() shouldshow=true, leftRemoteVisible=false, mAllKeyDisabled=false, isBouncerShowing=false, isUltraPowerSaving=false, isEmergencyMode=false, isDeviceEncrypted=false, isUserSetupComplete : true
11-04 21:09:28.315  3783  4067 D GameManagerService: handleForegroundChange(). pkgName: com.YourCompany.FlaminGo, clsName: com.epicgames.ue4.GameActivity,FgActivityName:com.YourCompany.FlaminGo/com.epicgames.ue4.GameActivity
11-04 21:09:28.315  3783  4067 D GameManagerService: sem_perfomance_mode: 0
11-04 21:09:28.315  3783  4067 D GameManagerService: notifyResumePause(). pkg: com.YourCompany.FlaminGo, type: 4, isMinimized: false, isTunableApp: false
11-04 21:09:28.315  3783  4067 D GameManagerService:   notifyResumePause(). unexpected mPrevNotiType: -1
11-04 21:09:28.316  3783  4589 D MARsPolicyManager: onPackageResumedFG pkgName = com.YourCompany.FlaminGo, userId = 0
11-04 21:09:28.316 19365 19365 D ViewRootImpl@3a176fe[GameActivity]: MSG_WINDOW_FOCUS_CHANGED 1
11-04 21:09:28.316 19365 19365 V threaded_app: WindowFocusChanged: 0xdfffba80 -- 1
11-04 21:09:28.317 19365 19411 D UE4     : LogAndroidEvents: EnqueueAppEvent : 11, 0, tid = 19411
11-04 21:09:28.318 19365 19365 V InputMethodManager: Starting input: tba=android.view.inputmethod.EditorInfo@b05aac8 nm : com.YourCompany.FlaminGo ic=null
11-04 21:09:28.318 19365 19365 I InputMethodManager: startInputInner - mService.startInputOrWindowGainedFocus
11-04 21:09:28.318  3783 14494 D InputMethodManagerService: startInputOrWindowGainedFocus : windowGainedFocus 
11-04 21:09:28.319  3783 14494 D InputMethodManagerService: windowGainedFocus: destinationUserId (getCallingUid) = 0
11-04 21:09:28.319  3783 14494 D InputMethodManagerService: windowGainedFocus: currentUserId=0
11-04 21:09:28.319  3783 14494 D InputMethodManagerService: windowGainedFocus: mCurrentFocusedUserId=0
11-04 21:09:28.319  3783 14494 D InputMethodManagerService: windowGainedFocus : lock - currentUserId = 0 destinationUserId = 0
11-04 21:09:28.319  3783 14494 D InputMethodManagerService: windowGainedFocus : mCurrentFocusedUserId - 0 and mSecureKeypadEnabled - false, userSwitched - false
11-04 21:09:28.325  3783 14494 V InputMethodManagerService: windowGainedFocus : reason=WINDOW_FOCUS_GAIN client=android.os.BinderProxy@5482281 inputContext=null missingMethods= attribute=android.view.inputmethod.EditorInfo@f79d162 nm = com.YourCompany.FlaminGo controlFlags=#101 softInputMode=#10 windowFlags=#1810500
11-04 21:09:28.325  3783 14494 V InputMethodManagerService: hideCurrentInputLocked : shouldHideSoftInput is false
11-04 21:09:28.326  3783 14494 D InputMethodManagerService: isImeSwitcherDisabledPackage : false
11-04 21:09:28.326  3783 14494 V InputMethodManagerService: Creating new session for client ClientState{8cbebb0 uid 10224 pid 19365}
11-04 21:09:28.327 19365 19365 V threaded_app: Resume: 0xdfffba80
11-04 21:09:28.327  3783 14455 D InputMethodManagerService: setCurrentInputInfo - inputContext : null eidtorInfo : android.view.inputmethod.EditorInfo@f79d162 missingMethods : 0
11-04 21:09:28.328 19365 19411 V threaded_app: activityState=11
11-04 21:09:28.328 19365 19411 D UE4     : Case APP_CMD_RESUME
11-04 21:09:28.328 19365 19365 D UE4     : Registering sensor listeners
11-04 21:09:28.328 19365 19411 D UE4     : LogAndroidEvents: EnqueueAppEvent : 7, 0, tid = 19411
11-04 21:09:28.328  3783 14494 I SensorService: createSensorEventConnection package name com.epicgames.ue4.GameActivity
11-04 21:09:28.328  4189  4189 I InputMethodWrapper:  call dispatchStartInputWithToken
11-04 21:09:28.328  4189  4189 I InputMethodService: dispatchStartInputWithToken
11-04 21:09:28.329  3783  4589 D SensorService: Calling batch handle==6 flags=0 rate=20000000 timeout== 0
11-04 21:09:28.329  4189  4189 I SKBD    : SamsungKeypad [IMI] onStartInput - caller pid : 19365, caller uid : 10224
11-04 21:09:28.329  4189  4189 I SKBD    : SamsungKeypad  CACHEDIC onStartInput  isCachedICEnabled:  false
11-04 21:09:28.329  3240  3240 I Sensors : batch - accelerometer_sensor try to batching with 20000000
11-04 21:09:28.329  4189  4189 I SKBD    : atl getDefaultInputRange : UNKNOWN
11-04 21:09:28.329  4189  4189 I SKBD    : awo resetBinderManager()
11-04 21:09:28.329  4189  4189 I SKBD_SYNC: SamsungKeypad onStartInput: import DLM
11-04 21:09:28.330  4189  4189 I SKBD    : atl setPrivateImeOptionsToTable privateImeOptions ( null )
11-04 21:09:28.330  4189  4189 I SKBD    : atl imeOptions is null
11-04 21:09:28.332  4189  4189 I SKBD    : SamsungKeypad [PF_OP][onStartInput] 3245461
11-04 21:09:28.334 19365 19365 D SensorManager: registerListener :: 6, LSM6DSL Acceleration Sensor, 20000, 0,  
11-04 21:09:28.335  3783  4589 D SensorService: Calling batch handle==11 flags=0 rate=20000000 timeout== 0
11-04 21:09:28.335  3240  3240 I Sensors : batch - geomagnetic_sensor try to batching with 20000000
11-04 21:09:28.335  3240  3240 I Sensors : GeoMagneticSensor old sensor_state 16385, new sensor_state : 16401 en : 1
11-04 21:09:28.337 19365 19365 D SensorManager: registerListener :: 11, AK09916C Magnetic field Sensor, 20000, 0,  
11-04 21:09:28.338  3783  4589 D SensorService: Calling batch handle==7 flags=0 rate=20000000 timeout== 0
11-04 21:09:28.338  3240  3240 I Sensors : batch - gyro_sensor try to batching with 20000000
11-04 21:09:28.339  3240  3240 I Sensors : GyroSensor old sensor_state 16401, new sensor_state : 16403 en : 1
11-04 21:09:28.340  3783  8476 V WindowManager: Relayout Window{ea8c5af u0 InputMethod}: viewVisibility=8 req=2220x126 WM.LayoutParams{(0,0)(fillxwrap) gr=#50 sim=#20 ty=2011 fl=#800108 pfl=0x1000000 fmt=-2 wanim=0x7f0e00e1 vsysui=0x310 needsMenuKey=2 colorMode=0 naviIconColor=0 sfl=0x800}
11-04 21:09:28.342 19365 19365 D SensorManager: registerListener :: 7, LSM6DSL Gyroscope Sensor, 20000, 0,  
11-04 21:09:28.342 19365 19365 D UE4     : App is running in Landscape
11-04 21:09:28.342 19365 19365 D UE4     : ==============> Resuming main init
11-04 21:09:28.342 19365 19365 D UE4     : ==============> GameActive.onResume complete!
11-04 21:09:28.343  3783  4589 D ActivityManager: post active user change for 0 fullscreen true isHomeActivity() false
11-04 21:09:28.345  4189  4189 D ViewRootImpl@6769103[InputMethod]: Relayout returned: old=[0,819][1080,2220] new=[0,819][1080,2220] result=0x1 surface={valid=false 0} changed=false
11-04 21:09:28.346 19365 19365 V InputMethodManager: Starting input: tba=android.view.inputmethod.EditorInfo@a22d761 nm : com.YourCompany.FlaminGo ic=null
11-04 21:09:28.349  4189  4189 I SKBD    : putCacheDrawable inputModule=0 key =ICON_SETTING
11-04 21:09:28.356  3783  4589 V WindowManager: Relayout Window{f03fcfe u0 com.YourCompany.FlaminGo/com.epicgames.ue4.GameActivity}: viewVisibility=0 req=2094x1080 WM.LayoutParams{(0,0)(fillxfill) sim=#110 ty=1 fl=#1810500 pfl=0x1000000 fmt=1 wanim=0x1030001 vsysui=0x10 needsMenuKey=2 colorMode=0 naviIconColor=0}
11-04 21:09:28.357  3783  3938 D MdnieScenarioControlService:  packageName : com.YourCompany.FlaminGo    className : com.epicgames.ue4.GameActivity
11-04 21:09:28.357  3783  3938 V MdnieScenarioControlService: setUIMode from UI function(3)
11-04 21:09:28.359  3240  3425 E Sensors : Sensor : Meta event
11-04 21:09:28.360 19365 19365 D ViewRootImpl@3a176fe[GameActivity]: Relayout returned: old=[0,0][2094,1080] new=[0,0][2094,1080] result=0x1 surface={valid=true 3713896448} changed=false
11-04 21:09:28.366  5208  5208 D StageManager: saved stages : inStack [1] , outStack[2]
11-04 21:09:28.371  4536  4616 D ForegroundUtils: could not check pending caller
11-04 21:09:28.372 18503 18513 I SAMSUNGPAY: [Hint_ProcessStatusChange] fg Change, pid : 19441 , isNotify : true , isForeground : false , fg list : [19365]
11-04 21:09:28.373  3783 14494 I WindowManager: Destroying surface Surface(name=com.sec.android.app.launcher/com.sec.android.app.launcher.activities.LauncherActivity) called by com.android.server.wm.WindowStateAnimator.destroySurface:2465 com.android.server.wm.WindowStateAnimator.destroySurfaceLocked:967 com.android.server.wm.WindowState.destroyOrSaveSurfaceUnchecked:3661 com.android.server.wm.WindowState.destroySurface:3609 com.android.server.wm.AppWindowToken.destroySurfaces:722 com.android.server.wm.AppWindowToken.destroySurfaces:706 com.android.server.wm.AppWindowToken.notifyAppStopped:751 com.android.server.wm.AppWindowContainerController.notifyAppStopped:824 
11-04 21:09:28.373  3253  3481 I SurfaceFlinger: id=84 Removed com.sec.android.app.launcher/com.sec.android.app.launcher.activities.LauncherActivity#0 (1/7)
11-04 21:09:28.373  3253  3481 I SurfaceFlinger: id=84 Removed com.sec.android.app.launcher/com.sec.android.app.launcher.activities.LauncherActivity#0 (-2/7)
11-04 21:09:28.374 18503 18503 I SAMSUNGPAY: [ServiceTypeTable] isSupportOperator : BTU, GB
11-04 21:09:28.375 18503 18503 D SAMSUNGPAY: [ServiceTypeTable] Upgrade - ServiceTypeTable - entryFromCountryIso - index is : 37, iso : GB
11-04 21:09:28.376 18503 18503 D SAMSUNGPAY: [Hint_SimpleIntroService] Hint Status - already invisible, skip hide : Landscape mode
11-04 21:09:28.383  4536  4616 D ForegroundUtils: could not check pending caller
11-04 21:09:28.384 18503 18513 I SAMSUNGPAY: [Hint_ProcessStatusChange] fg Change, pid : 5208 , isNotify : false , isForeground : false , fg list : [19365]
11-04 21:09:28.388  3253  3253 I Layer   : id=84 onRemoved com.sec.android.app.launcher/com.sec.android.app.launcher.activities.LauncherActivity#0 
11-04 21:09:28.397  3783  3783 D AppWidgetServiceImpl: handleNotifyUpdateAppWidget, appWidgetId = 3
11-04 21:09:28.398  5208  5208 I LauncherAppWidgetHostView: updateLastInflationOrientation, orientation: 0,activityOrientation: 1, widget: ComponentInfo{com.google.android.googlequicksearchbox/com.google.android.googlequicksearchbox.SearchWidgetProvider}
11-04 21:09:28.419  4211  6303 D SystemServicesProxy: updateOverviewLastStackActiveTimeAsync: newTime=1540204754719
11-04 21:09:28.420  3783  8476 D SecContentProvider: query(), uri = 17 selection = isSettingsChangesAllowed
11-04 21:09:28.420  3783  8476 D SecContentProvider: called from android.uid.systemui:10005
11-04 21:09:28.421  4211  4481 D SystemServicesProxy: updateOverviewLastStackActiveTimeAsync: done.
11-04 21:09:28.429  4950  4950 D io_stats: !@   8,0 r 95303 5641776 w 31666 1168948 d 2465 838800 f 6799 7287 iot 45840 36793 th 307200 0 0 pt 0 inp 0 0 4800.420
11-04 21:09:28.480 19365 19410 D UE4     : LogStreaming: Display: Took  0.063s to configure plugins.
11-04 21:09:28.480 19365 19410 D UE4     : 
11-04 21:09:28.485 19365 19410 D UE4     : LogOnline: Display: OnlineSubsystemGooglePlayModule::StartupModule()
11-04 21:09:28.485 19365 19410 D UE4     : 
11-04 21:09:28.486 19365 19410 D UE4     : LogOnline: Warning: FOnlineSubsystemGooglePlayModule was disabled
11-04 21:09:28.486 19365 19410 D UE4     : 
11-04 21:09:28.486 19365 19410 D UE4     : LogOnline: Warning: FOnlineSubsystemGooglePlayModule was disabled
11-04 21:09:28.486 19365 19410 D UE4     : 
11-04 21:09:28.487 19365 19410 D UE4     : LogStreaming: Display: Took  0.000s to delete old logs.
11-04 21:09:28.487 19365 19410 D UE4     : 
11-04 21:09:28.510 19365 19410 D UE4     : LogStreaming: Display: Async Loading initialized: Event Driven Loader: true, Async Loading Thread: false, Async Post Load: true
11-04 21:09:28.510 19365 19410 D UE4     : 
11-04 21:09:28.513  3783  3938 D MdnieScenarioControlService:  packageName : com.YourCompany.FlaminGo    className : com.epicgames.ue4.GameActivity
11-04 21:09:28.513  3783  3938 V MdnieScenarioControlService: setUIMode from UI function(3)
11-04 21:09:28.536 19365 19410 D UE4     : ***** RequestedContentScaleFactor different 1.000000 != -1.000000, not using res cache
11-04 21:09:28.536 19365 19410 D UE4     : ***** Window different, not using res cache
11-04 21:09:28.536 19365 19410 D UE4     : ***** WindowWidth is -1, not using res cache
11-04 21:09:28.537 19365 19410 D UE4     : Vulkan not available as project packaged without bSupportsVulkan or bSupportsVulkanSM5.
11-04 21:09:28.560  3376  3376 E adbd    : recv: OPEN 00001c44 00000000 004d:73 68 65 6C 6C 3A 65 78 70 6F 72 74 20 41 4E 44 52 4F 49 44 5F 4C 4F 47 5F 54 41 47 53 3D 22 27 27 22 3B 20 65 78 65 63 20 6C 6F 67 63 61 74 20 27 2D 64 27 20 27 2D 73 27 20 27 55 45 34 27 20 27 2D 73 27 20 27 44 65 62 75 67 27 00 
11-04 21:09:28.560  3376  3376 E adbd    : service_to_fd: shell:export ANDROID_LOG_TAGS="''"; exec logcat '-d' '-s' 'UE4' '-s' 'Debug'
11-04 21:09:28.563  3783  3783 D CustomFrequencyManagerService: releaseDVFSLockLocked : Getting Lock type frm List : DVFS_MIN_LIMIT  frequency : 1807000  uid : 1000  pid : 3783  tag : AMS_RESUME_TAIL@CPU_MIN@72
11-04 21:09:28.570 18198 18252 I System.out: (HTTPLog)-Static: isSBSettingEnabled false
11-04 21:09:28.570 18198 18252 I System.out: (HTTPLog)-Static: isSBSettingEnabled false
11-04 21:09:28.573  3418  3640 D DnsProxyListener: DNSDBG::dns addrinfo af 0
11-04 21:09:28.579 19365 19410 D UE4     : LogHAL: Display: Platform has ~ 4 GB [3619954688 / 4294967296 / 4], which maps to Default [LargestMinGB=8, LargerMinGB=6, DefaultMinGB=4, SmallerMinGB=3, SmallestMinGB=0)
11-04 21:09:28.579 19365 19410 D UE4     : 
11-04 21:09:28.633  3783  3939 D AllAroundSensingService: packageName : com.YourCompany.FlaminGo    className : com.epicgames.ue4.GameActivity
11-04 21:09:28.634  3783  3939 V AllAroundSensingService: setPlatformBrightnessValue 120
11-04 21:09:28.651  3376  3376 E adbd    : recv: OPEN 00001c46 00000000 0035:73 68 65 6C 6C 3A 65 78 70 6F 72 74 20 41 4E 44 52 4F 49 44 5F 4C 4F 47 5F 54 41 47 53 3D 22 27 27 22 3B 20 65 78 65 63 20 6C 6F 67 63 61 74 20 27 2D 64 27 00 
11-04 21:09:28.651  3376  3376 E adbd    : service_to_fd: shell:export ANDROID_LOG_TAGS="''"; exec logcat '-d'
11-04 21:09:28.662 19365 19410 D UE4     : LogStreaming: Display: Took  0.080s to InitEngineTextLocalization.
11-04 21:09:28.662 19365 19410 D UE4     : 
11-04 21:09:28.684  3783  7224 D GamePkgDataHelper: getGamePkgDataIncServer(). com.YourCompany.FlaminGo
11-04 21:09:28.684  3783  7224 D GamePkgDataHelper: getSosPolicy(). com.YourCompany.FlaminGo
