12-04 16:23:07.468  3249  3249 D SurfaceFlinger:     type   |  handle  | hint | flag | tr | blnd |   format    |     source crop (l,t,r,b)      |          frame         | name 
12-04 16:23:07.468  3249  3249 D SurfaceFlinger: -----------+----------+------+------+----+------+-------------+--------------------------------+------------------------+------
12-04 16:23:07.468  3249  3249 D SurfaceFlinger:        HWC | 7392a2b1c0 | 0000 | 0020 | 00 | 0100 | RGBx_8888   |    0.0,    0.0,  720.0, 1392.0 |    0,    0, 1080, 2094 | SurfaceView - com.YourCompany.FlaminGo/com.epicgames.ue4.GameActivity@73df3f6@0#0
12-04 16:23:07.468  3249  3249 D SurfaceFlinger:        HWC | 7392a2b0e0 | 0000 | 0000 | 00 | 0105 | RGBA_8888   |    0.0,    0.0, 1080.0, 2094.0 |    0,    0, 1080, 2094 | com.YourCompany.FlaminGo/com.epicgames.ue4.GameActivity#1
12-04 16:23:07.468  3249  3249 D SurfaceFlinger:        HWC | 7392a2bee0 | 0000 | 0000 | 00 | 0105 | RGBA_8888   |    0.0,    0.0, 1080.0,  126.0 |    0, 2094, 1080, 2220 | NavigationBar#0
12-04 16:23:07.468  3249  3249 D SurfaceFlinger:  FB TARGET | 7392e55d20 | 0000 | 0000 | 00 | 0105 | RGBA_8888   |    0.0,    0.0, 1440.0, 2960.
12-04 16:23:07.468  3249  3249 D SurfaceFlinger: 0 |    0,    0, 1440, 2960 | HWC_FRAMEBUFFER_TARGET
12-04 16:23:07.472 26283 26323 D UE4     : [2018.12.04-16.23.07:472][  1]LogSlate: Took 0.000318 seconds to synchronously load lazily loaded font '../../../Engine/Content/EngineFonts/Faces/RobotoBold.ufont' (160K)
12-04 16:23:07.561  3376  3376 E adbd    : recv: OPEN 00002492 00000000 000c:73 68 65 6C 6C 2C 76 32 3A 70 73 00 
12-04 16:23:07.561  3376  3376 E adbd    : service_to_fd: shell,v2:ps
12-04 16:23:07.571  3383  3383 E audit   : type=1400 audit(1543940587.567:14671): avc:  denied  { read } for  pid=26283 comm="Thread-2" name="stat" dev="proc" ino=4026532420 scontext=u:r:untrusted_app_25:s0:c512,c768 tcontext=u:object_r:proc_stat:s0 tclass=file permissive=0 SEPF_SM-G955F_8.0.0_0016 audit_filtered
12-04 16:23:07.597  4214  4510 D NetworkController.MobileSignalController(0/-2): onSignalStrengthsChanged signalStrength=SignalStrength: 14 99 -14 -200 -14 -200 -1 99 2147483647 2147483647 2147483647 2147483647 0 2147483647 0x4 P gsm|lte level=4
12-04 16:23:07.597  4214  4510 D NetworkController.MobileSignalController(0/-2): getMobileIconGroup(): 0
12-04 16:23:07.656  4939  4939 D io_stats: !@   8,0 r 102254 5712576 w 52291 1841068 d 4486 1323880 f 37674 39498 iot 94072 48184 th 307200 0 0 pt 0 inp 0 1 11170.502
12-04 16:23:07.677  3383  3383 E audit   : type=1400 audit(1543940587.671:14672): avc:  denied  { read } for  pid=26283 comm="Thread-2" name="stat" dev="proc" ino=4026532420 scontext=u:r:untrusted_app_25:s0:c512,c768 tcontext=u:object_r:proc_stat:s0 tclass=file permissive=0 SEPF_SM-G955F_8.0.0_0016 audit_filtered
12-04 16:23:07.912  3785  3785 D CustomFrequencyManagerService: releaseDVFSLockLocked : Getting Lock type frm List : DVFS_MIN_LIMIT  frequency : 858000  uid : 1000  pid : 3785  tag : GESTURE_DETECTED@CPU_MIN@81
12-04 16:23:08.569  3383  3383 I chatty  : uid=1999(audit) /system/bin/auditd identical 8 lines
12-04 16:23:08.687  3383  3383 E audit   : type=1400 audit(1543940588.683:14681): avc:  denied  { read } for  pid=26283 comm="Thread-2" name="stat" dev="proc" ino=4026532420 scontext=u:r:untrusted_app_25:s0:c512,c768 tcontext=u:object_r:proc_stat:s0 tclass=file permissive=0 SEPF_SM-G955F_8.0.0_0016 audit_filtered
12-04 16:23:08.720  3376  3376 E adbd    : recv: OPEN 00002496 00000000 000c:73 68 65 6C 6C 2C 76 32 3A 70 73 00 
12-04 16:23:08.721  3376  3376 E adbd    : service_to_fd: shell,v2:ps
12-04 16:23:08.796  3383  3383 E audit   : type=1400 audit(1543940588.791:14682): avc:  denied  { read } for  pid=26283 comm="Thread-2" name="stat" dev="proc" ino=4026532420 scontext=u:r:untrusted_app_25:s0:c512,c768 tcontext=u:object_r:proc_stat:s0 tclass=file permissive=0 SEPF_SM-G955F_8.0.0_0016 audit_filtered
12-04 16:23:08.896  3785  7406 D GameManagerService: identifyGamePackage. com.YourCompany.FlaminGo
12-04 16:23:08.896  3785  7406 D GamePkgDataHelper: getGamePkgData(). com.YourCompany.FlaminGo
12-04 16:23:09.754  3383  3383 I chatty  : uid=1999(audit) /system/bin/auditd identical 9 lines
12-04 16:23:09.866  3383  3383 E audit   : type=1400 audit(1543940589.863:14692): avc:  denied  { read } for  pid=26283 comm="Thread-2" name="stat" dev="proc" ino=4026532420 scontext=u:r:untrusted_app_25:s0:c512,c768 tcontext=u:object_r:proc_stat:s0 tclass=file permissive=0 SEPF_SM-G955F_8.0.0_0016 audit_filtered
12-04 16:23:09.869  3376  3376 E adbd    : recv: OPEN 00002499 00000000 0009:74 63 70 3A 36 36 36 36 00 
12-04 16:23:09.870  3376  3376 E adbd    : service_to_fd: tcp:6666
12-04 16:23:09.871  3413  3648 D DnsProxyListener: DNSDBG::dns addrinfo af 0
12-04 16:23:09.932  3376  3376 E adbd    : recv: OPEN 0000249d 00000000 000c:73 68 65 6C 6C 2C 76 32 3A 70 73 00 
12-04 16:23:09.932  3376  3376 E adbd    : service_to_fd: shell,v2:ps
12-04 16:23:09.975  3383  3383 E audit   : type=1400 audit(1543940589.971:14693): avc:  denied  { read } for  pid=26283 comm="Thread-2" name="stat" dev="proc" ino=4026532420 scontext=u:r:untrusted_app_25:s0:c512,c768 tcontext=u:object_r:proc_stat:s0 tclass=file permissive=0 SEPF_SM-G955F_8.0.0_0016 audit_filtered
12-04 16:23:10.020  3785  7406 D GameManagerService: identifyGamePackage. com.YourCompany.FlaminGo
12-04 16:23:10.021  3785  7406 D GamePkgDataHelper: getGamePkgData(). com.YourCompany.FlaminGo
12-04 16:23:10.403  3785  3813 W StorageManager: getStorageFullBytes DEFAULT_FULL_THRESHOLD_BYTES : 20971520, threadhold : 20971520
12-04 16:23:10.404  3785  3813 W StorageManager: getStorageLowBytes lowPercent : 5, lowBytes : 2898018304, maxLowBytes : 524288000
12-04 16:23:10.408  3785  3813 W DeviceStorageMonitorService: updateBroadcasts(/data) oldLevel:0, newLevel:0, seq:1
12-04 16:23:10.408  3785  3813 W DeviceStorageMonitorService: updateBroadcasts_filenode(/data) fn_oldLevel:0, fn_newLevel:0, seq:1
12-04 16:23:10.949  3383  3383 I chatty  : uid=1999(audit) /system/bin/auditd identical 9 lines
12-04 16:23:11.055  3383  3383 E audit   : type=1400 audit(1543940591.051:14703): avc:  denied  { read } for  pid=26283 comm="Thread-2" name="stat" dev="proc" ino=4026532420 scontext=u:r:untrusted_app_25:s0:c512,c768 tcontext=u:object_r:proc_stat:s0 tclass=file permissive=0 SEPF_SM-G955F_8.0.0_0016 audit_filtered
12-04 16:23:11.157  3376  3376 E adbd    : recv: OPEN 000024a1 00000000 000c:73 68 65 6C 6C 2C 76 32 3A 70 73 00 
12-04 16:23:11.157  3376  3376 E adbd    : service_to_fd: shell,v2:ps
12-04 16:23:11.164  3383  3383 E audit   : type=1400 audit(1543940591.159:14704): avc:  denied  { read } for  pid=26283 comm="Thread-2" name="stat" dev="proc" ino=4026532420 scontext=u:r:untrusted_app_25:s0:c512,c768 tcontext=u:object_r:proc_stat:s0 tclass=file permissive=0 SEPF_SM-G955F_8.0.0_0016 audit_filtered
12-04 16:23:11.184  4214  4510 D NetworkController.MobileSignalController(0/-2): onSignalStrengthsChanged signalStrength=SignalStrength: 15 99 -15 -200 -15 -200 -1 99 2147483647 2147483647 2147483647 2147483647 0 2147483647 0x4 P gsm|lte level=4
12-04 16:23:11.188  4214  4510 D NetworkController.MobileSignalController(0/-2): getMobileIconGroup(): 0
12-04 16:23:11.256 26283 26323 D UE4     : [2018.12.04-16.23.11:256][230]LogBlueprintUserMessages: [ThirdPersonGameMode_C_0] 0
12-04 16:23:11.258 26283 26323 D UE4     : [2018.12.04-16.23.11:258][230]LogBlueprintUserMessages: [ThirdPersonGameMode_C_0] 0
12-04 16:23:11.260 26283 26323 D UE4     : [2018.12.04-16.23.11:260][230]LogBlueprintUserMessages: [ThirdPersonGameMode_C_0] 0
12-04 16:23:11.262 26283 26323 D UE4     : [2018.12.04-16.23.11:262][230]LogBlueprintUserMessages: [ThirdPersonGameMode_C_0] 0
12-04 16:23:11.264 26283 26323 D UE4     : [2018.12.04-16.23.11:264][230]LogBlueprintUserMessages: [ThirdPersonGameMode_C_0] 0
12-04 16:23:11.269 26283 26323 D UE4     : [2018.12.04-16.23.11:269][230]LogBlueprintUserMessages: [ThirdPersonGameMode_C_0] 0
12-04 16:23:11.271 26283 26323 D UE4     : [2018.12.04-16.23.11:271][230]LogBlueprintUserMessages: [ThirdPersonGameMode_C_0] 0
12-04 16:23:11.274 26283 26323 D UE4     : [2018.12.04-16.23.11:274][230]LogBlueprintUserMessages: [ThirdPersonGameMode_C_0] 0
12-04 16:23:11.279 26283 26323 D UE4     : [2018.12.04-16.23.11:279][230]LogBlueprintUserMessages: [ThirdPersonGameMode_C_0] 0
12-04 16:23:11.281 26283 26323 D UE4     : [2018.12.04-16.23.11:281][230]LogBlueprintUserMessages: [ThirdPersonGameMode_C_0] 0
12-04 16:23:11.285 26283 26323 D UE4     : [2018.12.04-16.23.11:285][230]LogBlueprintUserMessages: [ThirdPersonGameMode_C_0] 0
12-04 16:23:11.292 26283 26323 D UE4     : [2018.12.04-16.23.11:292][230]LogBlueprintUserMessages: [ThirdPersonGameMode_C_0] 0
12-04 16:23:11.297 26283 26323 D UE4     : [2018.12.04-16.23.11:297][230]LogBlueprintUserMessages: [ThirdPersonGameMode_C_0] 0
12-04 16:23:11.300 26283 26323 D UE4     : [2018.12.04-16.23.11:300][230]LogBlueprintUserMessages: [ThirdPersonGameMode_C_0] 0
12-04 16:23:11.304 26283 26323 D UE4     : [2018.12.04-16.23.11:304][230]LogBlueprintUserMessages: [ThirdPersonGameMode_C_0] 0
12-04 16:23:11.308 26283 26323 D UE4     : [2018.12.04-16.23.11:308][230]LogBlueprintUserMessages: [ThirdPersonGameMode_C_0] 0
12-04 16:23:11.310 26283 26323 D UE4     : [2018.12.04-16.23.11:310][230]LogBlueprintUserMessages: [ThirdPersonGameMode_C_0] 0
12-04 16:23:11.313 26283 26323 D UE4     : [2018.12.04-16.23.11:313][230]LogBlueprintUserMessages: [ThirdPersonGameMode_C_0] 0
12-04 16:23:11.319 26283 26323 D UE4     : [2018.12.04-16.23.11:319][230]LogBlueprintUserMessages: [ThirdPersonGameMode_C_0] 0
12-04 16:23:11.323 26283 26323 D UE4     : [2018.12.04-16.23.11:323][230]LogBlueprintUserMessages: [ThirdPersonGameMode_C_0] 0
12-04 16:23:11.327 26283 26323 D UE4     : [2018.12.04-16.23.11:327][230]LogBlueprintUserMessages: [ThirdPersonGameMode_C_0] 0
12-04 16:23:11.331 26283 26323 D UE4     : [2018.12.04-16.23.11:331][230]LogBlueprintUserMessages: [ThirdPersonGameMode_C_0] 0
12-04 16:23:11.334 26283 26323 D UE4     : [2018.12.04-16.23.11:334][230]LogBlueprintUserMessages: [ThirdPersonGameMode_C_0] 0
12-04 16:23:11.336 26283 26323 D UE4     : [2018.12.04-16.23.11:336][230]LogBlueprintUserMessages: [ThirdPersonGameMode_C_0] 0
12-04 16:23:11.339 26283 26323 D UE4     : [2018.12.04-16.23.11:339][230]LogBlueprintUserMessages: [ThirdPersonGameMode_C_0] 0
12-04 16:23:11.341 26283 26323 D UE4     : [2018.12.04-16.23.11:341][230]LogSlate: Took 0.000318 seconds to synchronously load lazily loaded font '../../../Engine/Content/EngineFonts/Faces/RobotoRegular.ufont' (155K)
12-04 16:23:11.344  3383  3383 E audit   : type=1400 audit(1543940591.339:14705): avc:  denied  { read } for  pid=26283 comm="Thread-2" name="stat" dev="proc" ino=4026532420 scontext=u:r:untrusted_app_25:s0:c512,c768 tcontext=u:object_r:proc_stat:s0 tclass=file permissive=0 SEPF_SM-G955F_8.0.0_0016 audit_filtered
12-04 16:23:11.774  3383  3383 I chatty  : uid=1999(audit) /system/bin/auditd identical 4 lines
12-04 16:23:11.874  3383  3383 E audit   : type=1400 audit(1543940591.871:14710): avc:  denied  { read } for  pid=26283 comm="Thread-2" name="stat" dev="proc" ino=4026532420 scontext=u:r:untrusted_app_25:s0:c512,c768 tcontext=u:object_r:proc_stat:s0 tclass=file permissive=0 SEPF_SM-G955F_8.0.0_0016 audit_filtered
12-04 16:23:11.917  3785  7406 D ConnectivityService: filterNetworkStateForUid() uid: 1000 networkInfo: [type: WIFI[] - WIFI, state: DISCONNECTED/DISCONNECTED, reason: (unspecified), extra: (none), failover: false, available: true, roaming: false, metered: false]
12-04 16:23:11.929  3403  3781 V APM_AudioPolicyManager: getAudioPolicyConfig: audioParam;activeStream
12-04 16:23:11.929  3403  3781 V APM_AudioPolicyManager: ### active stream : 0
12-04 16:23:11.930  3785  7406 D AudioService: active stream is 0x0
12-04 16:23:11.931  3403  3781 V APM_AudioPolicyManager: getAudioPolicyConfig: audioParam;outDevice
12-04 16:23:11.931  3403  3781 V APM_AudioPolicyManager: getNewOutputDevice() selected device 0
12-04 16:23:11.931  3403  3781 V APM_AudioPolicyManager: ### curdevice : 2
12-04 16:23:11.935  3785  7406 D SSRM:j  : ATC: power = AP_CP = 1640, Display = 22(Panel:-999, LDIs:-999), WIFI = 0, SPK = 0, RCV = 0, Camera = 0, PAM = 0
12-04 16:23:11.936  3785  7406 D SSRM:j  : ATC: current = AP_CP = 410, Display = 6, WIFI = 0, SPK = 0,RCV = 0, Camera = 0, PAM = 0
12-04 16:23:11.947  3785  7406 D SSRM:j  : ATC: Ambient Temperature = 20.46, Skin temperature = F_AP[28.50], F_RF[28.00], B_AP[29.00], B_RF[28.00], B_WIFI[26.00], B_SPK[25.30]
12-04 16:23:11.983  3383  3383 E audit   : type=1400 audit(1543940591.979:14711): avc:  denied  { read } for  pid=26283 comm="Thread-2" name="stat" dev="proc" ino=4026532420 scontext=u:r:untrusted_app_25:s0:c512,c768 tcontext=u:object_r:proc_stat:s0 tclass=file permissive=0 SEPF_SM-G955F_8.0.0_0016 audit_filtered
12-04 16:23:12.093  3383  3383 E audit   : type=1400 audit(1543940592.087:14712): avc:  denied  { read } for  pid=26283 comm="Thread-2" name="stat" dev="proc" ino=4026532420 scontext=u:r:untrusted_app_25:s0:c512,c768 tcontext=u:object_r:proc_stat:s0 tclass=file permissive=0 SEPF_SM-G955F_8.0.0_0016 audit_filtered
12-04 16:23:12.121 26283 26323 D UE4     : [2018.12.04-16.23.12:121][277]LogBlueprintUserMessages: [FirstTIle_C_0] 1
12-04 16:23:12.209  3383  3383 E audit   : type=1400 audit(1543940592.203:14713): avc:  denied  { read } for  pid=26283 comm="Thread-2" name="stat" dev="proc" ino=4026532420 scontext=u:r:untrusted_app_25:s0:c512,c768 tcontext=u:object_r:proc_stat:s0 tclass=file permissive=0 SEPF_SM-G955F_8.0.0_0016 audit_filtered
12-04 16:23:12.324  3383  3383 E audit   : type=1400 audit(1543940592.319:14714): avc:  denied  { read } for  pid=26283 comm="Thread-2" name="stat" dev="proc" ino=4026532420 scontext=u:r:untrusted_app_25:s0:c512,c768 tcontext=u:object_r:proc_stat:s0 tclass=file permissive=0 SEPF_SM-G955F_8.0.0_0016 audit_filtered
12-04 16:23:12.351  3376  3376 E adbd    : recv: OPEN 000024a5 00000000 000c:73 68 65 6C 6C 2C 76 32 3A 70 73 00 
12-04 16:23:12.351  3376  3376 E adbd    : service_to_fd: shell,v2:ps
12-04 16:23:12.425  4214  4510 D NetworkController.MobileSignalController(0/-2): onSignalStrengthsChanged signalStrength=SignalStrength: 16 99 -16 -200 -16 -200 -1 99 2147483647 2147483647 2147483647 2147483647 0 2147483647 0x4 P gsm|lte level=4
12-04 16:23:12.425  4214  4510 D NetworkController.MobileSignalController(0/-2): getMobileIconGroup(): 0
12-04 16:23:12.441  3383  3383 E audit   : type=1400 audit(1543940592.435:14715): avc:  denied  { read } for  pid=26283 comm="Thread-2" name="stat" dev="proc" ino=4026532420 scontext=u:r:untrusted_app_25:s0:c512,c768 tcontext=u:object_r:proc_stat:s0 tclass=file permissive=0 SEPF_SM-G955F_8.0.0_0016 audit_filtered
12-04 16:23:12.513  3785  4331 E Watchdog: !@Sync 372 [2018-12-04 16:23:12.513]
12-04 16:23:12.658  4939  4939 D io_stats: !@   8,0 r 102254 5712576 w 52325 1841284 d 4486 1323880 f 37699 39523 iot 94128 48192 th 307200 0 0 pt 0 inp 0 0 11175.503
12-04 16:23:12.778  3383  3383 I chatty  : uid=1999(audit) /system/bin/auditd identical 3 lines
12-04 16:23:12.892  3383  3383 E audit   : type=1400 audit(1543940592.887:14719): avc:  denied  { read } for  pid=26283 comm="Thread-2" name="stat" dev="proc" ino=4026532420 scontext=u:r:untrusted_app_25:s0:c512,c768 tcontext=u:object_r:proc_stat:s0 tclass=file permissive=0 SEPF_SM-G955F_8.0.0_0016 audit_filtered
12-04 16:23:12.949 26283 26323 D UE4     : [2018.12.04-16.23.12:948][325]LogBlueprintUserMessages: [FirstTIle_C_1] 2
12-04 16:23:12.994  3383  3383 E audit   : type=1400 audit(1543940592.987:14720): avc:  denied  { read } for  pid=26283 comm="Thread-2" name="stat" dev="proc" ino=4026532420 scontext=u:r:untrusted_app_25:s0:c512,c768 tcontext=u:object_r:proc_stat:s0 tclass=file permissive=0 SEPF_SM-G955F_8.0.0_0016 audit_filtered
12-04 16:23:13.342  3383  3383 I chatty  : uid=1999(audit) /system/bin/auditd identical 3 lines
12-04 16:23:13.456  3383  3383 E audit   : type=1400 audit(1543940593.451:14724): avc:  denied  { read } for  pid=26283 comm="Thread-2" name="stat" dev="proc" ino=4026532420 scontext=u:r:untrusted_app_25:s0:c512,c768 tcontext=u:object_r:proc_stat:s0 tclass=file permissive=0 SEPF_SM-G955F_8.0.0_0016 audit_filtered
12-04 16:23:13.562  3376  3376 E adbd    : recv: OPEN 000024a9 00000000 000c:73 68 65 6C 6C 2C 76 32 3A 70 73 00 
12-04 16:23:13.562  3376  3376 E adbd    : service_to_fd: shell,v2:ps
12-04 16:23:13.567  3383  3383 E audit   : type=1400 audit(1543940593.563:14725): avc:  denied  { read } for  pid=26283 comm="Thread-2" name="stat" dev="proc" ino=4026532420 scontext=u:r:untrusted_app_25:s0:c512,c768 tcontext=u:object_r:proc_stat:s0 tclass=file permissive=0 SEPF_SM-G955F_8.0.0_0016 audit_filtered
12-04 16:23:13.679  3383  3383 E audit   : type=1400 audit(1543940593.675:14726): avc:  denied  { read } for  pid=26283 comm="Thread-2" name="stat" dev="proc" ino=4026532420 scontext=u:r:untrusted_app_25:s0:c512,c768 tcontext=u:object_r:proc_stat:s0 tclass=file permissive=0 SEPF_SM-G955F_8.0.0_0016 audit_filtered
12-04 16:23:13.768 26283 26323 D UE4     : [2018.12.04-16.23.13:768][375]LogBlueprintUserMessages: [FirstTIle_C_2] 3
12-04 16:23:13.780  3383  3383 E audit   : type=1400 audit(1543940593.775:14727): avc:  denied  { read } for  pid=26283 comm="Thread-2" name="stat" dev="proc" ino=4026532420 scontext=u:r:untrusted_app_25:s0:c512,c768 tcontext=u:object_r:proc_stat:s0 tclass=file permissive=0 SEPF_SM-G955F_8.0.0_0016 audit_filtered
12-04 16:23:13.783  3785  3933 D InputReader: Input event(5): value=1 when=11176628913000
12-04 16:23:13.783  3785  3933 D InputReader: Input event(5): value=1 when=11176628913000
12-04 16:23:13.783  3785  3933 I InputReader: Touch event's action is 0x0 (deviceType=0) [pCnt=1, s=0.118 ] when=11176628913000
12-04 16:23:13.784  3785  3932 I InputDispatcher: Delivering touch to (4214): action: 0x4, toolType: 1
12-04 16:23:13.784  3785  3932 I InputDispatcher: Delivering touch to (26283): action: 0x0, toolType: 1
12-04 16:23:13.784 26283 26325 V threaded_app: New input event: type=2
12-04 16:23:13.785 26283 26283 D ViewRootImpl@95b93ff[GameActivity]: ViewPostIme pointer 0
12-04 16:23:13.806 26283 26325 V threaded_app: New input event: type=2
12-04 16:23:13.839 26283 26325 V threaded_app: New input event: type=2
12-04 16:23:13.848 26283 26323 D UE4     : [2018.12.04-16.23.13:848][380]LogBlueprintUserMessages: [ThirdPersonCharacter_C_0] Left
12-04 16:23:13.856 26283 26325 V threaded_app: New input event: type=2
12-04 16:23:13.872 26283 26325 I chatty  : uid=10228(u0_a228) identical 1 line
12-04 16:23:13.889 26283 26325 V threaded_app: New input event: type=2
12-04 16:23:13.894  3383  3383 E audit   : type=1400 audit(1543940593.887:14728): avc:  denied  { read } for  pid=26283 comm="Thread-2" name="stat" dev="proc" ino=4026532420 scontext=u:r:untrusted_app_25:s0:c512,c768 tcontext=u:object_r:proc_stat:s0 tclass=file permissive=0 SEPF_SM-G955F_8.0.0_0016 audit_filtered
12-04 16:23:13.906 26283 26325 V threaded_app: New input event: type=2
12-04 16:23:13.939 26283 26325 I chatty  : uid=10228(u0_a228) identical 2 lines
12-04 16:23:13.956 26283 26325 V threaded_app: New input event: type=2
12-04 16:23:13.959  3785  3933 D InputReader: Input event(5): value=0 when=11176805607000
12-04 16:23:13.960  3785  3933 D InputReader: Input event(5): value=0 when=11176805607000
12-04 16:23:13.960  3785  3933 I InputReader: Touch event's action is 0x1 (deviceType=0) [pCnt=1, s=] when=11176805607000
12-04 16:23:13.960  3785  3932 I InputDispatcher: Delivering touch to (26283): action: 0x1, toolType: 1
12-04 16:23:13.960 26283 26325 V threaded_app: New input event: type=2
12-04 16:23:13.961 26283 26325 V threaded_app: New input event: type=2
12-04 16:23:13.962  3785  7406 D CustomFrequencyManagerService: acquireDVFSLockLocked : type : DVFS_MIN_LIMIT  frequency : 858000  uid : 1000  pid : 3785  pkgName : GESTURE_DETECTED@CPU_MIN@81
12-04 16:23:13.963 26283 26283 D ViewRootImpl@95b93ff[GameActivity]: ViewPostIme pointer 1
12-04 16:23:14.009  3383  3383 E audit   : type=1400 audit(1543940594.003:14729): avc:  denied  { read } for  pid=26283 comm="Thread-2" name="stat" dev="proc" ino=4026532420 scontext=u:r:untrusted_app_25:s0:c512,c768 tcontext=u:object_r:proc_stat:s0 tclass=file permissive=0 SEPF_SM-G955F_8.0.0_0016 audit_filtered
12-04 16:23:14.409  3383  3383 I chatty  : uid=1999(audit) /system/bin/auditd identical 4 lines
12-04 16:23:14.526  3383  3383 E audit   : type=1400 audit(1543940594.523:14734): avc:  denied  { read } for  pid=26283 comm="Thread-2" name="stat" dev="proc" ino=4026532420 scontext=u:r:untrusted_app_25:s0:c512,c768 tcontext=u:object_r:proc_stat:s0 tclass=file permissive=0 SEPF_SM-G955F_8.0.0_0016 audit_filtered
12-04 16:23:14.580 26283 26323 D UE4     : [2018.12.04-16.23.14:580][424]LogBlueprintUserMessages: [MasterTile_C_0] 4
12-04 16:23:14.628  3383  3383 E audit   : type=1400 audit(1543940594.623:14735): avc:  denied  { read } for  pid=26283 comm="Thread-2" name="stat" dev="proc" ino=4026532420 scontext=u:r:untrusted_app_25:s0:c512,c768 tcontext=u:object_r:proc_stat:s0 tclass=file permissive=0 SEPF_SM-G955F_8.0.0_0016 audit_filtered
12-04 16:23:14.744  3383  3383 E audit   : type=1400 audit(1543940594.739:14736): avc:  denied  { read } for  pid=26283 comm="Thread-2" name="stat" dev="proc" ino=4026532420 scontext=u:r:untrusted_app_25:s0:c512,c768 tcontext=u:object_r:proc_stat:s0 tclass=file permissive=0 SEPF_SM-G955F_8.0.0_0016 audit_filtered
12-04 16:23:14.759  3376  3376 E adbd    : recv: OPEN 000024ad 00000000 000c:73 68 65 6C 6C 2C 76 32 3A 70 73 00 
12-04 16:23:14.759  3376  3376 E adbd    : service_to_fd: shell,v2:ps
12-04 16:23:14.795  3785  3785 D CustomFrequencyManagerService: releaseDVFSLockLocked : Getting Lock type frm List : DVFS_MIN_LIMIT  frequency : 858000  uid : 1000  pid : 3785  tag : GESTURE_DETECTED@CPU_MIN@81
12-04 16:23:14.847  3383  3383 E audit   : type=1400 audit(1543940594.843:14737): avc:  denied  { read } for  pid=26283 comm="Thread-2" name="stat" dev="proc" ino=4026532420 scontext=u:r:untrusted_app_25:s0:c512,c768 tcontext=u:object_r:proc_stat:s0 tclass=file permissive=0 SEPF_SM-G955F_8.0.0_0016 audit_filtered
12-04 16:23:15.040  3785  7406 D SSRM:A  : SIOP:: AP = 420, PST = 360 (W:15), BAT = 278, USB = 267, CHG = 350, CP = 309
12-04 16:23:15.178  3383  3383 I chatty  : uid=1999(audit) /system/bin/auditd identical 3 lines
12-04 16:23:15.291  3383  3383 E audit   : type=1400 audit(1543940595.287:14741): avc:  denied  { read } for  pid=26283 comm="Thread-2" name="stat" dev="proc" ino=4026532420 scontext=u:r:untrusted_app_25:s0:c512,c768 tcontext=u:object_r:proc_stat:s0 tclass=file permissive=0 SEPF_SM-G955F_8.0.0_0016 audit_filtered
12-04 16:23:15.381 26283 26323 D UE4     : [2018.12.04-16.23.15:381][471]LogBlueprintUserMessages: [MasterTile_C_1] 5
12-04 16:23:15.394  3383  3383 E audit   : type=1400 audit(1543940595.387:14742): avc:  denied  { read } for  pid=26283 comm="Thread-2" name="stat" dev="proc" ino=4026532420 scontext=u:r:untrusted_app_25:s0:c512,c768 tcontext=u:object_r:proc_stat:s0 tclass=file permissive=0 SEPF_SM-G955F_8.0.0_0016 audit_filtered
12-04 16:23:15.835  3383  3383 I chatty  : uid=1999(audit) /system/bin/auditd identical 4 lines
12-04 16:23:15.935  3383  3383 E audit   : type=1400 audit(1543940595.931:14747): avc:  denied  { read } for  pid=26283 comm="Thread-2" name="stat" dev="proc" ino=4026532420 scontext=u:r:untrusted_app_25:s0:c512,c768 tcontext=u:object_r:proc_stat:s0 tclass=file permissive=0 SEPF_SM-G955F_8.0.0_0016 audit_filtered
12-04 16:23:15.959  3376  3376 E adbd    : recv: OPEN 000024b1 00000000 000c:73 68 65 6C 6C 2C 76 32 3A 70 73 00 
12-04 16:23:15.960  3376  3376 E adbd    : service_to_fd: shell,v2:ps
12-04 16:23:16.049  3383  3383 E audit   : type=1400 audit(1543940596.043:14748): avc:  denied  { read } for  pid=26283 comm="Thread-2" name="stat" dev="proc" ino=4026532420 scontext=u:r:untrusted_app_25:s0:c512,c768 tcontext=u:object_r:proc_stat:s0 tclass=file permissive=0 SEPF_SM-G955F_8.0.0_0016 audit_filtered
12-04 16:23:16.158  3785  3933 D InputReader: Input event(5): value=1 when=11179004140000
12-04 16:23:16.158  3785  3933 D InputReader: Input event(5): value=1 when=11179004140000
12-04 16:23:16.158  3785  3933 I InputReader: Touch event's action is 0x0 (deviceType=0) [pCnt=1, s=0.119 ] when=11179004140000
12-04 16:23:16.158  3785  3932 I InputDispatcher: Delivering touch to (4214): action: 0x4, toolType: 1
12-04 16:23:16.158  3785  3932 I InputDispatcher: Delivering touch to (26283): action: 0x0, toolType: 1
12-04 16:23:16.159 26283 26325 V threaded_app: New input event: type=2
12-04 16:23:16.160 26283 26283 D ViewRootImpl@95b93ff[GameActivity]: ViewPostIme pointer 0
12-04 16:23:16.163  3383  3383 E audit   : type=1400 audit(1543940596.159:14749): avc:  denied  { read } for  pid=26283 comm="Thread-2" name="stat" dev="proc" ino=4026532420 scontext=u:r:untrusted_app_25:s0:c512,c768 tcontext=u:object_r:proc_stat:s0 tclass=file permissive=0 SEPF_SM-G955F_8.0.0_0016 audit_filtered
12-04 16:23:16.175 26283 26325 V threaded_app: New input event: type=2
12-04 16:23:16.175 26283 26323 D UE4     : [2018.12.04-16.23.16:175][517]LogBlueprintUserMessages: [MasterTile_C_2] 6
12-04 16:23:16.191 26283 26325 V threaded_app: New input event: type=2
12-04 16:23:16.200 26283 26323 D UE4     : [2018.12.04-16.23.16:200][519]LogBlueprintUserMessages: [ThirdPersonCharacter_C_0] up
12-04 16:23:16.208 26283 26325 V threaded_app: New input event: type=2
12-04 16:23:16.241 26283 26325 I chatty  : uid=10228(u0_a228) identical 2 lines
12-04 16:23:16.258 26283 26325 V threaded_app: New input event: type=2
12-04 16:23:16.264  3383  3383 E audit   : type=1400 audit(1543940596.259:14750): avc:  denied  { read } for  pid=26283 comm="Thread-2" name="stat" dev="proc" ino=4026532420 scontext=u:r:untrusted_app_25:s0:c512,c768 tcontext=u:object_r:proc_stat:s0 tclass=file permissive=0 SEPF_SM-G955F_8.0.0_0016 audit_filtered
12-04 16:23:16.275 26283 26325 V threaded_app: New input event: type=2
12-04 16:23:16.308 26283 26325 I chatty  : uid=10228(u0_a228) identical 2 lines
12-04 16:23:16.325 26283 26325 V threaded_app: New input event: type=2
12-04 16:23:16.331  3785  3933 D InputReader: Input event(5): value=0 when=11179177573000
12-04 16:23:16.331  3785  3933 D InputReader: Input event(5): value=0 when=11179177573000
12-04 16:23:16.331  3785  3933 I InputReader: Touch event's action is 0x1 (deviceType=0) [pCnt=1, s=] when=11179177573000
12-04 16:23:16.332  3785  3932 I InputDispatcher: Delivering touch to (26283): action: 0x1, toolType: 1
12-04 16:23:16.332 26283 26325 V threaded_app: New input event: type=2
12-04 16:23:16.333 26283 26325 V threaded_app: New input event: type=2
12-04 16:23:16.333  3785  7406 D CustomFrequencyManagerService: acquireDVFSLockLocked : type : DVFS_MIN_LIMIT  frequency : 858000  uid : 1000  pid : 3785  pkgName : GESTURE_DETECTED@CPU_MIN@81
12-04 16:23:16.334 26283 26283 D ViewRootImpl@95b93ff[GameActivity]: ViewPostIme pointer 1
12-04 16:23:16.372  3383  3383 E audit   : type=1400 audit(1543940596.367:14751): avc:  denied  { read } for  pid=26283 comm="Thread-2" name="stat" dev="proc" ino=4026532420 scontext=u:r:untrusted_app_25:s0:c512,c768 tcontext=u:object_r:proc_stat:s0 tclass=file permissive=0 SEPF_SM-G955F_8.0.0_0016 audit_filtered
12-04 16:23:16.811  3383  3383 I chatty  : uid=1999(audit) /system/bin/auditd identical 4 lines
12-04 16:23:16.913  3383  3383 E audit   : type=1400 audit(1543940596.907:14756): avc:  denied  { read } for  pid=26283 comm="Thread-2" name="stat" dev="proc" ino=4026532420 scontext=u:r:untrusted_app_25:s0:c512,c768 tcontext=u:object_r:proc_stat:s0 tclass=file permissive=0 SEPF_SM-G955F_8.0.0_0016 audit_filtered
12-04 16:23:16.949 26283 26323 D UE4     : [2018.12.04-16.23.16:949][565]LogBlueprintUserMessages: [MasterTile_C_3] 7
12-04 16:23:17.028  3383  3383 E audit   : type=1400 audit(1543940597.023:14757): avc:  denied  { read } for  pid=26283 comm="Thread-2" name="stat" dev="proc" ino=4026532420 scontext=u:r:untrusted_app_25:s0:c512,c768 tcontext=u:object_r:proc_stat:s0 tclass=file permissive=0 SEPF_SM-G955F_8.0.0_0016 audit_filtered
12-04 16:23:17.110  3785  3785 D CustomFrequencyManagerService: releaseDVFSLockLocked : Getting Lock type frm List : DVFS_MIN_LIMIT  frequency : 858000  uid : 1000  pid : 3785  tag : GESTURE_DETECTED@CPU_MIN@81
12-04 16:23:17.155  3383  3383 E audit   : type=1400 audit(1543940597.151:14758): avc:  denied  { read } for  pid=26283 comm="Thread-2" name="stat" dev="proc" ino=4026532420 scontext=u:r:untrusted_app_25:s0:c512,c768 tcontext=u:object_r:proc_stat:s0 tclass=file permissive=0 SEPF_SM-G955F_8.0.0_0016 audit_filtered
12-04 16:23:17.165  3376  3376 E adbd    : recv: OPEN 000024b5 00000000 000c:73 68 65 6C 6C 2C 76 32 3A 70 73 00 
12-04 16:23:17.165  3376  3376 E adbd    : service_to_fd: shell,v2:ps
12-04 16:23:17.215  4214  4510 D NetworkController.MobileSignalController(0/-2): onSignalStrengthsChanged signalStrength=SignalStrength: 15 99 -15 -200 -15 -200 -1 99 2147483647 2147483647 2147483647 2147483647 0 2147483647 0x4 P gsm|lte level=4
12-04 16:23:17.216  4214  4510 D NetworkController.MobileSignalController(0/-2): getMobileIconGroup(): 0
12-04 16:23:17.265  3383  3383 E audit   : type=1400 audit(1543940597.259:14759): avc:  denied  { read } for  pid=26283 comm="Thread-2" name="stat" dev="proc" ino=4026532420 scontext=u:r:untrusted_app_25:s0:c512,c768 tcontext=u:object_r:proc_stat:s0 tclass=file permissive=0 SEPF_SM-G955F_8.0.0_0016 audit_filtered
12-04 16:23:17.584  3383  3383 I chatty  : uid=1999(audit) /system/bin/auditd identical 3 lines
12-04 16:23:17.662  4939  4939 D io_stats: !@   8,0 r 102254 5712576 w 52346 1841432 d 4486 1323880 f 37724 39548 iot 94172 48200 th 307200 0 0 pt 0 inp 0 0 11180.507
12-04 16:23:17.700  3383  3383 E audit   : type=1400 audit(1543940597.695:14763): avc:  denied  { read } for  pid=26283 comm="Thread-2" name="stat" dev="proc" ino=4026532420 scontext=u:r:untrusted_app_25:s0:c512,c768 tcontext=u:object_r:proc_stat:s0 tclass=file permissive=0 SEPF_SM-G955F_8.0.0_0016 audit_filtered
12-04 16:23:17.740 26283 26323 D UE4     : [2018.12.04-16.23.17:740][612]LogBlueprintUserMessages: [MasterTile_C_4] 8
12-04 16:23:17.815  3383  3383 E audit   : type=1400 audit(1543940597.811:14764): avc:  denied  { read } for  pid=26283 comm="Thread-2" name="stat" dev="proc" ino=4026532420 scontext=u:r:untrusted_app_25:s0:c512,c768 tcontext=u:object_r:proc_stat:s0 tclass=file permissive=0 SEPF_SM-G955F_8.0.0_0016 audit_filtered
12-04 16:23:18.162  3383  3383 I chatty  : uid=1999(audit) /system/bin/auditd identical 3 lines
12-04 16:23:18.263  3383  3383 E audit   : type=1400 audit(1543940598.259:14768): avc:  denied  { read } for  pid=26283 comm="Thread-2" name="stat" dev="proc" ino=4026532420 scontext=u:r:untrusted_app_25:s0:c512,c768 tcontext=u:object_r:proc_stat:s0 tclass=file permissive=0 SEPF_SM-G955F_8.0.0_0016 audit_filtered
12-04 16:23:18.355  3376  3376 E adbd    : recv: OPEN 000024b9 00000000 000c:73 68 65 6C 6C 2C 76 32 3A 70 73 00 
12-04 16:23:18.355  3376  3376 E adbd    : service_to_fd: shell,v2:ps
12-04 16:23:18.379  3383  3383 E audit   : type=1400 audit(1543940598.375:14769): avc:  denied  { read } for  pid=26283 comm="Thread-2" name="stat" dev="proc" ino=4026532420 scontext=u:r:untrusted_app_25:s0:c512,c768 tcontext=u:object_r:proc_stat:s0 tclass=file permissive=0 SEPF_SM-G955F_8.0.0_0016 audit_filtered
12-04 16:23:18.381 26283 26323 D UE4     : LogUMG: Display: Widget Class GameOver_C - Loaded Fast Template.
12-04 16:23:18.381 26283 26323 D UE4     : 
12-04 16:23:18.381 26283 26323 D UE4     : [2018.12.04-16.23.18:381][648]LogUMG: Display: Widget Class GameOver_C - Loaded Fast Template.
12-04 16:23:18.389 26283 26410 D         : PlayerBase::PlayerBase()
12-04 16:23:18.390 26283 26410 D         : TrackPlayerBase::TrackPlayerBase()
12-04 16:23:18.390 26283 26410 I libOpenSLES: Emulating old channel mask behavior (ignoring positional mask 0x4, using default mask 0x1 based on channel count of 1)
12-04 16:23:18.394  3403  3588 V APM_AudioPolicyManager: getOutputForAttr() usage=1, content=2, tag= flags=00000000 session 217 selectedDeviceId 0
12-04 16:23:18.394  3403  3588 D APM::SoundKitchen: getDevice, uid = 10228, device = 0
12-04 16:23:18.394  3403  3588 V APM_AudioPolicyManager: getOutputForAttr() device 0x2, samplingRate 44100, format 1, channelMask 1, flags 104
12-04 16:23:18.394  3403  3588 V APM_AudioPolicyManager: selectOutput() commonFlags for output 13, 0000
12-04 16:23:18.394  3403  3588 V APM_AudioPolicyManager: selectOutput() commonFlags for output 21, 0001
12-04 16:23:18.394  3403  3588 V APM_AudioPolicyManager:   getOutputForDevice() returns output 21
12-04 16:23:18.394 26283 26410 W AudioTrack: AUDIO_OUTPUT_FLAG_FAST denied by client; transfer 1, track 44100 Hz, output 48000 Hz
12-04 16:23:18.395  3403  3588 I AudioFlinger: add dynamic flag, can move to deep thread, session 217
12-04 16:23:18.398 26283 26410 D AudioTrack: Client defaulted notificationFrames to 590 for frameCount 1772
12-04 16:23:18.402 26283 26410 I AudioTrack: updateAudioTranstionLength FadeIn[0] FadeOut[0] FadeInRing[0]
12-04 16:23:18.402  3785  6486 D AudioPlaybackMonitor: Found a new active media playback. ID:215 -- type:OpenSL ES AudioPlayer (Buffer Queue) -- u/pid:10228/26283 -- state:started -- attr:AudioAttributes: usage=1 content=0 flags=0x0 tags= bundle=null
12-04 16:23:18.402  3403 20853 W AudioPolicyIntefaceImpl: Skipped to add effects on session 217
12-04 16:23:18.402  3403 20853 V APM_AudioPolicyManager: startOutput() output 21, stream 3, session 217
12-04 16:23:18.402  3403 20853 D APM::SoundKitchen: getDevice, uid = 10228, device = 0
12-04 16:23:18.402  3403 20853 D APM_AudioPolicyManager: newDevice=0
12-04 16:23:18.402  3403 20853 V APM_AudioPolicyManager: setBeaconMute(1) mBeaconMuteRefCount=1 mBeaconPlayingRefCount=0
12-04 16:23:18.403  3403 20853 V APM_AudioPolicyManager: selectOutputForMusicEffects activeOnly 1 outputs[1] flags 0x00000004
12-04 16:23:18.403  3785  6486 D MediaSessionStack: updateMediaButtonSessionIfNeeded, callers=com.android.server.media.MediaSessionService$1.onAudioPlaybackStarted:189 com.android.server.media.AudioPlaybackMonitor.dispatchPlaybackConfigChange:127 
12-04 16:23:18.403  3403 20853 V APM_AudioPolicyManager: selectOutputForMusicEffects selected output 13
12-04 16:23:18.403  3403 20853 V APM_AudioPolicyManager: getNewOutputDevice() selected device 2
12-04 16:23:18.403  3403 20853 V APM_AudioPolicyManager: setOutputDevice() device 0002 delayMs 0
12-04 16:23:18.403  3403 20853 V APM_AudioPolicyManager: setOutputDevice() prevDevice 0x0002
12-04 16:23:18.403  3403 20853 V APM_AudioPolicyManager: setOutputDevice() setting same device 0x0002 or null device
12-04 16:23:18.403  3403 20853 I AudioEffectStage: getStageIndex low_output_sub1_normal
12-04 16:23:18.403  3403 20853 I AudioFlinger: updateStageIndex prev 0, new -2102
12-04 16:23:18.403  3403 20853 I AudioEffectStage: getSinkBuffer low_output_sub1_normal
12-04 16:23:18.405  3785  4024 D StorageManagerService: getExternalStorageMountMode : 1
12-04 16:23:18.405  3785  4024 D StorageManagerService: getExternalStorageMountMode : 3
12-04 16:23:18.406  3785  4024 D StorageManagerService: getExternalStorageMountMode : final mountMode=1, uid : 10074, packageName : com.sec.android.app.soundalive
12-04 16:23:18.408  3785  4024 I ApplicationPolicy: isApplicationExternalStorageWhitelisted:com.sec.android.app.soundalive user:0
12-04 16:23:18.408  3785  4024 D ApplicationPolicy: isApplicationExternalStorageWhitelisted: DO is not enabled on user 0. Allowed.
12-04 16:23:18.408  3785  4024 D ActivityManager: package  com.sec.android.app.soundalive, user - 0 is SDcard whitelisted
12-04 16:23:18.408  3785  4024 I ApplicationPolicy: isApplicationExternalStorageBlacklisted:com.sec.android.app.soundalive user:0
12-04 16:23:18.408  3785  4024 D ApplicationPolicy: isApplicationExternalStorageBlacklisted: DO is not enabled on user 0. Allowed.
12-04 16:23:18.408  3226  5790 D audio_hw_primary_abox: fast_out-set_audio_route: [PLAYBACK] current-device(none) new-device(speaker) in cur-mode(none) & new-mode(normal)!
12-04 16:23:18.409  3226  5790 I audio_route: > audio_route_apply_path : "media-speaker"
12-04 16:23:18.409  3226  5790 I audio_route: > audio_route_update_path : "media-speaker" reverse(0)
12-04 16:23:18.413  3226  5790 D audio_hw_primary_abox: fast_out-do_set_route: Enabled Audio Route(media-speaker)
12-04 16:23:18.413  3226  5790 I audio_route: > audio_route_apply_path : "gain-media-speaker"
12-04 16:23:18.413  3226  5790 I audio_route: > audio_route_update_path : "gain-media-speaker" reverse(0)
12-04 16:23:18.413  3226  5790 D audio_hw_primary_abox: fast_out-do_set_route: Enabled Audio Gain(gain-media-speaker)
12-04 16:23:18.415  3226  5790 I audio_hw_primary_abox: [do_open_spkamp_stream] Opened PCM Device(/dev/snd/pcmC0D7p) configured Info: Channels(2)  Smapling Rate(48000), Format: Default(0)
12-04 16:23:18.423  3226  5790 I audio_hw_primary_abox: [do_open_spkamp_stream] Opened PCM Device(/dev/snd/pcmC0D11c) configured Info: Channels(2)  Smapling Rate(48000), Format: Default(0)
12-04 16:23:18.428  3226  5790 I audio_hw_primary_abox: [do_open_spkamp_stream] Opened PCM Device(/dev/snd/pcmC0D12c) configured Info: Channels(2)  Smapling Rate(48000), Format: Default(0)
12-04 16:23:18.436  3226  5790 I audio_hw_primary_abox: [do_open_spkamp_stream] Opened PCM Device(/dev/snd/pcmC0D6p) configured Info: Channels(2)  Smapling Rate(48000), Format: Default(0)
12-04 16:23:18.452  3785  4024 I ActivityManager: Start proc 26452:com.sec.android.app.soundalive/u0a74 for content provider com.sec.android.app.soundalive/.compatibility.SAContentProvider
12-04 16:23:18.457 26452 26452 E Zygote  : isWhitelistProcess - Process is Whitelisted
12-04 16:23:18.459  3226  5790 I audio_hw_primary_abox: fast_out-do_open_output_stream: Opened PCM Device is /dev/snd/pcmC0D2p samplingRate(48000) pcmformat(0)
12-04 16:23:18.460  3226  5790 I audio_hw_primary_abox: fast_out-out_write: Transit to Idle
12-04 16:23:18.461 26452 26452 E libpersona: scanKnoxPersonas
12-04 16:23:18.461 26452 26452 E libpersona: Couldn't open the File - /data/system/users/0/personalist.xml - No such file or directory
12-04 16:23:18.463  3226  5790 I audio_hw_primary_abox: fast_out-out_write: Transit to Playing
12-04 16:23:18.464  3226  5790 V audio_hw_primary_abox: fast_out-out_get_presentation_position: Error is -1
12-04 16:23:18.464  3226  5790 W StreamHAL: Error from HAL stream in function get_presentation_position: Operation not permitted
12-04 16:23:18.464  3226  5790 V audio_hw_primary_abox: fast_out-out_get_presentation_position: Error is -1
12-04 16:23:18.464  3226  5790 W StreamHAL: Error from HAL stream in function get_presentation_position: Operation not permitted
12-04 16:23:18.466 26452 26452 W SELinux : SELinux selinux_android_compute_policy_index : Policy Index[2],  Con:u:r:zygote:s0 RAM:SEPF_SM-G955F_8.0.0_0016, [-1 -1 -1 -1 0 1]
12-04 16:23:18.468 26452 26452 I SELinux : SELinux: seapp_context_lookup: seinfo=platform, level=s0:c512,c768, pkgname=com.sec.android.app.soundalive 
12-04 16:23:18.484  3403  3673 I AudioMixer: create resampler src 44100, 1, dst 48000, 1, q 8
12-04 16:23:18.484  3403  3673 D SoundAliveResampler: [SoundAliveResampler] Init+++
12-04 16:23:18.489  3383  3383 E audit   : type=1400 audit(1543940598.483:14770): avc:  denied  { read } for  pid=26283 comm="Thread-2" name="stat" dev="proc" ino=4026532420 scontext=u:r:untrusted_app_25:s0:c512,c768 tcontext=u:object_r:proc_stat:s0 tclass=file permissive=0 SEPF_SM-G955F_8.0.0_0016 audit_filtered
12-04 16:23:18.511 26452 26452 D TimaKeyStoreProvider: TimaKeyStore is not enabled: cannot add TimaSignature Service and generateKeyPair Service
12-04 16:23:18.511 26452 26452 D ActivityThread: Added TimaKeyStore provider
12-04 16:23:18.514  3785  6486 I ActivityManager: DSS on for com.sec.android.app.soundalive and scale is 1.0
12-04 16:23:18.562 26452 26467 I vndksupport: sphal namespace is not configured for this process. Loading /vendor/lib64/egl/libGLES_mali.so from the current namespace instead.
12-04 16:23:18.568  3785  4024 W Binder  : Outgoing transactions from this process must be FLAG_ONEWAY
12-04 16:23:18.568  3785  4024 W Binder  : java.lang.Throwable
12-04 16:23:18.568  3785  4024 W Binder  : 	at android.os.BinderProxy.transact(Binder.java:744)
12-04 16:23:18.568  3785  4024 W Binder  : 	at android.content.ContentProviderProxy.insert(ContentProviderNative.java:474)
12-04 16:23:18.568  3785  4024 W Binder  : 	at android.content.ContentResolver.insert(ContentResolver.java:1545)
12-04 16:23:18.568  3785  4024 W Binder  : 	at com.android.server.audio.AudioService.notifyDVFSToSoundAlive(AudioService.java:12997)
12-04 16:23:18.568  3785  4024 W Binder  : 	at com.android.server.audio.AudioService.-wrap37(Unknown Source:0)
12-04 16:23:18.568  3785  4024 W Binder  : 	at com.android.server.audio.AudioService$AudioHandler.handleMessage(AudioService.java:7296)
12-04 16:23:18.568  3785  4024 W Binder  : 	at android.os.Handler.dispatchMessage(Handler.java:105)
12-04 16:23:18.568  3785  4024 W Binder  : 	at android.os.Looper.loop(Looper.java:164)
12-04 16:23:18.568  3785  4024 W Binder  : 	at com.android.server.audio.AudioService$AudioSystemThread.run(AudioService.java:6575)
12-04 16:23:18.569 26452 26452 D BixbyApplication: onCreate()
12-04 16:23:18.572 26452 26452 D a_0.1.0 : Version Name:8.0.37
12-04 16:23:18.578 26452 26465 D SADVFSHelper: Either heavy-duty effect is Off or Music playback is not active
12-04 16:23:18.589  3383  3383 E audit   : type=1400 audit(1543940598.583:14771): avc:  denied  { read } for  pid=26283 comm="Thread-2" name="stat" dev="proc" ino=4026532420 scontext=u:r:untrusted_app_25:s0:c512,c768 tcontext=u:object_r:proc_stat:s0 tclass=file permissive=0 SEPF_SM-G955F_8.0.0_0016 audit_filtered
12-04 16:23:18.599 26452 26467 D libEGL  : loaded /vendor/lib64/egl/libGLES_mali.so
12-04 16:23:18.695  3383  3383 E audit   : type=1400 audit(1543940598.691:14772): avc:  denied  { read } for  pid=26283 comm="Thread-2" name="stat" dev="proc" ino=4026532420 scontext=u:r:untrusted_app_25:s0:c512,c768 tcontext=u:object_r:proc_stat:s0 tclass=file permissive=0 SEPF_SM-G955F_8.0.0_0016 audit_filtered
12-04 16:23:19.451  3383  3383 I chatty  : uid=1999(audit) /system/bin/auditd identical 7 lines
12-04 16:23:19.564  3383  3383 E audit   : type=1400 audit(1543940599.559:14780): avc:  denied  { read } for  pid=26283 comm="Thread-2" name="stat" dev="proc" ino=4026532420 scontext=u:r:untrusted_app_25:s0:c512,c768 tcontext=u:object_r:proc_stat:s0 tclass=file permissive=0 SEPF_SM-G955F_8.0.0_0016 audit_filtered
12-04 16:23:19.580 26452 26452 D SADVFSHelper: Either heavy-duty effect is Off or Music playback is not active
12-04 16:23:19.629  3376  3376 E adbd    : recv: OPEN 000024bd 00000000 000c:73 68 65 6C 6C 2C 76 32 3A 70 73 00 
12-04 16:23:19.629  3376  3376 E adbd    : service_to_fd: shell,v2:ps
12-04 16:23:19.675  3785  3933 D InputReader: Input event(5): value=1 when=11182520889000
12-04 16:23:19.675  3785  3933 D InputReader: Input event(5): value=1 when=11182520889000
12-04 16:23:19.675  3785  3933 I InputReader: Touch event's action is 0x0 (deviceType=0) [pCnt=1, s=0.120 ] when=11182520889000
12-04 16:23:19.675  3785  3932 I InputDispatcher: Delivering touch to (4214): action: 0x4, toolType: 1
12-04 16:23:19.675  3785  3932 I InputDispatcher: Delivering touch to (26283): action: 0x0, toolType: 1
12-04 16:23:19.676 26283 26325 V threaded_app: New input event: type=2
12-04 16:23:19.677 26283 26283 D ViewRootImpl@95b93ff[GameActivity]: ViewPostIme pointer 0
12-04 16:23:19.680  3383  3383 E audit   : type=1400 audit(1543940599.675:14781): avc:  denied  { read } for  pid=26283 comm="Thread-2" name="stat" dev="proc" ino=4026532420 scontext=u:r:untrusted_app_25:s0:c512,c768 tcontext=u:object_r:proc_stat:s0 tclass=file permissive=0 SEPF_SM-G955F_8.0.0_0016 audit_filtered
12-04 16:23:19.683 26283 26323 D UE4     : [2018.12.04-16.23.19:683][725]LogSlate: FSceneViewport::OnFocusLost() reason 0
12-04 16:23:19.689  4214  4510 D NetworkController.MobileSignalController(0/-2): onSignalStrengthsChanged signalStrength=SignalStrength: 13 99 -13 -200 -13 -200 -1 99 2147483647 2147483647 2147483647 2147483647 0 2147483647 0x4 P gsm|lte level=4
12-04 16:23:19.689  4214  4510 D NetworkController.MobileSignalController(0/-2): getMobileIconGroup(): 0
12-04 16:23:19.710 26283 26325 V threaded_app: New input event: type=2
12-04 16:23:19.726 26283 26325 I chatty  : uid=10228(u0_a228) identical 1 line
12-04 16:23:19.743 26283 26325 V threaded_app: New input event: type=2
12-04 16:23:19.751  3785  3933 D InputReader: Input event(5): value=0 when=11182596840000
12-04 16:23:19.751  3785  3933 D InputReader: Input event(5): value=0 when=11182596840000
12-04 16:23:19.751  3785  3933 I InputReader: Touch event's action is 0x1 (deviceType=0) [pCnt=1, s=] when=11182596840000
12-04 16:23:19.751  3785  3932 I InputDispatcher: Delivering touch to (26283): action: 0x1, toolType: 1
12-04 16:23:19.752 26283 26325 V threaded_app: New input event: type=2
12-04 16:23:19.752 26283 26325 V threaded_app: New input event: type=2
12-04 16:23:19.753 26283 26283 D ViewRootImpl@95b93ff[GameActivity]: ViewPostIme pointer 1
12-04 16:23:19.772 26283 26323 D UE4     : [2018.12.04-16.23.19:771][730]LogNet: Browse: /Game/ThirdPersonBP/Maps/FirstMap?Name=Player?restart
12-04 16:23:19.785 26283 26323 D UE4     : [2018.12.04-16.23.19:785][730]LogLoad: LoadMap: /Game/ThirdPersonBP/Maps/FirstMap?Name=Player
12-04 16:23:19.799 26283 26410 D AudioTrack: stop() called with 59998 frames delivered
12-04 16:23:19.799 26283 26410 I AudioTrack: Skip ramp
12-04 16:23:19.799 26283 26410 D         : PlayerBase::stop() from IPlayer
12-04 16:23:19.864  3403  3673 I SoundAlive_Interface: [ -343334656 ][ 48000 ]FlushBuffers()
12-04 16:23:19.864  3403  3673 I SoundAlive_Core: [ -343334656 ][ 48000 ](interface-API)FlushBuffers()
12-04 16:23:19.864  3403  3673 D SoundAlive_Core: [ -343334656 ][ 48000 ](internal-API)ReOpen( ConfigMode : 1 )
12-04 16:23:19.864  3403  3673 I SoundAlive_Effect: [ -343334656 ][ 48000 ]Init() nch : 2  bitdepth : 0 
12-04 16:23:19.864  3403  3673 I SoundAlive_Effect: [ -343334656 ][ 48000 ]SamplingRateConfig() SamplingRate : 48000
12-04 16:23:19.864  3403  3673 I SoundAlive_Effect: [ -343334656 ][ 48000 ]OutDevConfig() OutDevConfig : 1
12-04 16:23:19.864  3403  3673 D SoundAlive_Core: [ -343334656 ][ 48000 ](internal-API)Set_Current_Effect_Configuration( ConfigMode : 1 )
12-04 16:23:19.864  3403  3673 I SoundAlive_Effect: [ -343334656 ][ 48000 ]Set_Preset() : 0
12-04 16:23:19.864  3403  3673 I SoundAlive_Effect: [ -343334656 ][ 48000 ]Set_User_BWE() 0
12-04 16:23:19.864  3403  3673 I SoundAlive_Effect: [ -343334656 ][ 48000 ]Set_User_CH() : 0
12-04 16:23:19.864  3403  3673 I SoundAlive_Effect: [ -343334656 ][ 48000 ]Set_SquareUI() : 4 , 4
12-04 16:23:19.864  3403  3673 I SoundAlive_Effect: [ -343334656 ][ 48000 ]Set_User_3D() : 0
12-04 16:23:19.864  3403  3673 I SoundAlive_Effect: [ -343334656 ][ 48000 ]Set_User_BE() : 0
12-04 16:23:19.864  3403  3673 I SoundBoosterEffectPlus: SB_reset SoundBooster sessionId(-2102)
12-04 16:23:19.864  3403  3673 I SoundBooster8: BuffClear()
12-04 16:23:19.869 26283 26323 D UE4     : LogStreaming: Display: Flushing async loaders.
12-04 16:23:19.869 26283 26323 D UE4     : 
12-04 16:23:19.869 26283 26323 D UE4     : [2018.12.04-16.23.19:869][730]LogStreaming: Display: Flushing async loaders.
12-04 16:23:19.875  3403  3577 V APM_AudioPolicyManager: stopOutput() output 21, stream 3, session 217
12-04 16:23:19.875  3403  3577 V APM_AudioPolicyManager: setLoggingHwData() type(2) device(0x2) time(1) volume(11)
12-04 16:23:19.875  3403  3577 D APM::SoundKitchen: getDevice, uid = 10228, device = 0
12-04 16:23:19.875  3403  3577 V APM_AudioPolicyManager: setBeaconMute(1) mBeaconMuteRefCount=0 mBeaconPlayingRefCount=0
12-04 16:23:19.875  3403  3577 V APM_AudioPolicyManager: getNewOutputDevice() selected device 0
12-04 16:23:19.875  3403  3577 V APM_AudioPolicyManager: setOutputDevice() device 0000 delayMs 96
12-04 16:23:19.875  3403  3577 V APM_AudioPolicyManager: setOutputDevice() prevDevice 0x0002
12-04 16:23:19.875  3403  3577 V APM_AudioPolicyManager: setOutputDevice() setting same device 0x0000 or null device
12-04 16:23:19.875  3403  3577 V APM_AudioPolicyManager: selectOutputForMusicEffects selected output 13
12-04 16:23:19.875  3403  3577 V APM_AudioPolicyManager: releaseOutput() 21
12-04 16:23:20.306 26283 26323 D UE4     : [2018.12.04-16.23.20:305][730]LogAIModule: Creating AISystem for world FirstMap
12-04 16:23:20.306 26283 26323 D UE4     : [2018.12.04-16.23.20:306][730]LogLoad: Game class is 'ThirdPersonGameMode_C'
12-04 16:23:20.308 26283 26323 D UE4     : [2018.12.04-16.23.20:308][730]LogWorld: Bringing World /Game/ThirdPersonBP/Maps/FirstMap.FirstMap up for play (max tick rate 0) at 2018.12.04-16.23.20
12-04 16:23:20.309 26283 26323 D UE4     : [2018.12.04-16.23.20:309][730]LogWorld: Bringing up level for play took: 0.001326
12-04 16:23:20.309 26283 26323 D UE4     : LogOnline: Warning: FOnlineSubsystemGooglePlayModule was disabled
12-04 16:23:20.309 26283 26323 D UE4     : 
12-04 16:23:20.309 26283 26323 D UE4     : [2018.12.04-16.23.20:309][730]LogOnline: Warning: FOnlineSubsystemGooglePlayModule was disabled
12-04 16:23:20.315 26283 26323 D UE4     : LogUMG: Display: Widget Class RunnerHud_C - Loaded Fast Template.
12-04 16:23:20.315 26283 26323 D UE4     : 
12-04 16:23:20.315 26283 26323 D UE4     : [2018.12.04-16.23.20:315][730]LogUMG: Display: Widget Class RunnerHud_C - Loaded Fast Template.
