12-04 14:55:25.079  4214  4214 D ViewRootImpl@8c5732[NavigationBar]: MSG_RESIZED_REPORT: frame=Rect(2094, 0 - 2220, 1080) ci=Rect(0, 0 - 0, 0) vi=Rect(0, 0 - 0, 0) or=2
12-04 14:55:25.099  3785  6485 V WindowManager: Relayout Window{ddbd06e u0 StatusBar}: viewVisibility=0 req=2220x63 WM.LayoutParams{(0,0)(fillx63) gr=#30 sim=#10 ty=2000 fl=#81840048 fmt=-3 vsysui=0x600 colorMode=0 naviIconColor=0}
12-04 14:55:25.104  4214  4214 D ViewRootImpl@50d39c7[StatusBar]: Relayout returned: old=[0,0][2220,63] new=[0,0][2220,63] result=0x23 surface={valid=true 494354108416} changed=false
12-04 14:55:25.106  4214  4649 D OpenGLRenderer: eglDestroySurface = 0x733441f170
12-04 14:55:25.107  4214  4649 D mali_winsys: EGLint new_window_surface(egl_winsys_display *, void *, EGLSurface, EGLConfig, egl_winsys_surface **, egl_color_buffer_format *, EGLBoolean) returns 0x3000,  [2220x63]-format:1
12-04 14:55:25.107  4214  4649 D OpenGLRenderer: eglCreateWindowSurface = 0x733441f170
12-04 14:55:25.120  3785  5262 D ActivityManager: isScaleDownAnimationEnabled() : false
12-04 14:55:25.122  3785  5262 D PersonaManagerService: Current focused persona service handled id set to : 0
12-04 14:55:25.122  3785  5262 D InputDispatcher: Focused application set to: xxxx
12-04 14:55:25.123  3785  4067 D GameManagerService: handleForegroundChange(). pkgName: com.YourCompany.FlaminGo, clsName: com.epicgames.ue4.GameActivity,FgActivityName:com.YourCompany.FlaminGo/com.epicgames.ue4.GameActivity
12-04 14:55:25.123  3785  4067 D GameManagerService:   handleForegroundChange(). same package. game has never resumed yet. ignore
12-04 14:55:25.123  3785  5262 D MARsPolicyManager: onPackageResumedFG pkgName = com.YourCompany.FlaminGo, userId = 0
12-04 14:55:25.124  4214  4214 D ScrollView:  onsize change changed 
12-04 14:55:25.130  3785  3936 D MdnieScenarioControlService:  packageName : com.YourCompany.FlaminGo    className : com.epicgames.ue4.GameActivity
12-04 14:55:25.130  3785  3936 V MdnieScenarioControlService: setUIMode from UI function(3)
12-04 14:55:25.133  3785  5262 V WindowManager: finishDrawingLocked: mDrawState=COMMIT_DRAW_PENDING Window{ddbd06e u0 StatusBar} in Surface(name=StatusBar)
12-04 14:55:25.134  4214  4214 D ViewRootImpl@455cf1c[AssistPreviewPanel]: dispatchAttachedToWindow
12-04 14:55:25.136  3785  5262 V WindowManager: Relayout Window{d95ce36 u0 AssistPreviewPanel}: viewVisibility=8 req=2092x656 WM.LayoutParams{(0,0)(fillx656) gr=#800053 sim=#31 ty=2033 fl=#1000118 fmt=-3 vsysui=0x700 colorMode=0 naviIconColor=0}
12-04 14:55:25.136 23418 23418 W linker  : /data/app/com.YourCompany.FlaminGo-FpxEvu5ASItWhZTcsA0a2Q==/lib/arm/libOVRPlugin.so: is missing DT_SONAME will use basename as a replacement: "libOVRPlugin.so"
12-04 14:55:25.138 23418 23418 D OVRPlugin: JNI_OnLoad
12-04 14:55:25.139  4214  4214 D ViewRootImpl@455cf1c[AssistPreviewPanel]: Relayout returned: old=[0,0][0,0] new=[0,1080][2094,1080] result=0x1 surface={valid=false 0} changed=false
12-04 14:55:25.139  4214  4214 D ViewRootImpl@496f702[DockedStackDivider]: dispatchAttachedToWindow
12-04 14:55:25.140  3785  3880 I WindowManager: Screen frozen for +303ms due to Window{ddbd06e u0 StatusBar}
12-04 14:55:25.141  3249  3249 I SurfaceFlinger: id=168 createSurf (2160x2220),-1 flag=20004, BlackSurface#0
12-04 14:55:25.142  3249  3249 I SurfaceFlinger: id=169 createSurf (1080x4440),-1 flag=20004, BlackSurface#0
12-04 14:55:25.142  3249  3249 I SurfaceFlinger: id=170 createSurf (2160x2220),-1 flag=20004, BlackSurface#0
12-04 14:55:25.143  3249  3249 I SurfaceFlinger: id=171 createSurf (1080x4440),-1 flag=20004, BlackSurface#0
12-04 14:55:25.143  3785  3880 D InputDispatcher: setInputDispatchMode: enabled=1, frozen=0
12-04 14:55:25.145  3785  5262 V WindowManager: Relayout Window{e51e9d3 u0 DockedStackDivider}: viewVisibility=4 req=126x1016 WM.LayoutParams{(0,0)(126xfill) sim=#20 ty=2034 fl=#21840028 pfl=0x40 fmt=-3 vsysui=0x700 colorMode=0 naviIconColor=0}
12-04 14:55:25.145  3226  7251 D audio_hw_primary_abox: device-adev_set_parameters: enter with key(display_rotation=1)
12-04 14:55:25.145  3226  7251 D audio_hw_primary_abox: device-adev_set_parameters: exit
12-04 14:55:25.145  3403  3403 V MultiRecordManager: setParameters(): io 0, keyvalue display_rotation=1, calling pid 3785
12-04 14:55:25.148  4214  4214 D ViewRootImpl@496f702[DockedStackDivider]: Relayout returned: old=[0,0][0,0] new=[0,0][0,0] result=0x1 surface={valid=false 0} changed=false
12-04 14:55:25.151  4214  4214 D ViewRootImpl@705d1b9[DividerButtonsGroup]: dispatchAttachedToWindow
12-04 14:55:25.152  3785  5262 V WindowManager: Relayout Window{7a3ec09 u0 DividerButtonsGroup}: viewVisibility=4 req=131x458 WM.LayoutParams{(0,0)(131x458) sim=#20 ty=2302 fl=#1040020 fmt=-3 vsysui=0x700 surfaceInsets=Rect(32, 32 - 32, 32) colorMode=0 naviIconColor=0}
12-04 14:55:25.155  4214  4214 D ViewRootImpl@705d1b9[DividerButtonsGroup]: Relayout returned: old=[0,0][0,0] new=[0,0][0,0] result=0x1 surface={valid=false 0} changed=false
12-04 14:55:25.156  3785  5262 V WindowManager: Relayout Window{42c9573 u0 NavBarTouchConsumer}: viewVisibility=0 req=4x4 WM.LayoutParams{(0,0)(4x4) gr=#5 sim=#20 ty=2273 fl=#1080108 fmt=-3 alpha=0.0 colorMode=0 naviIconColor=0 sfl=0x20000}
12-04 14:55:25.160  4214  4214 D ViewRootImpl@c4cfa54[NavBarTouchConsumer]: Relayout returned: old=[1108,1076][1112,1080] new=[2216,538][2220,542] result=0x1 surface={valid=true 494270455808} changed=false
12-04 14:55:25.160  4214  4649 D OpenGLRenderer: eglDestroySurface = 0x7334421f10
12-04 14:55:25.161  4214  4649 D mali_winsys: EGLint new_window_surface(egl_winsys_display *, void *, EGLSurface, EGLConfig, egl_winsys_surface **, egl_color_buffer_format *, EGLBoolean) returns 0x3000,  [4x4]-format:1
12-04 14:55:25.161  4214  4649 D OpenGLRenderer: eglCreateWindowSurface = 0x7334421f10
12-04 14:55:25.163  4214  4214 D ViewRootImpl@c4cfa54[NavBarTouchConsumer]: MSG_RESIZED_REPORT: frame=Rect(2216, 538 - 2220, 542) ci=Rect(0, 0 - 0, 0) vi=Rect(0, 0 - 126, 0) or=2
12-04 14:55:25.164  4214  4214 D SecNavigationBarView: setNavigationIconHints showImeButton : false
12-04 14:55:25.164  4214  4214 D SecNavigationBarView: updateImmersivePinIcon() isImmersiveMode=false
12-04 14:55:25.165  4214  4214 D ViewRootImpl@6493371[AssistPreviewPanel]: dispatchDetachedFromWindow
12-04 14:55:25.165  4214  4214 D InputEventReceiver: channel '351b9f AssistPreviewPanel (client)' ~ Disposing input event receiver.
12-04 14:55:25.165  4214  4214 D InputEventReceiver: channel '351b9f AssistPreviewPanel (client)' ~NativeInputEventReceiver.
12-04 14:55:25.165  3785  5262 W AppOps  : Finishing op nesting under-run: uid 10005 pkg com.android.systemui code 70 time=0 duration=0 nesting=0
12-04 14:55:25.168  4214  4214 D NetworkController: dynamicallyReduceTextSize : mDisplayMetrics.densityDpi420
12-04 14:55:25.168  4214  4214 D KeyguardUpdateMonitor: updateCarrierTextInfo
12-04 14:55:25.168  4214  4214 D ViewRootImpl@b2e0730[DockedStackDivider]: dispatchDetachedFromWindow
12-04 14:55:25.168  4214  4214 D InputEventReceiver: channel 'a59d2bb DockedStackDivider (client)' ~ Disposing input event receiver.
12-04 14:55:25.168  4214  4214 D InputEventReceiver: channel 'a59d2bb DockedStackDivider (client)' ~NativeInputEventReceiver.
12-04 14:55:25.169  3785  5262 W AppOps  : Finishing op nesting under-run: uid 10005 pkg com.android.systemui code 70 time=0 duration=0 nesting=0
12-04 14:55:25.170  3249  3249 D SurfaceFlinger:   Display[0] configurations (* current):
12-04 14:55:25.170  3249  3249 D SurfaceFlinger:     * 0: 1440x2960, xdpi=522.513977, ydpi=525.762024, refresh=16666666
12-04 14:55:25.170  3249  3249 D SurfaceFlinger:   numHwLayers=2, flags=00000000
12-04 14:55:25.170  3249  3249 D SurfaceFlinger:     type   |  handle  | hint | flag | tr | blnd |   format    |     source crop (l,t,r,b)      |          frame         | name 
12-04 14:55:25.170  3249  3249 D SurfaceFlinger: -----------+----------+------+------+----+------+-------------+--------------------------------+------------------------+------
12-04 14:55:25.170  3249  3249 D SurfaceFlinger:        HWC | 7392a2be00 | 0000 | 0100 | 00 | 0105 | RGBA_8888   |    0.0,    0.0, 1080.0, 2220.0 |    0,    0, 1080, 2220 | ScreenshotSurface#0
12-04 14:55:25.170  3249  3249 D SurfaceFlinger:  FB TARGET | 7392e55d20 | 0000 | 0000 | 00 | 0105 | RGBA_8888   |    0.0,    0.0, 1440.0, 2960.0 |    0,    0, 1440, 2960 | HWC_FRAMEBUFFER_TARGET
12-04 14:55:25.175  4214  4510 D Tile.WifiTile: handleUpdateState enabledChanging
12-04 14:55:25.176  4214  4510 D Tile.BluetoothTile: handleUpdateState enabled = true connected = false bluetoothState = 12
12-04 14:55:25.176  4214  4744 V SystemUIAnalytics: SAPreference : 1104 / 1
12-04 14:55:25.176  4214  4744 V SystemUIAnalytics: SAPreference : 1105 / 2
12-04 14:55:25.177  4214  4214 D KeyguardUpdateMonitor: handleConfigurationChanged
12-04 14:55:25.177 23418 23418 D UE4     : Used memory before allocating anything was 133.30MB
12-04 14:55:25.178  4214  4510 D Tile.RotationLockTile:  handleUpdateState: true orientation = true
12-04 14:55:25.180  4214  4510 D FlashlightController: updateTorchCallback for mCameraId 0
12-04 14:55:25.180  4214  4510 D Tile.AirplaneModeTile:  handleUpdateState:  value false  state.dim false
12-04 14:55:25.180  4214  4744 V SystemUIAnalytics: SAPreference : 1108 / 0
12-04 14:55:25.180  4214  4744 V SystemUIAnalytics: SAPreference : 2014 / 0
12-04 14:55:25.182  4214  4744 V SystemUIAnalytics: SAPreference : 1109 / 0
12-04 14:55:25.184  4214  4510 D TileLifecycleManager: Binding service Intent { cmp=com.android.settings/com.samsung.android.settings.qstile.PowerSavingTile (has extras) } UserHandle{0}
12-04 14:55:25.187  3785  6485 V WindowManager: Relayout Window{8f15fc0 u0 NavigationBar}: viewVisibility=0 req=126x1080 WM.LayoutParams{(0,0)(fillxfill) sim=#20 ty=2019 fl=#21840068 fmt=-3 colorMode=0 naviIconColor=0}
12-04 14:55:25.189  4214  4510 D TileLifecycleManager: onStartListening
12-04 14:55:25.190  3249  3249 D SurfaceFlinger:   Display[0] configurations (* current):
12-04 14:55:25.190  3249  3249 D SurfaceFlinger:     * 0: 1440x2960, xdpi=522.513977, ydpi=525.762024, refresh=16666666
12-04 14:55:25.190  3249  3249 D SurfaceFlinger:   numHwLayers=6, flags=00000000
12-04 14:55:25.190  3249  3249 D SurfaceFlinger:     type   |  handle  | hint | flag | tr | blnd |   format    |     source crop (l,t,r,b)      |          frame         | name 
12-04 14:55:25.190  3249  3249 D SurfaceFlinger: -----------+----------+------+------+----+------+-------------+--------------------------------+------------------------+------
12-04 14:55:25.190  3249  3249 D SurfaceFlinger:       GLES | 7392a2be00 | 0000 | 0101 | 00 | 0105 | RGBA_8888   |    0.0,    0.0, 1080.0, 2220.0 |    0,    0, 1080, 2220 | ScreenshotSurface#0
12-04 14:55:25.190  3249  3249 D SurfaceFlinger:       GLES | 00000000 | 0000 | 0201 | 00 | 0105 | ? ffffffff  |   -0.4,   -0.9,   -0.9,   -1.0 |   27,    0, 1080,  232 | BlackSurface#0
12-04 14:55:25.190  3249  3249 D SurfaceFlinger:       GLES | 00000000 | 0000 | 0201 | 00 | 0105 | ? ffffffff  |   -0.9,   -0.0,   -1.0,   -0.6 |    0,    0,  199, 2093 | BlackSurface#0
12-04 14:55:25.190  3249  3249 D SurfaceFlinger:       GLES | 00000000 | 0000 | 0201 | 00 | 0105 | ? ffffffff  |   -0.1,    0.0,   -0.6,   -0.1 |    0, 1988, 1053, 2220 | BlackSurface#0
12-04 14:55:25.190  3249  3249 D SurfaceFlinger:       GLES | 00000000 | 0000 | 0201 | 00 | 0105 | ? ffffffff  |    0
12-04 14:55:25.191  3249  3249 D SurfaceFlinger: .0,   -0.4,   -0.1,   -1.0 |  881,  127, 1080, 2220 | BlackSurface#0
12-04 14:55:25.191  3249  3249 D SurfaceFlinger:  FB TARGET | 7392e55b60 | 0000 | 0000 | 00 | 0105 | RGBA_8888   |    0.0,    0.0, 1440.0, 2960.0 |    0,    0, 1440, 2960 | HWC_FRAMEBUFFER_TARGET
12-04 14:55:25.193  4214  4214 D ViewRootImpl@8c5732[NavigationBar]: Relayout returned: old=[2094,0][2220,1080] new=[2094,0][2220,1080] result=0x1 surface={valid=true 494444523520} changed=false
12-04 14:55:25.194  4214  4510 D Tile.MobileDataTile: handleUpdateState : state false
12-04 14:55:25.194  4214  4744 V SystemUIAnalytics: SAPreference : 2012 / 0
12-04 14:55:25.195  4214  4214 D ViewRootImpl@50d39c7[StatusBar]: MSG_RESIZED_REPORT: frame=Rect(0, 0 - 2220, 63) ci=Rect(0, 0 - 126, 0) vi=Rect(0, 0 - 126, 0) or=2
12-04 14:55:25.195  4214  4214 D KeyguardUpdateMonitor: handleStatusBarState( false )
12-04 14:55:25.198  4214  4744 V SystemUIAnalytics: SAPreference : 2016 / 0
12-04 14:55:25.199  4214  4214 D KeyguardClockPage: onRefreshCarrierInfo(pre, now): false, false
12-04 14:55:25.199  4214  4214 D CarrierText: updateCarrierText(): subscriptionInfo Size = 0, DefaultText = No service
12-04 14:55:25.199  4214  4214 D MultiSimUtils: isSimStateReadyorNotReady() : simSlot = 0, simState = ABSENT
12-04 14:55:25.199  4214  4214 D CarrierText: Getting plmn/spn/subId sticky brdcst  plmn : Emergency calls only, spn : , subId :-2
12-04 14:55:25.199  4214  4214 D CarrierText: plmn Of NetworkController Impl : Emergency calls only
12-04 14:55:25.200  4214  4214 D CarrierText: setText : No SIM card | Emergency calls only
12-04 14:55:25.200  4214  4214 D CarrierText: updateCarrierText(): subscriptionInfo Size = 0, DefaultText = No service
12-04 14:55:25.200  4214  4214 D MultiSimUtils: isSimStateReadyorNotReady() : simSlot = 0, simState = ABSENT
12-04 14:55:25.200  4214  4214 D CarrierText: Getting plmn/spn/subId sticky brdcst  plmn : Emergency calls only, spn : , subId :-2
12-04 14:55:25.200  4214  4214 D CarrierText: plmn Of NetworkController Impl : Emergency calls only
12-04 14:55:25.200  4214  4214 D CarrierText: setText : No SIM card | Emergency calls only
12-04 14:55:25.201  4214  4510 D TileLifecycleManager: Binding service Intent { cmp=com.samsung.android.lool/com.samsung.android.sm.ui.booster.PerformanceTile (has extras) } UserHandle{0}
12-04 14:55:25.204  4214  4214 D KeyguardUpdateMonitor: handleStatusBarState( false )
12-04 14:55:25.204  4214  4510 D TileLifecycleManager: onStartListening
12-04 14:55:25.205  4214  4744 V SystemUIAnalytics: SAPreference : 2018 / 0
12-04 14:55:25.205  4214  4510 D Tile.RotationLockTile:  handleUpdateState: true orientation = true
12-04 14:55:25.206 23093 23093 I PerformanceTile: onCreate, Performance0
12-04 14:55:25.207  4214  4510 W Tile.CustomTile: handleUpdateState : hasPendingBind Performance
12-04 14:55:25.207  4214  4510 W Tile.CustomTile: mode
12-04 14:55:25.214  4214  4214 D KeyguardUpdateMonitor: handleStatusBarState( false )
12-04 14:55:25.214  4214  4214 D KeyguardUpdateMonitor: handleStatusBarState( false )
12-04 14:55:25.214  4214  4214 D TileLifecycleManager: onServiceConnected ComponentInfo{com.android.settings/com.samsung.android.settings.qstile.PowerSavingTile}
12-04 14:55:25.214  4214  4214 D TileLifecycleManager: Handling pending onStartListening
12-04 14:55:25.214  4214  4214 D TileLifecycleManager: onStartListening
12-04 14:55:25.215 23132 23132 D PSMUtils: getCurrentPowerSavingMode: 0
12-04 14:55:25.216  4214  4229 D Tile.CustomTile: updateState : Label = Power
12-04 14:55:25.216  4214  4229 D Tile.CustomTile: saving, State = 1, Icon = Icon(typ=RESOURCE pkg=com.android.settings id=0x7f0805a2)
12-04 14:55:25.217  4214  4214 D KeyguardUpdateMonitor: handleStatusBarState( false )
12-04 14:55:25.221  4214  4214 D TileLifecycleManager: onServiceConnected ComponentInfo{com.samsung.android.lool/com.samsung.android.sm.ui.booster.PerformanceTile}
12-04 14:55:25.221  4214  4214 D TileLifecycleManager: Handling pending onStartListening
12-04 14:55:25.221  4214  4214 D TileLifecycleManager: onStartListening
12-04 14:55:25.223  4214  4214 D KeyguardUpdateMonitor: handleStatusBarState( false )
12-04 14:55:25.224  3785  6485 D SecContentProvider: query(), uri = 17 selection = isSettingsChangesAllowed
12-04 14:55:25.225  3249  3249 D SurfaceFlinger:   Display[0] configurations (* current):
12-04 14:55:25.225  3249  3249 D SurfaceFlinger:     * 0: 1440x2960, xdpi=522.513977, ydpi=525.762024, refresh=16666666
12-04 14:55:25.225  3249  3249 D SurfaceFlinger:   numHwLayers=7, flags=00000000
12-04 14:55:25.225  3249  3249 D SurfaceFlinger:     type   |  handle  | hint | flag | tr | blnd |   format    |     source crop (l,t,r,b)      |          frame         | name 
12-04 14:55:25.225  3249  3249 D SurfaceFlinger: -----------+----------+------+------+----+------+-------------+--------------------------------+------------------------+------
12-04 14:55:25.225  3249  3249 D SurfaceFlinger:       GLES | 7392a2b380 | 0000 | 0001 | 00 | 0105 | RGBA_8888   |    0.0,    0.0,  704.0,  126.0 |  875, 1814, 1080, 2220 | NavigationBar#0
12-04 14:55:25.225  3249  3249 D SurfaceFlinger:       GLES | 7392a2be00 | 0000 | 0101 | 00 | 0105 | RGBA_8888   |    0.0,    0.0, 1080.0, 2220.0 |    0,    0, 1080, 2220 | ScreenshotSurface#0
12-04 14:55:25.225  3249  3249 D SurfaceFlinger:       GLES | 00000000 | 0000 | 0201 | 00 | 0105 | ? ffffffff  |   -0.4,   -0.8,   -0.9,   -1.0 |  281,    0, 1080,  763 | BlackSurface#0
12-04 14:55:25.225  3249  3249 D SurfaceFlinger:       GLES | 00000000 | 0000 | 0201 | 00 | 0105 | ? ffffffff  |   -0.8,   -0.0,   -1.0,   -0.6 |    0,    0,  499, 1391 | BlackSurface#0
12-04 14:55:25.225  3249  3249 D SurfaceFlinger:       GLES | 00000000 | 0000 | 0201 | 00 | 0105 | ? ffffffff  |  
12-04 14:55:25.225  3249  3249 D SurfaceFlinger:  -0.1,    0.0,   -0.6,   -0.2 |    0, 1457,  799, 2220 | BlackSurface#0
12-04 14:55:25.225  3249  3249 D SurfaceFlinger:       GLES | 00000000 | 0000 | 0201 | 00 | 0105 | ? ffffffff  |    0.0,   -0.4,   -0.2,   -1.0 |  581,  829, 1080, 2220 | BlackSurface#0
12-04 14:55:25.225  3249  3249 D SurfaceFlinger:  FB TARGET | 7392e55d20 | 0000 | 0000 | 00 | 0105 | RGBA_8888   |    0.0,    0.0, 1440.0, 2960.0 |    0,    0, 1440, 2960 | HWC_FRAMEBUFFER_TARGET
12-04 14:55:25.226  3785  6485 D SecContentProvider: called from android.uid.system:1000
12-04 14:55:25.226 23093 23093 I PerformanceTile: updateState, mode=0, state=1
12-04 14:55:25.227  4214  4820 D Tile.CustomTile: updateState : Label = Performance
12-04 14:55:25.227  4214  4820 D Tile.CustomTile: mode, State = 1, Icon = Icon(typ=RESOURCE pkg=com.samsung.android.lool id=0x7f02008e)
12-04 14:55:25.230  4214  4229 D SystemServicesProxy: updateOverviewLastStackActiveTimeAsync: newTime=1543935325122
12-04 14:55:25.231  3785  5276 D SecContentProvider: query(), uri = 17 selection = isSettingsChangesAllowed
12-04 14:55:25.231  3785  5276 D SecContentProvider: called from android.uid.systemui:10005
12-04 14:55:25.232  4214  4449 D SystemServicesProxy: updateOverviewLastStackActiveTimeAsync: done.
12-04 14:55:25.249  3785  3937 D AllAroundSensingService: packageName : com.YourCompany.FlaminGo    className : com.epicgames.ue4.GameActivity
12-04 14:55:25.250  3785  3937 V AllAroundSensingService: setPlatformBrightnessValue 120
12-04 14:55:25.349 23418 23418 D UE4     : In the JNI_OnLoad function
12-04 14:55:25.349 23418 23418 D UE4     : [JNI] - Failed to determine if app purchasing is enabled!
12-04 14:55:25.351  3785  5276 W StorageManager: getStorageLowBytes lowPercent : 5, lowBytes : 2898018304, maxLowBytes : 524288000
12-04 14:55:25.352 23418 23418 D UE4     : Path found as '/storage/emulated/0'
12-04 14:55:25.352 23418 23418 D UE4     : Font Path found as '/system/fonts/'
12-04 14:55:25.352 23418 23418 D UE4     : In the JNI_OnLoad function 5
12-04 14:55:25.365  3785  5276 I chatty  : uid=1000(system) Binder:3785_1D identical 1 line
12-04 14:55:25.366  3785  5276 W StorageManager: getStorageLowBytes lowPercent : 5, lowBytes : 2898018304, maxLowBytes : 524288000
12-04 14:55:25.368 23418 23418 V threaded_app: Creating: 0xe43fba80
12-04 14:55:25.368 23418 23442 V threaded_app: Config: mcc=0 mnc=0 lang=en cnt=GB orien=2 touch=3 dens=420 keys=1 nav=1 keysHid=3 navHid=0 sdk=26 size=2 long=2 modetype=1 modenight=1
12-04 14:55:25.368 23418 23442 D UE4     : Entering native app glue main function
12-04 14:55:25.368 23418 23442 D UE4     : Created event thread
12-04 14:55:25.368 23418 23442 D UE4     : Entered AndroidMain()
12-04 14:55:25.369 23418 23443 D UE4     : Entering event processing thread engine entry point
12-04 14:55:25.369 23418 23443 D UE4     : Prepared looper for event thread
12-04 14:55:25.369 23418 23443 D UE4     : Passed callback initialization
12-04 14:55:25.369 23418 23443 D UE4     : Passed sensor initialization
12-04 14:55:25.369 23418 23442 D UE4     : Controller interface supported
12-04 14:55:25.394 23418 23444 D OpenGLRenderer: HWUI GL Pipeline
12-04 14:55:25.399 23418 23418 D ViewRootImpl@cc8401a[GameActivity]: setView = DecorView@2e7674b[] TM=true MM=false
12-04 14:55:25.401 23418 23418 D PermissionFragment: Creating PlayGamesFragment
12-04 14:55:25.407  3785  5276 I ActivityManager: START u0 {act=android.content.pm.action.REQUEST_PERMISSIONS typ=null flg=0x0 cmp=ComponentInfo{com.google.android.packageinstaller/com.android.packageinstaller.permission.ui.GrantPermissionsActivity}} from uid 10228
12-04 14:55:25.407  3785  5276 W ActivityManager: REQUEST_PERMISSIONS Action.
12-04 14:55:25.410  3785  5276 D CustomFrequencyManagerService: releaseDVFSLockLocked : Getting Lock type frm List : DVFS_MIN_LIMIT  frequency : 2314000  uid : 1000  pid : 3785  tag : AMS_APP_SWITCH@CPU_MIN@28
12-04 14:55:25.411  3785  5276 D CustomFrequencyManagerService: acquireDVFSLockLocked : type : DVFS_MIN_LIMIT  frequency : 2314000  uid : 1000  pid : 3785  pkgName : AMS_APP_SWITCH@CPU_MIN@28
12-04 14:55:25.411  3785  5276 D ActivityManagerPerformance: AMP_acquire() APP_SWITCH
12-04 14:55:25.411  3785  4990 D ActivityManagerPerformance: Received MSG_CFMS_HINT_AMS_SWITCH pkgName: com.google.android.packageinstaller
12-04 14:55:25.419 23418 23418 D UE4     : Vulkan version: 1.0.3
12-04 14:55:25.420 23418 23418 D UE4     : Vulkan level: 1
12-04 14:55:25.421 23418 23418 D UE4     : Found DepthBufferPreference = 0
12-04 14:55:25.421 23418 23418 D UE4     : Found bPackageDataInsideApk = 0
12-04 14:55:25.421 23418 23418 D UE4     : Found ProjectName = FlaminGo
12-04 14:55:25.421 23418 23418 D UE4     : Found AppType = 
12-04 14:55:25.421 23418 23418 D UE4     : Found bHasOBBFiles = 0
12-04 14:55:25.422 23418 23418 D UE4     : Found bVerifyOBBOnStartUp = false
12-04 14:55:25.422 23418 23418 D UE4     : UI hiding set to false
12-04 14:55:25.422 23418 23418 D UE4     : BuildConfiguration set to Development
12-04 14:55:25.422 23418 23418 D UE4     : UseExternalFilesDir set to false
12-04 14:55:25.422 23418 23418 D UE4     : AllowIMU set to true
12-04 14:55:25.422 23418 23418 D UE4     : No GearVR mode detected.
12-04 14:55:25.422 23418 23418 D UE4     : APK path: /data/app/com.YourCompany.FlaminGo-FpxEvu5ASItWhZTcsA0a2Q==/base.apk
12-04 14:55:25.422 23418 23418 D UE4     : OBB in APK: false
12-04 14:55:25.424  3785  5276 W StorageManager: getStorageLowBytes lowPercent : 5, lowBytes : 2898018304, maxLowBytes : 524288000
12-04 14:55:25.424 23418 23418 D UE4     : InternalFilePath found as '/data/user/0/com.YourCompany.FlaminGo/files'
12-04 14:55:25.424 23418 23418 D UE4     : ExternalFilePath found as '/storage/emulated/0/Android/data/com.YourCompany.FlaminGo/files'
12-04 14:55:25.425 23418 23418 D UE4     : App is running in Landscape
12-04 14:55:25.425 23418 23418 D UE4     : Android version is 8.0.0
12-04 14:55:25.425 23418 23418 D UE4     : Android manufacturer is samsung
12-04 14:55:25.425 23418 23418 D UE4     : Android model is SM-G955F
12-04 14:55:25.425 23418 23418 D UE4     : OS language is set to en_GB
12-04 14:55:25.425 23418 23418 D UE4     : Debugger attached is false
12-04 14:55:25.468 23418 23418 W PopupManager: You have not specified a View to use as content view for popups. Falling back to the Activity content view. Note that this may not work as expected in multi-screen environments
12-04 14:55:25.474  3249  3249 D SurfaceFlinger:   Display[0] configurations (* current):
12-04 14:55:25.474  3249  3249 D SurfaceFlinger:     * 0: 1440x2960, xdpi=522.513977, ydpi=525.762024, refresh=16666666
12-04 14:55:25.474  3249  3249 D SurfaceFlinger:   numHwLayers=6, flags=00000000
12-04 14:55:25.474  3249  3249 D SurfaceFlinger:     type   |  handle  | hint | flag | tr | blnd |   format    |     source crop (l,t,r,b)      |          frame         | name 
12-04 14:55:25.474  3249  3249 D SurfaceFlinger: -----------+----------+------+------+----+------+-------------+--------------------------------+------------------------+------
12-04 14:55:25.474  3249  3249 D SurfaceFlinger:       GLES | 7392a2b380 | 0000 | 0001 | 00 | 0105 | RGBA_8888   |    0.0,    0.0, 1077.0,  126.0 |    1, 2092, 1080, 2220 | NavigationBar#0
12-04 14:55:25.474  3249  3249 D SurfaceFlinger:       GLES | 00000000 | 0000 | 0201 | 00 | 0105 | ? ffffffff  |   -0.5,   -1.0,   -1.0,   -1.0 | 1079,    0, 1080, 2219 | BlackSurface#0
12-04 14:55:25.474  3249  3249 D SurfaceFlinger:       GLES | 00000000 | 0000 | 0201 | 00 | 0105 | ? ffffffff  |   -1.0,    0.0,   -1.0,   -0.5 |    0,    0, 1079,    1 | BlackSurface#0
12-04 14:55:25.474  3249  3249 D SurfaceFlinger:       GLES | 00000000 | 0000 | 0201 | 00 | 0105 | ? ffffffff  |    0.0,    0.0,   -0.5,   -0.0 |    0,    1,    1, 2220 | BlackSurface#0
12-04 14:55:25.474  3249  3249 D SurfaceFlinger:       GLES | 00000000 | 0000 | 0201 | 00 | 0105 | ? ffffffff  |    0.0, 
12-04 14:55:25.474  3249  3249 D SurfaceFlinger:   -0.5,   -0.0,   -1.0 |    1, 2219, 1080, 2220 | BlackSurface#0
12-04 14:55:25.474  3249  3249 D SurfaceFlinger:  FB TARGET | 7392e55d20 | 0000 | 0000 | 00 | 0105 | RGBA_8888   |    0.0,    0.0, 1440.0, 2960.0 |    0,    0, 1440, 2960 | HWC_FRAMEBUFFER_TARGET
12-04 14:55:25.477 23418 23418 D UE4     : ==============> GameActive.onCreate complete!
12-04 14:55:25.477 23418 23418 V threaded_app: Start: 0xe43fba80
12-04 14:55:25.477 23418 23443 V threaded_app: activityState=10
12-04 14:55:25.478 23418 23418 D UE4     : Creating console command broadcast listener
12-04 14:55:25.478 23418 23443 D UE4     : LogAndroidEvents: EnqueueAppEvent : 9, 0, tid = 23443
12-04 14:55:25.479 23418 23418 D UE4     : ==================================> Inside onStart function in GameActivity
12-04 14:55:25.481 23418 23418 V threaded_app: Resume: 0xe43fba80
12-04 14:55:25.481 23418 23443 V threaded_app: activityState=11
12-04 14:55:25.481 23418 23443 D UE4     : Case APP_CMD_RESUME
12-04 14:55:25.481 23418 23418 D UE4     : Registering sensor listeners
12-04 14:55:25.481 23418 23443 D UE4     : LogAndroidEvents: EnqueueAppEvent : 7, 0, tid = 23443
12-04 14:55:25.482  3785  5262 I SensorService: createSensorEventConnection package name com.epicgames.ue4.GameActivity
12-04 14:55:25.482  3785  5262 D SensorService: Calling batch handle==6 flags=0 rate=20000000 timeout== 0
12-04 14:55:25.483  3236  3236 I Sensors : batch - accelerometer_sensor try to batching with 20000000
12-04 14:55:25.483  3236  3236 I Sensors : AccSensor old sensor_state 16384, new sensor_state : 16385 en : 1
12-04 14:55:25.485 23418 23418 D SensorManager: registerListener :: 6, LSM6DSL Acceleration Sensor, 20000, 0,  
12-04 14:55:25.486  3785  5262 D SensorService: Calling batch handle==11 flags=0 rate=20000000 timeout== 0
12-04 14:55:25.486  3236  3236 I Sensors : batch - geomagnetic_sensor try to batching with 20000000
12-04 14:55:25.486  3236  3236 I Sensors : GeoMagneticSensor old sensor_state 16385, new sensor_state : 16401 en : 1
12-04 14:55:25.488 23418 23418 D SensorManager: registerListener :: 11, AK09916C Magnetic field Sensor, 20000, 0,  
12-04 14:55:25.488  3785  5262 D SensorService: Calling batch handle==7 flags=0 rate=20000000 timeout== 0
12-04 14:55:25.488  3236  3236 I Sensors : batch - gyro_sensor try to batching with 20000000
12-04 14:55:25.488  3236  3236 I Sensors : GyroSensor old sensor_state 16401, new sensor_state : 16403 en : 1
12-04 14:55:25.491 23418 23418 D SensorManager: registerListener :: 7, LSM6DSL Gyroscope Sensor, 20000, 0,  
12-04 14:55:25.491 23418 23418 D UE4     : App is running in Landscape
12-04 14:55:25.492 23418 23418 D UE4     : ==============> Resuming main init
12-04 14:55:25.501 23418 23442 D UE4     : APK Commandline: ../../../FlaminGo/FlaminGo.uproject  /Game/ThirdPersonBP/Maps/FirstMap -Messaging -SessionId=7EDDCE55407E0E070BF8A89A81A5B846 -SessionOwner="James" -SessionName="Launch On Device" -iterative
12-04 14:55:25.502 23418 23442 D UE4     : Override Commandline: ../../../FlaminGo/FlaminGo.uproject  /Game/ThirdPersonBP/Maps/FirstMap -Messaging -SessionId=4D8C5FCB4CA5A76B92EA13BC2B11D8EF -SessionOwner="James" -SessionName="Launch On Device" -iterative
12-04 14:55:25.502 23418 23442 D UE4     : Final commandline: ../../../FlaminGo/FlaminGo.uproject  /Game/ThirdPersonBP/Maps/FirstMap -Messaging -SessionId=4D8C5FCB4CA5A76B92EA13BC2B11D8EF -SessionOwner="James" -SessionName="Launch On Device" -iterative
12-04 14:55:25.502 23418 23442 D UE4     : Created sync event
12-04 14:55:25.504  3249  3249 D SurfaceFlinger:   Display[0] configurations (* current):
12-04 14:55:25.504  3249  3249 D SurfaceFlinger:     * 0: 1440x2960, xdpi=522.513977, ydpi=525.762024, refresh=16666666
12-04 14:55:25.504  3249  3249 D SurfaceFlinger:   numHwLayers=2, flags=00000000
12-04 14:55:25.504  3249  3249 D SurfaceFlinger:     type   |  handle  | hint | flag | tr | blnd |   format    |     source crop (l,t,r,b)      |          frame         | name 
12-04 14:55:25.504  3249  3249 D SurfaceFlinger: -----------+----------+------+------+----+------+-------------+--------------------------------+------------------------+------
12-04 14:55:25.504  3249  3249 D SurfaceFlinger:        HWC | 7392a2b380 | 0000 | 0000 | 00 | 0105 | RGBA_8888   |    1.0,    0.0, 1079.0,  125.0 |    0, 2093, 1080, 2220 | NavigationBar#0
12-04 14:55:25.504  3249  3249 D SurfaceFlinger:  FB TARGET | 7392e55b60 | 0000 | 0000 | 00 | 0105 | RGBA_8888   |    0.0,    0.0, 1440.0, 2960.0 |    0,    0, 1440, 2960 | HWC_FRAMEBUFFER_TARGET
12-04 14:55:25.512 23418 23418 D UE4     : ==============> GameActive.onResume complete!
12-04 14:55:25.519 23418 23418 V threaded_app: InputQueueCreated: 0xe43fba80 -- 0xe43fc0c0
12-04 14:55:25.519 23418 23443 V threaded_app: APP_CMD_INPUT_CHANGED
12-04 14:55:25.519 23418 23443 V threaded_app: Attaching input queue to looper
12-04 14:55:25.519 23418 23418 D ViewRootImpl@95b93ff[GameActivity]: setView = DecorView@94fe5cc[GameActivity] TM=true MM=false
12-04 14:55:25.520  3785  5262 D ActivityManager: post active user change for 0 fullscreen true isHomeActivity() false
12-04 14:55:25.522 23418 23418 D ViewRootImpl@cc8401a[GameActivity]: dispatchAttachedToWindow
12-04 14:55:25.524  3785  5262 V WindowManager: Relayout Window{789f96 u0 com.YourCompany.FlaminGo/com.epicgames.ue4.GameActivity}: viewVisibility=0 req=2092x1016 WM.LayoutParams{(0,0)(fillxfill) gr=#11 sim=#120 ty=2 fl=#1810508 pfl=0x1000000 wanim=0x1030001 vsysui=0x10 needsMenuKey=2 colorMode=0 naviIconColor=0}
12-04 14:55:25.524  3249  3249 I SurfaceFlinger: id=172 createSurf (2094x1080),1 flag=404, com.YourCompany.FlaminGo/com.epicgames.ue4.GameActivity#0
12-04 14:55:25.525  3785  5262 V Surface : sf_framedrop debug : 0x4f4c, game : false, logging : 0
12-04 14:55:25.529 23418 23418 V Surface : sf_framedrop debug : 0x4f4c, game : false, logging : 0
12-04 14:55:25.530 23418 23418 D ViewRootImpl@cc8401a[GameActivity]: Relayout returned: old=[0,0][0,0] new=[0,0][2094,1080] result=0x7 surface={valid=true 3550996480} changed=true
12-04 14:55:25.535 23418 23418 V InputMethodManager: Not IME target window, ignoring
12-04 14:55:25.538 23418 23444 I OpenGLRenderer: Initialized EGL, version 1.4
12-04 14:55:25.538 23418 23444 D OpenGLRenderer: Swap behavior 2
12-04 14:55:25.541 23418 23444 D libGLESv1: STS_GLApi : DTS, ODTC are not allowed for Package : com.YourCompany.FlaminGo
12-04 14:55:25.542 23418 23418 D ViewRootImpl@95b93ff[GameActivity]: dispatchAttachedToWindow
12-04 14:55:25.542 23418 23444 D mali_winsys: EGLint new_window_surface(egl_winsys_display *, void *, EGLSurface, EGLConfig, egl_winsys_surface **, egl_color_buffer_format *, EGLBoolean) returns 0x3000,  [2094x1080]-format:1
12-04 14:55:25.542 23418 23444 D OpenGLRenderer: eglCreateWindowSurface = 0xe6d205e8
12-04 14:55:25.543  3785  5276 V WindowManager: Relayout Window{8d422e9 u0 com.YourCompany.FlaminGo/com.epicgames.ue4.GameActivity}: viewVisibility=0 req=2092x1016 WM.LayoutParams{(0,0)(fillxfill) sim=#10 ty=1 fl=#1810500 pfl=0x1000000 fmt=1 wanim=0x1030001 vsysui=0x10 needsMenuKey=2 colorMode=0 naviIconColor=0}
12-04 14:55:25.544  3249  3249 D SurfaceFlinger: duplicate layer name: changing com.YourCompany.FlaminGo/com.epicgames.ue4.GameActivity to com.YourCompany.FlaminGo/com.epicgames.ue4.GameActivity#1
12-04 14:55:25.544  3249  3249 I SurfaceFlinger: id=173 createSurf (2094x1080),1 flag=4, com.YourCompany.FlaminGo/com.epicgames.ue4.GameActivity#1
12-04 14:55:25.545  3785  5276 V Surface : sf_framedrop debug : 0x4f4c, game : false, logging : 0
12-04 14:55:25.545  3785  3806 D WindowManager: set systemUiVisibility : systemUiFlags= 0x18 fullscreenStackSysUiFlags= 0x0
12-04 14:55:25.545  4214  4214 D BarTransitions.PhoneStatusBarView: MODE_OPAQUE -> MODE_TRANSPARENT animate=false
12-04 14:55:25.548  3785  5276 D InputDispatcher: Focus entered window: 23418
12-04 14:55:25.548  3785  5262 D WindowManager: adjustSystemUiVisibilityLw : vis= 0x18
12-04 14:55:25.550 23418 23418 V Surface : sf_framedrop debug : 0x4f4c, game : false, logging : 0
12-04 14:55:25.551 23418 23418 D ViewRootImpl@95b93ff[GameActivity]: Relayout returned: old=[0,0][0,0] new=[0,0][2094,1080] result=0x7 surface={valid=true 3486232576} changed=true
12-04 14:55:25.557 23418 23444 D mali_winsys: EGLint new_window_surface(egl_winsys_display *, void *, EGLSurface, EGLConfig, egl_winsys_surface **, egl_color_buffer_format *, EGLBoolean) returns 0x3000,  [2094x1080]-format:1
12-04 14:55:25.557 23418 23444 D OpenGLRenderer: eglCreateWindowSurface = 0xe6d20868
12-04 14:55:25.559  3249  3249 I SurfaceFlinger: id=174 createSurf (2094x1080),4 flag=404, SurfaceView - com.YourCompany.FlaminGo/com.epicgames.ue4.GameActivity@73df3f6@0#0
12-04 14:55:25.560  3249  3249 I SurfaceFlinger: id=175 createSurf (2094x1080),-1 flag=20404, Background for - SurfaceView - com.YourCompany.FlaminGo/com.epicgames.ue4.GameActivity@73df3f6@0#0
12-04 14:55:25.561 23418 23418 D SurfaceView: BG show() Surface(name=Background for - SurfaceView - com.YourCompany.FlaminGo/com.epicgames.ue4.GameActivity@73df3f6@0) android.view.SurfaceView{73df3f6 V.E...... ......ID 0,0-2094,1080}
12-04 14:55:25.569  3249  4926 I SurfaceFlinger: id=167 Removed ScreenshotSurface#0 (8/12)
12-04 14:55:25.569  3249  4926 I SurfaceFlinger: id=167 Removed ScreenshotSurface#0 (-2/12)
12-04 14:55:25.569  3249  4925 I SurfaceFlinger: id=168 Removed BlackSurface#0 (8/11)
12-04 14:55:25.570  3249  4925 I SurfaceFlinger: id=168 Removed BlackSurface#0 (-2/11)
12-04 14:55:25.570 23418 23418 V Surface : sf_framedrop debug : 0x4f4c, game : false, logging : 0
12-04 14:55:25.570 23418 23418 V Surface : sf_framedrop debug : 0x4f4c, game : false, logging : 0
12-04 14:55:25.570  3249  3277 I SurfaceFlinger: id=169 Removed BlackSurface#0 (8/10)
12-04 14:55:25.570 23418 23418 D SurfaceView: surfaceCreated 1 android.view.SurfaceView{73df3f6 V.E...... ......ID 0,0-2094,1080}
12-04 14:55:25.570 23418 23418 V threaded_app: NativeWindowCreated: 0xe43fba80 -- 0xcfcbc008
12-04 14:55:25.570  3249  4925 I SurfaceFlinger: id=170 Removed BlackSurface#0 (8/9)
12-04 14:55:25.570 23418 23443 V threaded_app: APP_CMD_INIT_WINDOW
12-04 14:55:25.570  3249  3277 I SurfaceFlinger: id=169 Removed BlackSurface#0 (-2/9)
12-04 14:55:25.570 23418 23443 D UE4     : Case APP_CMD_INIT_WINDOW
12-04 14:55:25.570 23418 23418 D SurfaceView: surfaceChanged (2094,1080) 1 android.view.SurfaceView{73df3f6 V.E...... ......ID 0,0-2094,1080}
12-04 14:55:25.570  3249  3277 I SurfaceFlinger: id=170 Removed BlackSurface#0 (-2/9)
12-04 14:55:25.571 23418 23443 D UE4     : LogAndroidEvents: EnqueueAppEvent : 0, 3486236680, tid = 23443
12-04 14:55:25.571  3249  3277 I SurfaceFlinger: id=171 Removed BlackSurface#0 (8/8)
12-04 14:55:25.571  3249  3277 I SurfaceFlinger: id=171 Removed BlackSurface#0 (-2/8)
12-04 14:55:25.576  3785  3880 V WindowManager: rotationForOrientationLw(orient=0, last=1); user=0  sensorRotation=-1 mLidState=-1 mDockMode=0 mHdmiPlugged=false
12-04 14:55:25.577 23418 23418 V threaded_app: Pause: 0xe43fba80
12-04 14:55:25.577 23418 23443 V threaded_app: activityState=13
12-04 14:55:25.577 23418 23443 D UE4     : Case APP_CMD_PAUSE
12-04 14:55:25.577 23418 23418 D UE4     : Unregistering sensor listeners
12-04 14:55:25.577 23418 23443 D UE4     : LogAndroidEvents: EnqueueAppEvent : 6, 0, tid = 23443
12-04 14:55:25.577  3785  5262 D SensorService: Calling activate off 6
12-04 14:55:25.577  3236  3236 I Sensors : AccSensor old sensor_state 16403, new sensor_state : 16402 en : 0
12-04 14:55:25.579  3785  5262 D SensorService: Calling activate off 7
12-04 14:55:25.579  3236  3236 I Sensors : GyroSensor old sensor_state 16402, new sensor_state : 16400 en : 0
12-04 14:55:25.582  3785  5262 D SensorService: Calling activate off 11
12-04 14:55:25.582  3236  3236 I Sensors : GeoMagneticSensor old sensor_state 16400, new sensor_state : 16384 en : 0
12-04 14:55:25.585 23418 23418 D SensorManager: unregisterListener ::   
12-04 14:55:25.585 23418 23418 D UE4     : ==============> GameActive.onPause complete!
12-04 14:55:25.585  3249  3249 I Layer   : id=170 onRemoved BlackSurface#0 
12-04 14:55:25.586  3249  3249 I Layer   : id=169 onRemoved BlackSurface#0 
12-04 14:55:25.586  3249  3249 I Layer   : id=171 onRemoved BlackSurface#0 
12-04 14:55:25.586  3249  3249 I Layer   : id=167 onRemoved ScreenshotSurface#0 
12-04 14:55:25.586  3249  3249 I Layer   : id=168 onRemoved BlackSurface#0 
12-04 14:55:25.587  3785  5276 D ActivityManager: isScaleDownAnimationEnabled() : false
12-04 14:55:25.587  3785  5276 D StorageManagerService: getExternalStorageMountMode : 2
12-04 14:55:25.587  3785  5276 D StorageManagerService: getExternalStorageMountMode : 3
12-04 14:55:25.587  3785  5276 D StorageManagerService: getExternalStorageMountMode : final mountMode=2, uid : 10036, packageName : com.google.android.packageinstaller
12-04 14:55:25.587  3785  5276 I ApplicationPolicy: isApplicationExternalStorageWhitelisted:com.google.android.packageinstaller user:0
12-04 14:55:25.587  3785  5276 D ApplicationPolicy: isApplicationExternalStorageWhitelisted: DO is not enabled on user 0. Allowed.
12-04 14:55:25.587  3785  5276 D ActivityManager: package  com.google.android.packageinstaller, user - 0 is SDcard whitelisted
12-04 14:55:25.587  3785  5276 I ApplicationPolicy: isApplicationExternalStorageBlacklisted:com.google.android.packageinstaller user:0
12-04 14:55:25.588  3785  5276 D ApplicationPolicy: isApplicationExternalStorageBlacklisted: DO is not enabled on user 0. Allowed.
12-04 14:55:25.599  3785  5276 I ActivityManager: Start proc 23472:com.google.android.packageinstaller/u0a36 for activity com.google.android.packageinstaller/com.android.packageinstaller.permission.ui.GrantPermissionsActivity
12-04 14:55:25.600 23472 23472 E Zygote  : isWhitelistProcess - Process is Whitelisted
12-04 14:55:25.600 23472 23472 E libpersona: scanKnoxPersonas
12-04 14:55:25.600 23472 23472 E libpersona: Couldn't open the File - /data/system/users/0/personalist.xml - No such file or directory
12-04 14:55:25.602 23472 23472 W SELinux : SELinux selinux_android_compute_policy_index : Policy Index[2],  Con:u:r:zygote:s0 RAM:SEPF_SM-G955F_8.0.0_0016, [-1 -1 -1 -1 0 1]
12-04 14:55:25.603 23472 23472 I SELinux : SELinux: seapp_context_lookup: seinfo=apm, level=s0:c512,c768, pkgname=com.google.android.packageinstaller 
12-04 14:55:25.603 23418 23418 D ViewRootImpl@cc8401a[GameActivity]: MSG_RESIZED_REPORT: frame=Rect(0, 0 - 2094, 1080) ci=Rect(0, 0 - 0, 0) vi=Rect(0, 0 - 0, 0) or=2
12-04 14:55:25.621 23472 23472 D TimaKeyStoreProvider: TimaKeyStore is not enabled: cannot add TimaSignature Service and generateKeyPair Service
12-04 14:55:25.622 23472 23472 D ActivityThread: Added TimaKeyStore provider
12-04 14:55:25.624  3785  5276 I ActivityManager: DSS on for com.google.android.packageinstaller and scale is 1.0
12-04 14:55:25.633  3785  5276 D PersonaManagerService: Current focused persona service handled id set to : 0
12-04 14:55:25.634  3785  5276 D InputDispatcher: Focused application set to: xxxx
12-04 14:55:25.634  3785  5276 D InputDispatcher: Focus left window: 23418
12-04 14:55:25.636  3785  4067 D GameManagerService: handleForegroundChange(). pkgName: com.google.android.packageinstaller, clsName: com.android.packageinstaller.permission.ui.GrantPermissionsActivity,FgActivityName:com.google.android.packageinstaller/com.android.packageinstaller.permission.ui.GrantPermissionsActivity
12-04 14:55:25.637  3785  4067 D GameManagerService: sem_perfomance_mode: 0
12-04 14:55:25.637  3785  4067 D GameManagerService: notifyResumePause(). pkg: com.google.android.packageinstaller, type: 4, isMinimized: false, isTunableApp: false
12-04 14:55:25.637  3785  4067 D GameManagerService:   notifyResumePause(). unexpected mPrevNotiType: -1
12-04 14:55:25.638  3785  5276 D MARsPolicyManager: onPackageResumedFG pkgName = com.google.android.packageinstaller, userId = 0
12-04 14:55:25.640  3785  5262 V WindowManager: finishDrawingLocked: mDrawState=COMMIT_DRAW_PENDING Window{789f96 u0 com.YourCompany.FlaminGo/com.epicgames.ue4.GameActivity} in Surface(name=com.YourCompany.FlaminGo/com.epicgames.ue4.GameActivity)
12-04 14:55:25.640  4560 15847 D ForegroundUtils: could not check pending caller
12-04 14:55:25.641  3785  7406 D GamePkgDataHelper: getGamePkgDataIncServer(). com.google.android.packageinstaller
12-04 14:55:25.642 21622 23438 I SAMSUNGPAY: [Hint_ProcessStatusChange] fg Change, pid : 23472 , isNotify : true , isForeground : true , fg list : [23472, 23418, 5291]
12-04 14:55:25.644  3785  7406 D GameManagerService: identifyGamePackage. com.google.android.packageinstaller
12-04 14:55:25.644  3785  7406 D GamePkgDataHelper: getGamePkgData(). com.google.android.packageinstaller
12-04 14:55:25.645 21622 21622 I SAMSUNGPAY: [ServiceTypeTable] isSupportOperator : BTU, GB
12-04 14:55:25.645  3785  5276 V WindowManager: Relayout Window{8d422e9 u0 com.YourCompany.FlaminGo/com.epicgames.ue4.GameActivity}: viewVisibility=0 req=2094x1080 WM.LayoutParams{(0,0)(fillxfill) sim=#10 ty=1 fl=#1810500 pfl=0x1000000 fmt=1 wanim=0x1030001 vsysui=0x10 needsMenuKey=2 colorMode=0 naviIconColor=0}
12-04 14:55:25.646  3785  7406 D GamePkgDataHelper: getSosPolicy(). com.google.android.packageinstaller
12-04 14:55:25.647 21622 21622 D SAMSUNGPAY: [ServiceTypeTable] Upgrade - ServiceTypeTable - entryFromCountryIso - index is : 37, iso : GB
12-04 14:55:25.647  3785  7406 D GameManagerService: identifyGamePackage. com.google.android.packageinstaller
12-04 14:55:25.648  3785  7406 D GamePkgDataHelper: getGamePkgData(). com.google.android.packageinstaller
12-04 14:55:25.648 21622 21622 D SAMSUNGPAY: [Hint_SimpleIntroService] Hint Status - already invisible, skip hide : Landscape mode
12-04 14:55:25.650  3785  7406 D GameManagerService: identifyGamePackage. com.google.android.packageinstaller
12-04 14:55:25.650  3785  7406 D GamePkgDataHelper: getGamePkgData(). com.google.android.packageinstaller
12-04 14:55:25.650 23418 23418 D ViewRootImpl@95b93ff[GameActivity]: Relayout returned: old=[0,0][2094,1080] new=[0,0][2094,1080] result=0x3 surface={valid=true 3486232576} changed=false
12-04 14:55:25.652  3785  7406 D GameManagerService: identifyGamePackage. com.google.android.packageinstaller
12-04 14:55:25.652  3785  7406 D GamePkgDataHelper: getGamePkgData(). com.google.android.packageinstaller
12-04 14:55:25.664 23472 23494 I vndksupport: sphal namespace is not configured for this process. Loading /vendor/lib64/egl/libGLES_mali.so from the current namespace instead.
12-04 14:55:25.665  3785  5262 V WindowManager: finishDrawingLocked: mDrawState=COMMIT_DRAW_PENDING Window{8d422e9 u0 com.YourCompany.FlaminGo/com.epicgames.ue4.GameActivity} in Surface(name=com.YourCompany.FlaminGo/com.epicgames.ue4.GameActivity)
12-04 14:55:25.669 23418 23418 D ViewRootImpl@95b93ff[GameActivity]: MSG_RESIZED_REPORT: frame=Rect(0, 0 - 2094, 1080) ci=Rect(0, 0 - 0, 0) vi=Rect(0, 0 - 0, 0) or=2
12-04 14:55:25.672 23418 23418 D ViewRootImpl@95b93ff[GameActivity]: MSG_WINDOW_FOCUS_CHANGED 1
12-04 14:55:25.675 23418 23418 V threaded_app: WindowFocusChanged: 0xe43fba80 -- 1
12-04 14:55:25.675 23418 23443 D UE4     : LogAndroidEvents: EnqueueAppEvent : 11, 0, tid = 23443
12-04 14:55:25.676 23418 23442 D UE4     : LogICUInternationalization: Display: ICU TimeZone Detection - Raw Offset: +0:00, Platform Override: ''
12-04 14:55:25.676 23418 23442 D UE4     : 
12-04 14:55:25.679 23418 23442 D UE4     : EGL Extensions: 
12-04 14:55:25.679 23418 23442 D UE4     : EGL_KHR_get_all_proc_addresses EGL_ANDROID_presentation_time EGL_KHR_swap_buffers_with_damage EGL_ANDROID_get_native_client_buffer EGL_ANDROID_front_buffer_auto_refresh EGL_ANDROID_get_frame_timestamps EGL_KHR_image EGL_KHR_image_base EGL_KHR_gl_colorspace EGL_KHR_gl_texture_2D_image EGL_KHR_gl_texture_cubemap_image EGL_KHR_gl_renderbuffer_image EGL_KHR_fence_sync EGL_KHR_create_context EGL_KHR_config_attribs EGL_KHR_surfaceless_context EGL_EXT_create_context_robustness EGL_ANDROID_image_native_buffer EGL_KHR_wait_sync EGL_ANDROID_recordable EGL_KHR_partial_update EGL_KHR_mutable_render_buffer EGL_EXT_protected_content EGL_IMG_context_priority EGL_KHR_no_config_context 
12-04 14:55:25.680  3785  3814 D CustomFrequencyManagerService: acquireDVFSLockLocked : type : DVFS_MIN_LIMIT  frequency : 1807000  uid : 1000  pid : 3785  pkgName : AMS_RESUME_TAIL@CPU_MIN@39
12-04 14:55:25.681  3785  3806 D WindowManager: set systemUiVisibility : systemUiFlags= 0x10 fullscreenStackSysUiFlags= 0x0
12-04 14:55:25.681  3785  3814 D ActivityManagerPerformance: AMP_acquire() TAIL
12-04 14:55:25.682  3785  3814 D CustomFrequencyManagerService: releaseDVFSLockLocked : Getting Lock type frm List : DVFS_MIN_LIMIT  frequency : 2314000  uid : 1000  pid : 3785  tag : AMS_APP_SWITCH@CPU_MIN@28
12-04 14:55:25.682  3785  3814 D ActivityManagerPerformance: AMP_release() APP_SWITCH
12-04 14:55:25.682  4214  4214 D BarTransitions.PhoneStatusBarView: MODE_TRANSPARENT -> MODE_OPAQUE animate=false
12-04 14:55:25.684 23418 23442 D UE4     : FAndroidGPUInfo
12-04 14:55:25.684 23418 23442 D UE4     : AndroidEGL::InitSurface 1, 1
12-04 14:55:25.686 23418 23442 D mali_winsys: EGLint new_window_surface(egl_winsys_display *, void *, EGLSurface, EGLConfig, egl_winsys_surface **, egl_color_buffer_format *, EGLBoolean) returns 0x3000,  [8x8]-format:2
12-04 14:55:25.686 23418 23442 D UE4     : AndroidEGL::CreateEGLSurface() 0xc49c20f8
12-04 14:55:25.686 23418 23442 D UE4     : AndroidEGL::CreateEGLSurface(1), auxSurface = eglCreatePbufferSurface(), 8x8
12-04 14:55:25.688 23472 23494 D libEGL  : loaded /vendor/lib64/egl/libGLES_mali.so
12-04 14:55:25.688  3785  5230 D WindowManager: adjustSystemUiVisibilityLw : vis= 0x10
12-04 14:55:25.690 23418 23442 D UE4     : Vulkan library detected, checking for available driver
12-04 14:55:25.691 23418 23442 I vndksupport: sphal namespace is not configured for this process. Loading /vendor/lib/hw/vulkan.exynos5.so from the current namespace instead.
12-04 14:55:25.692 23418 23442 D vulkan  : searching for layers in '/data/app/com.YourCompany.FlaminGo-FpxEvu5ASItWhZTcsA0a2Q==/lib/arm'
12-04 14:55:25.692 23418 23442 D vulkan  : searching for layers in '/system/fake-libs'
12-04 14:55:25.692 23418 23442 D vulkan  : searching for layers in '/data/app/com.YourCompany.FlaminGo-FpxEvu5ASItWhZTcsA0a2Q==/base.apk!/lib/armeabi-v7a'
12-04 14:55:25.692 23418 23442 D vulkan  : vulkan api version_1_0 1.0.0
12-04 14:55:25.692 23418 23442 D vulkan  : vulkan header version 46
12-04 14:55:25.692  3249  3249 D SurfaceFlinger:   Display[0] configurations (* current):
12-04 14:55:25.692  3249  3249 D SurfaceFlinger:     * 0: 1440x2960, xdpi=522.513977, ydpi=525.762024, refresh=16666666
12-04 14:55:25.692  3249  3249 D SurfaceFlinger:   numHwLayers=3, flags=00000000
12-04 14:55:25.692  3249  3249 D SurfaceFlinger:     type   |  handle  | hint | flag | tr | blnd |   format    |     source crop (l,t,r,b)      |          frame         | name 
12-04 14:55:25.692  3249  3249 D SurfaceFlinger: -----------+----------+------+------+----+------+-------------+--------------------------------+------------------------+------
12-04 14:55:25.692  3249  3249 D SurfaceFlinger:        HWC | 7392e588e0 | 0000 | 0020 | 00 | 0100 | RGBA_8888   |    0.0,    0.0, 1080.0, 2094.0 |    0,    0, 1080, 2094 | com.YourCompany.FlaminGo/com.epicgames.ue4.GameActivity#0
12-04 14:55:25.692  3249  3249 D SurfaceFlinger:        HWC | 7392a2b380 | 0000 | 0000 | 00 | 0105 | RGBA_8888   |    0.0,    0.0, 1080.0,  126.0 |    0, 2094, 1080, 2220 | NavigationBar#0
12-04 14:55:25.692  3249  3249 D SurfaceFlinger:  FB TARGET | 7392e55b60 | 0000 | 0000 | 00 | 0105 | RGBA_8888   |    0.0,    0.0, 1440.0, 2960.0 |    0,    0, 1440, 2960 | HWC_FRAMEBUFFER_TARGET
12-04 14:55:25.695 23418 23418 V InputMethodManager: Starting input: tba=android.view.inputmethod.EditorInfo@a5519e8 nm : com.YourCompany.FlaminGo ic=null
12-04 14:55:25.695 23418 23418 I InputMethodManager: startInputInner - mService.startInputOrWindowGainedFocus
12-04 14:55:25.695  3785  5276 D InputMethodManagerService: startInputOrWindowGainedFocus : windowGainedFocus 
12-04 14:55:25.696  3785  5276 D InputMethodManagerService: windowGainedFocus: destinationUserId (getCallingUid) = 0
12-04 14:55:25.696  3785  5276 D InputMethodManagerService: windowGainedFocus: currentUserId=0
12-04 14:55:25.696  3785  5276 D InputMethodManagerService: windowGainedFocus: mCurrentFocusedUserId=0
