12-04 14:55:25.696  3785  5276 D InputMethodManagerService: windowGainedFocus : lock - currentUserId = 0 destinationUserId = 0
12-04 14:55:25.696  3785  5276 D InputMethodManagerService: windowGainedFocus : mCurrentFocusedUserId - 0 and mSecureKeypadEnabled - false, userSwitched - false
12-04 14:55:25.696  3785  5276 W InputMethodManagerService: Focus gain on non-focused client com.android.internal.view.IInputMethodClient$Stub$Proxy@991707a (uid=10228 pid=23418)
12-04 14:55:25.696  3785  5276 W InputMethodManagerService: calledFromValidUser : true, (mCurFocusedWindow == windowToken) : false, (attribute != null) : true
12-04 14:55:25.696  3785  5276 W InputMethodManagerService: (mCurClient != cs) : true, mCurFocusedWindow : android.os.BinderProxy@c255c6b, windowToken : android.os.BinderProxy@c964f70
12-04 14:55:25.696  3785  5276 V InputMethodManagerService: Focus gain on non-focused client mCurClient info is ClientState{437c304 uid 10083 pid 5291}
12-04 14:55:25.697 23418 23418 D ViewRootImpl@95b93ff[GameActivity]: MSG_WINDOW_FOCUS_CHANGED 0
12-04 14:55:25.697 23418 23418 V threaded_app: WindowFocusChanged: 0xe43fba80 -- 0
12-04 14:55:25.697 23418 23443 D UE4     : LogAndroidEvents: EnqueueAppEvent : 10, 0, tid = 23443
12-04 14:55:25.716  3785  5262 D CustomFrequencyManagerService: acquireDVFSLockLocked : type : DVFS_MIN_LIMIT  frequency : 1703000  uid : 1000  pid : 3785  pkgName : AMS_ACT_RESUME@CPU_MIN@15
12-04 14:55:25.716  3785  5262 D ActivityManagerPerformance: AMP_acquire() ACT_RESUME
12-04 14:55:25.716  3785  5262 D ActivityManager: isScaleDownAnimationEnabled() : false
12-04 14:55:25.716  3785  5262 D PersonaManagerService: Current focused persona service handled id set to : 0
12-04 14:55:25.716  3785  5262 D InputDispatcher: Focused application set to: xxxx
12-04 14:55:25.716  3785  3806 D SamsungPhoneWindowManager: updateSystemUiVisibilityLw : setForceImmersiveBtnVisibility=true
12-04 14:55:25.717  4214  4214 D NavigationBar: setForceImmersiveBtnVisibility visible : true
12-04 14:55:25.717  3785  5262 D InputDispatcher: Focus entered window: 23418
12-04 14:55:25.717  4214  4214 D SecNavigationBarView: setPinButtonVisibility() shouldshow=true, leftRemoteVisible=false, mAllKeyDisabled=false, isBouncerShowing=false, isUltraPowerSaving=false, isEmergencyMode=false, isDeviceEncrypted=false, isUserSetupComplete : true
12-04 14:55:25.721  3785  4067 D GameManagerService: handleForegroundChange(). pkgName: com.YourCompany.FlaminGo, clsName: com.epicgames.ue4.GameActivity,FgActivityName:com.YourCompany.FlaminGo/com.epicgames.ue4.GameActivity
12-04 14:55:25.721  3785  4067 D GameManagerService: sem_perfomance_mode: 0
12-04 14:55:25.721  3785  4067 D GameManagerService: notifyResumePause(). pkg: com.YourCompany.FlaminGo, type: 4, isMinimized: false, isTunableApp: false
12-04 14:55:25.721  3785  4067 D GameManagerService:   notifyResumePause(). unexpected mPrevNotiType: -1
12-04 14:55:25.721  3785  5262 D MARsPolicyManager: onPackageResumedFG pkgName = com.YourCompany.FlaminGo, userId = 0
12-04 14:55:25.723 23418 23442 D UE4     : VulkanRHI is available, Vulkan capable device detected.
12-04 14:55:25.731 23418 23418 D ViewRootImpl@95b93ff[GameActivity]: MSG_WINDOW_FOCUS_CHANGED 1
12-04 14:55:25.732 23418 23418 V threaded_app: WindowFocusChanged: 0xe43fba80 -- 1
12-04 14:55:25.732 23418 23443 D UE4     : LogAndroidEvents: EnqueueAppEvent : 11, 0, tid = 23443
12-04 14:55:25.733 23418 23418 V InputMethodManager: Starting input: tba=android.view.inputmethod.EditorInfo@590e801 nm : com.YourCompany.FlaminGo ic=null
12-04 14:55:25.734 23418 23418 I InputMethodManager: startInputInner - mService.startInputOrWindowGainedFocus
12-04 14:55:25.734  3785  5262 D InputMethodManagerService: startInputOrWindowGainedFocus : windowGainedFocus 
12-04 14:55:25.734  3785  5262 D InputMethodManagerService: windowGainedFocus: destinationUserId (getCallingUid) = 0
12-04 14:55:25.734  3785  5262 D InputMethodManagerService: windowGainedFocus: currentUserId=0
12-04 14:55:25.734  3785  5262 D InputMethodManagerService: windowGainedFocus: mCurrentFocusedUserId=0
12-04 14:55:25.734  3785  5262 D InputMethodManagerService: windowGainedFocus : lock - currentUserId = 0 destinationUserId = 0
12-04 14:55:25.734  3785  5262 D InputMethodManagerService: windowGainedFocus : mCurrentFocusedUserId - 0 and mSecureKeypadEnabled - false, userSwitched - false
12-04 14:55:25.734  3785  5262 V InputMethodManagerService: windowGainedFocus : reason=WINDOW_FOCUS_GAIN client=android.os.BinderProxy@29b2d58 inputContext=null missingMethods= attribute=android.view.inputmethod.EditorInfo@eb61a46 nm = com.YourCompany.FlaminGo controlFlags=#101 softInputMode=#10 windowFlags=#1810500
12-04 14:55:25.734  3785  5262 V InputMethodManagerService: hideCurrentInputLocked : shouldHideSoftInput is false
12-04 14:55:25.734  3785  5262 D InputMethodManagerService: isImeSwitcherDisabledPackage : false
12-04 14:55:25.734  3785  5262 V InputMethodManagerService: Creating new session for client ClientState{7aeb407 uid 10228 pid 23418}
12-04 14:55:25.736 23418 23418 V threaded_app: Resume: 0xe43fba80
12-04 14:55:25.736  3785  5262 D InputMethodManagerService: setCurrentInputInfo - inputContext : null eidtorInfo : android.view.inputmethod.EditorInfo@eb61a46 missingMethods : 0
12-04 14:55:25.736 23418 23443 V threaded_app: activityState=11
12-04 14:55:25.736 23418 23443 D UE4     : Case APP_CMD_RESUME
12-04 14:55:25.736 23418 23418 D UE4     : Registering sensor listeners
12-04 14:55:25.736 23418 23443 D UE4     : LogAndroidEvents: EnqueueAppEvent : 7, 0, tid = 23443
12-04 14:55:25.737  3785  5230 I SensorService: createSensorEventConnection package name com.epicgames.ue4.GameActivity
12-04 14:55:25.738  3785  5276 D SensorService: Calling batch handle==6 flags=0 rate=20000000 timeout== 0
12-04 14:55:25.738  4191  4191 I InputMethodWrapper:  call dispatchStartInputWithToken
12-04 14:55:25.738  4191  4191 I InputMethodService: dispatchStartInputWithToken
12-04 14:55:25.738  3236  3236 I Sensors : batch - accelerometer_sensor try to batching with 20000000
12-04 14:55:25.739  4191  4191 I SKBD    : SamsungKeypad [IMI] onStartInput - caller pid : 23418, caller uid : 10228
12-04 14:55:25.739  4191  4191 I SKBD    : SamsungKeypad  CACHEDIC onStartInput  isCachedICEnabled:  false
12-04 14:55:25.740  4191  4191 I SKBD    : atl getDefaultInputRange : UNKNOWN
12-04 14:55:25.740  4191  4191 I SKBD    : awo resetBinderManager()
12-04 14:55:25.740  4191  4191 I SKBD_SYNC: SamsungKeypad onStartInput: import DLM
12-04 14:55:25.740  4191  4191 I SKBD    : atl setPrivateImeOptionsToTable privateImeOptions ( null )
12-04 14:55:25.740  4191  4191 I SKBD    : atl imeOptions is null
12-04 14:55:25.740  3236  3236 I Sensors : AccSensor old sensor_state 16384, new sensor_state : 16385 en : 1
12-04 14:55:25.742 23418 23418 D SensorManager: registerListener :: 6, LSM6DSL Acceleration Sensor, 20000, 0,  
12-04 14:55:25.742  4191  4191 I SKBD    : SamsungKeypad [PF_OP][onStartInput] 2609730
12-04 14:55:25.742  3785  5276 D SensorService: Calling batch handle==11 flags=0 rate=20000000 timeout== 0
12-04 14:55:25.742  4191  4191 I SKBD    : putCacheDrawable inputModule=0 key =ICON_SETTING
12-04 14:55:25.743  3236  3236 I Sensors : batch - geomagnetic_sensor try to batching with 20000000
12-04 14:55:25.743  3236  3236 I Sensors : GeoMagneticSensor old sensor_state 16385, new sensor_state : 16401 en : 1
12-04 14:55:25.746 23418 23418 D SensorManager: registerListener :: 11, AK09916C Magnetic field Sensor, 20000, 0,  
12-04 14:55:25.746  3785  5276 D SensorService: Calling batch handle==7 flags=0 rate=20000000 timeout== 0
12-04 14:55:25.747  3236  3236 I Sensors : batch - gyro_sensor try to batching with 20000000
12-04 14:55:25.747  3236  3236 I Sensors : GyroSensor old sensor_state 16401, new sensor_state : 16403 en : 1
12-04 14:55:25.749 23418 23418 D SensorManager: registerListener :: 7, LSM6DSL Gyroscope Sensor, 20000, 0,  
12-04 14:55:25.749 23418 23418 D UE4     : App is running in Landscape
12-04 14:55:25.749 23418 23418 D UE4     : ==============> Resuming main init
12-04 14:55:25.749 23418 23418 D UE4     : ==============> GameActive.onResume complete!
12-04 14:55:25.750  3785  5276 D ActivityManager: post active user change for 0 fullscreen true isHomeActivity() false
12-04 14:55:25.751 23418 23418 V InputMethodManager: Starting input: tba=android.view.inputmethod.EditorInfo@6132732 nm : com.YourCompany.FlaminGo ic=null
12-04 14:55:25.754  3785  5276 V WindowManager: Relayout Window{8d422e9 u0 com.YourCompany.FlaminGo/com.epicgames.ue4.GameActivity}: viewVisibility=0 req=2094x1080 WM.LayoutParams{(0,0)(fillxfill) sim=#110 ty=1 fl=#1810500 pfl=0x1000000 fmt=1 wanim=0x1030001 vsysui=0x10 needsMenuKey=2 colorMode=0 naviIconColor=0}
12-04 14:55:25.757 23418 23418 D ViewRootImpl@95b93ff[GameActivity]: Relayout returned: old=[0,0][2094,1080] new=[0,0][2094,1080] result=0x1 surface={valid=true 3486232576} changed=false
12-04 14:55:25.762  4560 15847 D ForegroundUtils: could not check pending caller
12-04 14:55:25.763  5291  5291 D StageManager: saved stages : inStack [1] , outStack[2]
12-04 14:55:25.766 21622 23438 I SAMSUNGPAY: [Hint_ProcessStatusChange] fg Change, pid : 23472 , isNotify : true , isForeground : false , fg list : [23418, 5291]
12-04 14:55:25.767 21622 21622 I SAMSUNGPAY: [ServiceTypeTable] isSupportOperator : BTU, GB
12-04 14:55:25.768 21622 21622 D SAMSUNGPAY: [ServiceTypeTable] Upgrade - ServiceTypeTable - entryFromCountryIso - index is : 37, iso : GB
12-04 14:55:25.769 21622 21622 D SAMSUNGPAY: [Hint_SimpleIntroService] Hint Status - already invisible, skip hide : Landscape mode
12-04 14:55:25.771  3785  5230 I WindowManager: Destroying surface Surface(name=com.sec.android.app.launcher/com.sec.android.app.launcher.activities.LauncherActivity) called by com.android.server.wm.WindowStateAnimator.destroySurface:2465 com.android.server.wm.WindowStateAnimator.destroySurfaceLocked:967 com.android.server.wm.WindowState.destroyOrSaveSurfaceUnchecked:3661 com.android.server.wm.WindowState.destroySurface:3609 com.android.server.wm.AppWindowToken.destroySurfaces:722 com.android.server.wm.AppWindowToken.destroySurfaces:706 com.android.server.wm.AppWindowToken.notifyAppStopped:751 com.android.server.wm.AppWindowContainerController.notifyAppStopped:824 
12-04 14:55:25.771  3249  3488 I SurfaceFlinger: id=161 Removed com.sec.android.app.launcher/com.sec.android.app.launcher.activities.LauncherActivity#0 (1/7)
12-04 14:55:25.771  3249  3488 I SurfaceFlinger: id=161 Removed com.sec.android.app.launcher/com.sec.android.app.launcher.activities.LauncherActivity#0 (-2/7)
12-04 14:55:25.772  4560 15847 D ForegroundUtils: could not check pending caller
12-04 14:55:25.773 21622 23438 I SAMSUNGPAY: [Hint_ProcessStatusChange] fg Change, pid : 5291 , isNotify : true , isForeground : false , fg list : [23418]
12-04 14:55:25.775 21622 21622 I SAMSUNGPAY: [ServiceTypeTable] isSupportOperator : BTU, GB
12-04 14:55:25.776 21622 21622 D SAMSUNGPAY: [ServiceTypeTable] Upgrade - ServiceTypeTable - entryFromCountryIso - index is : 37, iso : GB
12-04 14:55:25.776 21622 21622 D SAMSUNGPAY: [Hint_SimpleIntroService] Hint Status - already invisible, skip hide : Landscape mode
12-04 14:55:25.786  3249  3249 I Layer   : id=161 onRemoved com.sec.android.app.launcher/com.sec.android.app.launcher.activities.LauncherActivity#0 
12-04 14:55:25.824  4214  4820 D SystemServicesProxy: updateOverviewLastStackActiveTimeAsync: newTime=1543935325718
12-04 14:55:25.825  3785  5230 D SecContentProvider: query(), uri = 17 selection = isSettingsChangesAllowed
12-04 14:55:25.826  3785  5230 D SecContentProvider: called from android.uid.systemui:10005
12-04 14:55:25.827  4214  4449 D SystemServicesProxy: updateOverviewLastStackActiveTimeAsync: done.
12-04 14:55:25.851  3785  3785 D AppWidgetServiceImpl: handleNotifyUpdateAppWidget, appWidgetId = 3
12-04 14:55:25.851  5291  5291 I LauncherAppWidgetHostView: updateLastInflationOrientation, orientation: 0,activityOrientation: 1, widget: ComponentInfo{com.google.android.googlequicksearchbox/com.google.android.googlequicksearchbox.SearchWidgetProvider}
12-04 14:55:25.903  3785  3936 D MdnieScenarioControlService:  packageName : com.YourCompany.FlaminGo    className : com.epicgames.ue4.GameActivity
12-04 14:55:25.903  3785  3936 V MdnieScenarioControlService: setUIMode from UI function(3)
12-04 14:55:25.933 23418 23442 D UE4     : LogStreaming: Display: Took  0.068s to configure plugins.
12-04 14:55:25.933 23418 23442 D UE4     : 
12-04 14:55:25.938 23418 23442 D UE4     : LogOnline: Display: OnlineSubsystemGooglePlayModule::StartupModule()
12-04 14:55:25.938 23418 23442 D UE4     : 
12-04 14:55:25.939 23418 23442 D UE4     : LogOnline: Warning: FOnlineSubsystemGooglePlayModule was disabled
12-04 14:55:25.939 23418 23442 D UE4     : 
12-04 14:55:25.939 23418 23442 D UE4     : LogOnline: Warning: FOnlineSubsystemGooglePlayModule was disabled
12-04 14:55:25.939 23418 23442 D UE4     : 
12-04 14:55:25.940 23418 23442 D UE4     : LogStreaming: Display: Took  0.000s to delete old logs.
12-04 14:55:25.940 23418 23442 D UE4     : 
12-04 14:55:25.964 23418 23442 D UE4     : LogStreaming: Display: Async Loading initialized: Event Driven Loader: true, Async Loading Thread: false, Async Post Load: true
12-04 14:55:25.964 23418 23442 D UE4     : 
12-04 14:55:25.981  3785  3785 D CustomFrequencyManagerService: releaseDVFSLockLocked : Getting Lock type frm List : DVFS_MIN_LIMIT  frequency : 1807000  uid : 1000  pid : 3785  tag : AMS_RESUME_TAIL@CPU_MIN@39
12-04 14:55:25.990 23418 23442 D UE4     : ***** RequestedContentScaleFactor different 1.000000 != -1.000000, not using res cache
12-04 14:55:25.990 23418 23442 D UE4     : ***** Window different, not using res cache
12-04 14:55:25.990 23418 23442 D UE4     : ***** WindowWidth is -1, not using res cache
12-04 14:55:25.991 23418 23442 D UE4     : Vulkan not available as project packaged without bSupportsVulkan or bSupportsVulkanSM5.
12-04 14:55:26.008  3376  3376 E adbd    : recv: OPEN 00001e17 00000000 004d:73 68 65 6C 6C 3A 65 78 70 6F 72 74 20 41 4E 44 52 4F 49 44 5F 4C 4F 47 5F 54 41 47 53 3D 22 27 27 22 3B 20 65 78 65 63 20 6C 6F 67 63 61 74 20 27 2D 64 27 20 27 2D 73 27 20 27 55 45 34 27 20 27 2D 73 27 20 27 44 65 62 75 67 27 00 
12-04 14:55:26.008  3376  3376 E adbd    : service_to_fd: shell:export ANDROID_LOG_TAGS="''"; exec logcat '-d' '-s' 'UE4' '-s' 'Debug'
12-04 14:55:26.023  3785  3937 D AllAroundSensingService: packageName : com.YourCompany.FlaminGo    className : com.epicgames.ue4.GameActivity
12-04 14:55:26.023  3785  3937 V AllAroundSensingService: setPlatformBrightnessValue 120
12-04 14:55:26.034 23418 23442 D UE4     : LogHAL: Display: Platform has ~ 4 GB [3619950592 / 4294967296 / 4], which maps to Default [LargestMinGB=8, LargerMinGB=6, DefaultMinGB=4, SmallerMinGB=3, SmallestMinGB=0)
12-04 14:55:26.034 23418 23442 D UE4     : 
12-04 14:55:26.073  3785  7406 D GamePkgDataHelper: getGamePkgDataIncServer(). com.YourCompany.FlaminGo
12-04 14:55:26.074  3785  7406 D GameManagerService: identifyGamePackage. com.YourCompany.FlaminGo
12-04 14:55:26.074  3785  7406 D GamePkgDataHelper: getGamePkgData(). com.YourCompany.FlaminGo
12-04 14:55:26.074  3785  7406 D GamePkgDataHelper: getSosPolicy(). com.YourCompany.FlaminGo
12-04 14:55:26.075  3785  7406 D GameManagerService: identifyGamePackage. com.YourCompany.FlaminGo
12-04 14:55:26.075  3785  7406 D GamePkgDataHelper: getGamePkgData(). com.YourCompany.FlaminGo
12-04 14:55:26.076  3785  7406 D GameManagerService: identifyGamePackage. com.YourCompany.FlaminGo
12-04 14:55:26.076  3785  7406 D GamePkgDataHelper: getGamePkgData(). com.YourCompany.FlaminGo
12-04 14:55:26.077  3785  7406 D GameManagerService: identifyGamePackage. com.YourCompany.FlaminGo
12-04 14:55:26.077  3785  7406 D GamePkgDataHelper: getGamePkgData(). com.YourCompany.FlaminGo
12-04 14:55:26.077  3785  7406 D GameManagerService: identifyGamePackage. com.YourCompany.FlaminGo
12-04 14:55:26.078  3785  7406 D GamePkgDataHelper: getGamePkgData(). com.YourCompany.FlaminGo
12-04 14:55:26.119 23418 23442 D UE4     : LogStreaming: Display: Took  0.082s to InitEngineTextLocalization.
12-04 14:55:26.119 23418 23442 D UE4     : 
12-04 14:55:26.121  3376  3376 E adbd    : recv: OPEN 00001e19 00000000 0035:73 68 65 6C 6C 3A 65 78 70 6F 72 74 20 41 4E 44 52 4F 49 44 5F 4C 4F 47 5F 54 41 47 53 3D 22 27 27 22 3B 20 65 78 65 63 20 6C 6F 67 63 61 74 20 27 2D 64 27 00 
12-04 14:55:26.121  3376  3376 E adbd    : service_to_fd: shell:export ANDROID_LOG_TAGS="''"; exec logcat '-d'
12-04 14:55:26.142 23418 23442 D UE4     : VulkanRHI will NOT be used:
12-04 14:55:26.142 23418 23442 D UE4     :  ** Vulkan support is not available (Driver, RHI or shaders are missing, or disabled by cmdline)
12-04 14:55:26.142 23418 23442 D UE4     : OpenGL ES will be used.
12-04 14:55:26.142 23418 23442 D UE4     : FPlatformOpenGLDevice:Init
12-04 14:55:26.142 23418 23442 D UE4     : AndroidEGL::InitSurface 0, 1
12-04 14:55:26.143 23418 23442 D UE4     : [JAVA] - SetDesiredViewSize width=1392 and height=720
12-04 14:55:26.143 23418 23442 D UE4     : AndroidEGL::CreateEGLSurface() Already initialized: 0xc49c20f8
12-04 14:55:26.148 23418 23442 D libGLESv2: STS_GLApi : DTS, ODTC are not allowed for Package : com.YourCompany.FlaminGo
12-04 14:55:26.153 23418 23442 D UE4     : LogRHI: Display: Testing for shader compiler compatibility
12-04 14:55:26.153 23418 23442 D UE4     : 
12-04 14:55:26.153 23418 23442 D UE4     : LogRHI: Display: Shaders compile fine no need to enable hacks
12-04 14:55:26.153 23418 23442 D UE4     : 
12-04 14:55:26.153 23418 23442 D UE4     : LogRHI: Display: Testing for round() function availability
12-04 14:55:26.153 23418 23442 D UE4     : 
12-04 14:55:26.153 23418 23442 D UE4     : LogRHI: Warning: Disabling the need for the round() function hack
12-04 14:55:26.153 23418 23442 D UE4     : 
12-04 14:55:26.154 23418 23442 D UE4     : LogShaderLibrary: Display: Failed to load Shared Shader Library: Global and no native library supported.
12-04 14:55:26.154 23418 23442 D UE4     : 
12-04 14:55:26.154 23418 23442 D UE4     : LogShaderLibrary: Display: Failed to load Shared Shader Library: Global_SC and no native library supported.
12-04 14:55:26.154 23418 23442 D UE4     : 
12-04 14:55:26.154 23418 23442 D UE4     : LogShaderLibrary: Display: Failed to load Shared Shader Library: Paper2D and no native library supported.
12-04 14:55:26.154 23418 23442 D UE4     : 
12-04 14:55:26.154 23418 23442 D UE4     : LogShaderLibrary: Display: Failed to load Shared Shader Library: Paper2D_SC and no native library supported.
12-04 14:55:26.154 23418 23442 D UE4     : 
12-04 14:55:26.154 23418 23442 D UE4     : LogShaderLibrary: Display: Failed to load Shared Shader Library: Paper2D and no native library supported.
12-04 14:55:26.154 23418 23442 D UE4     : 
12-04 14:55:26.154 23418 23442 D UE4     : LogShaderLibrary: Display: Failed to load Shared Shader Library: Paper2D_SC and no native library supported.
12-04 14:55:26.154 23418 23442 D UE4     : 
12-04 14:55:26.155 23418 23442 D UE4     : LogShaderLibrary: Display: Failed to load Shared Shader Library: CryptoKeys and no native library supported.
12-04 14:55:26.155 23418 23442 D UE4     : 
12-04 14:55:26.155 23418 23442 D UE4     : LogShaderLibrary: Display: Failed to load Shared Shader Library: CryptoKeys_SC and no native library supported.
12-04 14:55:26.155 23418 23442 D UE4     : 
12-04 14:55:26.155 23418 23442 D UE4     : LogShaderLibrary: Display: Failed to load Shared Shader Library: CryptoKeys and no native library supported.
12-04 14:55:26.155 23418 23442 D UE4     : 
12-04 14:55:26.155 23418 23442 D UE4     : LogShaderLibrary: Display: Failed to load Shared Shader Library: CryptoKeys_SC and no native library supported.
12-04 14:55:26.155 23418 23442 D UE4     : 
12-04 14:55:26.155 23418 23442 D UE4     : LogShaderLibrary: Display: Failed to load Shared Shader Library: MeshEditor and no native library supported.
12-04 14:55:26.155 23418 23442 D UE4     : 
12-04 14:55:26.155 23418 23442 D UE4     : LogShaderLibrary: Display: Failed to load Shared Shader Library: MeshEditor_SC and no native library supported.
12-04 14:55:26.155 23418 23442 D UE4     : 
12-04 14:55:26.155 23418 23442 D UE4     : LogShaderLibrary: Display: Failed to load Shared Shader Library: MeshEditor and no native library supported.
12-04 14:55:26.155 23418 23442 D UE4     : 
12-04 14:55:26.155 23418 23442 D UE4     : LogShaderLibrary: Display: Failed to load Shared Shader Library: MeshEditor_SC and no native library supported.
12-04 14:55:26.155 23418 23442 D UE4     : 
12-04 14:55:26.156 23418 23442 D UE4     : LogShaderLibrary: Display: Failed to load Shared Shader Library: DatasmithContent and no native library supported.
12-04 14:55:26.156 23418 23442 D UE4     : 
12-04 14:55:26.156 23418 23442 D UE4     : LogShaderLibrary: Display: Failed to load Shared Shader Library: DatasmithContent_SC and no native library supported.
12-04 14:55:26.156 23418 23442 D UE4     : 
12-04 14:55:26.156 23418 23442 D UE4     : LogShaderLibrary: Display: Failed to load Shared Shader Library: DatasmithContent and no native library supported.
12-04 14:55:26.156 23418 23442 D UE4     : 
12-04 14:55:26.156 23418 23442 D UE4     : LogShaderLibrary: Display: Failed to load Shared Shader Library: DatasmithContent_SC and no native library supported.
12-04 14:55:26.156 23418 23442 D UE4     : 
12-04 14:55:26.156 23418 23442 D UE4     : LogShaderLibrary: Display: Failed to load Shared Shader Library: MediaCompositing and no native library supported.
12-04 14:55:26.156 23418 23442 D UE4     : 
12-04 14:55:26.156 23418 23442 D UE4     : LogShaderLibrary: Display: Failed to load Shared Shader Library: MediaCompositing_SC and no native library supported.
12-04 14:55:26.156 23418 23442 D UE4     : 
12-04 14:55:26.156 23418 23442 D UE4     : LogShaderLibrary: Display: Failed to load Shared Shader Library: MediaCompositing and no native library supported.
12-04 14:55:26.156 23418 23442 D UE4     : 
12-04 14:55:26.156 23418 23442 D UE4     : LogShaderLibrary: Display: Failed to load Shared Shader Library: MediaCompositing_SC and no native library supported.
12-04 14:55:26.156 23418 23442 D UE4     : 
12-04 14:55:26.157 23418 23442 D UE4     : LogShaderLibrary: Display: Failed to load Shared Shader Library: OculusVR and no native library supported.
12-04 14:55:26.157 23418 23442 D UE4     : 
12-04 14:55:26.157 23418 23442 D UE4     : LogShaderLibrary: Display: Failed to load Shared Shader Library: OculusVR_SC and no native library supported.
12-04 14:55:26.157 23418 23442 D UE4     : 
12-04 14:55:26.157 23418 23442 D UE4     : LogShaderLibrary: Display: Failed to load Shared Shader Library: OculusVR and no native library supported.
12-04 14:55:26.157 23418 23442 D UE4     : 
12-04 14:55:26.157 23418 23442 D UE4     : LogShaderLibrary: Display: Failed to load Shared Shader Library: OculusVR_SC and no native library supported.
12-04 14:55:26.157 23418 23442 D UE4     : 
12-04 14:55:26.157 23418 23442 D UE4     : LogShaderLibrary: Display: Failed to load Shared Shader Library: SteamVR and no native library supported.
12-04 14:55:26.157 23418 23442 D UE4     : 
12-04 14:55:26.157 23418 23442 D UE4     : LogShaderLibrary: Display: Failed to load Shared Shader Library: SteamVR_SC and no native library supported.
12-04 14:55:26.157 23418 23442 D UE4     : 
12-04 14:55:26.157 23418 23442 D UE4     : LogShaderLibrary: Display: Failed to load Shared Shader Library: SteamVR and no native library supported.
12-04 14:55:26.157 23418 23442 D UE4     : 
12-04 14:55:26.157 23418 23442 D UE4     : LogShaderLibrary: Display: Failed to load Shared Shader Library: SteamVR_SC and no native library supported.
12-04 14:55:26.157 23418 23442 D UE4     : 
12-04 14:55:26.158 23418 23442 D UE4     : LogRHI: Display: Failed to open default shader pipeline cache for FlaminGo using shader platform 8.
12-04 14:55:26.158 23418 23442 D UE4     : 
12-04 14:55:26.158 23418 23442 D UE4     : LogRHI: Display: Failed to open default shader pipeline cache for FlaminGo using shader platform 8.
12-04 14:55:26.158 23418 23442 D UE4     : 
