10-30 15:44:57.283  3790  3906 I CAE     : parse(SensorHubParserProvider.java:192) - buffer size = 4
10-30 15:44:57.284  3790  3906 I CAE     : parse(SensorHubParserProvider.java:203) - 1, 1, 7, -1,
10-30 15:44:57.284  3790  3906 D CAE     : display(ContextProvider.java:375) - ================= AUTO_ROTATION =================
10-30 15:44:57.284  3790  3906 I CAE     : display(ContextProvider.java:391) - Angle=[-1]
10-30 15:44:57.285  3790  3910 D SemContextService: Service.updateContext() : service = Auto Rotation
10-30 15:44:57.285  3790  3807 D SemContextManager: AutoRotationEvent : Angle = -1
10-30 15:44:57.286  3790  3807 D WindowOrientationListener: scheduleRotationEvaluationLocked: ignoring, user is still touching the screen.
10-30 15:44:57.286  3790  3807 V WindowOrientationListener: OrientationSensorJudge.onSemContextChanged, Rotation: -1
10-30 15:44:57.290 28963 28989 V threaded_app: New input event: type=2
10-30 15:44:57.296  3374  3374 E audit   : type=1400 audit(1540914297.291:87185): avc:  denied  { read } for  pid=28963 comm="Thread-2" name="stat" dev="proc" ino=4026532420 scontext=u:r:untrusted_app_25:s0:c512,c768 tcontext=u:object_r:proc_stat:s0 tclass=file permissive=0 SEPF_SM-G955F_8.0.0_0016 audit_filtered
10-30 15:44:57.300 28963 28988 D UE4     : [2018.10.30-15.44.57:300][485]LogBlueprintUserMessages: [ThirdPersonCharacter_C_0] Left
10-30 15:44:57.307 28963 28989 V threaded_app: New input event: type=2
10-30 15:44:57.323 28963 28989 V threaded_app: New input event: type=2
10-30 15:44:57.327  3790  3932 D InputReader: Input event(5): value=0 when=193344134087000
10-30 15:44:57.328  3790  3932 D InputReader: Input event(5): value=0 when=193344134087000
10-30 15:44:57.328  3790  3932 I InputReader: Touch event's action is 0x1 (deviceType=0) [pCnt=1, s=] when=193344134087000
10-30 15:44:57.328  3790  3931 I InputDispatcher: Delivering touch to (28963): action: 0x1, toolType: 1
10-30 15:44:57.329 28963 28989 V threaded_app: New input event: type=2
10-30 15:44:57.329 28963 28989 V threaded_app: New input event: type=2
10-30 15:44:57.330  3790  7015 D CustomFrequencyManagerService: acquireDVFSLockLocked : type : DVFS_MIN_LIMIT  frequency : 858000  uid : 1000  pid : 3790  pkgName : GESTURE_DETECTED@CPU_MIN@55
10-30 15:44:57.330 28963 28963 D ViewRootImpl@f78b6ac[GameActivity]: ViewPostIme pointer 1
10-30 15:44:57.342  3790  3905 D SensorHubManager: onGetSensorHubDataLocked: library(4) = 1, 1, 7, 1
10-30 15:44:57.342  3790  3906 D CAE     : onGetSensorHubData(SensorHubParserProvider.java:91) - onGetSensorHubData Event [event buffer len :4], AP_WAKEUP
10-30 15:44:57.343  3790  3906 I CAE     : parse(SensorHubParserProvider.java:192) - buffer size = 4
10-30 15:44:57.343  3790  3906 I CAE     : parse(SensorHubParserProvider.java:203) - 1, 1, 7, 1,
10-30 15:44:57.343  3790  3906 D CAE     : display(ContextProvider.java:375) - ================= AUTO_ROTATION =================
10-30 15:44:57.343  3790  3906 I CAE     : display(ContextProvider.java:391) - Angle=[1]
10-30 15:44:57.344  3790  3910 D SemContextService: Service.updateContext() : service = Auto Rotation
10-30 15:44:57.344  3790  3807 D SemContextManager: AutoRotationEvent : Angle = 1
10-30 15:44:57.344  3790  3807 V WindowOrientationListener: OrientationSensorJudge.onSemContextChanged, Rotation: -1
10-30 15:44:57.351 28963 28988 D UE4     : [2018.10.30-15.44.57:351][488]LogBlueprintUserMessages: [FirstTIle_C_1] 2
10-30 15:44:57.365 28963 28988 D UE4     : [2018.10.30-15.44.57:365][489]LogBlueprintUserMessages: [Magnet_Pickup_3] MagnetActive
10-30 15:44:57.402  3790  3905 D SensorHubManager: onGetSensorHubDataLocked: library(4) = 1, 1, 7, -1
10-30 15:44:57.402  3790  3906 D CAE     : onGetSensorHubData(SensorHubParserProvider.java:91) - onGetSensorHubData Event [event buffer len :4], AP_WAKEUP
10-30 15:44:57.403  3790  3906 I CAE     : parse(SensorHubParserProvider.java:192) - buffer size = 4
10-30 15:44:57.403  3790  3906 I CAE     : parse(SensorHubParserProvider.java:203) - 1, 1, 7, -1,
10-30 15:44:57.403  3790  3906 D CAE     : display(ContextProvider.java:375) - ================= AUTO_ROTATION =================
10-30 15:44:57.403  3790  3906 I CAE     : display(ContextProvider.java:391) - Angle=[-1]
10-30 15:44:57.404  3790  3910 D SemContextService: Service.updateContext() : service = Auto Rotation
10-30 15:44:57.404  3790  3807 D SemContextManager: AutoRotationEvent : Angle = -1
10-30 15:44:57.404  3790  3807 I chatty  : uid=1000(system) android.ui identical 1 line
10-30 15:44:57.411  3374  3374 E audit   : type=1400 audit(1540914297.407:87186): avc:  denied  { read } for  pid=28963 comm="Thread-2" name="stat" dev="proc" ino=4026532420 scontext=u:r:untrusted_app_25:s0:c512,c768 tcontext=u:object_r:proc_stat:s0 tclass=file permissive=0 SEPF_SM-G955F_8.0.0_0016 audit_filtered
10-30 15:44:57.462  3790  3905 D SensorHubManager: onGetSensorHubDataLocked: library(4) = 1, 1, 7, 1
10-30 15:44:57.463  3790  3906 D CAE     : onGetSensorHubData(SensorHubParserProvider.java:91) - onGetSensorHubData Event [event buffer len :4], AP_WAKEUP
10-30 15:44:57.463  3790  3906 I CAE     : parse(SensorHubParserProvider.java:192) - buffer size = 4
10-30 15:44:57.464  3790  3906 I CAE     : parse(SensorHubParserProvider.java:203) - 1, 1, 7, 1,
10-30 15:44:57.464  3790  3906 D CAE     : display(ContextProvider.java:375) - ================= AUTO_ROTATION =================
10-30 15:44:57.464  3790  3906 I CAE     : display(ContextProvider.java:391) - Angle=[1]
10-30 15:44:57.465  3790  3910 D SemContextService: Service.updateContext() : service = Auto Rotation
10-30 15:44:57.466  3790  3807 D SemContextManager: AutoRotationEvent : Angle = 1
10-30 15:44:57.466  3790  3807 V WindowOrientationListener: OrientationSensorJudge.onSemContextChanged, Rotation: -1
10-30 15:44:57.486 28963 28988 D UE4     : [2018.10.30-15.44.57:486][496]LogBlueprintUserMessages: [4xMultiplierPickup_2] MULTI ON
10-30 15:44:57.519  3374  3374 E audit   : type=1400 audit(1540914297.515:87187): avc:  denied  { read } for  pid=28963 comm="Thread-2" name="stat" dev="proc" ino=4026532420 scontext=u:r:untrusted_app_25:s0:c512,c768 tcontext=u:object_r:proc_stat:s0 tclass=file permissive=0 SEPF_SM-G955F_8.0.0_0016 audit_filtered
10-30 15:44:57.946  3374  3374 I chatty  : uid=1999(audit) /system/bin/auditd identical 4 lines
10-30 15:44:58.062  3374  3374 E audit   : type=1400 audit(1540914298.059:87192): avc:  denied  { read } for  pid=28963 comm="Thread-2" name="stat" dev="proc" ino=4026532420 scontext=u:r:untrusted_app_25:s0:c512,c768 tcontext=u:object_r:proc_stat:s0 tclass=file permissive=0 SEPF_SM-G955F_8.0.0_0016 audit_filtered
10-30 15:44:58.080 25221 25221 E adbd    : recv: OPEN 00001d13 00000000 000c:73 68 65 6C 6C 2C 76 32 3A 70 73 00 
10-30 15:44:58.080 25221 25221 E adbd    : service_to_fd: shell,v2:ps
10-30 15:44:58.167 28963 28988 D UE4     : [2018.10.30-15.44.58:167][537]LogBlueprintUserMessages: [FirstTIle_C_2] 6
10-30 15:44:58.178  3374  3374 E audit   : type=1400 audit(1540914298.175:87193): avc:  denied  { read } for  pid=28963 comm="Thread-2" name="stat" dev="proc" ino=4026532420 scontext=u:r:untrusted_app_25:s0:c512,c768 tcontext=u:object_r:proc_stat:s0 tclass=file permissive=0 SEPF_SM-G955F_8.0.0_0016 audit_filtered
10-30 15:44:58.796  3374  3374 I chatty  : uid=1999(audit) /system/bin/auditd identical 6 lines
10-30 15:44:58.832  3790  4308 E Watchdog: !@Sync 6442 [2018-10-30 15:44:58.832]
10-30 15:44:58.896  3374  3374 E audit   : type=1400 audit(1540914298.891:87200): avc:  denied  { read } for  pid=28963 comm="Thread-2" name="stat" dev="proc" ino=4026532420 scontext=u:r:untrusted_app_25:s0:c512,c768 tcontext=u:object_r:proc_stat:s0 tclass=file permissive=0 SEPF_SM-G955F_8.0.0_0016 audit_filtered
10-30 15:44:58.974 28963 28988 D UE4     : [2018.10.30-15.44.58:974][585]LogBlueprintUserMessages: [MasterTile_C_0] 10
10-30 15:44:58.987  3790  3790 D CustomFrequencyManagerService: releaseDVFSLockLocked : Getting Lock type frm List : DVFS_MIN_LIMIT  frequency : 858000  uid : 1000  pid : 3790  tag : GESTURE_DETECTED@CPU_MIN@55
10-30 15:44:58.996  3374  3374 E audit   : type=1400 audit(1540914298.991:87201): avc:  denied  { read } for  pid=28963 comm="Thread-2" name="stat" dev="proc" ino=4026532420 scontext=u:r:untrusted_app_25:s0:c512,c768 tcontext=u:object_r:proc_stat:s0 tclass=file permissive=0 SEPF_SM-G955F_8.0.0_0016 audit_filtered
10-30 15:44:59.082  3790  3905 D SensorHubManager: onGetSensorHubDataLocked: library(4) = 1, 1, 7, -1
10-30 15:44:59.083  3790  3906 D CAE     : onGetSensorHubData(SensorHubParserProvider.java:91) - onGetSensorHubData Event [event buffer len :4], AP_WAKEUP
10-30 15:44:59.083  3790  3906 I CAE     : parse(SensorHubParserProvider.java:192) - buffer size = 4
10-30 15:44:59.084  3790  3906 I CAE     : parse(SensorHubParserProvider.java:203) - 1, 1, 7, -1,
10-30 15:44:59.085  3790  3906 D CAE     : display(ContextProvider.java:375) - ================= AUTO_ROTATION =================
10-30 15:44:59.086  3790  3906 I CAE     : display(ContextProvider.java:391) - Angle=[-1]
10-30 15:44:59.087  3790  3910 D SemContextService: Service.updateContext() : service = Auto Rotation
10-30 15:44:59.088  3790  3807 D SemContextManager: AutoRotationEvent : Angle = -1
10-30 15:44:59.088  3790  3807 V WindowOrientationListener: OrientationSensorJudge.onSemContextChanged, Rotation: -1
10-30 15:44:59.096  3374  3374 E audit   : type=1400 audit(1540914299.091:87202): avc:  denied  { read } for  pid=28963 comm="Thread-2" name="stat" dev="proc" ino=4026532420 scontext=u:r:untrusted_app_25:s0:c512,c768 tcontext=u:object_r:proc_stat:s0 tclass=file permissive=0 SEPF_SM-G955F_8.0.0_0016 audit_filtered
10-30 15:44:59.142  3790  3905 D SensorHubManager: onGetSensorHubDataLocked: library(4) = 1, 1, 7, 1
10-30 15:44:59.143  3790  3906 D CAE     : onGetSensorHubData(SensorHubParserProvider.java:91) - onGetSensorHubData Event [event buffer len :4], AP_WAKEUP
10-30 15:44:59.144  3790  3906 I CAE     : parse(SensorHubParserProvider.java:192) - buffer size = 4
10-30 15:44:59.145  3790  3906 I CAE     : parse(SensorHubParserProvider.java:203) - 1, 1, 7, 1,
10-30 15:44:59.145  3790  3906 D CAE     : display(ContextProvider.java:375) - ================= AUTO_ROTATION =================
10-30 15:44:59.146  3790  3906 I CAE     : display(ContextProvider.java:391) - Angle=[1]
10-30 15:44:59.147  3790  3910 D SemContextService: Service.updateContext() : service = Auto Rotation
10-30 15:44:59.148  3790  3807 D SemContextManager: AutoRotationEvent : Angle = 1
10-30 15:44:59.148  3790  3807 V WindowOrientationListener: OrientationSensorJudge.onSemContextChanged, Rotation: 1
10-30 15:44:59.150  3790  3807 V WindowManager: rotationForOrientationLw(orient=0, last=1); user=0  sensorRotation=1 mLidState=-1 mDockMode=0 mHdmiPlugged=false
10-30 15:44:59.214  3374  3374 E audit   : type=1400 audit(1540914299.207:87203): avc:  denied  { read } for  pid=28963 comm="Thread-2" name="stat" dev="proc" ino=4026532420 scontext=u:r:untrusted_app_25:s0:c512,c768 tcontext=u:object_r:proc_stat:s0 tclass=file permissive=0 SEPF_SM-G955F_8.0.0_0016 audit_filtered
10-30 15:44:59.314 25221 25221 E adbd    : recv: OPEN 00001d17 00000000 000c:73 68 65 6C 6C 2C 76 32 3A 70 73 00 
10-30 15:44:59.314 25221 25221 E adbd    : service_to_fd: shell,v2:ps
10-30 15:44:59.331  3374  3374 E audit   : type=1400 audit(1540914299.327:87204): avc:  denied  { read } for  pid=28963 comm="Thread-2" name="stat" dev="proc" ino=4026532420 scontext=u:r:untrusted_app_25:s0:c512,c768 tcontext=u:object_r:proc_stat:s0 tclass=file permissive=0 SEPF_SM-G955F_8.0.0_0016 audit_filtered
10-30 15:44:59.648  3374  3374 I chatty  : uid=1999(audit) /system/bin/auditd identical 3 lines
10-30 15:44:59.765  3374  3374 E audit   : type=1400 audit(1540914299.759:87208): avc:  denied  { read } for  pid=28963 comm="Thread-2" name="stat" dev="proc" ino=4026532420 scontext=u:r:untrusted_app_25:s0:c512,c768 tcontext=u:object_r:proc_stat:s0 tclass=file permissive=0 SEPF_SM-G955F_8.0.0_0016 audit_filtered
10-30 15:44:59.769 28963 28988 D UE4     : [2018.10.30-15.44.59:769][633]LogBlueprintUserMessages: [MasterTile_C_1] 14
10-30 15:44:59.865  3374  3374 E audit   : type=1400 audit(1540914299.859:87209): avc:  denied  { read } for  pid=28963 comm="Thread-2" name="stat" dev="proc" ino=4026532420 scontext=u:r:untrusted_app_25:s0:c512,c768 tcontext=u:object_r:proc_stat:s0 tclass=file permissive=0 SEPF_SM-G955F_8.0.0_0016 audit_filtered
10-30 15:44:59.965  3374  3374 E audit   : type=1400 audit(1540914299.959:87210): avc:  denied  { read } for  pid=28963 comm="Thread-2" name="stat" dev="proc" ino=4026532420 scontext=u:r:untrusted_app_25:s0:c512,c768 tcontext=u:object_r:proc_stat:s0 tclass=file permissive=0 SEPF_SM-G955F_8.0.0_0016 audit_filtered
10-30 15:45:00.000  3790  3899 D SamsungAlarmManager: Expired : 8
10-30 15:45:00.000  3790  3899 V SamsungAlarmManager: Sending to uid : 1000 action=android.intent.action.TIME_TICK alarm=Alarm{2d51153 type 3 when 1209830507 android}
10-30 15:45:00.004  3790  3790 D SamsungAlarmManager: setExact Intent (T:3/F:1/AC:false) 20181030T154600 - CU:1000/CP:3790
10-30 15:45:00.006  4209  4209 D KeyguardUpdateMonitor: received broadcast android.intent.action.TIME_TICK
10-30 15:45:00.008  4209  4209 D KeyguardServiceBoxContainer: refreshTime() 1
10-30 15:45:00.054  4209  4209 D KeyguardUpdateMonitor: handleStatusBarState( false )
10-30 15:45:00.080  3374  3374 E audit   : type=1400 audit(1540914300.075:87211): avc:  denied  { read } for  pid=28963 comm="Thread-2" name="stat" dev="proc" ino=4026532420 scontext=u:r:untrusted_app_25:s0:c512,c768 tcontext=u:object_r:proc_stat:s0 tclass=file permissive=0 SEPF_SM-G955F_8.0.0_0016 audit_filtered
10-30 15:45:00.140  4209  4209 D KeyguardUpdateMonitor: handleStatusBarState( false )
10-30 15:45:00.180  3374  3374 E audit   : type=1400 audit(1540914300.175:87212): avc:  denied  { read } for  pid=28963 comm="Thread-2" name="stat" dev="proc" ino=4026532420 scontext=u:r:untrusted_app_25:s0:c512,c768 tcontext=u:object_r:proc_stat:s0 tclass=file permissive=0 SEPF_SM-G955F_8.0.0_0016 audit_filtered
10-30 15:45:00.385  3374  3374 I chatty  : uid=1999(audit) /system/bin/auditd identical 2 lines
10-30 15:45:00.468  4918  4918 D io_stats: !@   8,0 r 423876 19749072 w 689958 17072016 d 60072 58621552 f 828928 864226 iot 2137384 457324 th 307200 0 0 pt 0 inp 0 0 193347.274
10-30 15:45:00.489  3374  3374 E audit   : type=1400 audit(1540914300.483:87215): avc:  denied  { read } for  pid=28963 comm="Thread-2" name="stat" dev="proc" ino=4026532420 scontext=u:r:untrusted_app_25:s0:c512,c768 tcontext=u:object_r:proc_stat:s0 tclass=file permissive=0 SEPF_SM-G955F_8.0.0_0016 audit_filtered
10-30 15:45:00.563 28963 28988 D UE4     : [2018.10.30-15.45.00:563][680]LogBlueprintUserMessages: [MasterTile_C_2] 18
10-30 15:45:00.568 25221 25221 E adbd    : recv: OPEN 00001d1b 00000000 000c:73 68 65 6C 6C 2C 76 32 3A 70 73 00 
10-30 15:45:00.568 25221 25221 E adbd    : service_to_fd: shell,v2:ps
10-30 15:45:00.597  3374  3374 E audit   : type=1400 audit(1540914300.591:87216): avc:  denied  { read } for  pid=28963 comm="Thread-2" name="stat" dev="proc" ino=4026532420 scontext=u:r:untrusted_app_25:s0:c512,c768 tcontext=u:object_r:proc_stat:s0 tclass=file permissive=0 SEPF_SM-G955F_8.0.0_0016 audit_filtered
10-30 15:45:01.232  3374  3374 I chatty  : uid=1999(audit) /system/bin/auditd identical 6 lines
10-30 15:45:01.332  3374  3374 E audit   : type=1400 audit(1540914301.327:87223): avc:  denied  { read } for  pid=28963 comm="Thread-2" name="stat" dev="proc" ino=4026532420 scontext=u:r:untrusted_app_25:s0:c512,c768 tcontext=u:object_r:proc_stat:s0 tclass=file permissive=0 SEPF_SM-G955F_8.0.0_0016 audit_filtered
10-30 15:45:01.353 28963 28988 D UE4     : [2018.10.30-15.45.01:353][728]LogBlueprintUserMessages: [MasterTile_C_3] 22
10-30 15:45:01.375  3790  3932 D InputReader: Input event(5): value=1 when=193348181276000
10-30 15:45:01.375  3790  3932 D InputReader: Input event(5): value=1 when=193348181276000
10-30 15:45:01.375  3790  3932 I InputReader: Touch event's action is 0x0 (deviceType=0) [pCnt=1, s=0.1748 ] when=193348181276000
10-30 15:45:01.375  3790  3931 I InputDispatcher: Delivering touch to (4209): action: 0x4, toolType: 1
10-30 15:45:01.376  3790  3931 I InputDispatcher: Delivering touch to (28963): action: 0x0, toolType: 1
10-30 15:45:01.376 28963 28989 V threaded_app: New input event: type=2
10-30 15:45:01.376 28963 28963 D ViewRootImpl@f78b6ac[GameActivity]: ViewPostIme pointer 0
10-30 15:45:01.392 28963 28989 V threaded_app: New input event: type=2
10-30 15:45:01.399 28963 28988 D UE4     : [2018.10.30-15.45.01:399][731]LogBlueprintUserMessages: [ThirdPersonCharacter_C_0] up
10-30 15:45:01.409 28963 28989 V threaded_app: New input event: type=2
10-30 15:45:01.426 28963 28989 I chatty  : uid=10222(u0_a222) identical 1 line
10-30 15:45:01.442 28963 28989 V threaded_app: New input event: type=2
10-30 15:45:01.448  3374  3374 E audit   : type=1400 audit(1540914301.443:87224): avc:  denied  { read } for  pid=28963 comm="Thread-2" name="stat" dev="proc" ino=4026532420 scontext=u:r:untrusted_app_25:s0:c512,c768 tcontext=u:object_r:proc_stat:s0 tclass=file permissive=0 SEPF_SM-G955F_8.0.0_0016 audit_filtered
10-30 15:45:01.459 28963 28989 V threaded_app: New input event: type=2
10-30 15:45:01.476 28963 28989 I chatty  : uid=10222(u0_a222) identical 1 line
10-30 15:45:01.493 28963 28989 V threaded_app: New input event: type=2
10-30 15:45:01.500  3790  3932 D InputReader: Input event(5): value=0 when=193348306133000
10-30 15:45:01.500  3790  3932 D InputReader: Input event(5): value=0 when=193348306133000
10-30 15:45:01.500  3790  3932 I InputReader: Touch event's action is 0x1 (deviceType=0) [pCnt=1, s=] when=193348306133000
10-30 15:45:01.500  3790  3931 I InputDispatcher: Delivering touch to (28963): action: 0x1, toolType: 1
10-30 15:45:01.500 28963 28989 V threaded_app: New input event: type=2
10-30 15:45:01.502 28963 28989 V threaded_app: New input event: type=2
10-30 15:45:01.503 28963 28963 D ViewRootImpl@f78b6ac[GameActivity]: ViewPostIme pointer 1
10-30 15:45:01.503  3790  7015 D CustomFrequencyManagerService: acquireDVFSLockLocked : type : DVFS_MIN_LIMIT  frequency : 858000  uid : 1000  pid : 3790  pkgName : GESTURE_DETECTED@CPU_MIN@55
10-30 15:45:01.542  3790  3905 D SensorHubManager: onGetSensorHubDataLocked: library(4) = 1, 1, 7, -1
10-30 15:45:01.542  3790  3906 D CAE     : onGetSensorHubData(SensorHubParserProvider.java:91) - onGetSensorHubData Event [event buffer len :4], AP_WAKEUP
10-30 15:45:01.542  3790  3906 I CAE     : parse(SensorHubParserProvider.java:192) - buffer size = 4
10-30 15:45:01.542  3790  3906 I CAE     : parse(SensorHubParserProvider.java:203) - 1, 1, 7, -1,
10-30 15:45:01.543  3790  3906 D CAE     : display(ContextProvider.java:375) - ================= AUTO_ROTATION =================
10-30 15:45:01.543  3790  3906 I CAE     : display(ContextProvider.java:391) - Angle=[-1]
10-30 15:45:01.543  3790  3910 D SemContextService: Service.updateContext() : service = Auto Rotation
10-30 15:45:01.544  3790  3807 D SemContextManager: AutoRotationEvent : Angle = -1
10-30 15:45:01.544  3790  3807 V WindowOrientationListener: OrientationSensorJudge.onSemContextChanged, Rotation: -1
10-30 15:45:01.546  3790  5282 D BatteryService: !@BatteryListener : batteryPropertiesChanged!
10-30 15:45:01.547  3790  5282 D BatteryService: level:95, scale:100, status:2, health:2, present:true, voltage: 4218, temperature: 294, technology: Li-ion, AC powered:false, USB powered:true, POGO powered:false, Wireless powered:false, icon:17303841, invalid charger:0, maxChargingCurrent:0, maxChargingVoltage:0, chargeCounter:3294000
10-30 15:45:01.547  3790  5282 D BatteryService: online:4, current avg:-135, charge type:1, power sharing:false, high voltage charger:false, capacity:280000, batterySWSelfDischarging:false, misc_event:0, current_event:0, current_now:-306
10-30 15:45:01.547  3790  3790 D BatteryService: Sending ACTION_BATTERY_CHANGED.
10-30 15:45:01.548  3374  3374 E audit   : type=1400 audit(1540914301.543:87225): avc:  denied  { read } for  pid=28963 comm="Thread-2" name="stat" dev="proc" ino=4026532420 scontext=u:r:untrusted_app_25:s0:c512,c768 tcontext=u:object_r:proc_stat:s0 tclass=file permissive=0 SEPF_SM-G955F_8.0.0_0016 audit_filtered
10-30 15:45:01.549  3790  3790 I MotionRecognitionService: Plugged
10-30 15:45:01.549  3790  3790 D MotionRecognitionService:   mCableConnection= 1
10-30 15:45:01.549  3790  3790 D MotionRecognitionService: setPowerConnected : mGripEnabled = false
10-30 15:45:01.549  3790  3790 D SamsungPhoneWindowManager: ACTION_BATTERY_CHANGED - Level :: 95, battStatus :: 2
10-30 15:45:01.550  3790  3813 D UsbDeviceManager: handleMessage -> MSG_UPDATE_CHARGING_STATE = 1
10-30 15:45:01.551  4209  4209 D KeyguardUpdateMonitor: received broadcast android.intent.action.BATTERY_CHANGED
10-30 15:45:01.552  4209  4209 D BatteryController: onReceive-ACTION_BATTERY_CHANGED : mLevel=95, mBatteryStatus=2
10-30 15:45:01.553  4177  4177 V HeadsetService: Received Intent.ACTION_BATTERY_CHANGED
10-30 15:45:01.553  4177  5012 D HeadsetStateMachine: Disconnected process message: 10, size: 0
10-30 15:45:01.555 28963 28963 D UE4     : Battery: status = 2, rawlevel = 95, scale = 100
10-30 15:45:01.555 28963 28963 D UE4     : nativeBatteryEvent(stat = 2, lvl = 95  temp = 29.40 C)
10-30 15:45:01.558  4209  4209 D PowerUI : priorPlugType = 2 mPlugType =  2
10-30 15:45:01.559  4209  4209 D PowerUI.Notification: showChargingNotice oldChargingType : 1 currentChargingType : 1 oldChargingTime : 851000 mChargingTime : 851000
10-30 15:45:01.559  4209  4209 D PowerUI.Notification: There is no change about charging status, so return!
10-30 15:45:01.602  3790  3905 D SensorHubManager: onGetSensorHubDataLocked: library(4) = 1, 1, 7, 1
10-30 15:45:01.602  3790  3906 D CAE     : onGetSensorHubData(SensorHubParserProvider.java:91) - onGetSensorHubData Event [event buffer len :4], AP_WAKEUP
10-30 15:45:01.602  3790  3906 I CAE     : parse(SensorHubParserProvider.java:192) - buffer size = 4
10-30 15:45:01.602  3790  3906 I CAE     : parse(SensorHubParserProvider.java:203) - 1, 1, 7, 1,
10-30 15:45:01.603  3790  3906 D CAE     : display(ContextProvider.java:375) - ================= AUTO_ROTATION =================
10-30 15:45:01.603  3790  3906 I CAE     : display(ContextProvider.java:391) - Angle=[1]
10-30 15:45:01.604  3790  3910 D SemContextService: Service.updateContext() : service = Auto Rotation
10-30 15:45:01.604  3790  3807 D SemContextManager: AutoRotationEvent : Angle = 1
10-30 15:45:01.605  3790  3807 V WindowOrientationListener: OrientationSensorJudge.onSemContextChanged, Rotation: -1
10-30 15:45:01.648  3374  3374 E audit   : type=1400 audit(1540914301.643:87226): avc:  denied  { read } for  pid=28963 comm="Thread-2" name="stat" dev="proc" ino=4026532420 scontext=u:r:untrusted_app_25:s0:c512,c768 tcontext=u:object_r:proc_stat:s0 tclass=file permissive=0 SEPF_SM-G955F_8.0.0_0016 audit_filtered
10-30 15:45:01.662  3790  3905 D SensorHubManager: onGetSensorHubDataLocked: library(4) = 1, 1, 7, -1
10-30 15:45:01.663  3790  3906 D CAE     : onGetSensorHubData(SensorHubParserProvider.java:91) - onGetSensorHubData Event [event buffer len :4], AP_WAKEUP
10-30 15:45:01.663  3790  3906 I CAE     : parse(SensorHubParserProvider.java:192) - buffer size = 4
10-30 15:45:01.663  3790  3906 I CAE     : parse(SensorHubParserProvider.java:203) - 1, 1, 7, -1,
10-30 15:45:01.664  3790  3906 D CAE     : display(ContextProvider.java:375) - ================= AUTO_ROTATION =================
10-30 15:45:01.664  3790  3906 I CAE     : display(ContextProvider.java:391) - Angle=[-1]
10-30 15:45:01.665  3790  3910 D SemContextService: Service.updateContext() : service = Auto Rotation
10-30 15:45:01.666  3790  3807 D SemContextManager: AutoRotationEvent : Angle = -1
10-30 15:45:01.721  3790  3905 D SensorHubManager: onGetSensorHubDataLocked: library(4) = 1, 1, 7, 1
10-30 15:45:01.722  3790  3906 D CAE     : onGetSensorHubData(SensorHubParserProvider.java:91) - onGetSensorHubData Event [event buffer len :4], AP_WAKEUP
10-30 15:45:01.722  3790  3906 I CAE     : parse(SensorHubParserProvider.java:192) - buffer size = 4
10-30 15:45:01.722  3790  3906 I CAE     : parse(SensorHubParserProvider.java:203) - 1, 1, 7, 1,
10-30 15:45:01.722  3790  3906 D CAE     : display(ContextProvider.java:375) - ================= AUTO_ROTATION =================
10-30 15:45:01.723  3790  3906 I CAE     : display(ContextProvider.java:391) - Angle=[1]
10-30 15:45:01.723  3790  3910 D SemContextService: Service.updateContext() : service = Auto Rotation
10-30 15:45:01.723  3790  3807 D SemContextManager: AutoRotationEvent : Angle = 1
10-30 15:45:01.764  3374  3374 E audit   : type=1400 audit(1540914301.759:87227): avc:  denied  { read } for  pid=28963 comm="Thread-2" name="stat" dev="proc" ino=4026532420 scontext=u:r:untrusted_app_25:s0:c512,c768 tcontext=u:object_r:proc_stat:s0 tclass=file permissive=0 SEPF_SM-G955F_8.0.0_0016 audit_filtered
10-30 15:45:01.782  3790  3905 D SensorHubManager: onGetSensorHubDataLocked: library(4) = 1, 1, 7, -1
10-30 15:45:01.782  3790  3906 D CAE     : onGetSensorHubData(SensorHubParserProvider.java:91) - onGetSensorHubData Event [event buffer len :4], AP_WAKEUP
10-30 15:45:01.782  3790  3906 I CAE     : parse(SensorHubParserProvider.java:192) - buffer size = 4
10-30 15:45:01.782  3790  3906 I CAE     : parse(SensorHubParserProvider.java:203) - 1, 1, 7, -1,
10-30 15:45:01.783  3790  3906 D CAE     : display(ContextProvider.java:375) - ================= AUTO_ROTATION =================
10-30 15:45:01.783  3790  3906 I CAE     : display(ContextProvider.java:391) - Angle=[-1]
10-30 15:45:01.784  3790  3910 D SemContextService: Service.updateContext() : service = Auto Rotation
10-30 15:45:01.784  3790  3807 D SemContextManager: AutoRotationEvent : Angle = -1
10-30 15:45:01.785  3790  3807 I chatty  : uid=1000(system) android.ui identical 3 lines
10-30 15:45:01.802 25221 25221 E adbd    : recv: OPEN 00001d1f 00000000 000c:73 68 65 6C 6C 2C 76 32 3A 70 73 00 
10-30 15:45:01.802 25221 25221 E adbd    : service_to_fd: shell,v2:ps
10-30 15:45:01.842  3790  3905 D SensorHubManager: onGetSensorHubDataLocked: library(4) = 1, 1, 7, 1
10-30 15:45:01.842  3790  3906 D CAE     : onGetSensorHubData(SensorHubParserProvider.java:91) - onGetSensorHubData Event [event buffer len :4], AP_WAKEUP
10-30 15:45:01.842  3790  3906 I CAE     : parse(SensorHubParserProvider.java:192) - buffer size = 4
10-30 15:45:01.842  3790  3906 I CAE     : parse(SensorHubParserProvider.java:203) - 1, 1, 7, 1,
10-30 15:45:01.842  3790  3906 D CAE     : display(ContextProvider.java:375) - ================= AUTO_ROTATION =================
10-30 15:45:01.843  3790  3906 I CAE     : display(ContextProvider.java:391) - Angle=[1]
10-30 15:45:01.843  3790  3910 D SemContextService: Service.updateContext() : service = Auto Rotation
10-30 15:45:01.846  3790  3807 D SemContextManager: AutoRotationEvent : Angle = 1
10-30 15:45:01.846  3790  3807 V WindowOrientationListener: OrientationSensorJudge.onSemContextChanged, Rotation: -1
10-30 15:45:01.880  3374  3374 E audit   : type=1400 audit(1540914301.875:87228): avc:  denied  { read } for  pid=28963 comm="Thread-2" name="stat" dev="proc" ino=4026532420 scontext=u:r:untrusted_app_25:s0:c512,c768 tcontext=u:object_r:proc_stat:s0 tclass=file permissive=0 SEPF_SM-G955F_8.0.0_0016 audit_filtered
10-30 15:45:01.981  3374  3374 I chatty  : uid=1999(audit) /system/bin/auditd identical 1 line
10-30 15:45:02.098  3374  3374 E audit   : type=1400 audit(1540914302.095:87230): avc:  denied  { read } for  pid=28963 comm="Thread-2" name="stat" dev="proc" ino=4026532420 scontext=u:r:untrusted_app_25:s0:c512,c768 tcontext=u:object_r:proc_stat:s0 tclass=file permissive=0 SEPF_SM-G955F_8.0.0_0016 audit_filtered
10-30 15:45:02.141 28963 28988 D UE4     : [2018.10.30-15.45.02:141][775]LogBlueprintUserMessages: [MasterTile_C_4] 26
10-30 15:45:02.218  3374  3374 E audit   : type=1400 audit(1540914302.211:87231): avc:  denied  { read } for  pid=28963 comm="Thread-2" name="stat" dev="proc" ino=4026532420 scontext=u:r:untrusted_app_25:s0:c512,c768 tcontext=u:object_r:proc_stat:s0 tclass=file permissive=0 SEPF_SM-G955F_8.0.0_0016 audit_filtered
10-30 15:45:02.385  3790  7015 D SSRM:A  : SIOP:: AP = 410, PST = 369 (W:15), BAT = 294, USB = 283, CHG = 355, CP = 324
10-30 15:45:02.767  3374  3374 I chatty  : uid=1999(audit) /system/bin/auditd identical 5 lines
10-30 15:45:02.775  3790  3790 D CustomFrequencyManagerService: releaseDVFSLockLocked : Getting Lock type frm List : DVFS_MIN_LIMIT  frequency : 858000  uid : 1000  pid : 3790  tag : GESTURE_DETECTED@CPU_MIN@55
10-30 15:45:02.867  3374  3374 E audit   : type=1400 audit(1540914302.863:87237): avc:  denied  { read } for  pid=28963 comm="Thread-2" name="stat" dev="proc" ino=4026532420 scontext=u:r:untrusted_app_25:s0:c512,c768 tcontext=u:object_r:proc_stat:s0 tclass=file permissive=0 SEPF_SM-G955F_8.0.0_0016 audit_filtered
10-30 15:45:02.908 28963 28988 D UE4     : [2018.10.30-15.45.02:908][821]LogBlueprintUserMessages: [MasterTile_C_5] 30
10-30 15:45:02.982  3374  3374 E audit   : type=1400 audit(1540914302.979:87238): avc:  denied  { read } for  pid=28963 comm="Thread-2" name="stat" dev="proc" ino=4026532420 scontext=u:r:untrusted_app_25:s0:c512,c768 tcontext=u:object_r:proc_stat:s0 tclass=file permissive=0 SEPF_SM-G955F_8.0.0_0016 audit_filtered
10-30 15:45:03.005 25221 25221 E adbd    : recv: OPEN 00001d23 00000000 000c:73 68 65 6C 6C 2C 76 32 3A 70 73 00 
10-30 15:45:03.006 25221 25221 E adbd    : service_to_fd: shell,v2:ps
10-30 15:45:03.111  3374  3374 E audit   : type=1400 audit(1540914303.107:87239): avc:  denied  { read } for  pid=28963 comm="Thread-2" name="stat" dev="proc" ino=4026532420 scontext=u:r:untrusted_app_25:s0:c512,c768 tcontext=u:object_r:proc_stat:s0 tclass=file permissive=0 SEPF_SM-G955F_8.0.0_0016 audit_filtered
10-30 15:45:03.214  3374  3374 E audit   : type=1400 audit(1540914303.211:87240): avc:  denied  { read } for  pid=28963 comm="Thread-2" name="stat" dev="proc" ino=4026532420 scontext=u:r:untrusted_app_25:s0:c512,c768 tcontext=u:object_r:proc_stat:s0 tclass=file permissive=0 SEPF_SM-G955F_8.0.0_0016 audit_filtered
10-30 15:45:03.221  3790  3905 D SensorHubManager: onGetSensorHubDataLocked: library(4) = 1, 1, 7, -1
10-30 15:45:03.222  3790  3906 D CAE     : onGetSensorHubData(SensorHubParserProvider.java:91) - onGetSensorHubData Event [event buffer len :4], AP_WAKEUP
10-30 15:45:03.223  3790  3906 I CAE     : parse(SensorHubParserProvider.java:192) - buffer size = 4
10-30 15:45:03.223  3790  3906 I CAE     : parse(SensorHubParserProvider.java:203) - 1, 1, 7, -1,
10-30 15:45:03.224  3790  3906 D CAE     : display(ContextProvider.java:375) - ================= AUTO_ROTATION =================
10-30 15:45:03.225  3790  3906 I CAE     : display(ContextProvider.java:391) - Angle=[-1]
10-30 15:45:03.228  3790  3910 D SemContextService: Service.updateContext() : service = Auto Rotation
10-30 15:45:03.230  3790  3807 D SemContextManager: AutoRotationEvent : Angle = -1
10-30 15:45:03.230  3790  3807 V WindowOrientationListener: OrientationSensorJudge.onSemContextChanged, Rotation: -1
10-30 15:45:03.282  3790  3905 D SensorHubManager: onGetSensorHubDataLocked: library(4) = 1, 1, 7, 1
10-30 15:45:03.284  3790  3906 D CAE     : onGetSensorHubData(SensorHubParserProvider.java:91) - onGetSensorHubData Event [event buffer len :4], AP_WAKEUP
10-30 15:45:03.285  3790  3906 I CAE     : parse(SensorHubParserProvider.java:192) - buffer size = 4
10-30 15:45:03.286  3790  3906 I CAE     : parse(SensorHubParserProvider.java:203) - 1, 1, 7, 1,
10-30 15:45:03.288  3790  3906 D CAE     : display(ContextProvider.java:375) - ================= AUTO_ROTATION =================
10-30 15:45:03.289  3790  3906 I CAE     : display(ContextProvider.java:391) - Angle=[1]
10-30 15:45:03.291  3790  3910 D SemContextService: Service.updateContext() : service = Auto Rotation
10-30 15:45:03.292  3790  3807 D SemContextManager: AutoRotationEvent : Angle = 1
10-30 15:45:03.292  3790  3807 V WindowOrientationListener: OrientationSensorJudge.onSemContextChanged, Rotation: 1
10-30 15:45:03.294  3790  3807 V WindowManager: rotationForOrientationLw(orient=0, last=1); user=0  sensorRotation=1 mLidState=-1 mDockMode=0 mHdmiPlugged=false
10-30 15:45:03.316  3374  3374 E audit   : type=1400 audit(1540914303.311:87241): avc:  denied  { read } for  pid=28963 comm="Thread-2" name="stat" dev="proc" ino=4026532420 scontext=u:r:untrusted_app_25:s0:c512,c768 tcontext=u:object_r:proc_stat:s0 tclass=file permissive=0 SEPF_SM-G955F_8.0.0_0016 audit_filtered
10-30 15:45:03.417  3374  3374 E audit   : type=1400 audit(1540914303.411:87242): avc:  denied  { read } for  pid=28963 comm="Thread-2" name="stat" dev="proc" ino=4026532420 scontext=u:r:untrusted_app_25:s0:c512,c768 tcontext=u:object_r:proc_stat:s0 tclass=file permissive=0 SEPF_SM-G955F_8.0.0_0016 audit_filtered
10-30 15:45:03.444  4582  4858 E ImsAdaptorImpl: setSSACInfo : ImsAdaptorImpl.
10-30 15:45:03.446  4563  4894 D SsacManager: updateSSACInfo[0] : Voice(-1:0) Video(-1:0)
10-30 15:45:03.447  4563  4894 D SsacManager: Voice Call updateSSACInfo[0] : f[100], t[0]
10-30 15:45:03.447  4563  4894 D SsacManager: Video Call updateSSACInfo[0] : f[100], t[0]
10-30 15:45:03.454  4582  4858 E ImsAdaptorImpl: setSSACInfo : ImsAdaptorImpl.
10-30 15:45:03.456  4563  4894 D SsacManager: updateSSACInfo[0] : Voice(-1:0) Video(-1:0)
10-30 15:45:03.456  4563  4894 D SsacManager: Voice Call updateSSACInfo[0] : f[100], t[0]
10-30 15:45:03.456  4563  4894 D SsacManager: Video Call updateSSACInfo[0] : f[100], t[0]
10-30 15:45:03.487  4209  4507 D NetworkController.MobileSignalController(0/-2): onCellLocationChanged
10-30 15:45:03.534  3374  3374 E audit   : type=1400 audit(1540914303.527:87243): avc:  denied  { read } for  pid=28963 comm="Thread-2" name="stat" dev="proc" ino=4026532420 scontext=u:r:untrusted_app_25:s0:c512,c768 tcontext=u:object_r:proc_stat:s0 tclass=file permissive=0 SEPF_SM-G955F_8.0.0_0016 audit_filtered
10-30 15:45:03.650  3374  3374 E audit   : type=1400 audit(1540914303.643:87244): avc:  denied  { read } for  pid=28963 comm="Thread-2" name="stat" dev="proc" ino=4026532420 scontext=u:r:untrusted_app_25:s0:c512,c768 tcontext=u:object_r:proc_stat:s0 tclass=file permissive=0 SEPF_SM-G955F_8.0.0_0016 audit_filtered
10-30 15:45:03.672 28963 28988 D UE4     : [2018.10.30-15.45.03:672][867]LogBlueprintUserMessages: [MasterTile_C_6] 34
10-30 15:45:03.750  3374  3374 E audit   : type=1400 audit(1540914303.747:87245): avc:  denied  { read } for  pid=28963 comm="Thread-2" name="stat" dev="proc" ino=4026532420 scontext=u:r:untrusted_app_25:s0:c512,c768 tcontext=u:object_r:proc_stat:s0 tclass=file permissive=0 SEPF_SM-G955F_8.0.0_0016 audit_filtered
10-30 15:45:04.186  3374  3374 I chatty  : uid=1999(audit) /system/bin/auditd identical 4 lines
10-30 15:45:04.299  3374  3374 E audit   : type=1400 audit(1540914304.295:87250): avc:  denied  { read } for  pid=28963 comm="Thread-2" name="stat" dev="proc" ino=4026532420 scontext=u:r:untrusted_app_25:s0:c512,c768 tcontext=u:object_r:proc_stat:s0 tclass=file permissive=0 SEPF_SM-G955F_8.0.0_0016 audit_filtered
10-30 15:45:04.303 25221 25221 E adbd    : recv: OPEN 00001d27 00000000 000c:73 68 65 6C 6C 2C 76 32 3A 70 73 00 
10-30 15:45:04.303 25221 25221 E adbd    : service_to_fd: shell,v2:ps
10-30 15:45:04.415  3374  3374 E audit   : type=1400 audit(1540914304.411:87251): avc:  denied  { read } for  pid=28963 comm="Thread-2" name="stat" dev="proc" ino=4026532420 scontext=u:r:untrusted_app_25:s0:c512,c768 tcontext=u:object_r:proc_stat:s0 tclass=file permissive=0 SEPF_SM-G955F_8.0.0_0016 audit_filtered
10-30 15:45:04.425 28963 28988 D UE4     : [2018.10.30-15.45.04:425][912]LogBlueprintUserMessages: [MasterTile_C_7] 38
10-30 15:45:04.516  3374  3374 E audit   : type=1400 audit(1540914304.511:87252): avc:  denied  { read } for  pid=28963 comm="Thread-2" name="stat" dev="proc" ino=4026532420 scontext=u:r:untrusted_app_25:s0:c512,c768 tcontext=u:object_r:proc_stat:s0 tclass=file permissive=0 SEPF_SM-G955F_8.0.0_0016 audit_filtered
10-30 15:45:04.733  3374  3374 I chatty  : uid=1999(audit) /system/bin/auditd identical 2 lines
10-30 15:45:04.833  3374  3374 E audit   : type=1400 audit(1540914304.827:87255): avc:  denied  { read } for  pid=28963 comm="Thread-2" name="stat" dev="proc" ino=4026532420 scontext=u:r:untrusted_app_25:s0:c512,c768 tcontext=u:object_r:proc_stat:s0 tclass=file permissive=0 SEPF_SM-G955F_8.0.0_0016 audit_filtered
10-30 15:45:04.901  4209  4507 D NetworkController.MobileSignalController(0/-2): onSignalStrengthsChanged signalStrength=SignalStrength: 24 99 -24 -200 -24 -200 -1 99 2147483647 2147483647 2147483647 2147483647 0 2147483647 0x4 P gsm|lte level=4
10-30 15:45:04.902  4209  4507 D NetworkController.MobileSignalController(0/-2): getMobileIconGroup(): 0
10-30 15:45:04.949  3374  3374 E audit   : type=1400 audit(1540914304.943:87256): avc:  denied  { read } for  pid=28963 comm="Thread-2" name="stat" dev="proc" ino=4026532420 scontext=u:r:untrusted_app_25:s0:c512,c768 tcontext=u:object_r:proc_stat:s0 tclass=file permissive=0 SEPF_SM-G955F_8.0.0_0016 audit_filtered
10-30 15:45:05.049  3374  3374 I chatty  : uid=1999(audit) /system/bin/auditd identical 1 line
10-30 15:45:05.150  3374  3374 E audit   : type=1400 audit(1540914305.147:87258): avc:  denied  { read } for  pid=28963 comm="Thread-2" name="stat" dev="proc" ino=4026532420 scontext=u:r:untrusted_app_25:s0:c512,c768 tcontext=u:object_r:proc_stat:s0 tclass=file permissive=0 SEPF_SM-G955F_8.0.0_0016 audit_filtered
10-30 15:45:05.177 28963 28988 D UE4     : [2018.10.30-15.45.05:177][957]LogBlueprintUserMessages: [MasterTile_C_8] 42
10-30 15:45:05.267  3374  3374 E audit   : type=1400 audit(1540914305.263:87259): avc:  denied  { read } for  pid=28963 comm="Thread-2" name="stat" dev="proc" ino=4026532420 scontext=u:r:untrusted_app_25:s0:c512,c768 tcontext=u:object_r:proc_stat:s0 tclass=file permissive=0 SEPF_SM-G955F_8.0.0_0016 audit_filtered
10-30 15:45:05.368  3374  3374 I chatty  : uid=1999(audit) /system/bin/auditd identical 1 line
10-30 15:45:05.471  4918  4918 D io_stats: !@   8,0 r 423876 19749072 w 689983 17072160 d 60073 58621556 f 828952 864252 iot 2137448 457336 th 307200 0 0 pt 0 inp 0 0 193352.277
10-30 15:45:05.484  3374  3374 E audit   : type=1400 audit(1540914305.479:87261): avc:  denied  { read } for  pid=28963 comm="Thread-2" name="stat" dev="proc" ino=4026532420 scontext=u:r:untrusted_app_25:s0:c512,c768 tcontext=u:object_r:proc_stat:s0 tclass=file permissive=0 SEPF_SM-G955F_8.0.0_0016 audit_filtered
10-30 15:45:05.506  3790  3905 D SensorHubManager: onGetSensorHubDataLocked: library(4) = 1, 1, 7, -1
10-30 15:45:05.507  3790  3906 D CAE     : onGetSensorHubData(SensorHubParserProvider.java:91) - onGetSensorHubData Event [event buffer len :4], AP_WAKEUP
10-30 15:45:05.507  3790  3906 I CAE     : parse(SensorHubParserProvider.java:192) - buffer size = 4
10-30 15:45:05.508  3790  3906 I CAE     : parse(SensorHubParserProvider.java:203) - 1, 1, 7, -1,
10-30 15:45:05.508  3790  3906 D CAE     : display(ContextProvider.java:375) - ================= AUTO_ROTATION =================
10-30 15:45:05.509  3790  3906 I CAE     : display(ContextProvider.java:391) - Angle=[-1]
10-30 15:45:05.510  3790  3910 D SemContextService: Service.updateContext() : service = Auto Rotation
10-30 15:45:05.510  3790  3807 D SemContextManager: AutoRotationEvent : Angle = -1
10-30 15:45:05.511  3790  3807 V WindowOrientationListener: OrientationSensorJudge.onSemContextChanged, Rotation: -1
10-30 15:45:05.549 25221 25221 E adbd    : recv: OPEN 00001d2b 00000000 000c:73 68 65 6C 6C 2C 76 32 3A 70 73 00 
10-30 15:45:05.550 25221 25221 E adbd    : service_to_fd: shell,v2:ps
10-30 15:45:05.566  3790  3905 D SensorHubManager: onGetSensorHubDataLocked: library(4) = 1, 1, 7, 1
10-30 15:45:05.567  3790  3906 D CAE     : onGetSensorHubData(SensorHubParserProvider.java:91) - onGetSensorHubData Event [event buffer len :4], AP_WAKEUP
10-30 15:45:05.568  3790  3906 I CAE     : parse(SensorHubParserProvider.java:192) - buffer size = 4
10-30 15:45:05.568  3790  3906 I CAE     : parse(SensorHubParserProvider.java:203) - 1, 1, 7, 1,
10-30 15:45:05.569  3790  3906 D CAE     : display(ContextProvider.java:375) - ================= AUTO_ROTATION =================
10-30 15:45:05.570  3790  3906 I CAE     : display(ContextProvider.java:391) - Angle=[1]
10-30 15:45:05.571  3790  3910 D SemContextService: Service.updateContext() : service = Auto Rotation
10-30 15:45:05.572  3790  3807 D SemContextManager: AutoRotationEvent : Angle = 1
10-30 15:45:05.572  3790  3807 V WindowOrientationListener: OrientationSensorJudge.onSemContextChanged, Rotation: 1
10-30 15:45:05.573  3790  3807 V WindowManager: rotationForOrientationLw(orient=0, last=1); user=0  sensorRotation=1 mLidState=-1 mDockMode=0 mHdmiPlugged=false
10-30 15:45:05.600  3374  3374 E audit   : type=1400 audit(1540914305.595:87262): avc:  denied  { read } for  pid=28963 comm="Thread-2" name="stat" dev="proc" ino=4026532420 scontext=u:r:untrusted_app_25:s0:c512,c768 tcontext=u:object_r:proc_stat:s0 tclass=file permissive=0 SEPF_SM-G955F_8.0.0_0016 audit_filtered
10-30 15:45:05.716  3374  3374 I chatty  : uid=1999(audit) /system/bin/auditd identical 1 line
10-30 15:45:05.818  3374  3374 E audit   : type=1400 audit(1540914305.811:87264): avc:  denied  { read } for  pid=28963 comm="Thread-2" name="stat" dev="proc" ino=4026532420 scontext=u:r:untrusted_app_25:s0:c512,c768 tcontext=u:object_r:proc_stat:s0 tclass=file permissive=0 SEPF_SM-G955F_8.0.0_0016 audit_filtered
10-30 15:45:05.906 28963 28988 D UE4     : [2018.10.30-15.45.05:906][  1]LogBlueprintUserMessages: [MasterTile_C_9] 46
10-30 15:45:05.934  3374  3374 E audit   : type=1400 audit(1540914305.931:87265): avc:  denied  { read } for  pid=28963 comm="Thread-2" name="stat" dev="proc" ino=4026532420 scontext=u:r:untrusted_app_25:s0:c512,c768 tcontext=u:object_r:proc_stat:s0 tclass=file permissive=0 SEPF_SM-G955F_8.0.0_0016 audit_filtered
10-30 15:45:06.468  3374  3374 I chatty  : uid=1999(audit) /system/bin/auditd identical 5 lines
10-30 15:45:06.571  3374  3374 E audit   : type=1400 audit(1540914306.567:87271): avc:  denied  { read } for  pid=28963 comm="Thread-2" name="stat" dev="proc" ino=4026532420 scontext=u:r:untrusted_app_25:s0:c512,c768 tcontext=u:object_r:proc_stat:s0 tclass=file permissive=0 SEPF_SM-G955F_8.0.0_0016 audit_filtered
10-30 15:45:06.643 28963 28988 D UE4     : [2018.10.30-15.45.06:642][ 45]LogBlueprintUserMessages: [MasterTile_C_10] 50
10-30 15:45:06.684  3374  3374 E audit   : type=1400 audit(1540914306.679:87272): avc:  denied  { read } for  pid=28963 comm="Thread-2" name="stat" dev="proc" ino=4026532420 scontext=u:r:untrusted_app_25:s0:c512,c768 tcontext=u:object_r:proc_stat:s0 tclass=file permissive=0 SEPF_SM-G955F_8.0.0_0016 audit_filtered
10-30 15:45:06.721  3790  3932 D InputReader: Input event(5): value=1 when=193353527675000
10-30 15:45:06.721  3790  3932 D InputReader: Input event(5): value=1 when=193353527675000
10-30 15:45:06.722  3790  3932 I InputReader: Touch event's action is 0x0 (deviceType=0) [pCnt=1, s=0.1749 ] when=193353527675000
10-30 15:45:06.722  3790  3931 I InputDispatcher: Delivering touch to (4209): action: 0x4, toolType: 1
10-30 15:45:06.722  3790  3931 I InputDispatcher: Delivering touch to (28963): action: 0x0, toolType: 1
10-30 15:45:06.722 28963 28989 V threaded_app: New input event: type=2
10-30 15:45:06.723 28963 28963 D ViewRootImpl@f78b6ac[GameActivity]: ViewPostIme pointer 0
10-30 15:45:06.746 28963 28989 V threaded_app: New input event: type=2
10-30 15:45:06.752 28963 28988 D UE4     : [2018.10.30-15.45.06:752][ 52]LogBlueprintUserMessages: [ThirdPersonCharacter_C_0] Left
10-30 15:45:06.762 28963 28989 V threaded_app: New input event: type=2
10-30 15:45:06.779 28963 28989 I chatty  : uid=10222(u0_a222) identical 1 line
10-30 15:45:06.796 28963 28989 V threaded_app: New input event: type=2
10-30 15:45:06.800  3374  3374 E audit   : type=1400 audit(1540914306.795:87273): avc:  denied  { read } for  pid=28963 comm="Thread-2" name="stat" dev="proc" ino=4026532420 scontext=u:r:untrusted_app_25:s0:c512,c768 tcontext=u:object_r:proc_stat:s0 tclass=file permissive=0 SEPF_SM-G955F_8.0.0_0016 audit_filtered
10-30 15:45:06.812 28963 28989 V threaded_app: New input event: type=2
10-30 15:45:06.820 25221 25221 E adbd    : recv: OPEN 00001d2f 00000000 000c:73 68 65 6C 6C 2C 76 32 3A 70 73 00 
10-30 15:45:06.820 25221 25221 E adbd    : service_to_fd: shell,v2:ps
10-30 15:45:06.823  3790  3931 D PowerManagerService: [api] userActivityFromNative : 630 (event: 2 flags: 0) eventTime = 193353628
10-30 15:45:06.829 28963 28989 V threaded_app: New input event: type=2
10-30 15:45:06.846 28963 28989 I chatty  : uid=10222(u0_a222) identical 1 line
10-30 15:45:06.862 28963 28989 V threaded_app: New input event: type=2
10-30 15:45:06.872  3790  3932 D InputReader: Input event(5): value=0 when=193353678904000
10-30 15:45:06.872  3790  3932 D InputReader: Input event(5): value=0 when=193353678904000
10-30 15:45:06.872  3790  3932 I InputReader: Touch event's action is 0x1 (deviceType=0) [pCnt=1, s=] when=193353678904000
10-30 15:45:06.873  3790  3931 I InputDispatcher: Delivering touch to (28963): action: 0x1, toolType: 1
10-30 15:45:06.874 28963 28989 V threaded_app: New input event: type=2
10-30 15:45:06.874 28963 28989 V threaded_app: New input event: type=2
10-30 15:45:06.875  3790  7015 D CustomFrequencyManagerService: acquireDVFSLockLocked : type : DVFS_MIN_LIMIT  frequency : 858000  uid : 1000  pid : 3790  pkgName : GESTURE_DETECTED@CPU_MIN@55
10-30 15:45:06.875 28963 28963 D ViewRootImpl@f78b6ac[GameActivity]: ViewPostIme pointer 1
10-30 15:45:06.917  3374  3374 E audit   : type=1400 audit(1540914306.911:87274): avc:  denied  { read } for  pid=28963 comm="Thread-2" name="stat" dev="proc" ino=4026532420 scontext=u:r:untrusted_app_25:s0:c512,c768 tcontext=u:object_r:proc_stat:s0 tclass=file permissive=0 SEPF_SM-G955F_8.0.0_0016 audit_filtered
10-30 15:45:06.945  3790  3905 D SensorHubManager: onGetSensorHubDataLocked: library(4) = 1, 1, 7, -1
10-30 15:45:06.945  3790  3906 D CAE     : onGetSensorHubData(SensorHubParserProvider.java:91) - onGetSensorHubData Event [event buffer len :4], AP_WAKEUP
10-30 15:45:06.945  3790  3906 I CAE     : parse(SensorHubParserProvider.java:192) - buffer size = 4
10-30 15:45:06.946  3790  3906 I CAE     : parse(SensorHubParserProvider.java:203) - 1, 1, 7, -1,
10-30 15:45:06.946  3790  3906 D CAE     : display(ContextProvider.java:375) - ================= AUTO_ROTATION =================
10-30 15:45:06.946  3790  3906 I CAE     : display(ContextProvider.java:391) - Angle=[-1]
10-30 15:45:06.946  3790  3910 D SemContextService: Service.updateContext() : service = Auto Rotation
10-30 15:45:06.946  3790  3807 D SemContextManager: AutoRotationEvent : Angle = -1
10-30 15:45:06.946  3790  3807 V WindowOrientationListener: OrientationSensorJudge.onSemContextChanged, Rotation: -1
10-30 15:45:07.003  3790  7015 D ConnectivityService: filterNetworkStateForUid() uid: 1000 networkInfo: [type: WIFI[] - WIFI, state: DISCONNECTED/DISCONNECTED, reason: (unspecified), extra: (none), failover: false, available: true, roaming: false, metered: false]
10-30 15:45:07.013  3398 23148 V APM_AudioPolicyManager: getAudioPolicyConfig: audioParam;activeStream
10-30 15:45:07.014  3398 23148 V APM_AudioPolicyManager: ### active stream : 0
10-30 15:45:07.014  3790  7015 D AudioService: active stream is 0x0
10-30 15:45:07.014  3398 23148 V APM_AudioPolicyManager: getAudioPolicyConfig: audioParam;outDevice
10-30 15:45:07.014  3398 23148 V APM_AudioPolicyManager: getNewOutputDevice() selected device 0
10-30 15:45:07.014  3398 23148 V APM_AudioPolicyManager: ### curdevice : 2
10-30 15:45:07.018  3374  3374 E audit   : type=1400 audit(1540914307.015:87275): avc:  denied  { read } for  pid=28963 comm="Thread-2" name="stat" dev="proc" ino=4026532420 scontext=u:r:untrusted_app_25:s0:c512,c768 tcontext=u:object_r:proc_stat:s0 tclass=file permissive=0 SEPF_SM-G955F_8.0.0_0016 audit_filtered
10-30 15:45:07.019  3790  7015 D SSRM:j  : ATC: power = AP_CP = 1932, Display = 45(Panel:-999, LDIs:-999), WIFI = 0, SPK = 0, RCV = 0, Camera = 0, PAM = 0
10-30 15:45:07.019  3790  7015 D SSRM:j  : ATC: current = AP_CP = 483, Display = 12, WIFI = 0, SPK = 0,RCV = 0, Camera = 0, PAM = 0
10-30 15:45:07.027  3790  7015 D SSRM:j  : ATC: Ambient Temperature = 22.74, Skin temperature = F_AP[30.00], F_RF[29.60], B_AP[30.50], B_RF[29.50], B_WIFI[27.70], B_SPK[27.10]
10-30 15:45:07.066  3790  3905 D SensorHubManager: onGetSensorHubDataLocked: library(4) = 1, 1, 7, 1
10-30 15:45:07.066  3790  3906 D CAE     : onGetSensorHubData(SensorHubParserProvider.java:91) - onGetSensorHubData Event [event buffer len :4], AP_WAKEUP
10-30 15:45:07.067  3790  3906 I CAE     : parse(SensorHubParserProvider.java:192) - buffer size = 4
10-30 15:45:07.067  3790  3906 I CAE     : parse(SensorHubParserProvider.java:203) - 1, 1, 7, 1,
10-30 15:45:07.067  3790  3906 D CAE     : display(ContextProvider.java:375) - ================= AUTO_ROTATION =================
10-30 15:45:07.067  3790  3906 I CAE     : display(ContextProvider.java:391) - Angle=[1]
10-30 15:45:07.068  3790  3910 D SemContextService: Service.updateContext() : service = Auto Rotation
10-30 15:45:07.068  3790  3807 D SemContextManager: AutoRotationEvent : Angle = 1
10-30 15:45:07.069  3790  3807 V WindowOrientationListener: OrientationSensorJudge.onSemContextChanged, Rotation: -1
