10-30 15:44:26.300  4209  4209 D ViewRootImpl@dba86b7[NavigationBar]: MSG_RESIZED_REPORT: frame=Rect(2094, 0 - 2220, 1080) ci=Rect(0, 0 - 0, 0) vi=Rect(0, 0 - 0, 0) or=2
10-30 15:44:26.300  4209  4209 D KeyguardUpdateMonitor: received broadcast android.intent.action.CONFIGURATION_CHANGED
10-30 15:44:26.307  3790  3905 D SensorHubManager: onGetSensorHubDataLocked: library(4) = 1, 1, 7, -1
10-30 15:44:26.307  3790  3906 D CAE     : onGetSensorHubData(SensorHubParserProvider.java:91) - onGetSensorHubData Event [event buffer len :4], AP_WAKEUP
10-30 15:44:26.307  3790  3906 I CAE     : parse(SensorHubParserProvider.java:192) - buffer size = 4
10-30 15:44:26.307  3790  3906 I CAE     : parse(SensorHubParserProvider.java:203) - 1, 1, 7, -1,
10-30 15:44:26.307  3790  3906 D CAE     : display(ContextProvider.java:375) - ================= AUTO_ROTATION =================
10-30 15:44:26.307  3790  3906 I CAE     : display(ContextProvider.java:391) - Angle=[-1]
10-30 15:44:26.308  3790  3910 D SemContextService: Service.updateContext() : service = Auto Rotation
10-30 15:44:26.308  3790  3807 D SemContextManager: AutoRotationEvent : Angle = -1
10-30 15:44:26.308  3790  3807 V WindowOrientationListener: OrientationSensorJudge.onSemContextChanged, Rotation: -1
10-30 15:44:26.312  4209  4209 D ViewRootImpl@2b1c8a1[NavBarTouchConsumer]: MSG_RESIZED_REPORT: frame=Rect(1108, 1076 - 1112, 1080) ci=Rect(0, 0 - 0, 0) vi=Rect(0, 0 - 0, 0) or=2
10-30 15:44:26.312  4209  4209 D ViewRootImpl@dba86b7[NavigationBar]: MSG_RESIZED_REPORT: frame=Rect(2094, 0 - 2220, 1080) ci=Rect(0, 0 - 0, 0) vi=Rect(0, 0 - 0, 0) or=2
10-30 15:44:26.315  4209  4209 D ViewRootImpl@24d5451[AssistPreviewPanel]: dispatchAttachedToWindow
10-30 15:44:26.315  3790  5196 V WindowManager: Relayout Window{1efe21 u0 AssistPreviewPanel}: viewVisibility=8 req=2092x656 WM.LayoutParams{(0,0)(fillx656) gr=#800053 sim=#31 ty=2033 fl=#1000118 fmt=-3 vsysui=0x700 colorMode=0 naviIconColor=0}
10-30 15:44:26.318  4209  4209 D ViewRootImpl@24d5451[AssistPreviewPanel]: Relayout returned: old=[0,0][0,0] new=[0,1080][2094,1080] result=0x1 surface={valid=false 0} changed=false
10-30 15:44:26.326  3790  5196 D ActivityManager: isScaleDownAnimationEnabled() : false
10-30 15:44:26.328  3790  5196 D PersonaManagerService: Current focused persona service handled id set to : 0
10-30 15:44:26.328  3790  5196 D InputDispatcher: Focused application set to: xxxx
10-30 15:44:26.329  3790  4068 D GameManagerService: handleForegroundChange(). pkgName: com.YourCompany.FlaminGo, clsName: com.epicgames.ue4.GameActivity,FgActivityName:com.YourCompany.FlaminGo/com.epicgames.ue4.GameActivity
10-30 15:44:26.329  3790  4068 D GameManagerService:   handleForegroundChange(). same package with Prev KILL_YOURSELF. ignore
10-30 15:44:26.329  3790  5196 D MARsPolicyManager: onPackageResumedFG pkgName = com.YourCompany.FlaminGo, userId = 0
10-30 15:44:26.340  3790  5196 V WindowManager: Relayout Window{8dafb1f u0 StatusBar}: viewVisibility=0 req=2220x63 WM.LayoutParams{(0,0)(fillx63) gr=#30 sim=#10 ty=2000 fl=#81840048 fmt=-3 vsysui=0x600 colorMode=0 naviIconColor=0}
10-30 15:44:26.341 28963 28963 W linker  : /data/app/com.YourCompany.FlaminGo-AU6J44CPAwAHb-yc3TgClw==/lib/arm/libOVRPlugin.so: is missing DT_SONAME will use basename as a replacement: "libOVRPlugin.so"
10-30 15:44:26.343 28963 28963 D OVRPlugin: JNI_OnLoad
10-30 15:44:26.360  4209  4209 D ViewRootImpl@64b00a8[StatusBar]: Relayout returned: old=[0,0][2220,63] new=[0,0][2220,63] result=0x23 surface={valid=true 489398247424} changed=false
10-30 15:44:26.363  4209  4649 D OpenGLRenderer: eglDestroySurface = 0x720981ef90
10-30 15:44:26.364  4209  4649 D mali_winsys: EGLint new_window_surface(egl_winsys_display *, void *, EGLSurface, EGLConfig, egl_winsys_surface **, egl_color_buffer_format *, EGLBoolean) returns 0x3000,  [2220x63]-format:1
10-30 15:44:26.364  4209  4649 D OpenGLRenderer: eglCreateWindowSurface = 0x720981ef90
10-30 15:44:26.381 28963 28963 D UE4     : Used memory before allocating anything was 121.53MB
10-30 15:44:26.385  4209  4209 D ScrollView:  onsize change changed 
10-30 15:44:26.398  3790  5196 V WindowManager: finishDrawingLocked: mDrawState=COMMIT_DRAW_PENDING Window{8dafb1f u0 StatusBar} in Surface(name=StatusBar)
10-30 15:44:26.398  4209  4209 D ViewRootImpl@c4b4b90[DockedStackDivider]: dispatchAttachedToWindow
10-30 15:44:26.401  3790  5196 V WindowManager: Relayout Window{5ab1134 u0 DockedStackDivider}: viewVisibility=4 req=126x1016 WM.LayoutParams{(0,0)(126xfill) sim=#20 ty=2034 fl=#21840028 pfl=0x40 fmt=-3 vsysui=0x700 colorMode=0 naviIconColor=0}
10-30 15:44:26.403  4209  4209 D ViewRootImpl@c4b4b90[DockedStackDivider]: Relayout returned: old=[0,0][0,0] new=[0,0][0,0] result=0x1 surface={valid=false 0} changed=false
10-30 15:44:26.405  4209  4209 D ViewRootImpl@4f4fca8[DividerButtonsGroup]: dispatchAttachedToWindow
10-30 15:44:26.406  3790  5196 V WindowManager: Relayout Window{1f85059 u0 DividerButtonsGroup}: viewVisibility=4 req=131x458 WM.LayoutParams{(0,0)(131x458) sim=#20 ty=2302 fl=#1040020 fmt=-3 vsysui=0x700 surfaceInsets=Rect(32, 32 - 32, 32) colorMode=0 naviIconColor=0}
10-30 15:44:26.408  4209  4209 D ViewRootImpl@4f4fca8[DividerButtonsGroup]: Relayout returned: old=[0,0][0,0] new=[0,0][0,0] result=0x1 surface={valid=false 0} changed=false
10-30 15:44:26.409  3790  5196 V WindowManager: Relayout Window{c90d8c9 u0 NavBarTouchConsumer}: viewVisibility=0 req=4x4 WM.LayoutParams{(0,0)(4x4) gr=#5 sim=#20 ty=2273 fl=#1080108 fmt=-3 alpha=0.0 colorMode=0 naviIconColor=0 sfl=0x20000}
10-30 15:44:26.410  3790  5196 I WindowManager: Screen frozen for +350ms due to Window{8dafb1f u0 StatusBar}
10-30 15:44:26.415  3250  3250 I SurfaceFlinger: id=737 createSurf (2160x2220),-1 flag=20004, BlackSurface#0
10-30 15:44:26.416  3250  3250 I SurfaceFlinger: id=738 createSurf (1080x4440),-1 flag=20004, BlackSurface#0
10-30 15:44:26.416  3250  3250 I SurfaceFlinger: id=739 createSurf (2160x2220),-1 flag=20004, BlackSurface#0
10-30 15:44:26.417  3250  3250 I SurfaceFlinger: id=740 createSurf (1080x4440),-1 flag=20004, BlackSurface#0
10-30 15:44:26.418  3790  5196 D InputDispatcher: setInputDispatchMode: enabled=1, frozen=0
10-30 15:44:26.419  3790  3937 D AllAroundSensingService: packageName : com.YourCompany.FlaminGo    className : com.epicgames.ue4.GameActivity
10-30 15:44:26.419  3790  3937 V AllAroundSensingService: setPlatformBrightnessValue 120
10-30 15:44:26.419  4209  4209 D ViewRootImpl@2b1c8a1[NavBarTouchConsumer]: Relayout returned: old=[1108,1076][1112,1080] new=[2216,538][2220,542] result=0x1 surface={valid=true 489322921984} changed=false
10-30 15:44:26.420  4209  4649 D OpenGLRenderer: eglDestroySurface = 0x72098219c0
10-30 15:44:26.421  4209  4649 D mali_winsys: EGLint new_window_surface(egl_winsys_display *, void *, EGLSurface, EGLConfig, egl_winsys_surface **, egl_color_buffer_format *, EGLBoolean) returns 0x3000,  [4x4]-format:1
10-30 15:44:26.421  4209  4649 D OpenGLRenderer: eglCreateWindowSurface = 0x72098219c0
10-30 15:44:26.422  3227  3505 D audio_hw_primary_abox: device-adev_set_parameters: enter with key(display_rotation=1)
10-30 15:44:26.422  3227  3505 D audio_hw_primary_abox: device-adev_set_parameters: exit
10-30 15:44:26.422  3398 19316 V MultiRecordManager: setParameters(): io 0, keyvalue display_rotation=1, calling pid 3790
10-30 15:44:26.424  4209  4209 D ViewRootImpl@2b1c8a1[NavBarTouchConsumer]: MSG_RESIZED_REPORT: frame=Rect(2216, 538 - 2220, 542) ci=Rect(0, 0 - 0, 0) vi=Rect(0, 0 - 126, 0) or=2
10-30 15:44:26.424  4209  4209 D ViewRootImpl@258b17a[AssistPreviewPanel]: dispatchDetachedFromWindow
10-30 15:44:26.424  4209  4209 D InputEventReceiver: channel 'a820ac9 AssistPreviewPanel (client)' ~ Disposing input event receiver.
10-30 15:44:26.424  4209  4209 D InputEventReceiver: channel 'a820ac9 AssistPreviewPanel (client)' ~NativeInputEventReceiver.
10-30 15:44:26.425  3790  5196 W AppOps  : Finishing op nesting under-run: uid 10005 pkg com.android.systemui code 70 time=0 duration=0 nesting=0
10-30 15:44:26.429  4209  4209 D SecNavigationBarView: setNavigationIconHints showImeButton : false
10-30 15:44:26.429  4209  4209 D SecNavigationBarView: updateImmersivePinIcon() isImmersiveMode=false
10-30 15:44:26.430  4209  4209 D NetworkController: dynamicallyReduceTextSize : mDisplayMetrics.densityDpi420
10-30 15:44:26.430  4209  4209 D KeyguardUpdateMonitor: updateCarrierTextInfo
10-30 15:44:26.430  4209  4209 D ViewRootImpl@835685d[DockedStackDivider]: dispatchDetachedFromWindow
10-30 15:44:26.430  4209  4209 D InputEventReceiver: channel 'b53c3e8 DockedStackDivider (client)' ~ Disposing input event receiver.
10-30 15:44:26.430  4209  4209 D InputEventReceiver: channel 'b53c3e8 DockedStackDivider (client)' ~NativeInputEventReceiver.
10-30 15:44:26.431  3790  5196 W AppOps  : Finishing op nesting under-run: uid 10005 pkg com.android.systemui code 70 time=0 duration=0 nesting=0
10-30 15:44:26.437  4209  4234 D SystemServicesProxy: updateOverviewLastStackActiveTimeAsync: newTime=1540204754719
10-30 15:44:26.438  3790  4594 D SecContentProvider: query(), uri = 17 selection = isSettingsChangesAllowed
10-30 15:44:26.439  3790  4594 D SecContentProvider: called from android.uid.systemui:10005
10-30 15:44:26.439  4209  4480 D SystemServicesProxy: updateOverviewLastStackActiveTimeAsync: done.
10-30 15:44:26.442  4209  4507 D Tile.WifiTile: handleUpdateState enabledChanging
10-30 15:44:26.443  4209  4746 V SystemUIAnalytics: SAPreference : 1104 / 1
10-30 15:44:26.444  3250  3250 D SurfaceFlinger:   Display[0] configurations (* current):
10-30 15:44:26.444  3250  3250 D SurfaceFlinger:     * 0: 1440x2960, xdpi=522.513977, ydpi=525.762024, refresh=16666666
10-30 15:44:26.444  3250  3250 D SurfaceFlinger:   numHwLayers=3, flags=00000000
10-30 15:44:26.444  3250  3250 D SurfaceFlinger:     type   |  handle  | hint | flag | tr | blnd |   format    |     source crop (l,t,r,b)      |          frame         | name 
10-30 15:44:26.444  3250  3250 D SurfaceFlinger: -----------+----------+------+------+----+------+-------------+--------------------------------+------------------------+------
10-30 15:44:26.444  3250  3250 D SurfaceFlinger:        HWC | 7239a58800 | 0000 | 0000 | 07 | 0105 | RGBA_8888   |    0.0,  570.0,   63.0, 1650.0 |    0,  569, 1080,  634 | StatusBar#0
10-30 15:44:26.444  3250  3250 D SurfaceFlinger:        HWC | 7239a58480 | 0000 | 0100 | 00 | 0105 | RGBA_8888   |    0.0,    0.0, 1080.0, 2220.0 |    0,    0, 1080, 2220 | ScreenshotSurface#0
10-30 15:44:26.444  3250  3250 D SurfaceFlinger:  FB TARGET | 7239a55b60 | 0000 | 0000 | 00 | 0105 | RGBA_8888   |    0.0,    0.0, 1440.0, 2960.0 |    0,    0, 1440, 2960 | HWC_FRAMEBUFFER_TARGET
10-30 15:44:26.444  4209  4746 V SystemUIAnalytics: SAPreference : 1105 / 2
10-30 15:44:26.445  4209  4507 D Tile.BluetoothTile: handleUpdateState enabled = true connected = false bluetoothState = 12
10-30 15:44:26.446  4209  4507 D Tile.RotationLockTile:  handleUpdateState: true orientation = true
10-30 15:44:26.451  4209  4507 D FlashlightController: updateTorchCallback for mCameraId 0
10-30 15:44:26.451  4209  4746 V SystemUIAnalytics: SAPreference : 1108 / 0
10-30 15:44:26.451  4209  4507 D Tile.AirplaneModeTile:  handleUpdateState:  value false  state.dim false
10-30 15:44:26.452  4209  4209 D KeyguardUpdateMonitor: handleConfigurationChanged
10-30 15:44:26.452  4209  4746 V SystemUIAnalytics: SAPreference : 2014 / 0
10-30 15:44:26.452  4209  4209 D ViewRootImpl@64b00a8[StatusBar]: MSG_RESIZED_REPORT: frame=Rect(0, 0 - 2220, 63) ci=Rect(0, 0 - 126, 0) vi=Rect(0, 0 - 126, 0) or=2
10-30 15:44:26.454  4209  4209 D KeyguardUpdateMonitor: handleStatusBarState( false )
10-30 15:44:26.454  4209  4746 V SystemUIAnalytics: SAPreference : 1109 / 0
10-30 15:44:26.456  4209  4507 D TileLifecycleManager: Binding service Intent { cmp=com.android.settings/com.samsung.android.settings.qstile.PowerSavingTile (has extras) } UserHandle{0}
10-30 15:44:26.463  3250  3250 D SurfaceFlinger:   Display[0] configurations (* current):
10-30 15:44:26.463  3250  3250 D SurfaceFlinger:     * 0: 1440x2960, xdpi=522.513977, ydpi=525.762024, refresh=16666666
10-30 15:44:26.463  3250  3250 D SurfaceFlinger:   numHwLayers=7, flags=00000000
10-30 15:44:26.463  3250  3250 D SurfaceFlinger:     type   |  handle  | hint | flag | tr | blnd |   format    |     source crop (l,t,r,b)      |          frame         | name 
10-30 15:44:26.463  3250  3250 D SurfaceFlinger: -----------+----------+------+------+----+------+-------------+--------------------------------+------------------------+------
10-30 15:44:26.463  3250  3250 D SurfaceFlinger:       GLES | 7239a58800 | 0000 | 0001 | 00 | 0105 | RGBA_8888   |    0.0,  354.0,   63.0, 1588.0 |    0,  384, 1080,  776 | StatusBar#0
10-30 15:44:26.463  3250  3250 D SurfaceFlinger:       GLES | 7239a58480 | 0000 | 0101 | 00 | 0105 | RGBA_8888   |    0.0,    0.0, 1080.0, 2220.0 |    0,    0, 1080, 2220 | ScreenshotSurface#0
10-30 15:44:26.463  3250  3250 D SurfaceFlinger:       GLES | 00000000 | 0000 | 0201 | 00 | 0105 | ? ffffffff  |   -0.4,   -0.9,   -0.9,   -1.0 |   27,    0, 1080,  232 | BlackSurface#0
10-30 15:44:26.463  3250  3250 D SurfaceFlinger:       GLES | 00000000 | 0000 | 0201 | 00 | 0105 | ? ffffffff  |   -0.9,   -0.0,   -1.0,   -0.6 |    0,    0,  199, 2093 | BlackSurface#0
10-30 15:44:26.463  3250  3250 D SurfaceFlinger:       GLES | 00000000 | 0000 | 0201 | 00 | 0105 | ? ffffffff  |   -0.
10-30 15:44:26.463  3250  3250 D SurfaceFlinger: 1,    0.0,   -0.6,   -0.1 |    0, 1988, 1053, 2220 | BlackSurface#0
10-30 15:44:26.463  3250  3250 D SurfaceFlinger:       GLES | 00000000 | 0000 | 0201 | 00 | 0105 | ? ffffffff  |    0.0,   -0.4,   -0.1,   -1.0 |  881,  127, 1080, 2220 | BlackSurface#0
10-30 15:44:26.463  3250  3250 D SurfaceFlinger:  FB TARGET | 7239a558c0 | 0000 | 0000 | 00 | 0105 | RGBA_8888   |    0.0,    0.0, 1440.0, 2960.0 |    0,    0, 1440, 2960 | HWC_FRAMEBUFFER_TARGET
10-30 15:44:26.467  4209  4507 D TileLifecycleManager: onStartListening
10-30 15:44:26.468  3790  5196 V WindowManager: Relayout Window{f99ad90 u0 NavigationBar}: viewVisibility=0 req=126x1080 WM.LayoutParams{(0,0)(fillxfill) sim=#20 ty=2019 fl=#21840068 fmt=-3 colorMode=0 naviIconColor=0}
10-30 15:44:26.471  4209  4209 D ViewRootImpl@dba86b7[NavigationBar]: Relayout returned: old=[2094,0][2220,1080] new=[2094,0][2220,1080] result=0x1 surface={valid=true 488737198080} changed=false
10-30 15:44:26.473  4209  4507 D Tile.MobileDataTile: handleUpdateState : state false
10-30 15:44:26.473  4209  4746 V SystemUIAnalytics: SAPreference : 2012 / 0
10-30 15:44:26.476  4209  4746 V SystemUIAnalytics: SAPreference : 2016 / 0
10-30 15:44:26.476  4209  4209 D KeyguardClockPage: onRefreshCarrierInfo(pre, now): false, false
10-30 15:44:26.477  4209  4209 D CarrierText: updateCarrierText(): subscriptionInfo Size = 0, DefaultText = No service
10-30 15:44:26.477  4209  4209 D MultiSimUtils: isSimStateReadyorNotReady() : simSlot = 0, simState = ABSENT
10-30 15:44:26.478  4209  4209 D CarrierText: Getting plmn/spn/subId sticky brdcst  plmn : Emergency calls only, spn : , subId :-2
10-30 15:44:26.478  4209  4209 D CarrierText: plmn Of NetworkController Impl : Emergency calls only
10-30 15:44:26.478  4209  4209 D CarrierText: setText : No SIM card | Emergency calls only
10-30 15:44:26.478  4209  4209 D CarrierText: updateCarrierText(): subscriptionInfo Size = 0, DefaultText = No service
10-30 15:44:26.478  4209  4209 D MultiSimUtils: isSimStateReadyorNotReady() : simSlot = 0, simState = ABSENT
10-30 15:44:26.478  4209  4209 D CarrierText: Getting plmn/spn/subId sticky brdcst  plmn : Emergency calls only, spn : , subId :-2
10-30 15:44:26.479  4209  4209 D CarrierText: plmn Of NetworkController Impl : Emergency calls only
10-30 15:44:26.479  4209  4209 D CarrierText: setText : No SIM card | Emergency calls only
10-30 15:44:26.482  4209  4507 D TileLifecycleManager: Binding service Intent { cmp=com.samsung.android.lool/com.samsung.android.sm.ui.booster.PerformanceTile (has extras) } UserHandle{0}
10-30 15:44:26.483  4209  4209 D KeyguardUpdateMonitor: handleStatusBarState( false )
10-30 15:44:26.486  4209  4507 D TileLifecycleManager: onStartListening
10-30 15:44:26.487 22499 22499 I PerformanceTile: onCreate, Performance0
10-30 15:44:26.488  4209  4507 D Tile.RotationLockTile:  handleUpdateState: true orientation = true
10-30 15:44:26.488  4209  4209 D TileLifecycleManager: onServiceConnected ComponentInfo{com.android.settings/com.samsung.android.settings.qstile.PowerSavingTile}
10-30 15:44:26.488  4209  4746 V SystemUIAnalytics: SAPreference : 2018 / 0
10-30 15:44:26.488  4209  4209 D TileLifecycleManager: Handling pending onStartListening
10-30 15:44:26.488  4209  4209 D TileLifecycleManager: onStartListening
10-30 15:44:26.489 23900 23900 D PSMUtils: getCurrentPowerSavingMode: 0
10-30 15:44:26.491  4209  4209 D KeyguardUpdateMonitor: handleStatusBarState( false )
10-30 15:44:26.492  4209  4507 W Tile.CustomTile: handleUpdateState : hasPendingBind Performance
10-30 15:44:26.492  4209  4507 W Tile.CustomTile: mode
10-30 15:44:26.492  4209  4234 D Tile.CustomTile: updateState : Label = Power
10-30 15:44:26.492  4209  4234 D Tile.CustomTile: saving, State = 1, Icon = Icon(typ=RESOURCE pkg=com.android.settings id=0x7f0805a2)
10-30 15:44:26.496  4209  4209 D TileLifecycleManager: onServiceConnected ComponentInfo{com.samsung.android.lool/com.samsung.android.sm.ui.booster.PerformanceTile}
10-30 15:44:26.497  4209  4209 D TileLifecycleManager: Handling pending onStartListening
10-30 15:44:26.497  4209  4209 D TileLifecycleManager: onStartListening
10-30 15:44:26.498  3250  3250 D SurfaceFlinger:   Display[0] configurations (* current):
10-30 15:44:26.498  3250  3250 D SurfaceFlinger:     * 0: 1440x2960, xdpi=522.513977, ydpi=525.762024, refresh=16666666
10-30 15:44:26.498  3250  3250 D SurfaceFlinger:   numHwLayers=8, flags=00000000
10-30 15:44:26.498  3250  3250 D SurfaceFlinger:     type   |  handle  | hint | flag | tr | blnd |   format    |     source crop (l,t,r,b)      |          frame         | name 
10-30 15:44:26.498  3250  3250 D SurfaceFlinger: -----------+----------+------+------+----+------+-------------+--------------------------------+------------------------+------
10-30 15:44:26.498  3250  3250 D SurfaceFlinger:       GLES | 7239a567a0 | 0000 | 0001 | 00 | 0105 | RGBA_8888   |    0.0,    2.0,   63.0, 1794.0 |   70,    0, 1080, 1099 | StatusBar#0
10-30 15:44:26.498  3250  3250 D SurfaceFlinger:       GLES | 7239a598a0 | 0000 | 0001 | 00 | 0105 | RGBA_8888   |    0.0,    0.0,  704.0,  126.0 |  875, 1814, 1080, 2220 | NavigationBar#0
10-30 15:44:26.498  3250  3250 D SurfaceFlinger:       GLES | 7239a58480 | 0000 | 0101 | 00 | 0105 | RGBA_8888   |    0.0,    0.0, 1080.0, 2220.0 |    0,    0, 1080, 2220 | ScreenshotSurface#0
10-30 15:44:26.498  3250  3250 D SurfaceFlinger:       GLES | 00000000 | 0000 | 0201 | 00 | 0105 | ? ffffffff  |   -0.4,   -0.8,   -0.9,   -1.0 |  281,    0, 1080,  763 | BlackSurface#0
10-30 15:44:26.498  3250  3250 D SurfaceFlinger:       GLES | 00000000 | 0000 | 0201 | 00 | 0105 | ? ffffffff  |   
10-30 15:44:26.498  3250  3250 D SurfaceFlinger: -0.8,   -0.0,   -1.0,   -0.6 |    0,    0,  499, 1391 | BlackSurface#0
10-30 15:44:26.498  3250  3250 D SurfaceFlinger:       GLES | 00000000 | 0000 | 0201 | 00 | 0105 | ? ffffffff  |   -0.1,    0.0,   -0.6,   -0.2 |    0, 1457,  799, 2220 | BlackSurface#0
10-30 15:44:26.498  3250  3250 D SurfaceFlinger:       GLES | 00000000 | 0000 | 0201 | 00 | 0105 | ? ffffffff  |    0.0,   -0.4,   -0.2,   -1.0 |  581,  829, 1080, 2220 | BlackSurface#0
10-30 15:44:26.498  3250  3250 D SurfaceFlinger:  FB TARGET | 7239a55b60 | 0000 | 0000 | 00 | 0105 | RGBA_8888   |    0.0,    0.0, 1440.0, 2960.0 |    0,    0, 1440, 2960 | HWC_FRAMEBUFFER_TARGET
10-30 15:44:26.500  3790  5196 D SecContentProvider: query(), uri = 17 selection = isSettingsChangesAllowed
10-30 15:44:26.501  3790  5196 D SecContentProvider: called from android.uid.system:1000
10-30 15:44:26.501  4209  4209 D KeyguardUpdateMonitor: handleStatusBarState( false )
10-30 15:44:26.501 22499 22499 I PerformanceTile: updateState, mode=0, state=1
10-30 15:44:26.503  4209  7243 D Tile.CustomTile: updateState : Label = Performance
10-30 15:44:26.503  4209  7243 D Tile.CustomTile: mode, State = 1, Icon = Icon(typ=RESOURCE pkg=com.samsung.android.lool id=0x7f02008e)
10-30 15:44:26.514  4209  4209 D KeyguardUpdateMonitor: handleStatusBarState( false )
10-30 15:44:26.553  4209  4231 I zygote64: Background concurrent copying GC freed 419663(20MB) AllocSpace objects, 3(192KB) LOS objects, 50% free, 19MB/38MB, paused 507us total 106.689ms
10-30 15:44:26.559 28963 28963 D UE4     : In the JNI_OnLoad function
10-30 15:44:26.559 28963 28963 D UE4     : [JNI] - Failed to determine if app purchasing is enabled!
10-30 15:44:26.561  4209  4229 W JavaBinder: BinderProxy is being destroyed but the application did not call unlinkToDeath to unlink all of its death recipients beforehand.  Releasing leaked death recipient: com.android.systemui.qs.external.TileLifecycleManager
10-30 15:44:26.561  4209  4229 W JavaBinder: BinderProxy is being destroyed but the application did not call unlinkToDeath to unlink all of its death recipients beforehand.  Releasing leaked death recipient: com.android.systemui.qs.external.TileLifecycleManager
10-30 15:44:26.562  3790  4594 W StorageManager: getStorageLowBytes lowPercent : 5, lowBytes : 2898018304, maxLowBytes : 524288000
10-30 15:44:26.562 28963 28963 D UE4     : Path found as '/storage/emulated/0'
10-30 15:44:26.563 28963 28963 D UE4     : Font Path found as '/system/fonts/'
10-30 15:44:26.563 28963 28963 D UE4     : In the JNI_OnLoad function 5
10-30 15:44:26.566  4209  4229 W JavaBinder: BinderProxy is being destroyed but the application did not call unlinkToDeath to unlink all of its death recipients beforehand.  Releasing leaked death recipient: com.android.systemui.qs.external.TileLifecycleManager
10-30 15:44:26.566  4209  4229 W JavaBinder: BinderProxy is being destroyed but the application did not call unlinkToDeath to unlink all of its death recipients beforehand.  Releasing leaked death recipient: com.android.systemui.qs.external.TileLifecycleManager
10-30 15:44:26.575  3790  5282 W StorageManager: getStorageLowBytes lowPercent : 5, lowBytes : 2898018304, maxLowBytes : 524288000
10-30 15:44:26.576  3790  5282 W StorageManager: getStorageLowBytes lowPercent : 5, lowBytes : 2898018304, maxLowBytes : 524288000
10-30 15:44:26.578 28963 28963 V threaded_app: Creating: 0xda97ba80
10-30 15:44:26.578 28963 28988 V threaded_app: Config: mcc=0 mnc=0 lang=en cnt=GB orien=2 touch=3 dens=420 keys=1 nav=1 keysHid=3 navHid=0 sdk=26 size=2 long=2 modetype=1 modenight=1
10-30 15:44:26.578 28963 28988 D UE4     : Entering native app glue main function
10-30 15:44:26.578 28963 28988 D UE4     : Created event thread
10-30 15:44:26.578 28963 28988 D UE4     : Entered AndroidMain()
10-30 15:44:26.578 28963 28989 D UE4     : Entering event processing thread engine entry point
10-30 15:44:26.579 28963 28989 D UE4     : Prepared looper for event thread
10-30 15:44:26.579 28963 28989 D UE4     : Passed callback initialization
10-30 15:44:26.579 28963 28989 D UE4     : Passed sensor initialization
10-30 15:44:26.580 28963 28988 D UE4     : Controller interface supported
10-30 15:44:26.602 28963 28990 D OpenGLRenderer: HWUI GL Pipeline
10-30 15:44:26.608 28963 28963 D ViewRootImpl@4e28dab[GameActivity]: setView = DecorView@8e29c08[] TM=true MM=false
10-30 15:44:26.609 28963 28963 D PermissionFragment: Creating PlayGamesFragment
10-30 15:44:26.615  3790  5196 I ActivityManager: START u0 {act=android.content.pm.action.REQUEST_PERMISSIONS typ=null flg=0x0 cmp=ComponentInfo{com.google.android.packageinstaller/com.android.packageinstaller.permission.ui.GrantPermissionsActivity}} from uid 10222
10-30 15:44:26.615  3790  5196 W ActivityManager: REQUEST_PERMISSIONS Action.
10-30 15:44:26.618  3790  5196 D CustomFrequencyManagerService: releaseDVFSLockLocked : Getting Lock type frm List : DVFS_MIN_LIMIT  frequency : 2314000  uid : 1000  pid : 3790  tag : AMS_APP_SWITCH@CPU_MIN@10
10-30 15:44:26.618  3790  5196 D CustomFrequencyManagerService: acquireDVFSLockLocked : type : DVFS_MIN_LIMIT  frequency : 2314000  uid : 1000  pid : 3790  pkgName : AMS_APP_SWITCH@CPU_MIN@10
10-30 15:44:26.618  3790  5196 D ActivityManagerPerformance: AMP_acquire() APP_SWITCH
10-30 15:44:26.618  3790  5029 D ActivityManagerPerformance: Received MSG_CFMS_HINT_AMS_SWITCH pkgName: com.google.android.packageinstaller
10-30 15:44:26.627 28963 28963 D UE4     : Vulkan version: 1.0.3
10-30 15:44:26.627 28963 28963 D UE4     : Vulkan level: 1
10-30 15:44:26.628 28963 28963 D UE4     : Found DepthBufferPreference = 0
10-30 15:44:26.629 28963 28963 D UE4     : Found bPackageDataInsideApk = 0
10-30 15:44:26.629 28963 28963 D UE4     : Found ProjectName = FlaminGo
10-30 15:44:26.629 28963 28963 D UE4     : Found AppType = 
10-30 15:44:26.629 28963 28963 D UE4     : Found bHasOBBFiles = 0
10-30 15:44:26.629 28963 28963 D UE4     : Found bVerifyOBBOnStartUp = false
10-30 15:44:26.629 28963 28963 D UE4     : UI hiding set to false
10-30 15:44:26.629 28963 28963 D UE4     : BuildConfiguration set to Development
10-30 15:44:26.629 28963 28963 D UE4     : UseExternalFilesDir set to false
10-30 15:44:26.629 28963 28963 D UE4     : AllowIMU set to true
10-30 15:44:26.629 28963 28963 D UE4     : No GearVR mode detected.
10-30 15:44:26.629 28963 28963 D UE4     : APK path: /data/app/com.YourCompany.FlaminGo-AU6J44CPAwAHb-yc3TgClw==/base.apk
10-30 15:44:26.629 28963 28963 D UE4     : OBB in APK: false
10-30 15:44:26.631  3790  5196 W StorageManager: getStorageLowBytes lowPercent : 5, lowBytes : 2898018304, maxLowBytes : 524288000
10-30 15:44:26.632 28963 28963 D UE4     : InternalFilePath found as '/data/user/0/com.YourCompany.FlaminGo/files'
10-30 15:44:26.632 28963 28963 D UE4     : ExternalFilePath found as '/storage/emulated/0/Android/data/com.YourCompany.FlaminGo/files'
10-30 15:44:26.632 28963 28963 D UE4     : App is running in Landscape
10-30 15:44:26.632 28963 28963 D UE4     : Android version is 8.0.0
10-30 15:44:26.632 28963 28963 D UE4     : Android manufacturer is samsung
10-30 15:44:26.632 28963 28963 D UE4     : Android model is SM-G955F
10-30 15:44:26.632 28963 28963 D UE4     : OS language is set to en_GB
10-30 15:44:26.632 28963 28963 D UE4     : Debugger attached is false
10-30 15:44:26.666 28963 28963 W PopupManager: You have not specified a View to use as content view for popups. Falling back to the Activity content view. Note that this may not work as expected in multi-screen environments
10-30 15:44:26.673 28963 28963 D UE4     : ==============> GameActive.onCreate complete!
10-30 15:44:26.674 28963 28963 V threaded_app: Start: 0xda97ba80
10-30 15:44:26.674 28963 28989 V threaded_app: activityState=10
10-30 15:44:26.674 28963 28989 D UE4     : LogAndroidEvents: EnqueueAppEvent : 9, 0, tid = 28989
10-30 15:44:26.675 28963 28963 D UE4     : Creating console command broadcast listener
10-30 15:44:26.676 28963 28963 D UE4     : ==================================> Inside onStart function in GameActivity
10-30 15:44:26.678 28963 28963 V threaded_app: Resume: 0xda97ba80
10-30 15:44:26.679 28963 28989 V threaded_app: activityState=11
10-30 15:44:26.679 28963 28989 D UE4     : Case APP_CMD_RESUME
10-30 15:44:26.679 28963 28963 D UE4     : Registering sensor listeners
10-30 15:44:26.679 28963 28989 D UE4     : LogAndroidEvents: EnqueueAppEvent : 7, 0, tid = 28989
10-30 15:44:26.679  3790  5196 I SensorService: createSensorEventConnection package name com.epicgames.ue4.GameActivity
10-30 15:44:26.679  3790  5196 D SensorService: Calling batch handle==6 flags=0 rate=20000000 timeout== 0
10-30 15:44:26.680  3237  3237 I Sensors : batch - accelerometer_sensor try to batching with 20000000
10-30 15:44:26.684 28963 28963 D SensorManager: registerListener :: 6, LSM6DSL Acceleration Sensor, 20000, 0,  
10-30 15:44:26.685  3790  5196 D SensorService: Calling batch handle==11 flags=0 rate=20000000 timeout== 0
10-30 15:44:26.685  3237  3237 I Sensors : batch - geomagnetic_sensor try to batching with 20000000
10-30 15:44:26.685  3237  3237 I Sensors : GeoMagneticSensor old sensor_state 1, new sensor_state : 17 en : 1
10-30 15:44:26.687 28963 28963 D SensorManager: registerListener :: 11, AK09916C Magnetic field Sensor, 20000, 0,  
10-30 15:44:26.687  3790  5196 D SensorService: Calling batch handle==7 flags=0 rate=20000000 timeout== 0
10-30 15:44:26.687  3237  3237 I Sensors : batch - gyro_sensor try to batching with 20000000
10-30 15:44:26.687  3237  3237 I Sensors : GyroSensor old sensor_state 17, new sensor_state : 19 en : 1
10-30 15:44:26.689 28963 28963 D SensorManager: registerListener :: 7, LSM6DSL Gyroscope Sensor, 20000, 0,  
10-30 15:44:26.689 28963 28963 D UE4     : App is running in Landscape
10-30 15:44:26.689 28963 28963 D UE4     : ==============> Resuming main init
10-30 15:44:26.691 28963 28988 D UE4     : APK Commandline: ../../../FlaminGo/FlaminGo.uproject  /Game/ThirdPersonBP/Maps/FirstMap -Messaging -SessionId=7EDDCE55407E0E070BF8A89A81A5B846 -SessionOwner="James" -SessionName="Launch On Device" -iterative
10-30 15:44:26.692 28963 28988 D UE4     : Override Commandline: ../../../FlaminGo/FlaminGo.uproject  /Game/ThirdPersonBP/Maps/FirstMap -Messaging -SessionId=FBBDFB1C428ED25EE961A294F8C90DA9 -SessionOwner="James" -SessionName="Launch On Device" -iterative
10-30 15:44:26.692 28963 28988 D UE4     : Final commandline: ../../../FlaminGo/FlaminGo.uproject  /Game/ThirdPersonBP/Maps/FirstMap -Messaging -SessionId=FBBDFB1C428ED25EE961A294F8C90DA9 -SessionOwner="James" -SessionName="Launch On Device" -iterative
10-30 15:44:26.692 28963 28988 D UE4     : Created sync event
10-30 15:44:26.700 28963 28963 D UE4     : ==============> GameActive.onResume complete!
10-30 15:44:26.706 28963 28963 V threaded_app: InputQueueCreated: 0xda97ba80 -- 0xda97c2a0
10-30 15:44:26.706 28963 28989 V threaded_app: APP_CMD_INPUT_CHANGED
10-30 15:44:26.706 28963 28989 V threaded_app: Attaching input queue to looper
10-30 15:44:26.706 28963 28963 D ViewRootImpl@f78b6ac[GameActivity]: setView = DecorView@3165f75[GameActivity] TM=true MM=false
10-30 15:44:26.708  3790  5196 D ActivityManager: post active user change for 0 fullscreen true isHomeActivity() false
10-30 15:44:26.710  3237  3457 E Sensors : Sensor : Meta event
10-30 15:44:26.710 28963 28963 D ViewRootImpl@4e28dab[GameActivity]: dispatchAttachedToWindow
10-30 15:44:26.711  3790  5196 V WindowManager: Relayout Window{4922101 u0 com.YourCompany.FlaminGo/com.epicgames.ue4.GameActivity}: viewVisibility=0 req=2092x1016 WM.LayoutParams{(0,0)(fillxfill) gr=#11 sim=#120 ty=2 fl=#1810508 pfl=0x1000000 wanim=0x1030001 vsysui=0x10 needsMenuKey=2 colorMode=0 naviIconColor=0}
10-30 15:44:26.715  3250  3250 I SurfaceFlinger: id=741 createSurf (2094x1080),1 flag=404, com.YourCompany.FlaminGo/com.epicgames.ue4.GameActivity#0
10-30 15:44:26.715  3790  5196 V Surface : sf_framedrop debug : 0x4f4c, game : false, logging : 0
10-30 15:44:26.719 28963 28963 V Surface : sf_framedrop debug : 0x4f4c, game : false, logging : 0
10-30 15:44:26.720 28963 28963 D ViewRootImpl@4e28dab[GameActivity]: Relayout returned: old=[0,0][0,0] new=[0,0][2094,1080] result=0x7 surface={valid=true 3387947008} changed=true
10-30 15:44:26.724 28963 28990 I OpenGLRenderer: Initialized EGL, version 1.4
10-30 15:44:26.724 28963 28990 D OpenGLRenderer: Swap behavior 2
10-30 15:44:26.727 28963 28990 D libGLESv1: STS_GLApi : DTS, ODTC are not allowed for Package : com.YourCompany.FlaminGo
10-30 15:44:26.727 28963 28990 D mali_winsys: EGLint new_window_surface(egl_winsys_display *, void *, EGLSurface, EGLConfig, egl_winsys_surface **, egl_color_buffer_format *, EGLBoolean) returns 0x3000,  [2094x1080]-format:1
10-30 15:44:26.727 28963 28990 D OpenGLRenderer: eglCreateWindowSurface = 0xc6118890
10-30 15:44:26.729 28963 28963 V InputMethodManager: Not IME target window, ignoring
10-30 15:44:26.734 28963 28963 D ViewRootImpl@f78b6ac[GameActivity]: dispatchAttachedToWindow
10-30 15:44:26.736  3790  5282 V WindowManager: Relayout Window{6705b00 u0 com.YourCompany.FlaminGo/com.epicgames.ue4.GameActivity}: viewVisibility=0 req=2092x1016 WM.LayoutParams{(0,0)(fillxfill) sim=#10 ty=1 fl=#1810500 pfl=0x1000000 fmt=1 wanim=0x1030001 vsysui=0x10 needsMenuKey=2 colorMode=0 naviIconColor=0}
10-30 15:44:26.736  3250  3250 D SurfaceFlinger: duplicate layer name: changing com.YourCompany.FlaminGo/com.epicgames.ue4.GameActivity to com.YourCompany.FlaminGo/com.epicgames.ue4.GameActivity#1
10-30 15:44:26.737  3250  3250 I SurfaceFlinger: id=742 createSurf (2094x1080),1 flag=4, com.YourCompany.FlaminGo/com.epicgames.ue4.GameActivity#1
10-30 15:44:26.737  3790  5282 V Surface : sf_framedrop debug : 0x4f4c, game : false, logging : 0
10-30 15:44:26.738  3790  3807 D WindowManager: set systemUiVisibility : systemUiFlags= 0x8018 fullscreenStackSysUiFlags= 0x0
10-30 15:44:26.740  3790  5282 D InputDispatcher: Focus entered window: 28963
10-30 15:44:26.742 28963 28963 V Surface : sf_framedrop debug : 0x4f4c, game : false, logging : 0
10-30 15:44:26.742  3790  5196 D WindowManager: adjustSystemUiVisibilityLw : vis= 0x8018
10-30 15:44:26.743 28963 28963 D ViewRootImpl@f78b6ac[GameActivity]: Relayout returned: old=[0,0][0,0] new=[0,0][2094,1080] result=0x7 surface={valid=true 3171569664} changed=true
10-30 15:44:26.748  3250  3250 D SurfaceFlinger:   Display[0] configurations (* current):
10-30 15:44:26.748  3250  3250 D SurfaceFlinger:     * 0: 1440x2960, xdpi=522.513977, ydpi=525.762024, refresh=16666666
10-30 15:44:26.748  3250  3250 D SurfaceFlinger:   numHwLayers=7, flags=00000000
10-30 15:44:26.748  3250  3250 D SurfaceFlinger:     type   |  handle  | hint | flag | tr | blnd |   format    |     source crop (l,t,r,b)      |          frame         | name 
10-30 15:44:26.748  3250  3250 D SurfaceFlinger: -----------+----------+------+------+----+------+-------------+--------------------------------+------------------------+------
10-30 15:44:26.748  3250  3250 D SurfaceFlinger:       GLES | 7239a58800 | 0000 | 0001 | 00 | 0105 | RGBA_8888   |    0.0,    2.0,   63.0, 2220.0 | 1014,    0, 1080, 2220 | StatusBar#0
10-30 15:44:26.748  3250  3250 D SurfaceFlinger:       GLES | 7239a598a0 | 0000 | 0001 | 00 | 0105 | RGBA_8888   |    0.0,    0.0, 1077.0,  126.0 |    1, 2092, 1080, 2220 | NavigationBar#0
10-30 15:44:26.748  3250  3250 D SurfaceFlinger:       GLES | 00000000 | 0000 | 0201 | 00 | 0105 | ? ffffffff  |   -0.5,   -1.0,   -1.0,   -1.0 | 1079,    0, 1080, 2219 | BlackSurface#0
10-30 15:44:26.748  3250  3250 D SurfaceFlinger:       GLES | 00000000 | 0000 | 0201 | 00 | 0105 | ? ffffffff  |   -1.0,    0.0,   -1.0,   -0.5 |    0,    0, 1079,    1 | BlackSurface#0
10-30 15:44:26.748  3250  3250 D SurfaceFlinger:       GLES | 00000000 | 0000 | 0201 | 00 | 0105 | ? ffffffff  |    0.0,  
10-30 15:44:26.748  3250  3250 D SurfaceFlinger:   0.0,   -0.5,   -0.0 |    0,    1,    1, 2220 | BlackSurface#0
10-30 15:44:26.748  3250  3250 D SurfaceFlinger:       GLES | 00000000 | 0000 | 0201 | 00 | 0105 | ? ffffffff  |    0.0,   -0.5,   -0.0,   -1.0 |    1, 2219, 1080, 2220 | BlackSurface#0
10-30 15:44:26.748  3250  3250 D SurfaceFlinger:  FB TARGET | 7239a55b60 | 0000 | 0000 | 00 | 0105 | RGBA_8888   |    0.0,    0.0, 1440.0, 2960.0 |    0,    0, 1440, 2960 | HWC_FRAMEBUFFER_TARGET
10-30 15:44:26.749 28963 28990 D mali_winsys: EGLint new_window_surface(egl_winsys_display *, void *, EGLSurface, EGLConfig, egl_winsys_surface **, egl_color_buffer_format *, EGLBoolean) returns 0x3000,  [2094x1080]-format:1
10-30 15:44:26.749 28963 28990 D OpenGLRenderer: eglCreateWindowSurface = 0xc6118b10
10-30 15:44:26.752  3250  3250 I SurfaceFlinger: id=743 createSurf (2094x1080),4 flag=404, SurfaceView - com.YourCompany.FlaminGo/com.epicgames.ue4.GameActivity@4deb857@0#0
10-30 15:44:26.753  3250  3250 I SurfaceFlinger: id=744 createSurf (2094x1080),-1 flag=20404, Background for - SurfaceView - com.YourCompany.FlaminGo/com.epicgames.ue4.GameActivity@4deb857@0#0
10-30 15:44:26.753 28963 28963 D SurfaceView: BG show() Surface(name=Background for - SurfaceView - com.YourCompany.FlaminGo/com.epicgames.ue4.GameActivity@4deb857@0) android.view.SurfaceView{4deb857 V.E...... ......ID 0,0-2094,1080}
10-30 15:44:26.758 28963 28963 V Surface : sf_framedrop debug : 0x4f4c, game : false, logging : 0
10-30 15:44:26.758 28963 28963 V Surface : sf_framedrop debug : 0x4f4c, game : false, logging : 0
10-30 15:44:26.758 28963 28963 D SurfaceView: surfaceCreated 1 android.view.SurfaceView{4deb857 V.E...... ......ID 0,0-2094,1080}
10-30 15:44:26.758 28963 28963 V threaded_app: NativeWindowCreated: 0xda97ba80 -- 0xbd0c4008
10-30 15:44:26.758 28963 28989 V threaded_app: APP_CMD_INIT_WINDOW
10-30 15:44:26.758 28963 28989 D UE4     : Case APP_CMD_INIT_WINDOW
10-30 15:44:26.759 28963 28963 D SurfaceView: surfaceChanged (2094,1080) 1 android.view.SurfaceView{4deb857 V.E...... ......ID 0,0-2094,1080}
10-30 15:44:26.759 28963 28989 D UE4     : LogAndroidEvents: EnqueueAppEvent : 0, 3171696648, tid = 28989
10-30 15:44:26.763 28963 28963 V threaded_app: Pause: 0xda97ba80
10-30 15:44:26.764 28963 28989 V threaded_app: activityState=13
10-30 15:44:26.764 28963 28989 D UE4     : Case APP_CMD_PAUSE
10-30 15:44:26.764 28963 28989 D UE4     : LogAndroidEvents: EnqueueAppEvent : 6, 0, tid = 28989
10-30 15:44:26.764 28963 28963 D UE4     : Unregistering sensor listeners
10-30 15:44:26.764  3790  5196 D SensorService: Calling activate off 6
10-30 15:44:26.764  3237  3237 I Sensors : batch - accelerometer_sensor try to batching with 20000000
10-30 15:44:26.767  3790  5196 D SensorService: Calling activate off 7
10-30 15:44:26.767  3237  3237 I Sensors : GyroSensor old sensor_state 19, new sensor_state : 17 en : 0
10-30 15:44:26.769  3790  5196 D SensorService: Calling activate off 11
10-30 15:44:26.770  3237  3237 I Sensors : GeoMagneticSensor old sensor_state 17, new sensor_state : 1 en : 0
10-30 15:44:26.773 28963 28963 D SensorManager: unregisterListener ::   
10-30 15:44:26.773 28963 28963 D UE4     : ==============> GameActive.onPause complete!
10-30 15:44:26.773  3790  5282 D ActivityManager: isScaleDownAnimationEnabled() : false
10-30 15:44:26.777  3250  3250 D SurfaceFlinger:   Display[0] configurations (* current):
10-30 15:44:26.777  3250  3250 D SurfaceFlinger:     * 0: 1440x2960, xdpi=522.513977, ydpi=525.762024, refresh=16666666
10-30 15:44:26.777  3250  3250 D SurfaceFlinger:   numHwLayers=3, flags=00000000
10-30 15:44:26.777  3250  3250 D SurfaceFlinger:     type   |  handle  | hint | flag | tr | blnd |   format    |     source crop (l,t,r,b)      |          frame         | name 
10-30 15:44:26.777  3250  3250 D SurfaceFlinger: -----------+----------+------+------+----+------+-------------+--------------------------------+------------------------+------
10-30 15:44:26.777  3250  3250 D SurfaceFlinger:        HWC | 7239a58800 | 0000 | 0000 | 00 | 0105 | RGBA_8888   |    0.0,    1.0,   62.0, 2219.0 | 1016,    0, 1080, 2220 | StatusBar#0
10-30 15:44:26.777  3250  3250 D SurfaceFlinger:        HWC | 7239a598a0 | 0000 | 0000 | 00 | 0105 | RGBA_8888   |    1.0,    0.0, 1079.0,  125.0 |    0, 2093, 1080, 2220 | NavigationBar#0
10-30 15:44:26.777  3250  3250 D SurfaceFlinger:  FB TARGET | 7239a558c0 | 0000 | 0000 | 00 | 0105 | RGBA_8888   |    0.0,    0.0, 1440.0, 2960.0 |    0,    0, 1440, 2960 | HWC_FRAMEBUFFER_TARGET
10-30 15:44:26.777  3790  5282 D PersonaManagerService: Current focused persona service handled id set to : 0
10-30 15:44:26.778  3790  5282 D InputDispatcher: Focused application set to: xxxx
10-30 15:44:26.779  3790  5282 D InputDispatcher: Focus left window: 28963
10-30 15:44:26.782  3790  4068 D GameManagerService: handleForegroundChange(). pkgName: com.google.android.packageinstaller, clsName: com.android.packageinstaller.permission.ui.GrantPermissionsActivity,FgActivityName:com.google.android.packageinstaller/com.android.packageinstaller.permission.ui.GrantPermissionsActivity
10-30 15:44:26.782  3790  4068 D GameManagerService: sem_perfomance_mode: 0
10-30 15:44:26.782  3790  4068 D GameManagerService: notifyResumePause(). pkg: com.google.android.packageinstaller, type: 4, isMinimized: false, isTunableApp: false
10-30 15:44:26.782  3790  4068 D GameManagerService:   notifyResumePause(). do nothing. mKillNotiCount: 3
10-30 15:44:26.782  3790  5282 D MARsPolicyManager: onPackageResumedFG pkgName = com.google.android.packageinstaller, userId = 0
10-30 15:44:26.784  3790  5282 V WindowManager: rotationForOrientationLw(orient=0, last=1); user=0  sensorRotation=-1 mLidState=-1 mDockMode=0 mHdmiPlugged=false
10-30 15:44:26.785  3790  7015 D GamePkgDataHelper: getGamePkgDataIncServer(). com.google.android.packageinstaller
10-30 15:44:26.785  3790  7015 D GameManagerService: identifyGamePackage. com.google.android.packageinstaller
10-30 15:44:26.786  4557  7023 D ForegroundUtils: could not check pending caller
10-30 15:44:26.786  3790  7015 D GamePkgDataHelper: getGamePkgData(). com.google.android.packageinstaller
10-30 15:44:26.787 15198 15209 I SAMSUNGPAY: [Hint_ProcessStatusChange] fg Change, pid : 23940 , isNotify : true , isForeground : true , fg list : [28963, 23940, 30045]
10-30 15:44:26.787 28963 28963 D ViewRootImpl@4e28dab[GameActivity]: MSG_RESIZED_REPORT: frame=Rect(0, 0 - 2094, 1080) ci=Rect(0, 0 - 0, 0) vi=Rect(0, 63 - 0, 0) or=2
10-30 15:44:26.789  3790  7015 D GameManagerService: identifyGamePackage. com.google.android.packageinstaller
10-30 15:44:26.789  3790  7015 D GamePkgDataHelper: getGamePkgData(). com.google.android.packageinstaller
10-30 15:44:26.790  3790  7015 D GamePkgDataHelper: getSosPolicy(). com.google.android.packageinstaller
10-30 15:44:26.791 15198 15198 I SAMSUNGPAY: [ServiceTypeTable] isSupportOperator : BTU, GB
10-30 15:44:26.793 15198 15198 D SAMSUNGPAY: [ServiceTypeTable] Upgrade - ServiceTypeTable - entryFromCountryIso - index is : 37, iso : GB
10-30 15:44:26.794 15198 15198 D SAMSUNGPAY: [Hint_SimpleIntroService] Hint Status - already invisible, skip hide : Landscape mode
10-30 15:44:26.794  3790  7015 D GameManagerService: identifyGamePackage. com.google.android.packageinstaller
10-30 15:44:26.794  3790  7015 D GamePkgDataHelper: getGamePkgData(). com.google.android.packageinstaller
10-30 15:44:26.798  3790  7015 D GameManagerService: identifyGamePackage. com.google.android.packageinstaller
10-30 15:44:26.798  3790  7015 D GamePkgDataHelper: getGamePkgData(). com.google.android.packageinstaller
10-30 15:44:26.806  3790  5282 D CustomFrequencyManagerService: releaseDVFSLockLocked : Getting Lock type frm List : DVFS_MIN_LIMIT  frequency : 2314000  uid : 1000  pid : 3790  tag : AMS_APP_SWITCH@CPU_MIN@10
10-30 15:44:26.806  3790  5282 D CustomFrequencyManagerService: acquireDVFSLockLocked : type : DVFS_MIN_LIMIT  frequency : 2314000  uid : 1000  pid : 3790  pkgName : AMS_APP_SWITCH@CPU_MIN@10
10-30 15:44:26.806  3790  5282 D ActivityManagerPerformance: AMP_acquire() APP_SWITCH
10-30 15:44:26.806  3790  5029 D ActivityManagerPerformance: Received MSG_CFMS_HINT_AMS_SWITCH pkgName: com.YourCompany.FlaminGo
10-30 15:44:26.806  3790  5282 D ActivityManager: isScaleDownAnimationEnabled() : false
10-30 15:44:26.806  3790  5282 D PersonaManagerService: Current focused persona service handled id set to : 0
10-30 15:44:26.806  3790  5282 D InputDispatcher: Focused application set to: xxxx
10-30 15:44:26.807  3790  5282 D InputDispatcher: Focus entered window: 28963
10-30 15:44:26.812  3790  4068 D GameManagerService: handleForegroundChange(). pkgName: com.YourCompany.FlaminGo, clsName: com.epicgames.ue4.GameActivity,FgActivityName:com.YourCompany.FlaminGo/com.epicgames.ue4.GameActivity
10-30 15:44:26.812  3790  4068 D GameManagerService: sem_perfomance_mode: 0
10-30 15:44:26.812  3790  4068 D GameManagerService: notifyResumePause(). pkg: com.YourCompany.FlaminGo, type: 4, isMinimized: false, isTunableApp: false
10-30 15:44:26.812  3790  4068 D GameManagerService:   notifyResumePause(). do nothing. mKillNotiCount: 3
10-30 15:44:26.812  3790  5282 D MARsPolicyManager: onPackageResumedFG pkgName = com.YourCompany.FlaminGo, userId = 0
10-30 15:44:26.814  3790  5282 V WindowManager: rotationForOrientationLw(orient=0, last=1); user=0  sensorRotation=-1 mLidState=-1 mDockMode=0 mHdmiPlugged=false
10-30 15:44:26.826  3790  5282 V WindowManager: finishDrawingLocked: mDrawState=COMMIT_DRAW_PENDING Window{4922101 u0 com.YourCompany.FlaminGo/com.epicgames.ue4.GameActivity} in Surface(name=com.YourCompany.FlaminGo/com.epicgames.ue4.GameActivity)
10-30 15:44:26.828  3790  3880 V WindowManager: rotationForOrientationLw(orient=0, last=1); user=0  sensorRotation=-1 mLidState=-1 mDockMode=0 mHdmiPlugged=false
10-30 15:44:26.829  3790  5282 V WindowManager: Relayout Window{6705b00 u0 com.YourCompany.FlaminGo/com.epicgames.ue4.GameActivity}: viewVisibility=0 req=2094x1080 WM.LayoutParams{(0,0)(fillxfill) sim=#10 ty=1 fl=#1810500 pfl=0x1000000 fmt=1 wanim=0x1030001 vsysui=0x10 needsMenuKey=2 colorMode=0 naviIconColor=0}
10-30 15:44:26.830  3790  5282 V WindowManager: rotationForOrientationLw(orient=0, last=1); user=0  sensorRotation=-1 mLidState=-1 mDockMode=0 mHdmiPlugged=false
10-30 15:44:26.832 28963 28963 D ViewRootImpl@f78b6ac[GameActivity]: Relayout returned: old=[0,0][2094,1080] new=[0,0][2094,1080] result=0x3 surface={valid=true 3171569664} changed=false
10-30 15:44:26.842  3250  4685 I SurfaceFlinger: id=736 Removed ScreenshotSurface#0 (8/12)
10-30 15:44:26.842  3250  4685 I SurfaceFlinger: id=736 Removed ScreenshotSurface#0 (-2/12)
10-30 15:44:26.842  3250  4685 I SurfaceFlinger: id=737 Removed BlackSurface#0 (8/11)
10-30 15:44:26.843  3250  4685 I SurfaceFlinger: id=737 Removed BlackSurface#0 (-2/11)
10-30 15:44:26.843  3250  4685 I SurfaceFlinger: id=738 Removed BlackSurface#0 (8/10)
10-30 15:44:26.843  3250  4685 I SurfaceFlinger: id=738 Removed BlackSurface#0 (-2/10)
10-30 15:44:26.843  3250  3489 I SurfaceFlinger: id=739 Removed BlackSurface#0 (8/9)
10-30 15:44:26.843  3250  3489 I SurfaceFlinger: id=739 Removed BlackSurface#0 (-2/9)
10-30 15:44:26.843  3250  4685 I SurfaceFlinger: id=740 Removed BlackSurface#0 (8/8)
10-30 15:44:26.843  3250  3489 I SurfaceFlinger: id=740 Removed BlackSurface#0 (-2/8)
10-30 15:44:26.844  3790  5282 V WindowManager: finishDrawingLocked: mDrawState=COMMIT_DRAW_PENDING Window{6705b00 u0 com.YourCompany.FlaminGo/com.epicgames.ue4.GameActivity} in Surface(name=com.YourCompany.FlaminGo/com.epicgames.ue4.GameActivity)
10-30 15:44:26.845 28963 28963 D ViewRootImpl@f78b6ac[GameActivity]: MSG_RESIZED_REPORT: frame=Rect(0, 0 - 2094, 1080) ci=Rect(0, 0 - 0, 0) vi=Rect(0, 63 - 0, 0) or=2
10-30 15:44:26.846 28963 28963 D ViewRootImpl@f78b6ac[GameActivity]: MSG_WINDOW_FOCUS_CHANGED 1
10-30 15:44:26.847  3790  3880 V WindowManager: rotationForOrientationLw(orient=0, last=1); user=0  sensorRotation=-1 mLidState=-1 mDockMode=0 mHdmiPlugged=false
10-30 15:44:26.850 28963 28963 V threaded_app: WindowFocusChanged: 0xda97ba80 -- 1
10-30 15:44:26.850 28963 28989 D UE4     : LogAndroidEvents: EnqueueAppEvent : 11, 0, tid = 28989
10-30 15:44:26.851  3790  3815 D CustomFrequencyManagerService: acquireDVFSLockLocked : type : DVFS_MIN_LIMIT  frequency : 1807000  uid : 1000  pid : 3790  pkgName : AMS_RESUME_TAIL@CPU_MIN@16
10-30 15:44:26.851  3790  3815 D ActivityManagerPerformance: AMP_acquire() TAIL
10-30 15:44:26.851  3790  3815 D CustomFrequencyManagerService: releaseDVFSLockLocked : Getting Lock type frm List : DVFS_MIN_LIMIT  frequency : 2314000  uid : 1000  pid : 3790  tag : AMS_APP_SWITCH@CPU_MIN@10
10-30 15:44:26.851  3790  3815 D ActivityManagerPerformance: AMP_release() APP_SWITCH
10-30 15:44:26.858  3250  3250 I Layer   : id=739 onRemoved BlackSurface#0 
10-30 15:44:26.858  3250  3250 I Layer   : id=738 onRemoved BlackSurface#0 
10-30 15:44:26.858  3250  3250 I Layer   : id=740 onRemoved BlackSurface#0 
10-30 15:44:26.858  3250  3250 I Layer   : id=736 onRemoved ScreenshotSurface#0 
10-30 15:44:26.858  3250  3250 I Layer   : id=737 onRemoved BlackSurface#0 
10-30 15:44:26.858 28963 28988 D UE4     : LogICUInternationalization: Display: ICU TimeZone Detection - Raw Offset: +0:00, Platform Override: ''
10-30 15:44:26.858 28963 28988 D UE4     : 
10-30 15:44:26.859  3790  3807 D SamsungPhoneWindowManager: updateSystemUiVisibilityLw : setForceImmersiveBtnVisibility=true
10-30 15:44:26.859  3790  3807 D WindowManager: set systemUiVisibility : systemUiFlags= 0x10 fullscreenStackSysUiFlags= 0x0
10-30 15:44:26.860  4209  4209 D NavigationBar: setForceImmersiveBtnVisibility visible : true
10-30 15:44:26.860  4209  4209 D SecNavigationBarView: setPinButtonVisibility() shouldshow=true, leftRemoteVisible=false, mAllKeyDisabled=false, isBouncerShowing=false, isUltraPowerSaving=false, isEmergencyMode=false, isDeviceEncrypted=false, isUserSetupComplete : true
10-30 15:44:26.861 28963 28988 D UE4     : EGL Extensions: 
10-30 15:44:26.861 28963 28988 D UE4     : EGL_KHR_get_all_proc_addresses EGL_ANDROID_presentation_time EGL_KHR_swap_buffers_with_damage EGL_ANDROID_get_native_client_buffer EGL_ANDROID_front_buffer_auto_refresh EGL_ANDROID_get_frame_timestamps EGL_KHR_image EGL_KHR_image_base EGL_KHR_gl_colorspace EGL_KHR_gl_texture_2D_image EGL_KHR_gl_texture_cubemap_image EGL_KHR_gl_renderbuffer_image EGL_KHR_fence_sync EGL_KHR_create_context EGL_KHR_config_attribs EGL_KHR_surfaceless_context EGL_EXT_create_context_robustness EGL_ANDROID_image_native_buffer EGL_KHR_wait_sync EGL_ANDROID_recordable EGL_KHR_partial_update EGL_KHR_mutable_render_buffer EGL_EXT_protected_content EGL_IMG_context_priority EGL_KHR_no_config_context 
