--------- beginning of main
11-04 21:09:27.228  3376  3376 E adbd    : recv: OPEN 00001c3e 00000000 004f:73 68 65 6C 6C 2C 76 32 3A 61 6D 20 73 74 61 72 74 20 2D 6E 20 63 6F 6D 2E 59 6F 75 72 43 6F 6D 70 61 6E 79 2E 46 6C 61 6D 69 6E 47 6F 2F 63 6F 6D 2E 65 70 69 63 67 61 6D 65 73 2E 75 65 34 2E 53 70 6C 61 73 68 41 63 74 69 76 69 74 79 00 
11-04 21:09:27.228  3376  3376 E adbd    : service_to_fd: shell,v2:am start -n com.YourCompany.FlaminGo/com.epicgames.ue4.SplashActivity
--------- beginning of system
11-04 21:09:27.268  3783 19359 W ProcessCpuTracker: Skipping unknown process pid 19357
11-04 21:09:27.308  3783  5156 I ActivityManager: START u0 {act=null typ=null flg=0x10000000 cmp=ComponentInfo{com.YourCompany.FlaminGo/com.epicgames.ue4.SplashActivity}} from uid 2000
11-04 21:09:27.317  3783  5156 D CustomFrequencyManagerService: acquireDVFSLockLocked : type : DVFS_MIN_LIMIT  frequency : 2314000  uid : 1000  pid : 3783  pkgName : AMS_APP_SWITCH@CPU_MIN@61
11-04 21:09:27.320  3783  5156 D ActivityManagerPerformance: AMP_acquire() APP_SWITCH
11-04 21:09:27.321  3783  4994 D ActivityManagerPerformance: Received MSG_CFMS_HINT_AMS_SWITCH pkgName: com.YourCompany.FlaminGo
11-04 21:09:27.321  3783  7224 D TelephonyManager: getAllCellInfo : Caller (PID / UID / TID): 3783 / 1000 / 7224
11-04 21:09:27.322  3783  3783 D CS_HdrController: MultiWindowEventListener::onFocusStackChanged(1)
11-04 21:09:27.327  5208  5208 V Launcher: Launcher.onPause()
11-04 21:09:27.327  5208  5208 D Launcher: setHotWordDetection : call requestHotWordDetection false
11-04 21:09:27.330  3783  3783 D CS_HdrController: updateMultiWindowState : 0
11-04 21:09:27.331  3783  3783 D MdnieScenarioControlService: Listener Real Multi Window State : false
11-04 21:09:27.331  3783  3783 D CodecSolution: MultiWindowEventListener::onMultiWindowFocusChanged(1)
11-04 21:09:27.332  3783  3881 D ViewRootImpl@db5cef0[FlaminGo]: setView = DecorView@5ca56ee[FlaminGo] TM=true MM=false
11-04 21:09:27.337  3783 17292 D ActivityManager: isScaleDownAnimationEnabled() : false
11-04 21:09:27.338  3783 17292 D StorageManagerService: getExternalStorageMountMode : 3
11-04 21:09:27.338  3783 17292 D StorageManagerService: getExternalStorageMountMode : 3
11-04 21:09:27.338  3783 17292 D StorageManagerService: getExternalStorageMountMode : final mountMode=3, uid : 10224, packageName : com.YourCompany.FlaminGo
11-04 21:09:27.338  3783 17292 I ApplicationPolicy: isApplicationExternalStorageWhitelisted:com.YourCompany.FlaminGo user:0
11-04 21:09:27.338  3783 17292 D ApplicationPolicy: isApplicationExternalStorageWhitelisted: DO is not enabled on user 0. Allowed.
11-04 21:09:27.338  3783 17292 D ActivityManager: package  com.YourCompany.FlaminGo, user - 0 is SDcard whitelisted
11-04 21:09:27.338  3783 17292 I ApplicationPolicy: isApplicationExternalStorageBlacklisted:com.YourCompany.FlaminGo user:0
11-04 21:09:27.338  3783 17292 D ApplicationPolicy: isApplicationExternalStorageBlacklisted: DO is not enabled on user 0. Allowed.
11-04 21:09:27.339  3230  3505 I soundtrigger_hw_primary: stdev_stop_recognition Handle 0
11-04 21:09:27.339  3230  3505 V soundtrigger_hw_primary: stdev_stop_recognition Handle 0 Trylock acquired successfully
11-04 21:09:27.339  3230  3505 V soundtrigger_hw_primary: stdev_stop_recognition_l
11-04 21:09:27.339  3230  3505 V soundtrigger_hw_primary: stdev_active_callback_bitmask
11-04 21:09:27.339  3230  3505 V soundtrigger_hw_primary: stdev_join_callback_thread
11-04 21:09:27.339  3230 19233 I soundtrigger_hw_primary: callback_thread_loop: Termination message
11-04 21:09:27.339  3230 19233 V soundtrigger_hw_primary: stdev_vts_set_power enabled: 0
11-04 21:09:27.339  3230 19233 V soundtrigger_hw_primary: set_mixer_ctrls, path: VTS Active Keyphrase
11-04 21:09:27.340  3230 19233 V soundtrigger_hw_primary: set_mixer_ctrls: VTS Active Keyphrase configured value: 1
11-04 21:09:27.340  3230 19233 V soundtrigger_hw_primary: set_mixer_ctrls: VTS VoiceTrigger Value configured value: 0
11-04 21:09:27.341  3230 19233 V soundtrigger_hw_primary: set_mixer_ctrls: VTS VoiceRecognization Mode configured value: 9
11-04 21:09:27.341  3230 19233 D audio_hw_primary_abox: device-notify_sthal_status: Ok-Google Model Recognition [STOPPED]
11-04 21:09:27.341  3230 19233 D soundtrigger_hw_primary: stdev_vts_set_power: Google Model recognization stopped & Notified to AudioHAL
11-04 21:09:27.341  3230 19233 V soundtrigger_hw_primary: set_mixer_ctrls, path: VTS DMIC SEL
11-04 21:09:27.343  3230 19233 V soundtrigger_hw_primary: set_mixer_ctrls: VTS Virtual Output Mux configured value: 0
11-04 21:09:27.344  3783  3881 D ViewRootImpl@db5cef0[FlaminGo]: dispatchAttachedToWindow
11-04 21:09:27.344  3783  3881 V WindowManager: Relayout Window{9166c69 u0 Splash Screen com.YourCompany.FlaminGo}: viewVisibility=0 req=1079x2029 WM.LayoutParams{(0,0)(fillxfill) sim=#20 ty=3 fl=#1830518 pfl=0x1000011 wanim=0x1030001 vsysui=0x10 needsMenuKey=2 colorMode=0 naviIconColor=0}
11-04 21:09:27.345  3230 19233 V soundtrigger_hw_primary: set_mixer_ctrls: DMIC1 Switch configured value: 0
11-04 21:09:27.345  3230 19233 V soundtrigger_hw_primary: set_mixer_ctrls: VTS HPF SEL configured value: 0
11-04 21:09:27.345  3230 19233 V soundtrigger_hw_primary: set_mixer_ctrls: VTS HPF EN configured value: 0
11-04 21:09:27.345  3230 19233 V soundtrigger_hw_primary: set_mixer_ctrls: VTS SYS SEL configured value: 0
11-04 21:09:27.345  3230 19233 V soundtrigger_hw_primary: set_mixer_ctrls: VTS DMIC IF LCH EN configured value: 0
11-04 21:09:27.346  3230 19233 V soundtrigger_hw_primary: set_mixer_ctrls: VTS DMIC IF RCH EN configured value: 0
11-04 21:09:27.346  3230 19233 V soundtrigger_hw_primary: set_mixer_ctrls: VTS DMIC SEL configured value: 0
11-04 21:09:27.346  3230 19233 D soundtrigger_hw_primary: stdev_vts_set_mic: Disable MIC Controls 
11-04 21:09:27.347  3230  3505 V soundtrigger_hw_primary: stdev_vts_set_power enabled: 0
11-04 21:09:27.347  3230  3505 V soundtrigger_hw_primary: stdev_close_callback_thread_sockets
11-04 21:09:27.347  3230  3505 I soundtrigger_hw_primary: stdev_stop_recognition Handle Exit 0
11-04 21:09:27.347  3253  3253 I SurfaceFlinger: id=87 createSurf (1080x2094),1 flag=404, Splash Screen com.YourCompany.FlaminGo#0
11-04 21:09:27.349  3783  3881 V Surface : sf_framedrop debug : 0x4f4c, game : false, logging : 0
11-04 21:09:27.350  3783 17292 I ActivityManager: Start proc 19365:com.YourCompany.FlaminGo/u0a224 for activity com.YourCompany.FlaminGo/com.epicgames.ue4.SplashActivity
11-04 21:09:27.351  3783  3881 D ViewRootImpl@db5cef0[FlaminGo]: Relayout returned: old=[0,0][0,0] new=[0,0][1080,2094] result=0x7 surface={valid=true 489254064128} changed=true
11-04 21:09:27.352 19365 19365 E Zygote  : isWhitelistProcess - Process is Whitelisted
11-04 21:09:27.352 19365 19365 E libpersona: scanKnoxPersonas
11-04 21:09:27.352 19365 19365 E libpersona: Couldn't open the File - /data/system/users/0/personalist.xml - No such file or directory
11-04 21:09:27.355 19365 19365 W SELinux : SELinux selinux_android_compute_policy_index : Policy Index[2],  Con:u:r:zygote:s0 RAM:SEPF_SM-G955F_8.0.0_0016, [-1 -1 -1 -1 0 1]
11-04 21:09:27.355 19365 19365 I SELinux : SELinux: seapp_context_lookup: seinfo=untrusted, level=s0:c512,c768, pkgname=com.YourCompany.FlaminGo 
11-04 21:09:27.356  5073  5073 I GsaVoiceInteractionSrv: Stop Hotword Recognition status: true
11-04 21:09:27.358 19365 19365 I zygote  : Late-enabling -Xcheck:jni
11-04 21:09:27.366  3783  7224 D ConnectivityService: filterNetworkStateForUid() uid: 1000 networkInfo: [type: WIFI[] - WIFI, state: DISCONNECTED/DISCONNECTED, reason: (unspecified), extra: (none), failover: false, available: true, roaming: false, metered: false]
11-04 21:09:27.372  3405 14601 V APM_AudioPolicyManager: getAudioPolicyConfig: audioParam;activeStream
11-04 21:09:27.372  3783  3881 V WindowManager: finishDrawingLocked: mDrawState=COMMIT_DRAW_PENDING Window{9166c69 u0 Splash Screen com.YourCompany.FlaminGo} in Surface(name=Splash Screen com.YourCompany.FlaminGo)
11-04 21:09:27.373  3405 14601 V APM_AudioPolicyManager: ### active stream : 0
11-04 21:09:27.373  3783  7224 D AudioService: active stream is 0x0
11-04 21:09:27.373  3405 14601 V APM_AudioPolicyManager: getAudioPolicyConfig: audioParam;outDevice
11-04 21:09:27.373  3405 14601 V APM_AudioPolicyManager: getNewOutputDevice() selected device 0
11-04 21:09:27.373  3405 14601 V APM_AudioPolicyManager: ### curdevice : 2
11-04 21:09:27.376  4382  4382 D WallpaperService: updateSurface forceRelayout=true redrawNeeded=false myWidth=-1 myHeight=-1 fixedSize=false x = 0 y = 0 mWidth=-1 mHeight=-1 mIsSleepMode=false
11-04 21:09:27.377  3783  7224 D SSRM:j  : ATC: power = AP_CP = 420, Display = 4(Panel:-999, LDIs:-999), WIFI = 0, SPK = 0, RCV = 0, Camera = 0, PAM = 0
11-04 21:09:27.377  3783  7224 D SSRM:j  : ATC: current = AP_CP = 105, Display = 1, WIFI = 0, SPK = 0,RCV = 0, Camera = 0, PAM = 0
11-04 21:09:27.379  3783  7224 D SSRM:j  : ATC: Ambient Temperature = 22.62, Skin temperature = F_AP[24.70], F_RF[24.60], B_AP[24.80], B_RF[24.60], B_WIFI[24.00], B_SPK[23.80]
11-04 21:09:27.379  3783 17292 V WindowManager: Relayout Window{a60ebd3 u0 com.android.systemui.infinity.InfinityWallpaperBlack}: viewVisibility=0 req=-1x-1 WM.LayoutParams{(0,0)(fillxfill) gr=#800033 ty=2013 fl=#10318 pfl=0x4 fmt=2 wanim=0x103030e colorMode=0 naviIconColor=0 sfl=0x8}
11-04 21:09:27.380  3783 17292 V WindowManager: rotationForOrientationLw(orient=0, last=0); user=0  sensorRotation=-1 mLidState=-1 mDockMode=0 mHdmiPlugged=false
11-04 21:09:27.380  3783 17292 D SamsungPhoneWindowManager: setRotationLw() : rotation=1
11-04 21:09:27.380  3783 17292 D SamsungPhoneWindowManager: semDvfsWakeupBooster.acquire()
11-04 21:09:27.381  3783 17292 D CustomFrequencyManagerService: acquireDVFSLockLocked : type : DVFS_MIN_LIMIT  frequency : 2314000  uid : 1000  pid : 3783  pkgName : PWM_ROTATION@CPU_MIN@66
11-04 21:09:27.381  3783 19371 D TspStateManagerInternal: update cmd=set_grip_data,2,1,60,10
11-04 21:09:27.382  3783 17292 D InputDispatcher: setInputDispatchMode: enabled=1, frozen=1
11-04 21:09:27.383  3253  3253 I SurfaceFlinger: id=88 createSurf (1080x2220),2 flag=4, ScreenshotSurface#0
11-04 21:09:27.384  3783 17292 V Surface : sf_framedrop debug : 0x4f4c, game : false, logging : 0
11-04 21:09:27.385  3253  3253 V Surface : sf_framedrop debug : 0x4f4c, game : false, logging : 0
11-04 21:09:27.399  3783  3783 D GameManagerService: onDisplayChanged. displyId: 0, state: 2
11-04 21:09:27.399  3783  3783 D GameManagerService: dpi: 420, longPixel: 2094, shortPixel: 1080
11-04 21:09:27.399  3783  3783 I CAE     : handleMessage(CaPowerManager.java:173) - AP_WAKEUP_Already_Delivered
11-04 21:09:27.404  3253  3253 I SurfaceFlinger: Disp[0] Orientation 0=>1
11-04 21:09:27.404  4536  4536 D NfcService: PROXIMITY SCREEN ON
11-04 21:09:27.404  3376  3376 E adbd    : recv: OPEN 00001c42 00000000 000c:73 68 65 6C 6C 2C 76 32 3A 70 73 00 
11-04 21:09:27.404  3376  3376 E adbd    : service_to_fd: shell,v2:ps
11-04 21:09:27.405 19365 19365 D TimaKeyStoreProvider: TimaKeyStore is not enabled: cannot add TimaSignature Service and generateKeyPair Service
11-04 21:09:27.405 19365 19365 D ActivityThread: Added TimaKeyStore provider
11-04 21:09:27.406  4382 13098 D WallpaperService: dispatchAppVisibility onVisibilityChanged(): false
11-04 21:09:27.407  3783  3814 D PointerController: mLocked.displayWidth 1080, mLocked.displayHeight 2220
11-04 21:09:27.408  3783  3935 I InputReader: Reconfiguring input devices.  changes=0x00000004
11-04 21:09:27.409  3783  3935 I InputReader: Device reconfigured: id=4, name='sec_touchpad', size 1080x2220, orientation 1, mode 4, display id 0
11-04 21:09:27.409  3783  3935 I InputReader: Device reconfigured: id=5, name='sec_touchscreen', size 1080x2220, orientation 1, mode 1, display id 0
11-04 21:09:27.409  3783 17292 I ActivityManager: Config changes=480 {0 1.1 themeSeq = 0 showBtnBg = 0 ?mcc?mnc [en_GB] ldltr sw411dp w797dp h387dp 420dpi nrml long land finger -keyb/v/h -nav/h appBounds=Rect(0, 0 - 2094, 1080) s.14 mkbd/h desktop/d ?dc}
11-04 21:09:27.411  3253  3253 D SurfaceFlinger:   Display[0] configurations (* current):
11-04 21:09:27.411  3253  3253 D SurfaceFlinger:     * 0: 1440x2960, xdpi=522.513977, ydpi=525.762024, refresh=16666666
11-04 21:09:27.411  3253  3253 D SurfaceFlinger:   numHwLayers=6, flags=00000000
11-04 21:09:27.411  3253  3253 D SurfaceFlinger:     type   |  handle  | hint | flag | tr | blnd |   format    |     source crop (l,t,r,b)      |          frame         | name 
11-04 21:09:27.411  3253  3253 D SurfaceFlinger: -----------+----------+------+------+----+------+-------------+--------------------------------+------------------------+------
11-04 21:09:27.411  3253  3253 D SurfaceFlinger:        HWC | 7f0ae58640 | 0000 | 0020 | 00 | 0100 | RGBx_8888   |    0.0,    0.0, 1080.0, 2220.0 |    0,    0, 1080, 2220 | com.android.systemui.infinity.InfinityWallpaperBlack#0
11-04 21:09:27.411  3253  3253 D SurfaceFlinger:        HWC | 7f0a82c340 | 0000 | 0000 | 04 | 0105 | RGBA_8888   |    0.0,    0.0, 1080.0, 1080.0 |    0,    0, 1080, 1080 | com.sec.android.app.launcher/com.sec.android.app.launcher.activities.LauncherActivity#0
11-04 21:09:27.411  3253  3253 D SurfaceFlinger:       GLES | 7f0a82c500 | 0000 | 0000 | 04 | 0105 | RGBA_8888   |    0.0,    0.0, 1080.0,   63.0 | 1017,    0, 1080, 1080 | StatusBar#0
11-04 21:09:27.411  3253  3253 D SurfaceFlinger:       GLES | 7f0a82b460 | 0000 | 0000 | 04 | 0105 | RGBA_8888   |    0.0,    0.0,   67.0,  455.0
11-04 21:09:27.411  3253  3253 D SurfaceFlinger:  |   20, 1013,  475, 1080 | com.samsung.android.app.cocktailbarservice/com.samsung.android.app.cocktailbarservice.CocktailBarService#0
11-04 21:09:27.411  3253  3253 D SurfaceFlinger:        HWC | 7f0ae58100 | 0000 | 0100 | 00 | 0105 | RGBA_8888   |    0.0,    0.0, 1080.0, 2220.0 |    0,    0, 1080, 2220 | ScreenshotSurface#0
11-04 21:09:27.411  3253  3253 D SurfaceFlinger:  FB TARGET | 7f0ae55b60 | 0000 | 0000 | 00 | 0105 | RGBA_8888   |    0.0,    0.0, 1440.0, 2960.0 |    0,    0, 1440, 2960 | HWC_FRAMEBUFFER_TARGET
11-04 21:09:27.412  4536 19382 D NfcService: call the applyRouting
11-04 21:09:27.413  4536 19382 D NfcService: Screen Cmd value : 3
11-04 21:09:27.413  4536 19382 D NfcService: Discovery configuration equal, not updating.
11-04 21:09:27.417  3783 17292 I ActivityManager: Override config changes=480 {0 1.1 themeSeq = 0 showBtnBg = 0 ?mcc?mnc [en_GB] ldltr sw411dp w797dp h387dp 420dpi nrml long land finger -keyb/v/h -nav/h appBounds=Rect(0, 0 - 2094, 1080) s.14 mkbd/h desktop/d ?dc} for displayId=0
11-04 21:09:27.417  3783 17292 I SamsungPhoneWindowManager: setInitialDisplaySize() width=1080, height=2220, density=420, initWidth=1440, initHeight=2960, initDensity=560
11-04 21:09:27.417  3783 17292 D TspStateManagerInternal: updateDefaultValue customSetting=null
11-04 21:09:27.422  6548  6548 V Configuration:  needToUpdateOverlays
11-04 21:09:27.422  6548  6548 I chatty  : uid=10013(u0_a13) com.samsung.android.app.cocktailbarservice identical 14 lines
11-04 21:09:27.422  6548  6548 V Configuration:  needToUpdateOverlays
11-04 21:09:27.422  3783  3783 D TelecomService: onConfigurationChanged {0 1.1 themeSeq = 0 showBtnBg = 0 ?mcc?mnc [en_GB] ldltr sw411dp w797dp h387dp 420dpi nrml long land finger -keyb/v/h -nav/h appBounds=Rect(0, 0 - 2094, 1080) s.14 mkbd/h desktop/d ?dc}
11-04 21:09:27.423  6548  6548 I CocktailBarPositionManager: onOrientationChanged position not dirty
11-04 21:09:27.423  6548  6548 D TrayStateController: updateDescriptionLayout invalid panelview
11-04 21:09:27.423  6548  6548 E CocktailBarContainerView: updateContainerVisibility: 0
11-04 21:09:27.423  6548  6548 D CocktailBarUiController: onConfigurationChanged : orientation = true densityDpi = false
11-04 21:09:27.423  3783 17292 I SamsungPhoneWindowManager: setInitialDisplaySize() width=1080, height=2220, density=420, initWidth=1440, initHeight=2960, initDensity=560
11-04 21:09:27.424  3783 17292 D TspStateManagerInternal: updateDefaultValue customSetting=null
11-04 21:09:27.424  6548  6548 D CocktailBarTriggerContainerView: setContainerGravityState: 1 --> 1
11-04 21:09:27.425  3253  3253 D SurfaceFlinger:   Display[0] configurations (* current):
11-04 21:09:27.425  3253  3253 D SurfaceFlinger:     * 0: 1440x2960, xdpi=522.513977, ydpi=525.762024, refresh=16666666
11-04 21:09:27.425  3253  3253 D SurfaceFlinger:   numHwLayers=4, flags=00000000
11-04 21:09:27.425  3253  3253 D SurfaceFlinger:     type   |  handle  | hint | flag | tr | blnd |   format    |     source crop (l,t,r,b)      |          frame         | name 
11-04 21:09:27.425  3253  3253 D SurfaceFlinger: -----------+----------+------+------+----+------+-------------+--------------------------------+------------------------+------
11-04 21:09:27.425  3253  3253 D SurfaceFlinger:        HWC | 7f0a82c500 | 0000 | 0000 | 04 | 0105 | RGBA_8888   |    0.0,    0.0, 1080.0,   63.0 | 1017,    0, 1080, 1080 | StatusBar#0
11-04 21:09:27.425  3253  3253 D SurfaceFlinger:       GLES | 7f0a82b460 | 0000 | 0000 | 04 | 0105 | RGBA_8888   |    0.0,    0.0,   67.0,  455.0 |   20, 1013,  475, 1080 | com.samsung.android.app.cocktailbarservice/com.samsung.android.app.cocktailbarservice.CocktailBarService#0
11-04 21:09:27.425  3253  3253 D SurfaceFlinger:        HWC | 7f0ae58100 | 0000 | 0100 | 00 | 0105 | RGBA_8888   |    0.0,    0.0, 1080.0, 2220.0 |    0,    0, 1080, 2220 | ScreenshotSurface#0
11-04 21:09:27.425  3253  3253 D SurfaceFlinger:  FB TARGET | 7f0ae558c0 | 0000 | 0000 | 00 | 0105 | RGBA_8888   |    0.0,    0.0, 1440.0, 2960.0 |    0,    0, 1
11-04 21:09:27.425  3253  3253 D SurfaceFlinger: 440, 2960 | HWC_FRAMEBUFFER_TARGET
11-04 21:09:27.426  6548  6548 D TrayStateController: putInputRect mDynamicInputRegion=128111791@LastEvent=t=1541365697112Rect(25, 0 - 67, 455),Rect=Rect(0, 0 - 0, 0)
11-04 21:09:27.427  5208  5208 V Configuration:  needToUpdateOverlays
11-04 21:09:27.427  5208  5208 I chatty  : uid=10083(u0_a83) com.sec.android.app.launcher identical 5 lines
11-04 21:09:27.427  6548  6548 D TrayStateController: putInputRect mDynamicInputRegion=128111791@LastEvent=t=1541365697112Rect(25, 0 - 67, 455),Rect=Rect(25, 0 - 67, 455)
11-04 21:09:27.427  5208  5208 V Configuration:  needToUpdateOverlays
11-04 21:09:27.427  5208  5208 V Configuration:  needToUpdateOverlays
11-04 21:09:27.427  6548  6548 I Utils   :  Edge First Use Help enabled
11-04 21:09:27.427  5208  5208 V Configuration:  needToUpdateOverlays
11-04 21:09:27.427  5208  5208 I chatty  : uid=10083(u0_a83) com.sec.android.app.launcher identical 3 lines
11-04 21:09:27.427  5208  5208 V Configuration:  needToUpdateOverlays
11-04 21:09:27.428  3783  3806 D WindowManager: set systemUiVisibility : systemUiFlags= 0x8708 fullscreenStackSysUiFlags= 0x0
11-04 21:09:27.428  6548  6548 D TrayStateTrigger: getTriggerMarginOnTop retY=605 halfHandleSize=228 getTriggerPosition=33.800007
11-04 21:09:27.428  5208  5208 V Configuration:  needToUpdateOverlays
11-04 21:09:27.429  5208  5208 I chatty  : uid=10083(u0_a83) com.sec.android.app.launcher identical 6 lines
11-04 21:09:27.429  5208  5208 V Configuration:  needToUpdateOverlays
11-04 21:09:27.430  3783 17292 D InputDispatcher: Focus left window: 5208
11-04 21:09:27.431  3783  3881 D ViewRootImpl@db5cef0[FlaminGo]: MSG_RESIZED_REPORT: frame=Rect(0, 0 - 2094, 1080) ci=Rect(0, 0 - 0, 0) vi=Rect(0, 63 - 0, 0) or=2
11-04 21:09:27.434  4382  4382 D GLAnimatorManager: doFrame
11-04 21:09:27.435  3783  3813 D TetheringConfiguration: NAP is enabled by CSCfeature
11-04 21:09:27.436  4211  4278 D vol.VolumeDialogControl.VC: setLayoutDirection
11-04 21:09:27.438  3783  3881 V WindowManager: Relayout Window{9166c69 u0 Splash Screen com.YourCompany.FlaminGo}: viewVisibility=0 req=2094x1080 WM.LayoutParams{(0,0)(fillxfill) sim=#20 ty=3 fl=#1830518 pfl=0x1000011 wanim=0x1030001 vsysui=0x10 needsMenuKey=2 colorMode=0 naviIconColor=0}
11-04 21:09:27.441  4211  4650 D vol.VolumeDialogControl: onReceive ACTION_CONFIGURATION_CHANGED
11-04 21:09:27.443  3783  3813 E TetheringConfiguration: No numeric data
11-04 21:09:27.444  3253  3253 D SurfaceFlinger:   Display[0] configurations (* current):
11-04 21:09:27.444  3253  3253 D SurfaceFlinger:     * 0: 1440x2960, xdpi=522.513977, ydpi=525.762024, refresh=16666666
11-04 21:09:27.444  3253  3253 D SurfaceFlinger:   numHwLayers=6, flags=00000000
11-04 21:09:27.444  3253  3253 D SurfaceFlinger:     type   |  handle  | hint | flag | tr | blnd |   format    |     source crop (l,t,r,b)      |          frame         | name 
11-04 21:09:27.444  3253  3253 D SurfaceFlinger: -----------+----------+------+------+----+------+-------------+--------------------------------+------------------------+------
11-04 21:09:27.444  3253  3253 D SurfaceFlinger:        HWC | 7f0a82c500 | 0000 | 0000 | 04 | 0105 | RGBA_8888   |    0.0,    0.0, 1080.0,   63.0 | 1017,    0, 1080, 1080 | StatusBar#0
11-04 21:09:27.444  3253  3253 D SurfaceFlinger:       GLES | 7f0a82b460 | 0000 | 0000 | 04 | 0105 | RGBA_8888   |    0.0,    0.0,   67.0,  455.0 |   20, 2153,  475, 2220 | com.samsung.android.app.cocktailbarservice/com.samsung.android.app.cocktailbarservice.CocktailBarService#0
11-04 21:09:27.444  3253  3253 D SurfaceFlinger:       GLES | 7f0ae57ca0 | 0000 | 0000 | 04 | 0105 | RGBA_8888   |    0.0,    0.0,  126.0,  126.0 |  954, 2094, 1080, 2220 | NavigationBar#0
11-04 21:09:27.444  3253  3253 D SurfaceFlinger:       GLES | 7f0a82ca40 | 0000 | 0000 | 04 | 0105 | RGBA_8888   |    0.0,    0.0,  566.0,   63.0 |    0,  827,   63,
11-04 21:09:27.444  3253  3253 D SurfaceFlinger:  1393 | com.samsung.android.spay.simple.SimpleIntroHintService#0
11-04 21:09:27.444  3253  3253 D SurfaceFlinger:        HWC | 7f0ae58100 | 0000 | 0100 | 00 | 0105 | RGBA_8888   |    0.0,    0.0, 1080.0, 2220.0 |    0,    0, 1080, 2220 | ScreenshotSurface#0
11-04 21:09:27.444  3253  3253 D SurfaceFlinger:  FB TARGET | 7f0ae55d20 | 0000 | 0000 | 00 | 0105 | RGBA_8888   |    0.0,    0.0, 1440.0, 2960.0 |    0,    0, 1440, 2960 | HWC_FRAMEBUFFER_TARGET
11-04 21:09:27.457  4551  4551 D DeviceLocale: onReceive
11-04 21:09:27.457  3783  3881 D ViewRootImpl@db5cef0[FlaminGo]: Relayout returned: old=[0,0][2094,1080] new=[0,0][2094,1080] result=0x23 surface={valid=true 489254064128} changed=false
11-04 21:09:27.458  4551  4795 D EucModule: onLocaleChanged, languageCode=en
11-04 21:09:27.461  4536  4536 V Configuration:  needToUpdateOverlays
11-04 21:09:27.467 18503 18503 D ViewRootImpl@87f01e5[SimpleIntroHintService]: MSG_RESIZED_REPORT: frame=Rect(827, 1017 - 1393, 1080) ci=Rect(0, 0 - 0, 0) vi=Rect(0, 0 - 0, 0) or=2
11-04 21:09:27.468  4536  4536 I NfcP2pEventManager: changeConfiguration() in NfcService
11-04 21:09:27.468  4382  4382 D GalaxyWallpaper: onVisibilityChanged = false, mCurrentMode = HOME
11-04 21:09:27.468  4382  4382 D GyroRender: pauseSensing
11-04 21:09:27.469  3783 14494 D SensorService: Calling activate off 10
11-04 21:09:27.469  3240  3884 I Sensors : InterruptGyroSensor old sensor_state 33570817, new sensor_state : 16385 en : 0
11-04 21:09:27.470  3783  4425 I ActivityManager: DSS on for com.YourCompany.FlaminGo and scale is 1.0
11-04 21:09:27.471  5208  5208 V Configuration:  needToUpdateOverlays
11-04 21:09:27.472  6548  6548 D TrayStateController: updateDescriptionLayout invalid panelview
11-04 21:09:27.473  4382  4382 D SensorManager: unregisterListener ::   
11-04 21:09:27.473  4382  4382 D GyroRender: unregisterListener
11-04 21:09:27.473  4382  4382 D WallpaperService: reportVisibility onVisibilityChanged visible: false
11-04 21:09:27.474  3783  3881 V WindowManager: finishDrawingLocked: mDrawState=COMMIT_DRAW_PENDING Window{9166c69 u0 Splash Screen com.YourCompany.FlaminGo} in Surface(name=Splash Screen com.YourCompany.FlaminGo)
11-04 21:09:27.475  3783  3881 D ViewRootImpl@db5cef0[FlaminGo]: MSG_RESIZED_REPORT: frame=Rect(0, 0 - 2094, 1080) ci=Rect(0, 0 - 0, 0) vi=Rect(0, 63 - 0, 0) or=1
11-04 21:09:27.477  6548  6548 E CocktailBarContainerView: updateContainerVisibility: 0
11-04 21:09:27.477  6548  6548 E CocktailBarContainerView: updateContainerVisibility: 0
11-04 21:09:27.489  5208  5208 I Launcher: onWindowVisibilityChanged : false
11-04 21:09:27.490  3783  3806 D WindowManager: set systemUiVisibility : systemUiFlags= 0x10 fullscreenStackSysUiFlags= 0x0
11-04 21:09:27.496  3783  4425 D PersonaManagerService: Current focused persona service handled id set to : 0
11-04 21:09:27.496  4189  4189 V Configuration:  needToUpdateOverlays
11-04 21:09:27.497  3783  4425 D InputDispatcher: Focused application set to: xxxx
11-04 21:09:27.497  4189  4189 V Configuration:  needToUpdateOverlays
11-04 21:09:27.497  4189  4189 V Configuration:  needToUpdateOverlays
11-04 21:09:27.497  4189  4189 I chatty  : uid=10166(u0_a166) com.sec.android.inputmethod identical 24 lines
11-04 21:09:27.497  4189  4189 V Configuration:  needToUpdateOverlays
11-04 21:09:27.498  3783  4067 D GameManagerService: handleForegroundChange(). pkgName: com.YourCompany.FlaminGo, clsName: com.epicgames.ue4.SplashActivity,FgActivityName:com.YourCompany.FlaminGo/com.epicgames.ue4.SplashActivity
11-04 21:09:27.498  3783  4067 D GameManagerService: sem_perfomance_mode: 0
11-04 21:09:27.498  3783  4067 D GameManagerService: notifyResumePause(). pkg: com.YourCompany.FlaminGo, type: 4, isMinimized: false, isTunableApp: false
11-04 21:09:27.498  3783  4067 D GameManagerService:   notifyResumePause(). unexpected mPrevNotiType: -1
11-04 21:09:27.498  3783  4425 D MARsPolicyManager: onPackageResumedFG pkgName = com.YourCompany.FlaminGo, userId = 0
11-04 21:09:27.499  4189  4189 I SKBD    : SamsungKeypad onConfigurationChanged2
11-04 21:09:27.499  4211  4211 D SecNavigationBarView: setNavigationIconHints showImeButton : false
11-04 21:09:27.500  6548  6548 I Utils   : isCurrentUser current = 0, ownerId = 0
11-04 21:09:27.500  4211  4211 D SecNavigationBarView: updateImmersivePinIcon() isImmersiveMode=false
11-04 21:09:27.500  6548  6548 I TrayVisibilityController: updateTrayVisible: State=257 visible=2 mCurrentVisible=1 specificMode=0
11-04 21:09:27.500  6548  6548 D TrayStateController: putInputRect mDynamicInputRegion=128111791@LastEvent=t=1541365697112Rect(25, 0 - 67, 455),Rect=Rect(0, 0 - 0, 0)
11-04 21:09:27.505  4536  4616 D ForegroundUtils: could not check pending caller
11-04 21:09:27.505  4211  4211 D NavBarHideController: adjustConsumeWindowLp() enabled=false, mWindowAdded=true, rot=1
11-04 21:09:27.507  3783  7224 D GamePkgDataHelper: getGamePkgDataIncServer(). com.YourCompany.FlaminGo
11-04 21:09:27.507  3783  7224 D GamePkgDataHelper: getSosPolicy(). com.YourCompany.FlaminGo
11-04 21:09:27.509  6548  6548 D TrayStateController: setUiState 2 : -isHideByOrientationPolicy 0 --> 2
11-04 21:09:27.509  3783  4589 V WindowManager: Relayout Window{70a4286 u0 NavigationBar}: viewVisibility=0 req=1080x126 WM.LayoutParams{(0,0)(fillxfill) sim=#20 ty=2019 fl=#21840068 fmt=-3 colorMode=0 naviIconColor=0}
11-04 21:09:27.509  6548  6548 D TrayStateController: setUiState 2 : -isHideByOrientationPolicy  already 2
11-04 21:09:27.509  3783  7224 D GameManagerService: identifyGamePackage. com.YourCompany.FlaminGo
11-04 21:09:27.509  3783  7224 D GamePkgDataHelper: getGamePkgData(). com.YourCompany.FlaminGo
11-04 21:09:27.510 18503 18514 I SAMSUNGPAY: [Hint_ProcessStatusChange] fg Change, pid : 19365 , isNotify : true , isForeground : true , fg list : [19365]
11-04 21:09:27.511  6548  6641 D OpenGLRenderer: eglDestroySurface = 0x721b0412a0
11-04 21:09:27.512  3253  3253 D SurfaceFlinger:   Display[0] configurations (* current):
11-04 21:09:27.512  3253  3253 D SurfaceFlinger:     * 0: 1440x2960, xdpi=522.513977, ydpi=525.762024, refresh=16666666
11-04 21:09:27.512  3253  3253 D SurfaceFlinger:   numHwLayers=7, flags=00000000
11-04 21:09:27.512  3253  3253 D SurfaceFlinger:     type   |  handle  | hint | flag | tr | blnd |   format    |     source crop (l,t,r,b)      |          frame         | name 
11-04 21:09:27.512  3253  3253 D SurfaceFlinger: -----------+----------+------+------+----+------+-------------+--------------------------------+------------------------+------
11-04 21:09:27.512  3253  3253 D SurfaceFlinger:        HWC | 7f0ae58480 | 0000 | 0020 | 04 | 0100 | RGBA_8888   |    0.0,    0.0, 2094.0, 1080.0 |    0,    0, 1080, 2094 | Splash Screen com.YourCompany.FlaminGo#0
11-04 21:09:27.512  3253  3253 D SurfaceFlinger:       GLES | 7f0a82c500 | 0000 | 0000 | 04 | 0105 | RGBA_8888   |    0.0,    0.0, 1080.0,   63.0 | 1017,    0, 1080, 1080 | StatusBar#0
11-04 21:09:27.512  3253  3253 D SurfaceFlinger:       GLES | 7f0a82b460 | 0000 | 0000 | 04 | 0105 | RGBA_8888   |    0.0,    0.0,   67.0,  455.0 |   20, 2153,  475, 2220 | com.samsung.android.app.cocktailbarservice/com.samsung.android.app.cocktailbarservice.CocktailBarService#0
11-04 21:09:27.512  3253  3253 D SurfaceFlinger:       GLES | 7f0ae57ca0 | 0000 | 0000 | 04 | 0105 | RGBA_8888   |    0.0,    0.0,  126.0,  
11-04 21:09:27.512  3253  3253 D SurfaceFlinger: 126.0 |  954, 2094, 1080, 2220 | NavigationBar#0
11-04 21:09:27.512  3253  3253 D SurfaceFlinger:       GLES | 7f0a82ca40 | 0000 | 0000 | 04 | 0105 | RGBA_8888   |    0.0,    0.0,  566.0,   63.0 |    0,  827,   63, 1393 | com.samsung.android.spay.simple.SimpleIntroHintService#0
11-04 21:09:27.512  3253  3253 D SurfaceFlinger:        HWC | 7f0ae58100 | 0000 | 0100 | 00 | 0105 | RGBA_8888   |    0.0,    0.0, 1080.0, 2220.0 |    0,    0, 1080, 2220 | ScreenshotSurface#0
11-04 21:09:27.512  3253  3253 D SurfaceFlinger:  FB TARGET | 7f0ae55b60 | 0000 | 0000 | 00 | 0105 | RGBA_8888   |    0.0,    0.0, 1440.0, 2960.0 |    0,    0, 1440, 2960 | HWC_FRAMEBUFFER_TARGET
11-04 21:09:27.512  6548  6548 D CocktailBarTriggerContainerView: onApplyWindowInsets bottom =0
11-04 21:09:27.512  3783  7224 D GameManagerService: identifyGamePackage. com.YourCompany.FlaminGo
11-04 21:09:27.512  3783  7224 D GamePkgDataHelper: getGamePkgData(). com.YourCompany.FlaminGo
11-04 21:09:27.516  3783  7224 D GameManagerService: identifyGamePackage. com.YourCompany.FlaminGo
11-04 21:09:27.516  3783  7224 D GamePkgDataHelper: getGamePkgData(). com.YourCompany.FlaminGo
11-04 21:09:27.516  4211 15311 D SystemServicesProxy: updateOverviewLastStackActiveTimeAsync: newTime=1540204754719
11-04 21:09:27.518  3783  5156 D SecContentProvider: query(), uri = 17 selection = isSettingsChangesAllowed
11-04 21:09:27.519  3783  5156 D SecContentProvider: called from android.uid.systemui:10005
11-04 21:09:27.519  5208  5430 D OpenGLRenderer: eglDestroySurface = 0x71fd6c7930
11-04 21:09:27.519  4211  4481 D SystemServicesProxy: updateOverviewLastStackActiveTimeAsync: done.
11-04 21:09:27.520  3783  7224 D GameManagerService: identifyGamePackage. com.YourCompany.FlaminGo
11-04 21:09:27.520  3783  7224 D GamePkgDataHelper: getGamePkgData(). com.YourCompany.FlaminGo
11-04 21:09:27.522  3783  7224 D GameManagerService: identifyGamePackage. com.YourCompany.FlaminGo
11-04 21:09:27.522  3783  7224 D GamePkgDataHelper: getGamePkgData(). com.YourCompany.FlaminGo
11-04 21:09:27.524  3783 14455 V WindowManager: Relayout Window{1ed392f u0 com.samsung.android.app.cocktailbarservice/com.samsung.android.app.cocktailbarservice.CocktailBarService}: viewVisibility=8 req=67x455 WM.LayoutParams{(0,605)(67x455) gr=#35 sim=#20 ty=2226 fl=#1800148 pfl=0x50 fmt=-2 vsysui=0x2000 colorMode=0 naviIconColor=0}
11-04 21:09:27.525  3783 14455 I WindowManager: Destroying surface Surface(name=com.samsung.android.app.cocktailbarservice/com.samsung.android.app.cocktailbarservice.CocktailBarService) called by com.android.server.wm.WindowStateAnimator.destroySurface:2465 com.android.server.wm.WindowStateAnimator.destroySurfaceLocked:967 com.android.server.wm.WindowState.destroyOrSaveSurfaceUnchecked:3661 com.android.server.wm.WindowState.destroySurface:3609 com.android.server.wm.WindowManagerService.tryStartExitingAnimation:2676 com.android.server.wm.WindowManagerService.relayoutWindow:2460 com.android.server.wm.Session.relayout:249 android.view.IWindowSession$Stub.onTransact:288 
11-04 21:09:27.525  3253  3253 D SurfaceFlinger:   Display[0] configurations (* current):
11-04 21:09:27.525  3253  3253 D SurfaceFlinger:     * 0: 1440x2960, xdpi=522.513977, ydpi=525.762024, refresh=16666666
11-04 21:09:27.525  3253  3253 D SurfaceFlinger:   numHwLayers=6, flags=00000000
11-04 21:09:27.525  3253  3253 D SurfaceFlinger:     type   |  handle  | hint | flag | tr | blnd |   format    |     source crop (l,t,r,b)      |          frame         | name 
11-04 21:09:27.525  3253  3253 D SurfaceFlinger: -----------+----------+------+------+----+------+-------------+--------------------------------+------------------------+------
11-04 21:09:27.525  3253  3253 D SurfaceFlinger:        HWC | 7f0ae58480 | 0000 | 0020 | 04 | 0100 | RGBA_8888   |    0.0,    0.0, 2094.0, 1080.0 |    0,    0, 1080, 2094 | Splash Screen com.YourCompany.FlaminGo#0
11-04 21:09:27.525  3253  3253 D SurfaceFlinger:       GLES | 7f0a82b460 | 0000 | 0000 | 04 | 0105 | RGBA_8888   |    0.0,    0.0,   67.0,  455.0 |   20, 2153,  475, 2220 | com.samsung.android.app.cocktailbarservice/com.samsung.android.app.cocktailbarservice.CocktailBarService#0
11-04 21:09:27.525  3253  3253 D SurfaceFlinger:       GLES | 7f0ae57ca0 | 0000 | 0000 | 04 | 0105 | RGBA_8888   |    0.0,    0.0,  126.0,  126.0 |  954, 2094, 1080, 2220 | NavigationBar#0
11-04 21:09:27.525  3253  3253 D SurfaceFlinger:       GLES | 7f0a82ca40 | 0000 | 0000 | 04 | 0105 | RGBA_8888   |    0.0,    0.0,  566.
11-04 21:09:27.525  3253  3253 D SurfaceFlinger: 0,   63.0 |    0,  827,   63, 1393 | com.samsung.android.spay.simple.SimpleIntroHintService#0
11-04 21:09:27.525  3253  3253 D SurfaceFlinger:        HWC | 7f0ae58100 | 0000 | 0100 | 00 | 0105 | RGBA_8888   |    0.0,    0.0, 1080.0, 2220.0 |    0,    0, 1080, 2220 | ScreenshotSurface#0
11-04 21:09:27.525  3253  3253 D SurfaceFlinger:  FB TARGET | 7f0ae558c0 | 0000 | 0000 | 00 | 0105 | RGBA_8888   |    0.0,    0.0, 1440.0, 2960.0 |    0,    0, 1440, 2960 | HWC_FRAMEBUFFER_TARGET
11-04 21:09:27.525  3253  3277 I SurfaceFlinger: id=83 Removed com.samsung.android.app.cocktailbarservice/com.samsung.android.app.cocktailbarservice.CocktailBarService#0 (6/9)
11-04 21:09:27.525  4211  4211 D ViewRootImpl@6438528[NavigationBar]: Relayout returned: old=[0,2094][1080,2220] new=[2094,0][2220,1080] result=0x23 surface={valid=true 489845964800} changed=false
11-04 21:09:27.525  3253  6520 I SurfaceFlinger: id=83 Removed com.samsung.android.app.cocktailbarservice/com.samsung.android.app.cocktailbarservice.CocktailBarService#0 (-2/9)
11-04 21:09:27.527  4211  4669 D OpenGLRenderer: eglDestroySurface = 0x71fb254310
11-04 21:09:27.528  4211  4669 D mali_winsys: EGLint new_window_surface(egl_winsys_display *, void *, EGLSurface, EGLConfig, egl_winsys_surface **, egl_color_buffer_format *, EGLBoolean) returns 0x3000,  [126x1080]-format:1
11-04 21:09:27.528  4211  4669 D OpenGLRenderer: eglCreateWindowSurface = 0x71fb254310
11-04 21:09:27.528  3783  4425 V WindowManager: Relayout Window{b1803b4 u0 com.sec.android.app.launcher/com.sec.android.app.launcher.activities.LauncherActivity}: viewVisibility=8 req=1080x2220 WM.LayoutParams{(0,0)(fillxfill) sim=#130 ty=1 fl=#81910d00 pfl=0x20000 fmt=-2 wanim=0x10302ea vsysui=0x700 needsMenuKey=2 colorMode=0 naviIconColor=0}
11-04 21:09:27.528 18503 18503 V Configuration:  needToUpdateOverlays
11-04 21:09:27.529  6548  6548 D ViewRootImpl@dd20ccb[CocktailBarService]: Relayout returned: old=[1013,605][1080,1060] new=[2153,605][2220,1060] result=0x5 surface={valid=false 0} changed=true
11-04 21:09:27.529  6548  6548 D CocktailBarTriggerContainerView: onApplyWindowInsets bottom =0
11-04 21:09:27.530 19365 19388 I vndksupport: sphal namespace is not configured for this process. Loading /vendor/lib/egl/libGLES_mali.so from the current namespace instead.
11-04 21:09:27.532  5208  5208 D ViewRootImpl@b2d5f8e[LauncherActivity]: Relayout returned: old=[0,0][1080,2220] new=[0,0][1080,2220] result=0x5 surface={valid=false 0} changed=true
11-04 21:09:27.532  5208  5208 D ViewRootImpl@b2d5f8e[LauncherActivity]: MSG_WINDOW_FOCUS_CHANGED 0
11-04 21:09:27.535  6548  6548 D ViewRootImpl@dd20ccb[CocktailBarService]: MSG_RESIZED_REPORT: frame=Rect(2153, 605 - 2220, 1060) ci=Rect(0, 0 - 126, 0) vi=Rect(0, 0 - 126, 0) or=2
11-04 21:09:27.537  3253  3253 I Layer   : id=83 onRemoved com.samsung.android.app.cocktailbarservice/com.samsung.android.app.cocktailbarservice.CocktailBarService#0 
11-04 21:09:27.537  6548  6548 D CocktailBarUiController: onCocktailBarStateChanged: flag=0x1 vis=2 bgType=0 showTimeout=-1 activate=true
11-04 21:09:27.538  4211  4211 D SecNavigationBarView: setNavigationIconHints showImeButton : false
11-04 21:09:27.538  4211  4211 D SecNavigationBarView: updateImmersivePinIcon() isImmersiveMode=false
11-04 21:09:27.542  3253  3253 D SurfaceFlinger:   Display[0] configurations (* current):
11-04 21:09:27.542  3253  3253 D SurfaceFlinger:     * 0: 1440x2960, xdpi=522.513977, ydpi=525.762024, refresh=16666666
11-04 21:09:27.542  3253  3253 D SurfaceFlinger:   numHwLayers=5, flags=00000000
11-04 21:09:27.542  3253  3253 D SurfaceFlinger:     type   |  handle  | hint | flag | tr | blnd |   format    |     source crop (l,t,r,b)      |          frame         | name 
11-04 21:09:27.542  3253  3253 D SurfaceFlinger: -----------+----------+------+------+----+------+-------------+--------------------------------+------------------------+------
11-04 21:09:27.542  3253  3253 D SurfaceFlinger:        HWC | 7f0ae58480 | 0000 | 0020 | 04 | 0100 | RGBA_8888   |    0.0,    0.0, 2094.0, 1080.0 |    0,    0, 1080, 2094 | Splash Screen com.YourCompany.FlaminGo#0
11-04 21:09:27.542  3253  3253 D SurfaceFlinger:       GLES | 7f0ae57ca0 | 0000 | 0000 | 04 | 0105 | RGBA_8888   |    0.0,    0.0,  126.0,  126.0 |  954, 2094, 1080, 2220 | NavigationBar#0
11-04 21:09:27.542  3253  3253 D SurfaceFlinger:       GLES | 7f0a82ca40 | 0000 | 0000 | 04 | 0105 | RGBA_8888   |    0.0,    0.0,  566.0,   63.0 |    0,  827,   63, 1393 | com.samsung.android.spay.simple.SimpleIntroHintService#0
11-04 21:09:27.542  3253  3253 D SurfaceFlinger:        HWC | 7f0ae58100 | 0000 | 0100 | 00 | 0105 | RGBA_8888   |    0.0,    0.0, 1080.0, 2220.0 |    0,    0, 1080, 2220 | ScreenshotSur
11-04 21:09:27.542  3253  3253 D SurfaceFlinger: face#0
11-04 21:09:27.542  3253  3253 D SurfaceFlinger:  FB TARGET | 7f0ae55d20 | 0000 | 0000 | 00 | 0105 | RGBA_8888   |    0.0,    0.0, 1440.0, 2960.0 |    0,    0, 1440, 2960 | HWC_FRAMEBUFFER_TARGET
11-04 21:09:27.545  3783 14455 V WindowManager: finishDrawingLocked: mDrawState=COMMIT_DRAW_PENDING Window{70a4286 u0 NavigationBar} in Surface(name=NavigationBar)
11-04 21:09:27.547 18861 18861 V Configuration:  needToUpdateOverlays
11-04 21:09:27.547 18861 18861 V Configuration:  needToUpdateOverlays
11-04 21:09:27.548 19365 19388 D libEGL  : loaded /vendor/lib/egl/libGLES_mali.so
11-04 21:09:27.548  3783 14455 V WindowManager: Relayout Window{e75ce4a u0 NavBarTouchConsumer}: viewVisibility=0 req=4x4 WM.LayoutParams{(0,0)(4x4) gr=#5 sim=#20 ty=2273 fl=#1080108 fmt=-3 alpha=0.0 colorMode=0 naviIconColor=0 sfl=0x20000}
11-04 21:09:27.549 17936 17936 V Configuration:  needToUpdateOverlays
11-04 21:09:27.549 17936 17936 V Configuration:  needToUpdateOverlays
11-04 21:09:27.549 15039 15099 I chromium: [INFO:WebViewImpl.cpp(2027)] Blink ResizeWithBrowserControls old_size = 412 * 670, new_size = 412 * 670
11-04 21:09:27.551 14803 14803 V Configuration:  needToUpdateOverlays
11-04 21:09:27.551  4211  4211 D ViewRootImpl@99336fc[NavBarTouchConsumer]: Relayout returned: old=[538,2216][542,2220] new=[2216,538][2220,542] result=0x3 surface={valid=true 489376280576} changed=false
11-04 21:09:27.552  3783 14455 V WindowManager: finishDrawingLocked: mDrawState=COMMIT_DRAW_PENDING Window{e75ce4a u0 NavBarTouchConsumer} in Surface(name=NavBarTouchConsumer)
11-04 21:09:27.555  3783 14494 V WindowManager: Relayout Window{1ed392f u0 com.samsung.android.app.cocktailbarservice/com.samsung.android.app.cocktailbarservice.CocktailBarService}: viewVisibility=8 req=67x455 WM.LayoutParams{(0,605)(67x455) gr=#35 sim=#20 ty=2226 fl=#1800148 pfl=0x50 fmt=-2 vsysui=0x2000 colorMode=0 naviIconColor=0}
11-04 21:09:27.558  6548  6548 D ViewRootImpl@dd20ccb[CocktailBarService]: Relayout returned: old=[2153,605][2220,1060] new=[2153,605][2220,1060] result=0x1 surface={valid=false 0} changed=false
11-04 21:09:27.559  4211  4211 V Configuration:  needToUpdateOverlays
11-04 21:09:27.559  5147  5147 V Configuration:  needToUpdateOverlays
11-04 21:09:27.560  5147  5147 I chatty  : uid=10094(u0_a94) com.google.android.googlequicksearchbox:search identical 8 lines
11-04 21:09:27.560  5147  5147 V Configuration:  needToUpdateOverlays
11-04 21:09:27.561  4211  4211 V Configuration:  needToUpdateOverlays
11-04 21:09:27.566  3783  8476 I ActivityManager: START u0 {act=null typ=null flg=0x10000 cmp=ComponentInfo{com.YourCompany.FlaminGo/com.epicgames.ue4.GameActivity}} from uid 10224
11-04 21:09:27.570  4211  4211 I chatty  : uid=10005(u0_a5) com.android.systemui identical 81 lines
11-04 21:09:27.570  4211  4211 V Configuration:  needToUpdateOverlays
11-04 21:09:27.570 12087 12087 I [WeatherWidget(157738@8)] : {[6F553C0FFEEBC8921C1DE372C0B7801AE73AF692B4D34AF07BA7747CBD8AFEE966523F972648F19F09857001A7CE9016BC545B7C29E22C195F7029BAD1E51092]}
11-04 21:09:27.572  3783  3881 D ViewRootImpl@db5cef0[FlaminGo]: dispatchDetachedFromWindow
11-04 21:09:27.572  3783  3881 D InputEventReceiver: channel '9166c69 Splash Screen com.YourCompany.FlaminGo (client)' ~ Disposing input event receiver.
11-04 21:09:27.572  3783  3881 D InputEventReceiver: channel '9166c69 Splash Screen com.YourCompany.FlaminGo (client)' ~NativeInputEventReceiver.
11-04 21:09:27.572  3783  3881 I WindowManager: Destroying surface Surface(name=Splash Screen com.YourCompany.FlaminGo) called by com.android.server.wm.WindowStateAnimator.destroySurface:2465 com.android.server.wm.WindowStateAnimator.destroySurfaceLocked:967 com.android.server.wm.WindowState.removeImmediately:2396 com.android.server.wm.WindowState.removeIfPossible:2594 com.android.server.wm.WindowState.removeIfPossible:2434 com.android.server.wm.WindowManagerService.removeWindow:2018 com.android.server.wm.Session.remove:233 android.view.ViewRootImpl.dispatchDetachedFromWindow:4093 
11-04 21:09:27.572  3253  3277 I SurfaceFlinger: id=87 Removed Splash Screen com.YourCompany.FlaminGo#0 (3/8)
11-04 21:09:27.572 18233 18233 D TuiService: onConfigurationChanged, old dpi=420, new dpi=420
11-04 21:09:27.573  3253  3277 I SurfaceFlinger: id=87 Removed Splash Screen com.YourCompany.FlaminGo#0 (-2/8)
11-04 21:09:27.576 18503 18503 I chatty  : uid=10194(u0_a194) com.samsung.android.spay expire 3 lines
11-04 21:09:27.576 18503 18503 V Configuration:  needToUpdateOverlays
11-04 21:09:27.579 12087 12087 I [WeatherWidget(157738@8)] : {[6F553C0FFEEBC8921C1DE372C0B7801AA01BB0C39F82763FF4509115D82B8D6E8F7548AAF31890FA7B9038662072A9AC6855E26A2CE06A09029A117D4CCE27C2FAC9F80DAE31FBAB897D7D86BA1DFC9F]}
11-04 21:09:27.579 12087 12087 D [WeatherWidget(157738@8)] : {[1E664422AD52943CBB2A3A8093981A53214B59EF8336756F3A53C3AED4C7D819445FBF54BA5ADF9159760DDE7965C454FED52E802B23DA62F149C23CCEAC3AA8BC25E3B73843615E29CC9356DC3F194514387D6D5742449D7EB28EBA4ED68111432D166C1822C4B37947D4DDECEC855773C9D0896144A89D16ABE7A0055995D6F059CCF9589FD03A61A9E6B657DA003A38F0D718A406C0A8FD63D7DB51F0D791A86547DE7D48E9E001F29EC92D5A4470328F6F391C1BFA8B467835FA8515D3221EB4029C3231AEA1F33DE68C20247C2C4B2545D047027C49063E7A8A5F110FAECA97F146277454684B1535668EAA0BB6]}
11-04 21:09:27.580  4211  4211 D ViewRootImpl@83dea02[AssistPreviewPanel]: setView = com.android.systemui.assist.AssistOrbContainer{f356f13 G.E...... ......I. 0,0-0,0} TM=true MM=false
11-04 21:09:27.581 17936 17936 D AOD_CONFIG@AODConfigurationController: updateMonitor MONITOR_CONFIGURATION
11-04 21:09:27.581 17936 17936 D AOD_CONFIG@AODConfigurationController: registerMonitor MONITOR_CONFIGURATION
11-04 21:09:27.581 17936 17936 D AOD_CONFIG@AODConfigurationController: onMobileKeyboardAttached - set : false
11-04 21:09:27.581  3783  8476 V WifiDisplayAdapter: getWifiDisplayStatusLocked: result=WifiDisplayStatus{featureState=2, scanState=0, activeDisplayState=0, activeDisplay=null, displays=[], sessionInfo=WifiDisplaySessionInfo: Client/Owner: Client GroupId:  Passphrase:  SessionId: 0 IP Address: , connectedState=-1}
11-04 21:09:27.582  4211  4647 D NetworkController.MobileSignalController(0/-2): getMobileIconGroup(): 0
11-04 21:09:27.583 18503 18594 I SAMSUNGPAY: [Hint_cek] ensureHomePackagesLoaded - already update, isHomePackageEmpty : false, isKnoxRunning : false
11-04 21:09:27.584 18503 18594 I SAMSUNGPAY: [Hint_cek] isHomePackageRunning topPkgName = com.YourCompany.FlaminGo, topClsName = com.epicgames.ue4.GameActivity, return false
11-04 21:09:27.587  4211  4647 D NetworkController: updateCarrierText : Emergency calls only
11-04 21:09:27.587  3253  3253 I Layer   : id=87 onRemoved Splash Screen com.YourCompany.FlaminGo#0 
11-04 21:09:27.590  3253  3253 D SurfaceFlinger:   Display[0] configurations (* current):
11-04 21:09:27.590  3253  3253 D SurfaceFlinger:     * 0: 1440x2960, xdpi=522.513977, ydpi=525.762024, refresh=16666666
11-04 21:09:27.590  3253  3253 D SurfaceFlinger:   numHwLayers=4, flags=00000000
11-04 21:09:27.590  3253  3253 D SurfaceFlinger:     type   |  handle  | hint | flag | tr | blnd |   format    |     source crop (l,t,r,b)      |          frame         | name 
11-04 21:09:27.590  3253  3253 D SurfaceFlinger: -----------+----------+------+------+----+------+-------------+--------------------------------+------------------------+------
11-04 21:09:27.590  3253  3253 D SurfaceFlinger:        HWC | 7f0ae567a0 | 0000 | 0000 | 00 | 0105 | RGBA_8888   |    0.0,    0.0, 1080.0,  126.0 |    0, 2094, 1080, 2220 | NavigationBar#0
11-04 21:09:27.590  3253  3253 D SurfaceFlinger:        HWC | 7f0a82ca40 | 0000 | 0000 | 04 | 0105 | RGBA_8888   |    0.0,    0.0,  566.0,   63.0 |    0,  827,   63, 1393 | com.samsung.android.spay.simple.SimpleIntroHintService#0
11-04 21:09:27.590  3253  3253 D SurfaceFlinger:        HWC | 7f0ae58100 | 0000 | 0100 | 00 | 0105 | RGBA_8888   |    0.0,    0.0, 1080.0, 2220.0 |    0,    0, 1080, 2220 | ScreenshotSurface#0
11-04 21:09:27.590  3253  3253 D SurfaceFlinger:  FB TARGET | 7f0ae55b60 | 0000 | 0000 | 00 | 0105 | RGBA_8888   |    0.0,    0.0, 1440.0, 2960.0 |    0,    0, 1440, 2960 | HWC_FRAMEBUFFER_TARGET
11-04 21:09:27.591  4189  4189 I SKBD    : SamsungKeypad [IMI] onStartInput - caller pid : 17259, caller uid : 10224
11-04 21:09:27.592 14803 14803 I [WeatherApp(157738@8)] : {[6F553C0FFEEBC8921C1DE372C0B7801AE73AF692B4D34AF07BA7747CBD8AFEE966523F972648F19F09857001A7CE9016AED2EACD8D109A77CAF0F2E84A549F450FEDF3735534D2510CFE54996B35AC220B97EEC99579DCCC37DF79208312A04D]}
11-04 21:09:27.595  4211  4211 D ViewRootImpl@2c14198[DockedStackDivider]: setView = com.android.systemui.stackdivider.DividerView{1d56df1 I.E...... ......I. 0,0-0,0} TM=true MM=false
11-04 21:09:27.596  4211  4211 D ViewRootImpl@ff5107d[DividerButtonsGroup]: dispatchDetachedFromWindow
11-04 21:09:27.596  4211  4211 D InputEventReceiver: channel 'b833777 DividerButtonsGroup (client)' ~ Disposing input event receiver.
11-04 21:09:27.596  4211  4211 D InputEventReceiver: channel 'b833777 DividerButtonsGroup (client)' ~NativeInputEventReceiver.
11-04 21:09:27.597  3783  4589 W AppOps  : Finishing op nesting under-run: uid 10005 pkg com.android.systemui code 70 time=0 duration=0 nesting=0
11-04 21:09:27.597 17936 17936 I AlwaysOnDisplay: REASON_MOBILE_KEYBOARD_COVERED_STATE_CHANGED: isMobileKeyboardCovered = false
11-04 21:09:27.597 17936 17936 D AOD_CONFIG@AODConfigurationController: onFolderStateChanged - isClosed : true
11-04 21:09:27.598  3783  8476 V WifiDisplayAdapter: getWifiDisplayStatusLocked: result=WifiDisplayStatus{featureState=2, scanState=0, activeDisplayState=0, activeDisplay=null, displays=[], sessionInfo=WifiDisplaySessionInfo: Client/Owner: Client GroupId:  Passphrase:  SessionId: 0 IP Address: , connectedState=-1}
11-04 21:09:27.601  5147  5147 I PBSessionCacheImpl: Deleted sessionId[22638286753637195] from persistence.
11-04 21:09:27.601  3783  8476 V WindowManager: Relayout Window{a934193 u0 com.samsung.android.spay.simple.SimpleIntroHintService}: viewVisibility=0 req=566x63 WM.LayoutParams{(0,0)(566x63) gr=#51 sim=#20 ty=2024 fl=#1800308 fmt=-3 vsysui=0x2000 colorMode=0 naviIconColor=0}
11-04 21:09:27.605 17936 17936 I AOD_CONFIG@AlwaysOnDisplay: REASON_FOLDER_CLOSED_STATE_CHANGED: ignore / has Folder [false]
11-04 21:09:27.605 17936 17936 D AOD_CONFIG@AODConfigurationController: onDesktopModeChanged - isDesktopMode : false
11-04 21:09:27.605  3783  4589 V WindowManager: Relayout Window{ea8c5af u0 InputMethod}: viewVisibility=8 req=2220x126 WM.LayoutParams{(0,0)(fillxwrap) gr=#50 sim=#20 ty=2011 fl=#800108 pfl=0x1000000 fmt=-2 wanim=0x7f0e00e1 vsysui=0x310 needsMenuKey=2 colorMode=0 naviIconColor=0 sfl=0x800}
11-04 21:09:27.606 18503 18503 D ViewRootImpl@87f01e5[SimpleIntroHintService]: Relayout returned: old=[827,1017][1393,1080] new=[827,1017][1393,1080] result=0x3 surface={valid=true 3481038848} changed=false
11-04 21:09:27.606  3783 14455 V WifiDisplayAdapter: getWifiDisplayStatusLocked: result=WifiDisplayStatus{featureState=2, scanState=0, activeDisplayState=0, activeDisplay=null, displays=[], sessionInfo=WifiDisplaySessionInfo: Client/Owner: Client GroupId:  Passphrase:  SessionId: 0 IP Address: , connectedState=-1}
11-04 21:09:27.607 18503 18597 D OpenGLRenderer: eglDestroySurface = 0xef2de650
11-04 21:09:27.607 17936 17936 I AOD_CONFIG@AlwaysOnDisplay: REASON_DESKTOP_MODE_ENABLE_STATE_CHANGED: [false]
