11-01 21:38:47.208  3250  3250 D SurfaceFlinger:   Display[0] configurations (* current):
11-01 21:38:47.208  3250  3250 D SurfaceFlinger:     * 0: 1440x2960, xdpi=522.513977, ydpi=525.762024, refresh=16666666
11-01 21:38:47.208  3250  3250 D SurfaceFlinger:   numHwLayers=4, flags=00000000
11-01 21:38:47.208  3250  3250 D SurfaceFlinger:     type   |  handle  | hint | flag | tr | blnd |   format    |     source crop (l,t,r,b)      |          frame         | name 
11-01 21:38:47.208  3250  3250 D SurfaceFlinger: -----------+----------+------+------+----+------+-------------+--------------------------------+------------------------+------
11-01 21:38:47.208  3250  3250 D SurfaceFlinger:        HWC | 7239a58c60 | 0000 | 0000 | 04 | 0105 | RGBA_8888   |    0.0,    0.0, 1080.0,   63.0 | 1017,    0, 1080, 1080 | StatusBar#0
11-01 21:38:47.208  3250  3250 D SurfaceFlinger:        HWC | 7239638b60 | 0000 | 0000 | 00 | 0105 | RGBA_8888   |    0.0,    0.0, 1080.0,  126.0 |    0, 2094, 1080, 2220 | NavigationBar#0
11-01 21:38:47.208  3250  3250 D SurfaceFlinger:        HWC | 7239a59600 | 0000 | 0100 | 00 | 0105 | RGBA_8888   |    0.0,    0.0, 1080.0, 2220.0 |    0,    0, 1080, 2220 | ScreenshotSurface#0
11-01 21:38:47.208  3250  3250 D SurfaceFlinger:  FB TARGET | 7239a55d20 | 0000 | 0000 | 00 | 0105 | RGBA_8888   |    0.0,    0.0, 1440.0, 2960.0 |    0,    0, 1440, 2960 | HWC_FRAMEBUFFER_TARGET
11-01 21:38:47.209  4209  4209 D ViewRootImpl@dba86b7[NavigationBar]: MSG_RESIZED_REPORT: frame=Rect(2094, 0 - 2220, 1080) ci=Rect(0, 0 - 0, 0) vi=Rect(0, 0 - 0, 0) or=2
11-01 21:38:47.211  4190  4190 I SKBD    : putCacheDrawable inputModule=0 key =ICON_SETTING
11-01 21:38:47.212  4209  4209 D ViewRootImpl@ce44c4a[AssistPreviewPanel]: dispatchAttachedToWindow
11-01 21:38:47.212  3790  9604 V WindowManager: Relayout Window{4eb252b u0 AssistPreviewPanel}: viewVisibility=8 req=2092x656 WM.LayoutParams{(0,0)(fillx656) gr=#800053 sim=#31 ty=2033 fl=#1000118 fmt=-3 vsysui=0x700 colorMode=0 naviIconColor=0}
11-01 21:38:47.215  4209  4209 D ViewRootImpl@ce44c4a[AssistPreviewPanel]: Relayout returned: old=[0,0][0,0] new=[0,1080][2094,1080] result=0x1 surface={valid=false 0} changed=false
11-01 21:38:47.245  4190  4190 I SKBD    : awo checkCocktailBar() first use took : 1
11-01 21:38:47.254  3790  9604 V WindowManager: Relayout Window{8dafb1f u0 StatusBar}: viewVisibility=0 req=2220x63 WM.LayoutParams{(0,0)(fillx63) gr=#30 sim=#10 ty=2000 fl=#81840048 fmt=-3 vsysui=0x600 colorMode=0 naviIconColor=0}
11-01 21:38:47.271  3790  3937 D AllAroundSensingService: packageName : com.YourCompany.FlaminGo    className : com.epicgames.ue4.GameActivity
11-01 21:38:47.271  3790  3937 V AllAroundSensingService: setPlatformBrightnessValue 120
11-01 21:38:47.271  4209  4209 D ViewRootImpl@64b00a8[StatusBar]: Relayout returned: old=[0,0][2220,63] new=[0,0][2220,63] result=0x23 surface={valid=true 489398247424} changed=false
11-01 21:38:47.276  4209  4649 D OpenGLRenderer: eglDestroySurface = 0x720981ef90
11-01 21:38:47.278  4209  4649 D mali_winsys: EGLint new_window_surface(egl_winsys_display *, void *, EGLSurface, EGLConfig, egl_winsys_surface **, egl_color_buffer_format *, EGLBoolean) returns 0x3000,  [2220x63]-format:1
11-01 21:38:47.278  4209  4649 D OpenGLRenderer: eglCreateWindowSurface = 0x720981ef90
11-01 21:38:47.287  3790  4257 D BatteryService: !@BatteryListener : batteryPropertiesChanged!
11-01 21:38:47.287  3790  4257 D BatteryService: level:75, scale:100, status:2, health:2, present:true, voltage: 4029, temperature: 223, technology: Li-ion, AC powered:false, USB powered:true, POGO powered:false, Wireless powered:false, icon:17303841, invalid charger:0, maxChargingCurrent:0, maxChargingVoltage:0, chargeCounter:2641000
11-01 21:38:47.287  3790  4257 D BatteryService: online:4, current avg:347, charge type:1, power sharing:false, high voltage charger:false, capacity:280000, batterySWSelfDischarging:false, misc_event:0, current_event:0, current_now:-425
11-01 21:38:47.287  3790  3790 D BatteryService: Sending ACTION_BATTERY_CHANGED.
11-01 21:38:47.289  4209  4271 D SystemServicesProxy: updateOverviewLastStackActiveTimeAsync: newTime=1540204754719
11-01 21:38:47.290  3790  3790 I MotionRecognitionService: Plugged
11-01 21:38:47.290  3790  4257 D SecContentProvider: query(), uri = 17 selection = isSettingsChangesAllowed
11-01 21:38:47.290  3790  3790 D MotionRecognitionService:   mCableConnection= 1
11-01 21:38:47.291  3790  3790 D MotionRecognitionService: setPowerConnected : mGripEnabled = false
11-01 21:38:47.291  3790  3790 D SamsungPhoneWindowManager: ACTION_BATTERY_CHANGED - Level :: 75, battStatus :: 2
11-01 21:38:47.292  3790  3813 D UsbDeviceManager: handleMessage -> MSG_UPDATE_CHARGING_STATE = 1
11-01 21:38:47.294  3790  4257 D SecContentProvider: called from android.uid.systemui:10005
11-01 21:38:47.296  4177  4177 V HeadsetService: Received Intent.ACTION_BATTERY_CHANGED
11-01 21:38:47.296  4177  5012 D HeadsetStateMachine: Disconnected process message: 10, size: 0
11-01 21:38:47.297  4209  4480 D SystemServicesProxy: updateOverviewLastStackActiveTimeAsync: done.
11-01 21:38:47.305  4209  4209 D ScrollView:  onsize change changed 
11-01 21:38:47.328  3790  9604 V WindowManager: finishDrawingLocked: mDrawState=COMMIT_DRAW_PENDING Window{8dafb1f u0 StatusBar} in Surface(name=StatusBar)
11-01 21:38:47.328  4209  4209 D ViewRootImpl@450121c[DockedStackDivider]: dispatchAttachedToWindow
11-01 21:38:47.330  3790  9604 V WindowManager: Relayout Window{6900346 u0 DockedStackDivider}: viewVisibility=4 req=126x1016 WM.LayoutParams{(0,0)(126xfill) sim=#20 ty=2034 fl=#21840028 pfl=0x40 fmt=-3 vsysui=0x700 colorMode=0 naviIconColor=0}
11-01 21:38:47.333  4209  4209 D ViewRootImpl@450121c[DockedStackDivider]: Relayout returned: old=[0,0][0,0] new=[0,0][0,0] result=0x1 surface={valid=false 0} changed=false
11-01 21:38:47.337  4209  4209 D ViewRootImpl@c77b7aa[DividerButtonsGroup]: dispatchAttachedToWindow
11-01 21:38:47.339  3790  3880 I WindowManager: Screen frozen for +504ms due to Window{8dafb1f u0 StatusBar}
11-01 21:38:47.341  3250  3250 I SurfaceFlinger: id=799 createSurf (2160x2220),-1 flag=20004, BlackSurface#0
11-01 21:38:47.342  3250  3250 I SurfaceFlinger: id=800 createSurf (1080x4440),-1 flag=20004, BlackSurface#0
11-01 21:38:47.343  3250  3250 I SurfaceFlinger: id=801 createSurf (2160x2220),-1 flag=20004, BlackSurface#0
11-01 21:38:47.344  3250  3250 I SurfaceFlinger: id=802 createSurf (1080x4440),-1 flag=20004, BlackSurface#0
11-01 21:38:47.344  3790  3880 D InputDispatcher: setInputDispatchMode: enabled=1, frozen=0
11-01 21:38:47.345  3790  9604 V WindowManager: Relayout Window{5318a34 u0 DividerButtonsGroup}: viewVisibility=4 req=131x458 WM.LayoutParams{(0,0)(131x458) sim=#20 ty=2302 fl=#1040020 fmt=-3 vsysui=0x700 surfaceInsets=Rect(32, 32 - 32, 32) colorMode=0 naviIconColor=0}
11-01 21:38:47.345  3227  6365 D audio_hw_primary_abox: device-adev_set_parameters: enter with key(display_rotation=1)
11-01 21:38:47.346  3227  6365 D audio_hw_primary_abox: device-adev_set_parameters: exit
11-01 21:38:47.346  3398 23148 V MultiRecordManager: setParameters(): io 0, keyvalue display_rotation=1, calling pid 3790
11-01 21:38:47.348  4209  4209 D ViewRootImpl@c77b7aa[DividerButtonsGroup]: Relayout returned: old=[0,0][0,0] new=[0,0][0,0] result=0x1 surface={valid=false 0} changed=false
11-01 21:38:47.349  3790  9604 V WindowManager: Relayout Window{c90d8c9 u0 NavBarTouchConsumer}: viewVisibility=0 req=4x4 WM.LayoutParams{(0,0)(4x4) gr=#5 sim=#20 ty=2273 fl=#1080108 fmt=-3 alpha=0.0 colorMode=0 naviIconColor=0 sfl=0x20000}
11-01 21:38:47.351  4209  4209 D ViewRootImpl@2b1c8a1[NavBarTouchConsumer]: Relayout returned: old=[1108,1076][1112,1080] new=[2216,538][2220,542] result=0x1 surface={valid=true 489322921984} changed=false
11-01 21:38:47.353  4209  4649 D OpenGLRenderer: eglDestroySurface = 0x72098219c0
11-01 21:38:47.354  4209  4649 D mali_winsys: EGLint new_window_surface(egl_winsys_display *, void *, EGLSurface, EGLConfig, egl_winsys_surface **, egl_color_buffer_format *, EGLBoolean) returns 0x3000,  [4x4]-format:1
11-01 21:38:47.354  4209  4649 D OpenGLRenderer: eglCreateWindowSurface = 0x72098219c0
11-01 21:38:47.357  4209  4209 D ViewRootImpl@2b1c8a1[NavBarTouchConsumer]: MSG_RESIZED_REPORT: frame=Rect(2216, 538 - 2220, 542) ci=Rect(0, 0 - 0, 0) vi=Rect(0, 0 - 126, 0) or=2
11-01 21:38:47.357  4209  4209 D ViewRootImpl@37f1a49[AssistPreviewPanel]: dispatchDetachedFromWindow
11-01 21:38:47.357  4209  4209 D InputEventReceiver: channel 'de017f1 AssistPreviewPanel (client)' ~ Disposing input event receiver.
11-01 21:38:47.357  4209  4209 D InputEventReceiver: channel 'de017f1 AssistPreviewPanel (client)' ~NativeInputEventReceiver.
11-01 21:38:47.357  3790  9604 W AppOps  : Finishing op nesting under-run: uid 10005 pkg com.android.systemui code 70 time=0 duration=0 nesting=0
11-01 21:38:47.360  4209  4209 D NetworkController: dynamicallyReduceTextSize : mDisplayMetrics.densityDpi420
11-01 21:38:47.361  4209  4209 D KeyguardUpdateMonitor: updateCarrierTextInfo
11-01 21:38:47.362  4209  4209 D SecNavigationBarView: setNavigationIconHints showImeButton : false
11-01 21:38:47.362  4209  4209 D SecNavigationBarView: updateImmersivePinIcon() isImmersiveMode=false
11-01 21:38:47.363  4209  4209 D ViewRootImpl@7b7a757[DockedStackDivider]: dispatchDetachedFromWindow
11-01 21:38:47.363  4209  4209 D InputEventReceiver: channel '87544dc DockedStackDivider (client)' ~ Disposing input event receiver.
11-01 21:38:47.363  4209  4209 D InputEventReceiver: channel '87544dc DockedStackDivider (client)' ~NativeInputEventReceiver.
11-01 21:38:47.364  3790  9604 W AppOps  : Finishing op nesting under-run: uid 10005 pkg com.android.systemui code 70 time=0 duration=0 nesting=0
11-01 21:38:47.373  3250  3250 D SurfaceFlinger:   Display[0] configurations (* current):
11-01 21:38:47.373  3250  3250 D SurfaceFlinger:     * 0: 1440x2960, xdpi=522.513977, ydpi=525.762024, refresh=16666666
11-01 21:38:47.373  3250  3250 D SurfaceFlinger:   numHwLayers=3, flags=00000000
11-01 21:38:47.373  3250  3250 D SurfaceFlinger:     type   |  handle  | hint | flag | tr | blnd |   format    |     source crop (l,t,r,b)      |          frame         | name 
11-01 21:38:47.373  3250  3250 D SurfaceFlinger: -----------+----------+------+------+----+------+-------------+--------------------------------+------------------------+------
11-01 21:38:47.373  3250  3250 D SurfaceFlinger:        HWC | 7239a58560 | 0000 | 0000 | 07 | 0105 | RGBA_8888   |    0.0,  570.0,   63.0, 1650.0 |    0,  569, 1080,  634 | StatusBar#0
11-01 21:38:47.373  3250  3250 D SurfaceFlinger:        HWC | 7239a59600 | 0000 | 0100 | 00 | 0105 | RGBA_8888   |    0.0,    0.0, 1080.0, 2220.0 |    0,    0, 1080, 2220 | ScreenshotSurface#0
11-01 21:38:47.373  3250  3250 D SurfaceFlinger:  FB TARGET | 7239a55d20 | 0000 | 0000 | 00 | 0105 | RGBA_8888   |    0.0,    0.0, 1440.0, 2960.0 |    0,    0, 1440, 2960 | HWC_FRAMEBUFFER_TARGET
11-01 21:38:47.376  4209  4507 D Tile.WifiTile: handleUpdateState enabledChanging
11-01 21:38:47.377  4209  4746 V SystemUIAnalytics: SAPreference : 1104 / 1
11-01 21:38:47.378  4209  4746 V SystemUIAnalytics: SAPreference : 1105 / 2
11-01 21:38:47.378  4209  4507 D Tile.BluetoothTile: handleUpdateState enabled = true connected = false bluetoothState = 12
11-01 21:38:47.379  4209  4209 D KeyguardUpdateMonitor: handleConfigurationChanged
11-01 21:38:47.379  4209  4209 D ViewRootImpl@64b00a8[StatusBar]: MSG_RESIZED_REPORT: frame=Rect(0, 0 - 2220, 63) ci=Rect(0, 0 - 126, 0) vi=Rect(0, 0 - 126, 0) or=2
11-01 21:38:47.379  4209  4209 D KeyguardUpdateMonitor: received broadcast android.intent.action.BATTERY_CHANGED
11-01 21:38:47.379  4209  4507 D Tile.RotationLockTile:  handleUpdateState: true orientation = true
11-01 21:38:47.380  4209  4209 D BatteryController: onReceive-ACTION_BATTERY_CHANGED : mLevel=75, mBatteryStatus=2
11-01 21:38:47.380  4209  4507 D FlashlightController: updateTorchCallback for mCameraId 0
11-01 21:38:47.380  4209  4746 V SystemUIAnalytics: SAPreference : 1108 / 0
11-01 21:38:47.380  4209  4507 D Tile.AirplaneModeTile:  handleUpdateState:  value false  state.dim false
11-01 21:38:47.380  4209  4746 V SystemUIAnalytics: SAPreference : 2014 / 0
11-01 21:38:47.381  4209  4746 V SystemUIAnalytics: SAPreference : 1109 / 0
11-01 21:38:47.381  4209  4209 D PowerUI : priorPlugType = 2 mPlugType =  2
11-01 21:38:47.382  4209  4209 D PowerUI.Notification: showChargingNotice oldChargingType : 1 currentChargingType : 1 oldChargingTime : 5992000 mChargingTime : 5967000
11-01 21:38:47.382  4209  4209 D PowerUI.Notification: showChargingNotification()
11-01 21:38:47.385  3790  5258 D ApplicationPolicy: isStatusBarNotificationAllowedAsUser: packageName = com.android.systemui,userId = -1
11-01 21:38:47.385  3790  5258 D API test: getContainerInfo: value is 
11-01 21:38:47.385  3790  5258 D ApplicationPolicy: isStatusBarNotificationAllowedAsUser: packageName = com.android.systemui,userId = 0
11-01 21:38:47.385  3790  5258 D API test: getContainerInfo: value is 
11-01 21:38:47.388  4209  4209 D KeyguardUpdateMonitor: handleStatusBarState( false )
11-01 21:38:47.388  3790  3790 D EdgeLightingManager: isCallingUserSupported : callingUserId=-1, mUserId=0, isDualAppId=false
11-01 21:38:47.391  3250  3250 D SurfaceFlinger:   Display[0] configurations (* current):
11-01 21:38:47.391  3250  3250 D SurfaceFlinger:     * 0: 1440x2960, xdpi=522.513977, ydpi=525.762024, refresh=16666666
11-01 21:38:47.391  3250  3250 D SurfaceFlinger:   numHwLayers=7, flags=00000000
11-01 21:38:47.391  3250  3250 D SurfaceFlinger:     type   |  handle  | hint | flag | tr | blnd |   format    |     source crop (l,t,r,b)      |          frame         | name 
11-01 21:38:47.391  3250  3250 D SurfaceFlinger: -----------+----------+------+------+----+------+-------------+--------------------------------+------------------------+------
11-01 21:38:47.391  3250  3250 D SurfaceFlinger:       GLES | 7239a58560 | 0000 | 0001 | 00 | 0105 | RGBA_8888   |    0.0,  339.0,   63.0, 1589.0 |    0,  371, 1080,  783 | StatusBar#0
11-01 21:38:47.391  3250  3250 D SurfaceFlinger:       GLES | 7239a59600 | 0000 | 0101 | 00 | 0105 | RGBA_8888   |    0.0,    0.0, 1080.0, 2220.0 |    0,    0, 1080, 2220 | ScreenshotSurface#0
11-01 21:38:47.391  3250  3250 D SurfaceFlinger:       GLES | 00000000 | 0000 | 0201 | 00 | 0105 | ? ffffffff  |   -0.4,   -0.9,   -0.9,   -1.0 |   31,    0, 1080,  244 | BlackSurface#0
11-01 21:38:47.391  3250  3250 D SurfaceFlinger:       GLES | 00000000 | 0000 | 0201 | 00 | 0105 | ? ffffffff  |   -0.8,   -0.0,   -1.0,   -0.6 |    0,    0,  209, 2077 | BlackSurface#0
11-01 21:38:47.391  3250  3250 D SurfaceFlinger:       GLES | 00000000 | 0000 | 0201 | 00 | 0105 | ? ffffffff  |   -0.
11-01 21:38:47.391  3250  3250 D SurfaceFlinger: 1,    0.0,   -0.6,   -0.1 |    0, 1976, 1049, 2220 | BlackSurface#0
11-01 21:38:47.391  3250  3250 D SurfaceFlinger:       GLES | 00000000 | 0000 | 0201 | 00 | 0105 | ? ffffffff  |    0.0,   -0.4,   -0.2,   -1.0 |  871,  143, 1080, 2220 | BlackSurface#0
11-01 21:38:47.391  3250  3250 D SurfaceFlinger:  FB TARGET | 7239a55b60 | 0000 | 0000 | 00 | 0105 | RGBA_8888   |    0.0,    0.0, 1440.0, 2960.0 |    0,    0, 1440, 2960 | HWC_FRAMEBUFFER_TARGET
11-01 21:38:47.391  4209  4507 D Tile.MobileDataTile: handleUpdateState : state false
11-01 21:38:47.392  4209  4746 V SystemUIAnalytics: SAPreference : 2012 / 0
11-01 21:38:47.395  4209  4746 V SystemUIAnalytics: SAPreference : 2016 / 0
11-01 21:38:47.396  4209  4746 V SystemUIAnalytics: SAPreference : 2018 / 0
11-01 21:38:47.401 30045 30045 D Notification.Badge: [valid] onNotificationPosted : StatusBarNotification(pkg=com.android.systemui user=UserHandle{-1} id=2131362712 tag=charging_state key=-1|com.android.systemui|2131362712|charging_state|10005: Notification(channel=GEN pri=-2 contentView=null vibrate=null sound=null defaults=0x0 flags=0xa color=0xff607d8b category=sys number=0 vis=PUBLIC semFlags=0x0 semPriority=0 semMissedCount=0))
11-01 21:38:47.402 30045 30045 D Notification.Badge: notificationKey : -1|com.android.systemui|2131362712|charging_state|10005, count : 0, this.count : 1
11-01 21:38:47.408 30045 30045 D Notification.Badge: [filtered] shouldBeFilteredOut().mTempRanking.canShowBadge[false], [sbn : StatusBarNotification(pkg=com.android.systemui user=UserHandle{-1} id=2131362712 tag=charging_state key=-1|com.android.systemui|2131362712|charging_state|10005: Notification(channel=GEN pri=-2 contentView=null vibrate=null sound=null defaults=0x0 flags=0xa color=0xff607d8b category=sys number=0 vis=PUBLIC semFlags=0x0 semPriority=0 semMissedCount=0))]
11-01 21:38:47.408 30045 30087 D Notification.Badge: LauncherModel:onNotificationPosted() : com.android.systemui, count : [1], shouldBeFilteredOut : [true]
11-01 21:38:47.408 30045 30087 D Notification.Badge: updateLauncherIconBadges : 1
11-01 21:38:47.409  3790  5258 V WindowManager: Relayout Window{f99ad90 u0 NavigationBar}: viewVisibility=0 req=126x1080 WM.LayoutParams{(0,0)(fillxfill) sim=#20 ty=2019 fl=#21840068 fmt=-3 colorMode=0 naviIconColor=0}
11-01 21:38:47.412  4209  4209 D ViewRootImpl@dba86b7[NavigationBar]: Relayout returned: old=[2094,0][2220,1080] new=[2094,0][2220,1080] result=0x1 surface={valid=true 488738787328} changed=false
11-01 21:38:47.414  4209  4209 D KeyguardClockPage: onRefreshCarrierInfo(pre, now): false, false
11-01 21:38:47.414  4209  4209 D CarrierText: updateCarrierText(): subscriptionInfo Size = 0, DefaultText = No service
11-01 21:38:47.415  4209  4209 D MultiSimUtils: isSimStateReadyorNotReady() : simSlot = 0, simState = ABSENT
11-01 21:38:47.415  4209  4209 D CarrierText: Getting plmn/spn/subId sticky brdcst  plmn : Emergency calls only, spn : , subId :-2
11-01 21:38:47.415  4209  4209 D CarrierText: plmn Of NetworkController Impl : Emergency calls only
11-01 21:38:47.415  4209  4209 D CarrierText: setText : No SIM card | Emergency calls only
11-01 21:38:47.416  4209  4209 D CarrierText: updateCarrierText(): subscriptionInfo Size = 0, DefaultText = No service
11-01 21:38:47.416  4209  4209 D MultiSimUtils: isSimStateReadyorNotReady() : simSlot = 0, simState = ABSENT
11-01 21:38:47.417  4209  4209 D CarrierText: Getting plmn/spn/subId sticky brdcst  plmn : Emergency calls only, spn : , subId :-2
11-01 21:38:47.417  4209  4209 D CarrierText: plmn Of NetworkController Impl : Emergency calls only
11-01 21:38:47.417  4209  4209 D CarrierText: setText : No SIM card | Emergency calls only
11-01 21:38:47.425  3250  3250 D SurfaceFlinger:   Display[0] configurations (* current):
11-01 21:38:47.425  3250  3250 D SurfaceFlinger:     * 0: 1440x2960, xdpi=522.513977, ydpi=525.762024, refresh=16666666
11-01 21:38:47.425  3250  3250 D SurfaceFlinger:   numHwLayers=8, flags=00000000
11-01 21:38:47.425  3250  3250 D SurfaceFlinger:     type   |  handle  | hint | flag | tr | blnd |   format    |     source crop (l,t,r,b)      |          frame         | name 
11-01 21:38:47.425  3250  3250 D SurfaceFlinger: -----------+----------+------+------+----+------+-------------+--------------------------------+------------------------+------
11-01 21:38:47.425  3250  3250 D SurfaceFlinger:       GLES | 7239639260 | 0000 | 0001 | 00 | 0105 | RGBA_8888   |    0.0,    2.0,   63.0, 1794.0 |   70,    0, 1080, 1099 | StatusBar#0
11-01 21:38:47.425  3250  3250 D SurfaceFlinger:       GLES | 7239638b60 | 0000 | 0001 | 00 | 0105 | RGBA_8888   |    0.0,    0.0,  704.0,  126.0 |  875, 1814, 1080, 2220 | NavigationBar#0
11-01 21:38:47.425  3250  3250 D SurfaceFlinger:       GLES | 7239a59600 | 0000 | 0101 | 00 | 0105 | RGBA_8888   |    0.0,    0.0, 1080.0, 2220.0 |    0,    0, 1080, 2220 | ScreenshotSurface#0
11-01 21:38:47.425  3250  3250 D SurfaceFlinger:       GLES | 00000000 | 0000 | 0201 | 00 | 0105 | ? ffffffff  |   -0.4,   -0.8,   -0.9,   -1.0 |  281,    0, 1080,  763 | BlackSurface#0
11-01 21:38:47.425  3250  3250 D SurfaceFlinger:       GLES | 00000000 | 0000 | 0201 | 00 | 0105 | ? ffffffff  |   
11-01 21:38:47.425  3250  3250 D SurfaceFlinger: -0.8,   -0.0,   -1.0,   -0.6 |    0,    0,  499, 1391 | BlackSurface#0
11-01 21:38:47.425  3250  3250 D SurfaceFlinger:       GLES | 00000000 | 0000 | 0201 | 00 | 0105 | ? ffffffff  |   -0.1,    0.0,   -0.6,   -0.2 |    0, 1457,  799, 2220 | BlackSurface#0
11-01 21:38:47.425  3250  3250 D SurfaceFlinger:       GLES | 00000000 | 0000 | 0201 | 00 | 0105 | ? ffffffff  |    0.0,   -0.4,   -0.2,   -1.0 |  581,  829, 1080, 2220 | BlackSurface#0
11-01 21:38:47.425  3250  3250 D SurfaceFlinger:  FB TARGET | 7239a55d20 | 0000 | 0000 | 00 | 0105 | RGBA_8888   |    0.0,    0.0, 1440.0, 2960.0 |    0,    0, 1440, 2960 | HWC_FRAMEBUFFER_TARGET
11-01 21:38:47.447  4209  4209 D KeyguardUpdateMonitor: handleStatusBarState( false )
11-01 21:38:47.458 17950 17950 D UE4     : Used memory before allocating anything was 119.81MB
11-01 21:38:47.473  4209  4209 D KeyguardUpdateMonitor: handleStatusBarState( false )
11-01 21:38:47.477  4209  4209 I chatty  : uid=10005(u0_a5) com.android.systemui identical 1 line
11-01 21:38:47.504  4209  4209 D KeyguardUpdateMonitor: handleStatusBarState( false )
11-01 21:38:47.672  3250  3250 D SurfaceFlinger:   Display[0] configurations (* current):
11-01 21:38:47.672  3250  3250 D SurfaceFlinger:     * 0: 1440x2960, xdpi=522.513977, ydpi=525.762024, refresh=16666666
11-01 21:38:47.672  3250  3250 D SurfaceFlinger:   numHwLayers=7, flags=00000000
11-01 21:38:47.672  3250  3250 D SurfaceFlinger:     type   |  handle  | hint | flag | tr | blnd |   format    |     source crop (l,t,r,b)      |          frame         | name 
11-01 21:38:47.672  3250  3250 D SurfaceFlinger: -----------+----------+------+------+----+------+-------------+--------------------------------+------------------------+------
11-01 21:38:47.672  3250  3250 D SurfaceFlinger:       GLES | 7239a58560 | 0000 | 0001 | 00 | 0105 | RGBA_8888   |    0.0,    2.0,   63.0, 2220.0 | 1014,    0, 1080, 2220 | StatusBar#0
11-01 21:38:47.672  3250  3250 D SurfaceFlinger:       GLES | 7239638b60 | 0000 | 0001 | 00 | 0105 | RGBA_8888   |    0.0,    0.0, 1078.0,  126.0 |    0, 2092, 1080, 2220 | NavigationBar#0
11-01 21:38:47.672  3250  3250 D SurfaceFlinger:       GLES | 00000000 | 0000 | 0201 | 00 | 0105 | ? ffffffff  |   -0.5,   -1.0,   -1.0,   -1.0 | 1079,    0, 1080, 2219 | BlackSurface#0
11-01 21:38:47.672  3250  3250 D SurfaceFlinger:       GLES | 00000000 | 0000 | 0201 | 00 | 0105 | ? ffffffff  |   -1.0,    0.0,   -1.0,   -0.5 |    0,    0, 1079,    1 | BlackSurface#0
11-01 21:38:47.672  3250  3250 D SurfaceFlinger:       GLES | 00000000 | 0000 | 0201 | 00 | 0105 | ? ffffffff  |    0.0,  
11-01 21:38:47.672  3250  3250 D SurfaceFlinger:   0.0,   -0.5,   -0.0 |    0,    1,    1, 2220 | BlackSurface#0
11-01 21:38:47.672  3250  3250 D SurfaceFlinger:       GLES | 00000000 | 0000 | 0201 | 00 | 0105 | ? ffffffff  |    0.0,   -0.5,   -0.0,   -1.0 |    1, 2219, 1080, 2220 | BlackSurface#0
11-01 21:38:47.672  3250  3250 D SurfaceFlinger:  FB TARGET | 7239a55d20 | 0000 | 0000 | 00 | 0105 | RGBA_8888   |    0.0,    0.0, 1440.0, 2960.0 |    0,    0, 1440, 2960 | HWC_FRAMEBUFFER_TARGET
11-01 21:38:47.703  3250  3250 D SurfaceFlinger:   Display[0] configurations (* current):
11-01 21:38:47.703  3250  3250 D SurfaceFlinger:     * 0: 1440x2960, xdpi=522.513977, ydpi=525.762024, refresh=16666666
11-01 21:38:47.703  3250  3250 D SurfaceFlinger:   numHwLayers=3, flags=00000000
11-01 21:38:47.703  3250  3250 D SurfaceFlinger:     type   |  handle  | hint | flag | tr | blnd |   format    |     source crop (l,t,r,b)      |          frame         | name 
11-01 21:38:47.703  3250  3250 D SurfaceFlinger: -----------+----------+------+------+----+------+-------------+--------------------------------+------------------------+------
11-01 21:38:47.703  3250  3250 D SurfaceFlinger:        HWC | 7239a58560 | 0000 | 0000 | 00 | 0105 | RGBA_8888   |    0.0,    1.0,   62.0, 2219.0 | 1016,    0, 1080, 2220 | StatusBar#0
11-01 21:38:47.703  3250  3250 D SurfaceFlinger:        HWC | 7239638b60 | 0000 | 0000 | 00 | 0105 | RGBA_8888   |    1.0,    0.0, 1079.0,  125.0 |    0, 2093, 1080, 2220 | NavigationBar#0
11-01 21:38:47.703  3250  3250 D SurfaceFlinger:  FB TARGET | 7239a55b60 | 0000 | 0000 | 00 | 0105 | RGBA_8888   |    0.0,    0.0, 1440.0, 2960.0 |    0,    0, 1440, 2960 | HWC_FRAMEBUFFER_TARGET
11-01 21:38:47.768  3250  3279 I SurfaceFlinger: id=798 Removed ScreenshotSurface#0 (6/10)
11-01 21:38:47.768  3250  3279 I SurfaceFlinger: id=798 Removed ScreenshotSurface#0 (-2/10)
11-01 21:38:47.768  3250  3489 I SurfaceFlinger: id=799 Removed BlackSurface#0 (6/9)
11-01 21:38:47.768  3250  3279 I SurfaceFlinger: id=799 Removed BlackSurface#0 (-2/9)
11-01 21:38:47.768  3250  3489 I SurfaceFlinger: id=800 Removed BlackSurface#0 (6/8)
11-01 21:38:47.769  3250  3489 I SurfaceFlinger: id=800 Removed BlackSurface#0 (-2/8)
11-01 21:38:47.769  3250  3279 I SurfaceFlinger: id=801 Removed BlackSurface#0 (6/7)
11-01 21:38:47.769  3250  3279 I SurfaceFlinger: id=801 Removed BlackSurface#0 (-2/7)
11-01 21:38:47.769  3250  3489 I SurfaceFlinger: id=802 Removed BlackSurface#0 (6/6)
11-01 21:38:47.769  3250  3279 I SurfaceFlinger: id=802 Removed BlackSurface#0 (-2/6)
11-01 21:38:47.772  3790  3880 V WindowManager: rotationForOrientationLw(orient=0, last=1); user=0  sensorRotation=-1 mLidState=-1 mDockMode=0 mHdmiPlugged=false
11-01 21:38:47.784  3250  3250 I Layer   : id=799 onRemoved BlackSurface#0 
11-01 21:38:47.785  3250  3250 I Layer   : id=798 onRemoved ScreenshotSurface#0 
11-01 21:38:47.785  3250  3250 I Layer   : id=802 onRemoved BlackSurface#0 
11-01 21:38:47.785  3250  3250 I Layer   : id=800 onRemoved BlackSurface#0 
11-01 21:38:47.785  3250  3250 I Layer   : id=801 onRemoved BlackSurface#0 
11-01 21:38:47.887 17950 17950 D UE4     : In the JNI_OnLoad function
11-01 21:38:47.887 17950 17950 D UE4     : [JNI] - Failed to determine if app purchasing is enabled!
11-01 21:38:47.891  3790  9604 W StorageManager: getStorageLowBytes lowPercent : 5, lowBytes : 2898018304, maxLowBytes : 524288000
11-01 21:38:47.891 17950 17950 D UE4     : Path found as '/storage/emulated/0'
11-01 21:38:47.892 17950 17950 D UE4     : Font Path found as '/system/fonts/'
11-01 21:38:47.892 17950 17950 D UE4     : In the JNI_OnLoad function 5
11-01 21:38:47.900  3790  3790 D AppWidgetServiceImpl: handleNotifyUpdateAppWidget, appWidgetId = 3
11-01 21:38:47.902 30045 30045 I LauncherAppWidgetHostView: updateLastInflationOrientation, orientation: 0,activityOrientation: 1, widget: ComponentInfo{com.google.android.googlequicksearchbox/com.google.android.googlequicksearchbox.SearchWidgetProvider}
11-01 21:38:47.909  3790  5196 W StorageManager: getStorageLowBytes lowPercent : 5, lowBytes : 2898018304, maxLowBytes : 524288000
11-01 21:38:47.911  3790  5196 W StorageManager: getStorageLowBytes lowPercent : 5, lowBytes : 2898018304, maxLowBytes : 524288000
11-01 21:38:47.913 17950 17950 V threaded_app: Creating: 0xda97ba80
11-01 21:38:47.913 17950 17980 V threaded_app: Config: mcc=0 mnc=0 lang=en cnt=GB orien=2 touch=3 dens=420 keys=1 nav=1 keysHid=3 navHid=0 sdk=26 size=2 long=2 modetype=1 modenight=1
11-01 21:38:47.914 17950 17980 D UE4     : Entering native app glue main function
11-01 21:38:47.914 17950 17980 D UE4     : Created event thread
11-01 21:38:47.914 17950 17980 D UE4     : Entered AndroidMain()
11-01 21:38:47.914 17950 17981 D UE4     : Entering event processing thread engine entry point
11-01 21:38:47.915 17950 17981 D UE4     : Prepared looper for event thread
11-01 21:38:47.915 17950 17981 D UE4     : Passed callback initialization
11-01 21:38:47.915 17950 17981 D UE4     : Passed sensor initialization
11-01 21:38:47.915 17950 17980 D UE4     : Controller interface supported
11-01 21:38:47.918 30045 30045 D DragLayer: DragLayer onMeasure, mIsNaviBarPositionChanged = false, mWillOrientationChange = false
11-01 21:38:47.918 30045 30045 D LauncherAppWidgetHostView: setResizeScaleResult() 1292/ 370 scaleToResize = 0.7987616(widget id = 3)
11-01 21:38:47.918 30045 30045 D LauncherAppWidgetHostView: setResizeScaleResult() 772/ 1132 scaleToResize = 0.79792744(widget id = 2)
11-01 21:38:47.938 17950 17982 D OpenGLRenderer: HWUI GL Pipeline
11-01 21:38:47.944 17950 17950 D ViewRootImpl@4e28dab[GameActivity]: setView = DecorView@8e29c08[] TM=true MM=false
11-01 21:38:47.948 17950 17950 D PermissionFragment: Creating PlayGamesFragment
11-01 21:38:47.957  3790  3801 I ActivityManager: START u0 {act=android.content.pm.action.REQUEST_PERMISSIONS typ=null flg=0x0 cmp=ComponentInfo{com.google.android.packageinstaller/com.android.packageinstaller.permission.ui.GrantPermissionsActivity}} from uid 10222
11-01 21:38:47.957  3790  3801 W ActivityManager: REQUEST_PERMISSIONS Action.
11-01 21:38:47.972  3790  3801 D CustomFrequencyManagerService: releaseDVFSLockLocked : Getting Lock type frm List : DVFS_MIN_LIMIT  frequency : 2314000  uid : 1000  pid : 3790  tag : AMS_APP_SWITCH@CPU_MIN@10
11-01 21:38:47.972  3790  3801 D CustomFrequencyManagerService: acquireDVFSLockLocked : type : DVFS_MIN_LIMIT  frequency : 2314000  uid : 1000  pid : 3790  pkgName : AMS_APP_SWITCH@CPU_MIN@10
11-01 21:38:47.972  3790  3801 D ActivityManagerPerformance: AMP_acquire() APP_SWITCH
11-01 21:38:47.972  3790  5029 D ActivityManagerPerformance: Received MSG_CFMS_HINT_AMS_SWITCH pkgName: com.google.android.packageinstaller
11-01 21:38:47.982 17950 17950 D UE4     : Vulkan version: 1.0.3
11-01 21:38:47.982 17950 17950 D UE4     : Vulkan level: 1
11-01 21:38:47.983 17950 17950 D UE4     : Found DepthBufferPreference = 0
11-01 21:38:47.983 17950 17950 D UE4     : Found bPackageDataInsideApk = 0
11-01 21:38:47.983 17950 17950 D UE4     : Found ProjectName = FlaminGo
11-01 21:38:47.984 17950 17950 D UE4     : Found AppType = 
11-01 21:38:47.984 17950 17950 D UE4     : Found bHasOBBFiles = 0
11-01 21:38:47.984 17950 17950 D UE4     : Found bVerifyOBBOnStartUp = false
11-01 21:38:47.984 17950 17950 D UE4     : UI hiding set to false
11-01 21:38:47.984 17950 17950 D UE4     : BuildConfiguration set to Development
11-01 21:38:47.984 17950 17950 D UE4     : UseExternalFilesDir set to false
11-01 21:38:47.984 17950 17950 D UE4     : AllowIMU set to true
11-01 21:38:47.984 17950 17950 D UE4     : No GearVR mode detected.
11-01 21:38:47.984 17950 17950 D UE4     : APK path: /data/app/com.YourCompany.FlaminGo-AU6J44CPAwAHb-yc3TgClw==/base.apk
11-01 21:38:47.984 17950 17950 D UE4     : OBB in APK: false
11-01 21:38:47.985  3790  3801 W StorageManager: getStorageLowBytes lowPercent : 5, lowBytes : 2898018304, maxLowBytes : 524288000
11-01 21:38:47.986 17950 17950 D UE4     : InternalFilePath found as '/data/user/0/com.YourCompany.FlaminGo/files'
11-01 21:38:47.986 17950 17950 D UE4     : ExternalFilePath found as '/storage/emulated/0/Android/data/com.YourCompany.FlaminGo/files'
11-01 21:38:47.986 17950 17950 D UE4     : App is running in Landscape
11-01 21:38:47.987 17950 17950 D UE4     : Android version is 8.0.0
11-01 21:38:47.987 17950 17950 D UE4     : Android manufacturer is samsung
11-01 21:38:47.987 17950 17950 D UE4     : Android model is SM-G955F
11-01 21:38:47.987 17950 17950 D UE4     : OS language is set to en_GB
11-01 21:38:47.987 17950 17950 D UE4     : Debugger attached is false
11-01 21:38:47.996 25221 25221 E adbd    : recv: OPEN 00000283 00000000 004d:73 68 65 6C 6C 3A 65 78 70 6F 72 74 20 41 4E 44 52 4F 49 44 5F 4C 4F 47 5F 54 41 47 53 3D 22 27 27 22 3B 20 65 78 65 63 20 6C 6F 67 63 61 74 20 27 2D 64 27 20 27 2D 73 27 20 27 55 45 34 27 20 27 2D 73 27 20 27 44 65 62 75 67 27 00 
11-01 21:38:47.996 25221 25221 E adbd    : service_to_fd: shell:export ANDROID_LOG_TAGS="''"; exec logcat '-d' '-s' 'UE4' '-s' 'Debug'
11-01 21:38:48.040 17950 17950 W PopupManager: You have not specified a View to use as content view for popups. Falling back to the Activity content view. Note that this may not work as expected in multi-screen environments
11-01 21:38:48.047 17950 17950 D UE4     : ==============> GameActive.onCreate complete!
11-01 21:38:48.047 17950 17950 V threaded_app: Start: 0xda97ba80
11-01 21:38:48.047 17950 17981 V threaded_app: activityState=10
11-01 21:38:48.048 17950 17950 D UE4     : Creating console command broadcast listener
11-01 21:38:48.048 17950 17981 D UE4     : LogAndroidEvents: EnqueueAppEvent : 9, 0, tid = 17981
11-01 21:38:48.049 17950 17950 D UE4     : ==================================> Inside onStart function in GameActivity
11-01 21:38:48.051 17950 17950 V threaded_app: Resume: 0xda97ba80
11-01 21:38:48.051 17950 17981 V threaded_app: activityState=11
11-01 21:38:48.051 17950 17981 D UE4     : Case APP_CMD_RESUME
11-01 21:38:48.051 17950 17950 D UE4     : Registering sensor listeners
11-01 21:38:48.051 17950 17981 D UE4     : LogAndroidEvents: EnqueueAppEvent : 7, 0, tid = 17981
11-01 21:38:48.052  3790  3801 I SensorService: createSensorEventConnection package name com.epicgames.ue4.GameActivity
11-01 21:38:48.053  3790  3801 D SensorService: Calling batch handle==6 flags=0 rate=20000000 timeout== 0
11-01 21:38:48.053  3237  3237 I Sensors : batch - accelerometer_sensor try to batching with 20000000
11-01 21:38:48.054  3237  3237 I Sensors : AccSensor old sensor_state 16384, new sensor_state : 16385 en : 1
11-01 21:38:48.056 17950 17950 D SensorManager: registerListener :: 6, LSM6DSL Acceleration Sensor, 20000, 0,  
11-01 21:38:48.056  3790  3801 D SensorService: Calling batch handle==11 flags=0 rate=20000000 timeout== 0
11-01 21:38:48.056  3237  3237 I Sensors : batch - geomagnetic_sensor try to batching with 20000000
11-01 21:38:48.057  3237  3237 I Sensors : GeoMagneticSensor old sensor_state 16385, new sensor_state : 16401 en : 1
11-01 21:38:48.059 17950 17950 D SensorManager: registerListener :: 11, AK09916C Magnetic field Sensor, 20000, 0,  
11-01 21:38:48.060  3790  3801 D SensorService: Calling batch handle==7 flags=0 rate=20000000 timeout== 0
11-01 21:38:48.060  3237  3883 I Sensors : batch - gyro_sensor try to batching with 20000000
11-01 21:38:48.060  3237  3883 I Sensors : GyroSensor old sensor_state 16401, new sensor_state : 16403 en : 1
11-01 21:38:48.062 17950 17950 D SensorManager: registerListener :: 7, LSM6DSL Gyroscope Sensor, 20000, 0,  
11-01 21:38:48.062 17950 17950 D UE4     : App is running in Landscape
11-01 21:38:48.062 17950 17950 D UE4     : ==============> Resuming main init
11-01 21:38:48.068 17950 17980 D UE4     : APK Commandline: ../../../FlaminGo/FlaminGo.uproject  /Game/ThirdPersonBP/Maps/FirstMap -Messaging -SessionId=7EDDCE55407E0E070BF8A89A81A5B846 -SessionOwner="James" -SessionName="Launch On Device" -iterative
11-01 21:38:48.068 17950 17980 D UE4     : Override Commandline: ../../../FlaminGo/FlaminGo.uproject  /Game/ThirdPersonBP/Maps/FirstMap -Messaging -SessionId=19F04D5D4EDB10347C53CB9CBCF34CF8 -SessionOwner="James" -SessionName="Launch On Device" -iterative
11-01 21:38:48.068 17950 17980 D UE4     : Final commandline: ../../../FlaminGo/FlaminGo.uproject  /Game/ThirdPersonBP/Maps/FirstMap -Messaging -SessionId=19F04D5D4EDB10347C53CB9CBCF34CF8 -SessionOwner="James" -SessionName="Launch On Device" -iterative
11-01 21:38:48.068 17950 17980 D UE4     : Created sync event
11-01 21:38:48.073 17950 17950 D UE4     : ==============> GameActive.onResume complete!
11-01 21:38:48.079 17950 17950 V threaded_app: InputQueueCreated: 0xda97ba80 -- 0xda97c2a0
11-01 21:38:48.079 17950 17981 V threaded_app: APP_CMD_INPUT_CHANGED
11-01 21:38:48.079 17950 17981 V threaded_app: Attaching input queue to looper
11-01 21:38:48.080 17950 17950 D ViewRootImpl@f78b6ac[GameActivity]: setView = DecorView@3165f75[GameActivity] TM=true MM=false
11-01 21:38:48.081  3790  3801 D ActivityManager: post active user change for 0 fullscreen true isHomeActivity() false
11-01 21:38:48.083 17950 17950 D ViewRootImpl@4e28dab[GameActivity]: dispatchAttachedToWindow
11-01 21:38:48.084 25221 25221 E adbd    : recv: OPEN 00000285 00000000 0035:73 68 65 6C 6C 3A 65 78 70 6F 72 74 20 41 4E 44 52 4F 49 44 5F 4C 4F 47 5F 54 41 47 53 3D 22 27 27 22 3B 20 65 78 65 63 20 6C 6F 67 63 61 74 20 27 2D 64 27 00 
11-01 21:38:48.084 25221 25221 E adbd    : service_to_fd: shell:export ANDROID_LOG_TAGS="''"; exec logcat '-d'
11-01 21:38:48.085  3790  3801 V WindowManager: Relayout Window{44a950b u0 com.YourCompany.FlaminGo/com.epicgames.ue4.GameActivity}: viewVisibility=0 req=2092x1016 WM.LayoutParams{(0,0)(fillxfill) gr=#11 sim=#120 ty=2 fl=#1810508 pfl=0x1000000 wanim=0x1030001 vsysui=0x10 needsMenuKey=2 colorMode=0 naviIconColor=0}
11-01 21:38:48.086  3250  3250 I SurfaceFlinger: id=803 createSurf (2094x1080),1 flag=404, com.YourCompany.FlaminGo/com.epicgames.ue4.GameActivity#0
11-01 21:38:48.087  3790  3801 V Surface : sf_framedrop debug : 0x4f4c, game : false, logging : 0
11-01 21:38:48.091 17950 17950 V Surface : sf_framedrop debug : 0x4f4c, game : false, logging : 0
11-01 21:38:48.092 17950 17950 D ViewRootImpl@4e28dab[GameActivity]: Relayout returned: old=[0,0][0,0] new=[0,0][2094,1080] result=0x7 surface={valid=true 3388467200} changed=true
11-01 21:38:48.095 17950 17982 I OpenGLRenderer: Initialized EGL, version 1.4
11-01 21:38:48.095 17950 17982 D OpenGLRenderer: Swap behavior 2
11-01 21:38:48.099 17950 17982 D libGLESv1: STS_GLApi : DTS, ODTC are not allowed for Package : com.YourCompany.FlaminGo
11-01 21:38:48.099 17950 17982 D mali_winsys: EGLint new_window_surface(egl_winsys_display *, void *, EGLSurface, EGLConfig, egl_winsys_surface **, egl_color_buffer_format *, EGLBoolean) returns 0x3000,  [2094x1080]-format:1
11-01 21:38:48.099 17950 17982 D OpenGLRenderer: eglCreateWindowSurface = 0xc6108890
11-01 21:38:48.102 17950 17950 V InputMethodManager: Not IME target window, ignoring
11-01 21:38:48.109 17950 17950 D ViewRootImpl@f78b6ac[GameActivity]: dispatchAttachedToWindow
11-01 21:38:48.111  3790  5196 V WindowManager: Relayout Window{6bbdd32 u0 com.YourCompany.FlaminGo/com.epicgames.ue4.GameActivity}: viewVisibility=0 req=2092x1016 WM.LayoutParams{(0,0)(fillxfill) sim=#10 ty=1 fl=#1810500 pfl=0x1000000 fmt=1 wanim=0x1030001 vsysui=0x10 needsMenuKey=2 colorMode=0 naviIconColor=0}
11-01 21:38:48.111  3250  3250 D SurfaceFlinger: duplicate layer name: changing com.YourCompany.FlaminGo/com.epicgames.ue4.GameActivity to com.YourCompany.FlaminGo/com.epicgames.ue4.GameActivity#1
11-01 21:38:48.112  3250  3250 I SurfaceFlinger: id=804 createSurf (2094x1080),1 flag=4, com.YourCompany.FlaminGo/com.epicgames.ue4.GameActivity#1
11-01 21:38:48.112  3790  5196 V Surface : sf_framedrop debug : 0x4f4c, game : false, logging : 0
11-01 21:38:48.113  3790  3807 D WindowManager: set systemUiVisibility : systemUiFlags= 0x8018 fullscreenStackSysUiFlags= 0x0
