--------- beginning of main
12-04 16:23:02.627  3376  3376 E adbd    : recv: OPEN 0000247e 00000000 004f:73 68 65 6C 6C 2C 76 32 3A 61 6D 20 73 74 61 72 74 20 2D 6E 20 63 6F 6D 2E 59 6F 75 72 43 6F 6D 70 61 6E 79 2E 46 6C 61 6D 69 6E 47 6F 2F 63 6F 6D 2E 65 70 69 63 67 61 6D 65 73 2E 75 65 34 2E 53 70 6C 61 73 68 41 63 74 69 76 69 74 79 00 
12-04 16:23:02.627  3376  3376 E adbd    : service_to_fd: shell,v2:am start -n com.YourCompany.FlaminGo/com.epicgames.ue4.SplashActivity
--------- beginning of system
12-04 16:23:02.655  4939  4939 D io_stats: !@   8,0 r 102223 5711596 w 52126 1834864 d 4441 1321480 f 37642 39464 iot 93960 48112 th 307200 0 0 pt 0 inp 0 0 11165.500
12-04 16:23:02.723  3785  5160 I ActivityManager: START u0 {act=null typ=null flg=0x10000000 cmp=ComponentInfo{com.YourCompany.FlaminGo/com.epicgames.ue4.SplashActivity}} from uid 2000
12-04 16:23:02.731  3785  5160 D CustomFrequencyManagerService: acquireDVFSLockLocked : type : DVFS_MIN_LIMIT  frequency : 2314000  uid : 1000  pid : 3785  pkgName : AMS_APP_SWITCH@CPU_MIN@28
12-04 16:23:02.731  3785  5160 D ActivityManagerPerformance: AMP_acquire() APP_SWITCH
12-04 16:23:02.732  3785  4990 D ActivityManagerPerformance: Received MSG_CFMS_HINT_AMS_SWITCH pkgName: com.YourCompany.FlaminGo
12-04 16:23:02.733  3785  7406 D TelephonyManager: getAllCellInfo : Caller (PID / UID / TID): 3785 / 1000 / 7406
12-04 16:23:02.736  5291  5291 V Launcher: Launcher.onPause()
12-04 16:23:02.736  5291  5291 D Launcher: setHotWordDetection : call requestHotWordDetection false
12-04 16:23:02.739  3785  3880 D ViewRootImpl@240effc[FlaminGo]: setView = DecorView@6541cda[FlaminGo] TM=true MM=false
12-04 16:23:02.741  3226  7251 I soundtrigger_hw_primary: stdev_stop_recognition Handle 0
12-04 16:23:02.741  3226  7251 V soundtrigger_hw_primary: stdev_stop_recognition Handle 0 Trylock acquired successfully
12-04 16:23:02.741  3226  7251 V soundtrigger_hw_primary: stdev_stop_recognition_l
12-04 16:23:02.741  3226  7251 V soundtrigger_hw_primary: stdev_active_callback_bitmask
12-04 16:23:02.741  3226  7251 V soundtrigger_hw_primary: stdev_join_callback_thread
12-04 16:23:02.741  3226 26109 I soundtrigger_hw_primary: callback_thread_loop: Termination message
12-04 16:23:02.741  3226 26109 V soundtrigger_hw_primary: stdev_vts_set_power enabled: 0
12-04 16:23:02.741  3226 26109 V soundtrigger_hw_primary: set_mixer_ctrls, path: VTS Active Keyphrase
12-04 16:23:02.741  3226 26109 V soundtrigger_hw_primary: set_mixer_ctrls: VTS Active Keyphrase configured value: 1
12-04 16:23:02.741  3226 26109 V soundtrigger_hw_primary: set_mixer_ctrls: VTS VoiceTrigger Value configured value: 0
12-04 16:23:02.743  3226 26109 V soundtrigger_hw_primary: set_mixer_ctrls: VTS VoiceRecognization Mode configured value: 9
12-04 16:23:02.743  3226 26109 D audio_hw_primary_abox: device-notify_sthal_status: Ok-Google Model Recognition [STOPPED]
12-04 16:23:02.743  3226 26109 D soundtrigger_hw_primary: stdev_vts_set_power: Google Model recognization stopped & Notified to AudioHAL
12-04 16:23:02.743  3226 26109 V soundtrigger_hw_primary: set_mixer_ctrls, path: VTS DMIC SEL
12-04 16:23:02.743  3785  3785 D MdnieScenarioControlService: Listener Real Multi Window State : false
12-04 16:23:02.743  3785  3785 D CodecSolution: MultiWindowEventListener::onMultiWindowFocusChanged(1)
12-04 16:23:02.743  3785  3785 D CS_HdrController: MultiWindowEventListener::onFocusStackChanged(1)
12-04 16:23:02.743  3785  3785 D CS_HdrController: updateMultiWindowState : 0
12-04 16:23:02.744  3785  6487 D ActivityManager: isScaleDownAnimationEnabled() : false
12-04 16:23:02.744  3785  6487 D StorageManagerService: getExternalStorageMountMode : 3
12-04 16:23:02.745  3785  6487 D StorageManagerService: getExternalStorageMountMode : 3
12-04 16:23:02.745  3226 26109 V soundtrigger_hw_primary: set_mixer_ctrls: VTS Virtual Output Mux configured value: 0
12-04 16:23:02.745  3785  6487 D StorageManagerService: getExternalStorageMountMode : final mountMode=3, uid : 10228, packageName : com.YourCompany.FlaminGo
12-04 16:23:02.745  3785  6487 I ApplicationPolicy: isApplicationExternalStorageWhitelisted:com.YourCompany.FlaminGo user:0
12-04 16:23:02.745  3785  6487 D ApplicationPolicy: isApplicationExternalStorageWhitelisted: DO is not enabled on user 0. Allowed.
12-04 16:23:02.745  3785  6487 D ActivityManager: package  com.YourCompany.FlaminGo, user - 0 is SDcard whitelisted
12-04 16:23:02.745  3785  6487 I ApplicationPolicy: isApplicationExternalStorageBlacklisted:com.YourCompany.FlaminGo user:0
12-04 16:23:02.745  3785  6487 D ApplicationPolicy: isApplicationExternalStorageBlacklisted: DO is not enabled on user 0. Allowed.
12-04 16:23:02.747  3226 26109 V soundtrigger_hw_primary: set_mixer_ctrls: DMIC1 Switch configured value: 0
12-04 16:23:02.748  3226 26109 V soundtrigger_hw_primary: set_mixer_ctrls: VTS HPF SEL configured value: 0
12-04 16:23:02.748  3226 26109 V soundtrigger_hw_primary: set_mixer_ctrls: VTS HPF EN configured value: 0
12-04 16:23:02.748  3226 26109 V soundtrigger_hw_primary: set_mixer_ctrls: VTS SYS SEL configured value: 0
12-04 16:23:02.749  3226 26109 V soundtrigger_hw_primary: set_mixer_ctrls: VTS DMIC IF LCH EN configured value: 0
12-04 16:23:02.750  3226 26109 V soundtrigger_hw_primary: set_mixer_ctrls: VTS DMIC IF RCH EN configured value: 0
12-04 16:23:02.750  3226 26109 V soundtrigger_hw_primary: set_mixer_ctrls: VTS DMIC SEL configured value: 0
12-04 16:23:02.750  3226 26109 D soundtrigger_hw_primary: stdev_vts_set_mic: Disable MIC Controls 
12-04 16:23:02.750  3226  7251 V soundtrigger_hw_primary: stdev_vts_set_power enabled: 0
12-04 16:23:02.750  3226  7251 V soundtrigger_hw_primary: stdev_close_callback_thread_sockets
12-04 16:23:02.750  3226  7251 I soundtrigger_hw_primary: stdev_stop_recognition Handle Exit 0
12-04 16:23:02.754 26283 26283 E Zygote  : isWhitelistProcess - Process is Whitelisted
12-04 16:23:02.755  3785  3880 D ViewRootImpl@240effc[FlaminGo]: dispatchAttachedToWindow
12-04 16:23:02.755  3785  3880 V WindowManager: Relayout Window{7ad2685 u0 Splash Screen com.YourCompany.FlaminGo}: viewVisibility=0 req=1079x2029 WM.LayoutParams{(0,0)(fillxfill) sim=#20 ty=3 fl=#1830518 pfl=0x1000011 wanim=0x1030001 vsysui=0x10 needsMenuKey=2 colorMode=0 naviIconColor=0}
12-04 16:23:02.755 26283 26283 E libpersona: scanKnoxPersonas
12-04 16:23:02.755 26283 26283 E libpersona: Couldn't open the File - /data/system/users/0/personalist.xml - No such file or directory
12-04 16:23:02.755  3785  6487 I ActivityManager: Start proc 26283:com.YourCompany.FlaminGo/u0a228 for activity com.YourCompany.FlaminGo/com.epicgames.ue4.SplashActivity
12-04 16:23:02.757 26283 26283 W SELinux : SELinux selinux_android_compute_policy_index : Policy Index[2],  Con:u:r:zygote:s0 RAM:SEPF_SM-G955F_8.0.0_0016, [-1 -1 -1 -1 0 1]
12-04 16:23:02.758 26283 26283 I SELinux : SELinux: seapp_context_lookup: seinfo=untrusted, level=s0:c512,c768, pkgname=com.YourCompany.FlaminGo 
12-04 16:23:02.758  3249  3249 I SurfaceFlinger: id=227 createSurf (1080x2094),1 flag=404, Splash Screen com.YourCompany.FlaminGo#0
12-04 16:23:02.759  3785  3880 V Surface : sf_framedrop debug : 0x4f4c, game : false, logging : 0
12-04 16:23:02.761  3785  3880 D ViewRootImpl@240effc[FlaminGo]: Relayout returned: old=[0,0][0,0] new=[0,0][1080,2094] result=0x7 surface={valid=true 493625339904} changed=true
12-04 16:23:02.761 26283 26283 I zygote  : Late-enabling -Xcheck:jni
12-04 16:23:02.766  5105  5105 I GsaVoiceInteractionSrv: Stop Hotword Recognition status: true
12-04 16:23:02.791  3785  3880 V WindowManager: finishDrawingLocked: mDrawState=COMMIT_DRAW_PENDING Window{7ad2685 u0 Splash Screen com.YourCompany.FlaminGo} in Surface(name=Splash Screen com.YourCompany.FlaminGo)
12-04 16:23:02.794  4384  4384 D WallpaperService: updateSurface forceRelayout=true redrawNeeded=false myWidth=-1 myHeight=-1 fixedSize=false x = 0 y = 0 mWidth=-1 mHeight=-1 mIsSleepMode=false
12-04 16:23:02.795  3785  3796 V WindowManager: Relayout Window{a798635 u0 com.android.systemui.infinity.InfinityWallpaperBlack}: viewVisibility=0 req=-1x-1 WM.LayoutParams{(0,0)(fillxfill) gr=#800033 ty=2013 fl=#10318 pfl=0x4 fmt=2 wanim=0x103030e colorMode=0 naviIconColor=0 sfl=0x8}
12-04 16:23:02.796  3785  3796 V WindowManager: rotationForOrientationLw(orient=0, last=0); user=0  sensorRotation=-1 mLidState=-1 mDockMode=0 mHdmiPlugged=false
12-04 16:23:02.796  3785  3796 D SamsungPhoneWindowManager: setRotationLw() : rotation=1
12-04 16:23:02.796  3785  3796 D SamsungPhoneWindowManager: semDvfsWakeupBooster.acquire()
12-04 16:23:02.796  3785  3796 D CustomFrequencyManagerService: acquireDVFSLockLocked : type : DVFS_MIN_LIMIT  frequency : 2314000  uid : 1000  pid : 3785  pkgName : PWM_ROTATION@CPU_MIN@33
12-04 16:23:02.797  3785 26298 D TspStateManagerInternal: update cmd=set_grip_data,2,1,60,10
12-04 16:23:02.798  3785  3796 D InputDispatcher: setInputDispatchMode: enabled=1, frozen=1
12-04 16:23:02.799 26283 26283 D TimaKeyStoreProvider: TimaKeyStore is not enabled: cannot add TimaSignature Service and generateKeyPair Service
12-04 16:23:02.799  3249  3249 I SurfaceFlinger: id=228 createSurf (1080x2220),2 flag=4, ScreenshotSurface#0
12-04 16:23:02.799 26283 26283 D ActivityThread: Added TimaKeyStore provider
12-04 16:23:02.799  3785  3796 V Surface : sf_framedrop debug : 0x4f4c, game : false, logging : 0
12-04 16:23:02.799  3249  3249 V Surface : sf_framedrop debug : 0x4f4c, game : false, logging : 0
12-04 16:23:02.807  3785  6487 I ActivityManager: DSS on for com.YourCompany.FlaminGo and scale is 1.0
12-04 16:23:02.811  3249  3249 I SurfaceFlinger: Disp[0] Orientation 0=>1
12-04 16:23:02.811  4560  4560 D NfcService: PROXIMITY SCREEN ON
12-04 16:23:02.813  3785  3814 D PointerController: mLocked.displayWidth 1080, mLocked.displayHeight 2220
12-04 16:23:02.813  3785  3933 I InputReader: Reconfiguring input devices.  changes=0x00000004
12-04 16:23:02.813  3785  3933 I InputReader: Device reconfigured: id=4, name='sec_touchpad', size 1080x2220, orientation 1, mode 4, display id 0
12-04 16:23:02.813  3785  3933 I InputReader: Device reconfigured: id=5, name='sec_touchscreen', size 1080x2220, orientation 1, mode 1, display id 0
12-04 16:23:02.813  3785  3785 D GameManagerService: onDisplayChanged. displyId: 0, state: 2
12-04 16:23:02.814  3785  3785 D GameManagerService: dpi: 420, longPixel: 2094, shortPixel: 1080
12-04 16:23:02.814  3785  3785 I CAE     : handleMessage(CaPowerManager.java:173) - AP_WAKEUP_Already_Delivered
12-04 16:23:02.814  4560 26299 D NfcService: call the applyRouting
12-04 16:23:02.814  4384  6490 D WallpaperService: dispatchAppVisibility onVisibilityChanged(): false
12-04 16:23:02.815  3785  6487 I ActivityManager: Config changes=480 {0 1.1 themeSeq = 0 showBtnBg = 0 ?mcc?mnc [en_GB] ldltr sw411dp w797dp h387dp 420dpi nrml long land finger -keyb/v/h -nav/h appBounds=Rect(0, 0 - 2094, 1080) s.32 mkbd/h desktop/d ?dc}
12-04 16:23:02.815  4560 26299 D NfcService: Screen Cmd value : 3
12-04 16:23:02.815  4560 26299 D NfcService: Discovery configuration equal, not updating.
12-04 16:23:02.815  3376  3376 E adbd    : recv: OPEN 00002482 00000000 000c:73 68 65 6C 6C 2C 76 32 3A 70 73 00 
12-04 16:23:02.815  3376  3376 E adbd    : service_to_fd: shell,v2:ps
12-04 16:23:02.819  3249  3249 D SurfaceFlinger:   Display[0] configurations (* current):
12-04 16:23:02.819  3249  3249 D SurfaceFlinger:     * 0: 1440x2960, xdpi=522.513977, ydpi=525.762024, refresh=16666666
12-04 16:23:02.819  3249  3249 D SurfaceFlinger:   numHwLayers=6, flags=00000000
12-04 16:23:02.819  3249  3249 D SurfaceFlinger:     type   |  handle  | hint | flag | tr | blnd |   format    |     source crop (l,t,r,b)      |          frame         | name 
12-04 16:23:02.819  3249  3249 D SurfaceFlinger: -----------+----------+------+------+----+------+-------------+--------------------------------+------------------------+------
12-04 16:23:02.819  3249  3249 D SurfaceFlinger:        HWC | 7392e58720 | 0000 | 0020 | 00 | 0100 | RGBx_8888   |    0.0,    0.0, 1080.0, 2220.0 |    0,    0, 1080, 2220 | com.android.systemui.infinity.InfinityWallpaperBlack#0
12-04 16:23:02.819  3249  3249 D SurfaceFlinger:        HWC | 7392e55620 | 0000 | 0000 | 04 | 0105 | RGBA_8888   |    0.0,    0.0, 1080.0, 1080.0 |    0,    0, 1080, 1080 | com.sec.android.app.launcher/com.sec.android.app.launcher.activities.LauncherActivity#0
12-04 16:23:02.819  3249  3249 D SurfaceFlinger:       GLES | 7392e59fa0 | 0000 | 0000 | 04 | 0105 | RGBA_8888   |    0.0,    0.0, 1080.0,   63.0 | 1017,    0, 1080, 1080 | StatusBar#0
12-04 16:23:02.819  3249  3249 D SurfaceFlinger:       GLES | 7392e59600 | 0000 | 0000 | 04 | 0105 | RGBA_8888   |    0.0,    0.0,   67.0,  455.0
12-04 16:23:02.819  3249  3249 D SurfaceFlinger:  |   20, 1013,  475, 1080 | com.samsung.android.app.cocktailbarservice/com.samsung.android.app.cocktailbarservice.CocktailBarService#0
12-04 16:23:02.819  3249  3249 D SurfaceFlinger:        HWC | 7392e5a160 | 0000 | 0100 | 00 | 0105 | RGBA_8888   |    0.0,    0.0, 1080.0, 2220.0 |    0,    0, 1080, 2220 | ScreenshotSurface#0
12-04 16:23:02.819  3249  3249 D SurfaceFlinger:  FB TARGET | 7392e55b60 | 0000 | 0000 | 00 | 0105 | RGBA_8888   |    0.0,    0.0, 1440.0, 2960.0 |    0,    0, 1440, 2960 | HWC_FRAMEBUFFER_TARGET
12-04 16:23:02.819  3785  6487 I ActivityManager: Override config changes=480 {0 1.1 themeSeq = 0 showBtnBg = 0 ?mcc?mnc [en_GB] ldltr sw411dp w797dp h387dp 420dpi nrml long land finger -keyb/v/h -nav/h appBounds=Rect(0, 0 - 2094, 1080) s.32 mkbd/h desktop/d ?dc} for displayId=0
12-04 16:23:02.820  3785  6487 I SamsungPhoneWindowManager: setInitialDisplaySize() width=1080, height=2220, density=420, initWidth=1440, initHeight=2960, initDensity=560
12-04 16:23:02.820  3785  6487 D TspStateManagerInternal: updateDefaultValue customSetting=null
12-04 16:23:02.820  3785  3785 D TelecomService: onConfigurationChanged {0 1.1 themeSeq = 0 showBtnBg = 0 ?mcc?mnc [en_GB] ldltr sw411dp w797dp h387dp 420dpi nrml long land finger -keyb/v/h -nav/h appBounds=Rect(0, 0 - 2094, 1080) s.32 mkbd/h desktop/d ?dc}
12-04 16:23:02.821  3785  6487 I SamsungPhoneWindowManager: setInitialDisplaySize() width=1080, height=2220, density=420, initWidth=1440, initHeight=2960, initDensity=560
12-04 16:23:02.822  3785  6487 D TspStateManagerInternal: updateDefaultValue customSetting=null
12-04 16:23:02.834  3249  3249 D SurfaceFlinger:   Display[0] configurations (* current):
12-04 16:23:02.834  3249  3249 D SurfaceFlinger:     * 0: 1440x2960, xdpi=522.513977, ydpi=525.762024, refresh=16666666
12-04 16:23:02.834  3249  3249 D SurfaceFlinger:   numHwLayers=6, flags=00000000
12-04 16:23:02.834  3249  3249 D SurfaceFlinger:     type   |  handle  | hint | flag | tr | blnd |   format    |     source crop (l,t,r,b)      |          frame         | name 
12-04 16:23:02.834  3249  3249 D SurfaceFlinger: -----------+----------+------+------+----+------+-------------+--------------------------------+------------------------+------
12-04 16:23:02.834  3249  3249 D SurfaceFlinger:        HWC | 7392e59fa0 | 0000 | 0000 | 04 | 0105 | RGBA_8888   |    0.0,    0.0, 1080.0,   63.0 | 1017,    0, 1080, 1080 | StatusBar#0
12-04 16:23:02.834  3249  3249 D SurfaceFlinger:       GLES | 7392e59600 | 0000 | 0000 | 04 | 0105 | RGBA_8888   |    0.0,    0.0,   67.0,  455.0 |   20, 2153,  475, 2220 | com.samsung.android.app.cocktailbarservice/com.samsung.android.app.cocktailbarservice.CocktailBarService#0
12-04 16:23:02.834  3249  3249 D SurfaceFlinger:       GLES | 7392a2bee0 | 0000 | 0000 | 04 | 0105 | RGBA_8888   |    0.0,    0.0,  126.0,  126.0 |  954, 2094, 1080, 2220 | NavigationBar#0
12-04 16:23:02.834  3249  3249 D SurfaceFlinger:       GLES | 7392e59c20 | 0000 | 0000 | 04 | 0105 | RGBA_8888   |    0.0,    0.0,  566.0,   63.0 |    0,  827,   63,
12-04 16:23:02.834  3249  3249 D SurfaceFlinger:  1393 | com.samsung.android.spay.simple.SimpleIntroHintService#0
12-04 16:23:02.834  3249  3249 D SurfaceFlinger:        HWC | 7392e5a160 | 0000 | 0100 | 00 | 0105 | RGBA_8888   |    0.0,    0.0, 1080.0, 2220.0 |    0,    0, 1080, 2220 | ScreenshotSurface#0
12-04 16:23:02.834  3249  3249 D SurfaceFlinger:  FB TARGET | 7392e558c0 | 0000 | 0000 | 00 | 0105 | RGBA_8888   |    0.0,    0.0, 1440.0, 2960.0 |    0,    0, 1440, 2960 | HWC_FRAMEBUFFER_TARGET
12-04 16:23:02.840  4191  4191 V Configuration:  needToUpdateOverlays
12-04 16:23:02.841  4191  4191 I chatty  : uid=10166(u0_a166) com.sec.android.inputmethod identical 26 lines
12-04 16:23:02.841  4191  4191 V Configuration:  needToUpdateOverlays
12-04 16:23:02.845  6947  6947 V Configuration:  needToUpdateOverlays
12-04 16:23:02.846  6947  6947 I chatty  : uid=10013(u0_a13) com.samsung.android.app.cocktailbarservice identical 3 lines
12-04 16:23:02.850  6947  6947 V Configuration:  needToUpdateOverlays
12-04 16:23:02.851 21742 21742 V Configuration:  needToUpdateOverlays
12-04 16:23:02.853  6947  6947 V Configuration:  needToUpdateOverlays
12-04 16:23:02.855  6947  6947 I chatty  : uid=10013(u0_a13) com.samsung.android.app.cocktailbarservice identical 38 lines
12-04 16:23:02.855  6947  6947 V Configuration:  needToUpdateOverlays
12-04 16:23:02.855  3785  6487 D InputDispatcher: Focus left window: 5291
12-04 16:23:02.855  6947  6947 V Configuration:  needToUpdateOverlays
12-04 16:23:02.855  6947  6947 I chatty  : uid=10013(u0_a13) com.samsung.android.app.cocktailbarservice identical 16 lines
12-04 16:23:02.856 21140 21140 V Configuration:  needToUpdateOverlays
12-04 16:23:02.856  6947  6947 V Configuration:  needToUpdateOverlays
12-04 16:23:02.856  6947  6947 V Configuration:  needToUpdateOverlays
12-04 16:23:02.856  6947  6947 V Configuration:  needToUpdateOverlays
12-04 16:23:02.856 21140 21140 V Configuration:  needToUpdateOverlays
12-04 16:23:02.856  6947  6947 V Configuration:  needToUpdateOverlays
12-04 16:23:02.856  6947  6947 I chatty  : uid=10013(u0_a13) com.samsung.android.app.cocktailbarservice identical 30 lines
12-04 16:23:02.857  6947  6947 V Configuration:  needToUpdateOverlays
12-04 16:23:02.857  6947  6947 I CocktailBarPositionManager: onOrientationChanged position not dirty
12-04 16:23:02.859  3785  3806 D WindowManager: set systemUiVisibility : systemUiFlags= 0x8708 fullscreenStackSysUiFlags= 0x0
12-04 16:23:02.868  3785  6487 D PersonaManagerService: Current focused persona service handled id set to : 0
12-04 16:23:02.868  3785  6487 D InputDispatcher: Focused application set to: xxxx
12-04 16:23:02.869  5291  5291 V Configuration:  needToUpdateOverlays
12-04 16:23:02.869  5291  5291 I chatty  : uid=10083(u0_a83) com.sec.android.app.launcher identical 6 lines
12-04 16:23:02.869  5291  5291 V Configuration:  needToUpdateOverlays
12-04 16:23:02.870  3785  4067 D GameManagerService: handleForegroundChange(). pkgName: com.YourCompany.FlaminGo, clsName: com.epicgames.ue4.SplashActivity,FgActivityName:com.YourCompany.FlaminGo/com.epicgames.ue4.SplashActivity
12-04 16:23:02.870  3785  4067 D GameManagerService: sem_perfomance_mode: 0
12-04 16:23:02.870  3785  4067 D GameManagerService: notifyResumePause(). pkg: com.YourCompany.FlaminGo, type: 4, isMinimized: false, isTunableApp: false
12-04 16:23:02.870  3785  4067 D GameManagerService:   notifyResumePause(). unexpected mPrevNotiType: -1
12-04 16:23:02.870  3785  6487 D MARsPolicyManager: onPackageResumedFG pkgName = com.YourCompany.FlaminGo, userId = 0
12-04 16:23:02.871  3785  6487 W ActivityManager: Slow operation: 64ms so far, now at attachApplicationLocked: after mServices.attachApplicationLocked
12-04 16:23:02.872  5005  5005 V Configuration:  needToUpdateOverlays
12-04 16:23:02.872  5005  5005 I chatty  : uid=10094(u0_a94) com.google.android.googlequicksearchbox:search identical 8 lines
12-04 16:23:02.872  5005  5005 V Configuration:  needToUpdateOverlays
12-04 16:23:02.875  3785  3813 D TetheringConfiguration: NAP is enabled by CSCfeature
12-04 16:23:02.875 21622 21622 D ViewRootImpl@f1f4885[SimpleIntroHintService]: MSG_RESIZED_REPORT: frame=Rect(827, 1017 - 1393, 1080) ci=Rect(0, 0 - 0, 0) vi=Rect(0, 0 - 0, 0) or=2
12-04 16:23:02.876  3785  7406 D GamePkgDataHelper: getGamePkgDataIncServer(). com.YourCompany.FlaminGo
12-04 16:23:02.876  4560 15847 D ForegroundUtils: could not check pending caller
12-04 16:23:02.879  3785  7406 D GameManagerService: identifyGamePackage. com.YourCompany.FlaminGo
12-04 16:23:02.879  4214  4512 D vol.VolumeDialogControl: onReceive ACTION_CONFIGURATION_CHANGED
12-04 16:23:02.879  3785  7406 D GamePkgDataHelper: getGamePkgData(). com.YourCompany.FlaminGo
12-04 16:23:02.880  3785  7406 D GamePkgDataHelper: getSosPolicy(). com.YourCompany.FlaminGo
12-04 16:23:02.880  3785  3813 E TetheringConfiguration: No numeric data
12-04 16:23:02.882  3785  7406 D GameManagerService: identifyGamePackage. com.YourCompany.FlaminGo
12-04 16:23:02.882  3785  7406 D GamePkgDataHelper: getGamePkgData(). com.YourCompany.FlaminGo
12-04 16:23:02.886  4560  4560 V Configuration:  needToUpdateOverlays
12-04 16:23:02.886  4214  4229 D vol.VolumeDialogControl.VC: setLayoutDirection
12-04 16:23:02.887 21622 23438 I SAMSUNGPAY: [Hint_ProcessStatusChange] fg Change, pid : 26283 , isNotify : true , isForeground : true , fg list : [5291, 26283]
12-04 16:23:02.890 21574 21574 D TuiService: onConfigurationChanged, old dpi=420, new dpi=420
12-04 16:23:02.891 21622 21622 V Configuration:  needToUpdateOverlays
12-04 16:23:02.891 21622 21622 I chatty  : uid=10194(u0_a194) com.samsung.android.spay identical 3 lines
12-04 16:23:02.892 21622 21622 V Configuration:  needToUpdateOverlays
12-04 16:23:02.892  4572  4572 D DeviceLocale: onReceive
12-04 16:23:02.892  4214  4214 D SecNavigationBarView: setNavigationIconHints showImeButton : false
12-04 16:23:02.893  4214  4214 D SecNavigationBarView: updateImmersivePinIcon() isImmersiveMode=false
12-04 16:23:02.894  3785  7406 D GameManagerService: identifyGamePackage. com.YourCompany.FlaminGo
12-04 16:23:02.894  3785  7406 D GamePkgDataHelper: getGamePkgData(). com.YourCompany.FlaminGo
12-04 16:23:02.894  4384  4384 D GLAnimatorManager: doFrame
12-04 16:23:02.894  4214  4214 D NavBarHideController: adjustConsumeWindowLp() enabled=false, mWindowAdded=true, rot=1
12-04 16:23:02.894  4572  4795 D EucModule: onLocaleChanged, languageCode=en
12-04 16:23:02.896  4191  4191 I SKBD    : SamsungKeypad onConfigurationChanged2
12-04 16:23:02.897  3785  7406 D GameManagerService: identifyGamePackage. com.YourCompany.FlaminGo
12-04 16:23:02.897  3785  7406 D GamePkgDataHelper: getGamePkgData(). com.YourCompany.FlaminGo
12-04 16:23:02.899  4384  4384 D GalaxyWallpaper: onVisibilityChanged = false, mCurrentMode = HOME
12-04 16:23:02.899  4384  4384 D GyroRender: pauseSensing
12-04 16:23:02.899  3785  5190 D SensorService: Calling activate off 10
12-04 16:23:02.900  3785  7406 D GameManagerService: identifyGamePackage. com.YourCompany.FlaminGo
12-04 16:23:02.900  3785  7406 D GamePkgDataHelper: getGamePkgData(). com.YourCompany.FlaminGo
12-04 16:23:02.900  3236  3883 I Sensors : InterruptGyroSensor old sensor_state 33570816, new sensor_state : 16384 en : 0
12-04 16:23:02.902  6947  6947 D PanelDescriptionView: updateHelpView: Apps edge2130968577 --> 2130968577 helpview reapplied0
12-04 16:23:02.903  4384  4384 D SensorManager: unregisterListener ::   
12-04 16:23:02.903  4384  4384 D GyroRender: unregisterListener
12-04 16:23:02.903  4384  4384 D WallpaperService: reportVisibility onVisibilityChanged visible: false
12-04 16:23:02.904  6947  6947 D AbstractCocktailPanelView: setPanelVisible: CocktailPortraitRemotePanelView2 will be hidden: 5
12-04 16:23:02.905  6947  6947 D CocktailBarPanelVisibilityManager: updateActivePanelView:  vis=false screenOn=true onTransit=false -hide: 5 current Active: 5
12-04 16:23:02.905  6947  6947 E CocktailBarContainerView: updateContainerVisibility: 0
12-04 16:23:02.905  6947  6947 D CocktailBarUiController: onConfigurationChanged : orientation = true densityDpi = false
12-04 16:23:02.906  6947  6947 D CocktailBarTriggerContainerView: setContainerGravityState: 1 --> 1
12-04 16:23:02.909  4191  4191 I SKBD    : SamsungKeypad [IMI] onStartInput - caller pid : 24744, caller uid : 10228
12-04 16:23:02.909 26283 26305 I vndksupport: sphal namespace is not configured for this process. Loading /vendor/lib/egl/libGLES_mali.so from the current namespace instead.
12-04 16:23:02.909  4214  4214 V Configuration:  needToUpdateOverlays
12-04 16:23:02.911  4214  4214 I chatty  : uid=10005(u0_a5) com.android.systemui identical 62 lines
12-04 16:23:02.911  4214  4214 V Configuration:  needToUpdateOverlays
12-04 16:23:02.911  6947  6947 D TrayStateController: putInputRect mDynamicInputRegion=154602516@LastEvent=t=1543940525050Rect(25, 0 - 67, 455),Rect=Rect(0, 0 - 0, 0)
12-04 16:23:02.912  4214  4214 V Configuration:  needToUpdateOverlays
12-04 16:23:02.912  4214  4214 I chatty  : uid=10005(u0_a5) com.android.systemui identical 2 lines
12-04 16:23:02.912  4214  4214 V Configuration:  needToUpdateOverlays
12-04 16:23:02.912  6947  6947 D TrayStateController: putInputRect mDynamicInputRegion=154602516@LastEvent=t=1543940525050Rect(25, 0 - 67, 455),Rect=Rect(25, 0 - 67, 455)
12-04 16:23:02.912  4214  4214 V Configuration:  needToUpdateOverlays
12-04 16:23:02.913  6947  6947 D TrayStateTrigger: getTriggerMarginOnTop retY=605 halfHandleSize=228 getTriggerPosition=33.800007
12-04 16:23:02.914  4214  4214 V Configuration:  needToUpdateOverlays
12-04 16:23:02.914  4214  4214 V Configuration:  needToUpdateOverlays
12-04 16:23:02.914 21140 21140 D AOD_CONFIG@AODConfigurationController: updateMonitor MONITOR_CONFIGURATION
12-04 16:23:02.914 21140 21140 D AOD_CONFIG@AODConfigurationController: registerMonitor MONITOR_CONFIGURATION
12-04 16:23:02.914 21140 21140 D AOD_CONFIG@AODConfigurationController: onMobileKeyboardAttached - set : false
12-04 16:23:02.914  4214  4214 V Configuration:  needToUpdateOverlays
12-04 16:23:02.915  3785  4302 V WifiDisplayAdapter: getWifiDisplayStatusLocked: result=WifiDisplayStatus{featureState=2, scanState=0, activeDisplayState=0, activeDisplay=null, displays=[], sessionInfo=WifiDisplaySessionInfo: Client/Owner: Client GroupId:  Passphrase:  SessionId: 0 IP Address: , connectedState=-1}
12-04 16:23:02.916  4214  4214 I chatty  : uid=10005(u0_a5) com.android.systemui identical 3 lines
12-04 16:23:02.916  4214  4214 V Configuration:  needToUpdateOverlays
12-04 16:23:02.917  6947  6947 D PanelDescriptionView: updateHelpView: Apps edge2130968577 --> 2130968577 helpview reapplied0
12-04 16:23:02.918  6947  6947 D AbstractCocktailPanelView: setPanelVisible: CocktailPortraitRemotePanelView2 will be hidden: 5
12-04 16:23:02.918  6947  6947 D CocktailBarPanelVisibilityManager: updateActivePanelView:  vis=false screenOn=true onTransit=false -hide: 5 current Active: 5
12-04 16:23:02.918  6947  6947 E CocktailBarContainerView: updateContainerVisibility: 0
12-04 16:23:02.918  6947  6947 D AbstractCocktailPanelView: setPanelVisible: CocktailPortraitRemotePanelView2 will be hidden: 5
12-04 16:23:02.918  6947  6947 D CocktailBarPanelVisibilityManager: updateActivePanelView:  vis=false screenOn=true onTransit=false -hide: 5 current Active: 5
12-04 16:23:02.918  6947  6947 E CocktailBarContainerView: updateContainerVisibility: 0
12-04 16:23:02.918  4214  4214 V Configuration:  needToUpdateOverlays
12-04 16:23:02.919  4214  4214 I chatty  : uid=10005(u0_a5) com.android.systemui identical 4 lines
12-04 16:23:02.919  4214  4214 V Configuration:  needToUpdateOverlays
12-04 16:23:02.920  6947  6947 I Utils   : isCurrentUser current = 0, ownerId = 0
12-04 16:23:02.920  6947  6947 I TrayVisibilityController: updateTrayVisible: State=257 visible=2 mCurrentVisible=1 specificMode=0
12-04 16:23:02.920  6947  6947 D TrayStateController: putInputRect mDynamicInputRegion=154602516@LastEvent=t=1543940525050Rect(25, 0 - 67, 455),Rect=Rect(0, 0 - 0, 0)
12-04 16:23:02.923  4214 25580 D SystemServicesProxy: updateOverviewLastStackActiveTimeAsync: newTime=1543940582869
12-04 16:23:02.923  4214  4510 D NetworkController.MobileSignalController(0/-2): getMobileIconGroup(): 0
12-04 16:23:02.925  3785  5170 D SecContentProvider: query(), uri = 17 selection = isSettingsChangesAllowed
12-04 16:23:02.927  4560  4560 I NfcP2pEventManager: changeConfiguration() in NfcService
12-04 16:23:02.927  6947  6947 D TrayStateController: setUiState 2 : -isHideByOrientationPolicy 0 --> 2
12-04 16:23:02.927  3785  5170 D SecContentProvider: called from android.uid.systemui:10005
12-04 16:23:02.929  4214  4449 D SystemServicesProxy: updateOverviewLastStackActiveTimeAsync: done.
12-04 16:23:02.931  5005  5005 I PBSessionCacheImpl: Deleted sessionId[22013766717509068] from persistence.
12-04 16:23:02.933 21622 21717 I SAMSUNGPAY: [Hint_cek] ensureHomePackagesLoaded - already update, isHomePackageEmpty : false, isKnoxRunning : false
12-04 16:23:02.933 21140 21140 I AlwaysOnDisplay: REASON_MOBILE_KEYBOARD_COVERED_STATE_CHANGED: isMobileKeyboardCovered = false
12-04 16:23:02.933 21140 21140 D AOD_CONFIG@AODConfigurationController: onFolderStateChanged - isClosed : true
12-04 16:23:02.933  6947  6947 D PanelDescriptionView: updateHelpView: Apps edge-1 --> 2130968577 helpview applied:1, help scroll view applied.
12-04 16:23:02.933  3785  5230 V WifiDisplayAdapter: getWifiDisplayStatusLocked: result=WifiDisplayStatus{featureState=2, scanState=0, activeDisplayState=0, activeDisplay=null, displays=[], sessionInfo=WifiDisplaySessionInfo: Client/Owner: Client GroupId:  Passphrase:  SessionId: 0 IP Address: , connectedState=-1}
12-04 16:23:02.934 21622 21717 I SAMSUNGPAY: [Hint_cek] isHomePackageRunning topPkgName = com.YourCompany.FlaminGo, topClsName = com.epicgames.ue4.SplashActivity, return false
12-04 16:23:02.935  3785  3898 D SamsungAlarmManager: Expired : 4
12-04 16:23:02.935  4214  4214 D ViewRootImpl@e588265[AssistPreviewPanel]: setView = com.android.systemui.assist.AssistOrbContainer{2887b3a G.E...... ......I. 0,0-0,0} TM=true MM=false
12-04 16:23:02.935 25472 25472 I [WeatherWidget(157738@8)] : {[6F553C0FFEEBC8921C1DE372C0B7801AE73AF692B4D34AF07BA7747CBD8AFEE966523F972648F19F09857001A7CE9016BC545B7C29E22C195F7029BAD1E51092]}
12-04 16:23:02.936 25472 25472 I [WeatherWidget(157738@8)] : {[6F553C0FFEEBC8921C1DE372C0B7801AA01BB0C39F82763FF4509115D82B8D6E8F7548AAF31890FA7B9038662072A9AC6855E26A2CE06A09029A117D4CCE27C2FAC9F80DAE31FBAB897D7D86BA1DFC9F]}
12-04 16:23:02.936 21622 21622 I SAMSUNGPAY: [ServiceTypeTable] isSupportOperator : BTU, GB
12-04 16:23:02.936  3785  3898 I SamsungAlarmManager: setLocked to kernel - T:2 / 20181204T162405, SetElapsed=11228015, nowELAPSED=11165782
12-04 16:23:02.936  3785  3898 I SamsungAlarmManager: setLocked to kernel - T:3 / 20181204T162400, SetElapsed=11222846, nowELAPSED=11165782
12-04 16:23:02.937  3785  3898 V SamsungAlarmManager: Sending to uid : 1000 listener=android.app.AlarmManager$ListenerWrapper@e18770f alarm=Alarm{234ea83 type 2 when 11165781 android}
12-04 16:23:02.937 25472 25472 D [WeatherWidget(157738@8)] : {[1E664422AD52943CBB2A3A8093981A53214B59EF8336756F3A53C3AED4C7D819445FBF54BA5ADF9159760DDE7965C454FED52E802B23DA62F149C23CCEAC3AA8BC25E3B73843615E29CC9356DC3F194514387D6D5742449D7EB28EBA4ED68111432D166C1822C4B37947D4DDECEC855773C9D0896144A89D16ABE7A0055995D6F059CCF9589FD03A61A9E6B657DA003A38F0D718A406C0A8FD63D7DB51F0D791A86547DE7D48E9E001F29EC92D5A4470328F6F391C1BFA8B467835FA8515D322C4D68E27FEC7266491937730AA91756F3B899338E67CD8E8608C9B1373EAC77D307DEF76DCDCD9567DF6F21BB5F7646B]}
12-04 16:23:02.937  3785  3972 D WifiConnectivityManager: startPeriodicSingleScan mPeriodicSingleScanInterval: 64000, isInRange: true
12-04 16:23:02.937 21622 21622 D SAMSUNGPAY: [ServiceTypeTable] Upgrade - ServiceTypeTable - entryFromCountryIso - index is : 37, iso : GB
12-04 16:23:02.938  3785  3998 I WifiScanController: scan requested by WifiConnectivityManager
12-04 16:23:02.938  3785  3972 D SamsungAlarmManager: setInexact Listener (T:2/F:8/AC:false) 20181204T162406 - CU:1000/CP:3785
12-04 16:23:02.938  3785  3998 I WifiScanController: checkAndStopMonitoring diff:56137
12-04 16:23:02.939  3785  3998 I WifiScanController: SMD listener state : registered
12-04 16:23:02.939  6947  6947 D TrayStateController: setUiState 2 : -isHideByOrientationPolicy  already 2
12-04 16:23:02.940  6947  6947 D ViewRootImpl@282d580[CocktailBarService]: MSG_RESIZED_REPORT: frame=Rect(2153, 605 - 2220, 1060) ci=Rect(0, 0 - 126, 0) vi=Rect(0, 0 - 126, 0) or=2
12-04 16:23:02.940  5291  5291 V Configuration:  needToUpdateOverlays
12-04 16:23:02.940  5291  5291 V Configuration:  needToUpdateOverlays
12-04 16:23:02.940  5291  5291 V Configuration:  needToUpdateOverlays
12-04 16:23:02.940 21140 21140 I AOD_CONFIG@AlwaysOnDisplay: REASON_FOLDER_CLOSED_STATE_CHANGED: ignore / has Folder [false]
12-04 16:23:02.940  5291  5291 V Configuration:  needToUpdateOverlays
12-04 16:23:02.940  5291  5291 V Configuration:  needToUpdateOverlays
12-04 16:23:02.940 21140 21140 D AOD_CONFIG@AODConfigurationController: onDesktopModeChanged - isDesktopMode : false
12-04 16:23:02.940  3785  4302 V WifiDisplayAdapter: getWifiDisplayStatusLocked: result=WifiDisplayStatus{featureState=2, scanState=0, activeDisplayState=0, activeDisplay=null, displays=[], sessionInfo=WifiDisplaySessionInfo: Client/Owner: Client GroupId:  Passphrase:  SessionId: 0 IP Address: , connectedState=-1}
12-04 16:23:02.943  6947  7020 D OpenGLRenderer: eglDestroySurface = 0x733f042ba0
12-04 16:23:02.944  6947  6947 D CocktailBarTriggerContainerView: onApplyWindowInsets bottom =0
12-04 16:23:02.945  3785  4302 V WindowManager: Relayout Window{125799d u0 com.samsung.android.app.cocktailbarservice/com.samsung.android.app.cocktailbarservice.CocktailBarService}: viewVisibility=8 req=67x455 WM.LayoutParams{(0,605)(67x455) gr=#35 sim=#20 ty=2226 fl=#1800148 pfl=0x50 fmt=-2 vsysui=0x2000 colorMode=0 naviIconColor=0}
12-04 16:23:02.945  3785  4302 I WindowManager: Destroying surface Surface(name=com.samsung.android.app.cocktailbarservice/com.samsung.android.app.cocktailbarservice.CocktailBarService) called by com.android.server.wm.WindowStateAnimator.destroySurface:2465 com.android.server.wm.WindowStateAnimator.destroySurfaceLocked:967 com.android.server.wm.WindowState.destroyOrSaveSurfaceUnchecked:3661 com.android.server.wm.WindowState.destroySurface:3609 com.android.server.wm.WindowManagerService.tryStartExitingAnimation:2676 com.android.server.wm.WindowManagerService.relayoutWindow:2460 com.android.server.wm.Session.relayout:249 android.view.IWindowSession$Stub.onTransact:288 
12-04 16:23:02.945  3249  3488 I SurfaceFlinger: id=222 Removed com.samsung.android.app.cocktailbarservice/com.samsung.android.app.cocktailbarservice.CocktailBarService#0 (6/9)
12-04 16:23:02.945  3249  3488 I SurfaceFlinger: id=222 Removed com.samsung.android.app.cocktailbarservice/com.samsung.android.app.cocktailbarservice.CocktailBarService#0 (-2/9)
12-04 16:23:02.946 26283 26305 D libEGL  : loaded /vendor/lib/egl/libGLES_mali.so
12-04 16:23:02.947 21622 21622 D SAMSUNGPAY: [Hint_SimpleIntroService] Hint Status - HIDE : Home Package Not Running
12-04 16:23:02.947 21622 21622 I SemUiSupportService: getWindowAttributes()
12-04 16:23:02.947 21140 21140 I AOD_CONFIG@AlwaysOnDisplay: REASON_DESKTOP_MODE_ENABLE_STATE_CHANGED: [false]
12-04 16:23:02.947 21140 21140 D AOD_CONFIG@AODConfigurationController: onFlipFontChanged - flipFont : 0
12-04 16:23:02.949  6947  6947 D ViewRootImpl@282d580[CocktailBarService]: Relayout returned: old=[2153,605][2220,1060] new=[2153,605][2220,1060] result=0x5 surface={valid=false 0} changed=true
12-04 16:23:02.949  6947  6947 D CocktailBarTriggerContainerView: onApplyWindowInsets bottom =0
12-04 16:23:02.950 21622 21721 D OpenGLRenderer: eglDestroySurface = 0xf13de4e8
12-04 16:23:02.956  3785  4302 V WindowManager: Relayout Window{892fa83 u0 com.samsung.android.spay.simple.SimpleIntroHintService}: viewVisibility=8 req=566x63 WM.LayoutParams{(0,0)(566x63) gr=#51 sim=#20 ty=2024 fl=#1800308 fmt=-3 vsysui=0x2000 colorMode=0 naviIconColor=0}
12-04 16:23:02.956  3785  4302 I WindowManager: Destroying surface Surface(name=com.samsung.android.spay.simple.SimpleIntroHintService) called by com.android.server.wm.WindowStateAnimator.destroySurface:2465 com.android.server.wm.WindowStateAnimator.destroySurfaceLocked:967 com.android.server.wm.WindowState.destroyOrSaveSurfaceUnchecked:3661 com.android.server.wm.WindowState.destroySurface:3609 com.android.server.wm.WindowManagerService.tryStartExitingAnimation:2676 com.android.server.wm.WindowManagerService.relayoutWindow:2460 com.android.server.wm.Session.relayout:249 android.view.IWindowSession$Stub.onTransact:288 
12-04 16:23:02.956  3249  3277 I SurfaceFlinger: id=226 Removed com.samsung.android.spay.simple.SimpleIntroHintService#0 (7/8)
12-04 16:23:02.956  3249  3277 I SurfaceFlinger: id=226 Removed com.samsung.android.spay.simple.SimpleIntroHintService#0 (-2/8)
12-04 16:23:02.957  6947  6947 I AbstractCocktailPanelView: notifyPanelVisibilityChanged: visibility not changed 2 id: 5
12-04 16:23:02.957  6947  6947 D CocktailBarUiController: onCocktailBarStateChanged: flag=0x1 vis=2 bgType=0 showTimeout=-1 activate=true
12-04 16:23:02.957  3785  3796 I ActivityManager: START u0 {act=null typ=null flg=0x10000 cmp=ComponentInfo{com.YourCompany.FlaminGo/com.epicgames.ue4.GameActivity}} from uid 10228
12-04 16:23:02.958  5005  5005 W SearchServiceCore: Abort, client detached.
12-04 16:23:02.958  5291  5291 V Configuration:  needToUpdateOverlays
12-04 16:23:02.959  5291  5291 I chatty  : uid=10083(u0_a83) com.sec.android.app.launcher identical 5 lines
12-04 16:23:02.959  5291  5291 V Configuration:  needToUpdateOverlays
12-04 16:23:02.959 21622 21622 D ViewRootImpl@f1f4885[SimpleIntroHintService]: Relayout returned: old=[827,1017][1393,1080] new=[827,1017][1393,1080] result=0x5 surface={valid=false 0} changed=true
12-04 16:23:02.960  4214  4510 D NetworkController: updateCarrierText : Emergency calls only
12-04 16:23:02.961  5291  5291 V Configuration:  needToUpdateOverlays
12-04 16:23:02.961  3249  3249 I Layer   : id=222 onRemoved com.samsung.android.app.cocktailbarservice/com.samsung.android.app.cocktailbarservice.CocktailBarService#0 
12-04 16:23:02.961  3249  3249 I Layer   : id=226 onRemoved com.samsung.android.spay.simple.SimpleIntroHintService#0 
12-04 16:23:02.964  5291  5291 V Configuration:  needToUpdateOverlays
12-04 16:23:02.964  3785  4302 V WindowManager: Relayout Window{125799d u0 com.samsung.android.app.cocktailbarservice/com.samsung.android.app.cocktailbarservice.CocktailBarService}: viewVisibility=8 req=67x455 WM.LayoutParams{(0,605)(67x455) gr=#35 sim=#20 ty=2226 fl=#1800148 pfl=0x50 fmt=-2 vsysui=0x2000 colorMode=0 naviIconColor=0}
12-04 16:23:02.964 21622 21622 I SAMSUNGPAY: [ServiceTypeTable] isSupportOperator : BTU, GB
12-04 16:23:02.965  5291  5291 D ViewRootImpl@6f11468[LauncherActivity]: MSG_WINDOW_FOCUS_CHANGED 0
12-04 16:23:02.966  4214  4214 D ViewRootImpl@dc65d53[DockedStackDivider]: setView = com.android.systemui.stackdivider.DividerView{f173690 I.E...... ......I. 0,0-0,0} TM=true MM=false
12-04 16:23:02.967  6947  6947 D ViewRootImpl@282d580[CocktailBarService]: Relayout returned: old=[2153,605][2220,1060] new=[2153,605][2220,1060] result=0x1 surface={valid=false 0} changed=false
12-04 16:23:02.971  3785  3880 D ViewRootImpl@240effc[FlaminGo]: dispatchDetachedFromWindow
12-04 16:23:02.971  3785  3880 D InputEventReceiver: channel '7ad2685 Splash Screen com.YourCompany.FlaminGo (client)' ~ Disposing input event receiver.
12-04 16:23:02.971  3785  3880 D InputEventReceiver: channel '7ad2685 Splash Screen com.YourCompany.FlaminGo (client)' ~NativeInputEventReceiver.
12-04 16:23:02.971  3249  3249 D SurfaceFlinger:   Display[0] configurations (* current):
12-04 16:23:02.971  3249  3249 D SurfaceFlinger:     * 0: 1440x2960, xdpi=522.513977, ydpi=525.762024, refresh=16666666
12-04 16:23:02.971  3249  3249 D SurfaceFlinger:   numHwLayers=4, flags=00000000
12-04 16:23:02.971  3249  3249 D SurfaceFlinger:     type   |  handle  | hint | flag | tr | blnd |   format    |     source crop (l,t,r,b)      |          frame         | name 
12-04 16:23:02.971  3249  3249 D SurfaceFlinger: -----------+----------+------+------+----+------+-------------+--------------------------------+------------------------+------
12-04 16:23:02.971  3249  3249 D SurfaceFlinger:        HWC | 7392e59fa0 | 0000 | 0000 | 04 | 0105 | RGBA_8888   |    0.0,    0.0, 1080.0,   63.0 | 1017,    0, 1080, 1080 | StatusBar#0
12-04 16:23:02.971  3249  3249 D SurfaceFlinger:       GLES | 7392a2bee0 | 0000 | 0000 | 04 | 0105 | RGBA_8888   |    0.0,    0.0,  126.0,  126.0 |  954, 2094, 1080, 2220 | NavigationBar#0
12-04 16:23:02.971  3249  3249 D SurfaceFlinger:        HWC | 7392e5a160 | 0000 | 0100 | 00 | 0105 | RGBA_8888   |    0.0,    0.0, 1080.0, 2220.0 |    0,    0, 1080, 2220 | ScreenshotSurface#0
12-04 16:23:02.971  3249  3249 D SurfaceFlinger:  FB TARGET | 7392e55b60 | 0000 | 0000 | 00 | 0105 | RGBA_8888   |    0.0,    0.0, 1440.0, 2960.0 |    0,    0, 1440, 2960 | HWC_FRAMEBUFFER_TARGET
12-04 16:23:02.971  3785  3880 I WindowManager: Destroying surface Surface(name=Splash Screen com.YourCompany.FlaminGo) called by com.android.server.wm.WindowStateAnimator.destroySurface:2465 com.android.server.wm.WindowStateAnimator.destroySurfaceLocked:967 com.android.server.wm.WindowState.removeImmediately:2396 com.android.server.wm.WindowState.removeIfPossible:2594 com.android.server.wm.WindowState.removeIfPossible:2434 com.android.server.wm.WindowManagerService.removeWindow:2018 com.android.server.wm.Session.remove:233 android.view.ViewRootImpl.dispatchDetachedFromWindow:4093 
12-04 16:23:02.971  3249  3276 I SurfaceFlinger: id=227 Removed Splash Screen com.YourCompany.FlaminGo#0 (2/7)
12-04 16:23:02.971  3249  3276 I SurfaceFlinger: id=227 Removed Splash Screen com.YourCompany.FlaminGo#0 (-2/7)
12-04 16:23:02.973 21622 21622 D SAMSUNGPAY: [ServiceTypeTable] Upgrade - ServiceTypeTable - entryFromCountryIso - index is : 37, iso : GB
12-04 16:23:02.973 21622 21622 D SAMSUNGPAY: [Hint_SimpleIntroService] Hint Status - already invisible, skip hide : Landscape mode
12-04 16:23:02.976  4214  4214 D ViewRootImpl@eafec8e[DividerButtonsGroup]: dispatchDetachedFromWindow
12-04 16:23:02.976  4214  4214 D InputEventReceiver: channel 'a11d540 DividerButtonsGroup (client)' ~ Disposing input event receiver.
12-04 16:23:02.976  4214  4214 D InputEventReceiver: channel 'a11d540 DividerButtonsGroup (client)' ~NativeInputEventReceiver.
12-04 16:23:02.977  3785  5170 W AppOps  : Finishing op nesting under-run: uid 10005 pkg com.android.systemui code 70 time=0 duration=0 nesting=0
12-04 16:23:02.978  3249  3249 I Layer   : id=227 onRemoved Splash Screen com.YourCompany.FlaminGo#0 
12-04 16:23:02.979  5291  5291 I Launcher: onWindowVisibilityChanged : false
12-04 16:23:02.986  5291  5652 D OpenGLRenderer: eglDestroySurface = 0x73214e7ac0
12-04 16:23:02.986  3785  3796 V WindowManager: Relayout Window{3d323c8 u0 com.sec.android.app.launcher/com.sec.android.app.launcher.activities.LauncherActivity}: viewVisibility=8 req=1080x2220 WM.LayoutParams{(0,0)(fillxfill) sim=#30 ty=1 fl=#81910d00 pfl=0x20000 fmt=-2 wanim=0x10302ea vsysui=0x700 needsMenuKey=2 colorMode=0 dimDuration=333 naviIconColor=0}
12-04 16:23:02.989  5291  5291 D ViewRootImpl@6f11468[LauncherActivity]: Relayout returned: old=[0,0][1080,2220] new=[0,0][1080,2220] result=0x5 surface={valid=false 0} changed=true
12-04 16:23:02.990  4214  4214 D ViewRootImpl@ebb803e[DividerButtonsGroup]: setView = com.android.systemui.stackdivider.DividerButtonsGroup{d24fbec I.E...... ......I. 0,0-0,0} TM=true MM=false
12-04 16:23:02.991  4214  4214 D ViewRootImpl@50d39c7[StatusBar]: MSG_RESIZED_REPORT: frame=Rect(0, 0 - 2220, 63) ci=Rect(0, 0 - 126, 0) vi=Rect(0, 0 - 126, 0) or=2
12-04 16:23:02.994  4214  4214 D MetadataParser: onConfigurationChanged()
12-04 16:23:02.995  4214  4214 I MetadataParser: updateMetadataInfo() key = com.sec.android.daemonapp, bInfo = MetadataInfo[pkgName=com.sec.android.daemonapp, dbKey=add_info_com_sec_android_daemonapp, titleRes = 2131100116, title=null], mInfo = MetadataInfo[pkgName=com.sec.android.daemonapp, dbKey=add_info_com_sec_android_daemonapp, titleRes = 2131100116, title=null]
12-04 16:23:02.998  3785  3796 D SecContentProvider: query(), uri = 17 selection = isSettingsChangesAllowed
12-04 16:23:02.999  3785  3796 D SecContentProvider: called from android.uid.systemui:10005
12-04 16:23:02.999  3785  3796 D SecContentProvider: query(), uri = 17 selection = isSettingsChangesAllowed
12-04 16:23:03.000  3785  3796 D SecContentProvider: called from android.uid.systemui:10005
12-04 16:23:03.003  3785  6486 D SecContentProvider: query(), uri = 17 selection = isSettingsChangesAllowed
12-04 16:23:03.004  3785  6486 D SecContentProvider: called from android.uid.systemui:10005
12-04 16:23:03.005  3785  3936 D MdnieScenarioControlService:  packageName : com.YourCompany.FlaminGo    className : com.epicgames.ue4.GameActivity
12-04 16:23:03.005  3785  3936 V MdnieScenarioControlService: setUIMode from UI function(3)
12-04 16:23:03.012  4214  4214 D ViewRootImpl@8c5732[NavigationBar]: MSG_RESIZED_REPORT: frame=Rect(2094, 0 - 2220, 1080) ci=Rect(0, 0 - 0, 0) vi=Rect(0, 0 - 0, 0) or=2
12-04 16:23:03.013  4214  4214 D ViewRootImpl@c4cfa54[NavBarTouchConsumer]: MSG_RESIZED_REPORT: frame=Rect(1108, 1076 - 1112, 1080) ci=Rect(0, 0 - 0, 0) vi=Rect(0, 0 - 0, 0) or=2
12-04 16:23:03.014  3785  6486 V WindowManager: Relayout Window{8f15fc0 u0 NavigationBar}: viewVisibility=0 req=126x1080 WM.LayoutParams{(0,0)(fillxfill) sim=#20 ty=2019 fl=#21840068 fmt=-3 colorMode=0 naviIconColor=0}
12-04 16:23:03.020  3785  3998 D SamsungAlarmManager: setInexact Listener (T:2/F:8/AC:false) 20181204T162318 - CU:1000/CP:3785
12-04 16:23:03.021  3785  3998 I SamsungAlarmManager: setLocked to kernel - T:2 / 20181204T162318, SetElapsed=11180866, nowELAPSED=11165866
12-04 16:23:03.031  4214  4214 D ViewRootImpl@8c5732[NavigationBar]: Relayout returned: old=[2094,0][2220,1080] new=[2094,0][2220,1080] result=0x23 surface={valid=true 493710180352} changed=false
12-04 16:23:03.032  4214  4649 D OpenGLRenderer: eglDestroySurface = 0x733441d2d0
12-04 16:23:03.033  4214  4214 D SecNavigationBarView: setNavigationIconHints showImeButton : false
12-04 16:23:03.033  4214  4214 D SecNavigationBarView: updateImmersivePinIcon() isImmersiveMode=false
12-04 16:23:03.033  4214  4649 D mali_winsys: EGLint new_window_surface(egl_winsys_display *, void *, EGLSurface, EGLConfig, egl_winsys_surface **, egl_color_buffer_format *, EGLBoolean) returns 0x3000,  [126x1080]-format:1
12-04 16:23:03.034  4214  4649 D OpenGLRenderer: eglCreateWindowSurface = 0x733441d2d0
12-04 16:23:03.037  3785  6486 V WindowManager: finishDrawingLocked: mDrawState=COMMIT_DRAW_PENDING Window{8f15fc0 u0 NavigationBar} in Surface(name=NavigationBar)
12-04 16:23:03.039  3785  6486 V WindowManager: Relayout Window{42c9573 u0 NavBarTouchConsumer}: viewVisibility=0 req=4x4 WM.LayoutParams{(0,0)(4x4) gr=#5 sim=#20 ty=2273 fl=#1080108 fmt=-3 alpha=0.0 colorMode=0 naviIconColor=0 sfl=0x20000}
12-04 16:23:03.042  4214  4214 D ViewRootImpl@c4cfa54[NavBarTouchConsumer]: Relayout returned: old=[1108,1076][1112,1080] new=[2216,538][2220,542] result=0x3 surface={valid=true 494270455808} changed=false
12-04 16:23:03.043  3785  3796 D ActivityManager: isScaleDownAnimationEnabled() : false
12-04 16:23:03.043  4214  4649 D OpenGLRenderer: eglDestroySurface = 0x7334421f10
12-04 16:23:03.043  4214  4649 D mali_winsys: EGLint new_window_surface(egl_winsys_display *, void *, EGLSurface, EGLConfig, egl_winsys_surface **, egl_color_buffer_format *, EGLBoolean) returns 0x3000,  [4x4]-format:1
12-04 16:23:03.043  4214  4649 D OpenGLRenderer: eglCreateWindowSurface = 0x7334421f10
12-04 16:23:03.044  3785  3796 D PersonaManagerService: Current focused persona service handled id set to : 0
12-04 16:23:03.044  3785  3796 D InputDispatcher: Focused application set to: xxxx
12-04 16:23:03.045  3785  4067 D GameManagerService: handleForegroundChange(). pkgName: com.YourCompany.FlaminGo, clsName: com.epicgames.ue4.GameActivity,FgActivityName:com.YourCompany.FlaminGo/com.epicgames.ue4.GameActivity
12-04 16:23:03.045  3785  4067 D GameManagerService:   handleForegroundChange(). same package. game has never resumed yet. ignore
12-04 16:23:03.046  3785  3796 D MARsPolicyManager: onPackageResumedFG pkgName = com.YourCompany.FlaminGo, userId = 0
12-04 16:23:03.050  3785  6486 V WindowManager: finishDrawingLocked: mDrawState=COMMIT_DRAW_PENDING Window{42c9573 u0 NavBarTouchConsumer} in Surface(name=NavBarTouchConsumer)
12-04 16:23:03.058 26283 26283 W linker  : /data/app/com.YourCompany.FlaminGo-FpxEvu5ASItWhZTcsA0a2Q==/lib/arm/libOVRPlugin.so: is missing DT_SONAME will use basename as a replacement: "libOVRPlugin.so"
12-04 16:23:03.060 26283 26283 D OVRPlugin: JNI_OnLoad
12-04 16:23:03.075  3785  6486 V WindowManager: Relayout Window{ddbd06e u0 StatusBar}: viewVisibility=0 req=2220x63 WM.LayoutParams{(0,0)(fillx63) gr=#30 sim=#10 ty=2000 fl=#81840048 fmt=-3 vsysui=0x600 colorMode=0 naviIconColor=0}
12-04 16:23:03.081  4214  4214 D ViewRootImpl@50d39c7[StatusBar]: Relayout returned: old=[0,0][2220,63] new=[0,0][2220,63] result=0x23 surface={valid=true 494354108416} changed=false
12-04 16:23:03.083  4214  4649 D OpenGLRenderer: eglDestroySurface = 0x733441f170
12-04 16:23:03.084  4214  4649 D mali_winsys: EGLint new_window_surface(egl_winsys_display *, void *, EGLSurface, EGLConfig, egl_winsys_surface **, egl_color_buffer_format *, EGLBoolean) returns 0x3000,  [2220x63]-format:1
12-04 16:23:03.084  4214  4649 D OpenGLRenderer: eglCreateWindowSurface = 0x733441f170
12-04 16:23:03.098 26283 26283 D UE4     : Used memory before allocating anything was 133.75MB
12-04 16:23:03.101  4214  4214 D ScrollView:  onsize change changed 
