10-30 15:45:07.134  3374  3374 E audit   : type=1400 audit(1540914307.131:87276): avc:  denied  { read } for  pid=28963 comm="Thread-2" name="stat" dev="proc" ino=4026532420 scontext=u:r:untrusted_app_25:s0:c512,c768 tcontext=u:object_r:proc_stat:s0 tclass=file permissive=0 SEPF_SM-G955F_8.0.0_0016 audit_filtered
10-30 15:45:07.250  3374  3374 I chatty  : uid=1999(audit) /system/bin/auditd identical 1 line
10-30 15:45:07.351  3374  3374 E audit   : type=1400 audit(1540914307.347:87278): avc:  denied  { read } for  pid=28963 comm="Thread-2" name="stat" dev="proc" ino=4026532420 scontext=u:r:untrusted_app_25:s0:c512,c768 tcontext=u:object_r:proc_stat:s0 tclass=file permissive=0 SEPF_SM-G955F_8.0.0_0016 audit_filtered
10-30 15:45:07.364 28963 28988 D UE4     : [2018.10.30-15.45.07:364][ 88]LogBlueprintUserMessages: [MasterTile_C_11] 54
10-30 15:45:07.366 28963 28988 D UE4     : [2018.10.30-15.45.07:366][ 88]LogBlueprintUserMessages: [Magnet_Pickup_3] magnetinactive
10-30 15:45:07.366 28963 28988 D UE4     : LogScript: Warning: Accessed None trying to read property K2Node_DynamicCast_AsThird_Person_Character
10-30 15:45:07.366 28963 28988 D UE4     : 	Magnet_Pickup_C /Game/ThirdPersonBP/Maps/FirstMap.FirstMap:PersistentLevel.Magnet_Pickup_3
10-30 15:45:07.366 28963 28988 D UE4     : 	Function /Game/RunnerFiles/Blueprints/Magnet_Pickup.Magnet_Pickup_C:ExecuteUbergraph_Magnet_Pickup:0078
10-30 15:45:07.366 28963 28988 D UE4     : 
10-30 15:45:07.366 28963 28988 D UE4     : [2018.10.30-15.45.07:366][ 88]LogScript: Warning: Accessed None trying to read property K2Node_DynamicCast_AsThird_Person_Character
10-30 15:45:07.366 28963 28988 D UE4     : 	Magnet_Pickup_C /Game/ThirdPersonBP/Maps/FirstMap.FirstMap:PersistentLevel.Magnet_Pickup_3
10-30 15:45:07.366 28963 28988 D UE4     : 	Function /Game/RunnerFiles/Blueprints/Magnet_Pickup.Magnet_Pickup_C:ExecuteUbergraph_Magnet_Pickup:0078
10-30 15:45:07.367 28963 28988 D UE4     : LogScript: Warning: Script call stack:
10-30 15:45:07.367 28963 28988 D UE4     : 	Function /Game/RunnerFiles/Blueprints/Magnet_Pickup.Magnet_Pickup_C:ExecuteUbergraph_Magnet_Pickup
10-30 15:45:07.367 28963 28988 D UE4     : 
10-30 15:45:07.367 28963 28988 D UE4     : [2018.10.30-15.45.07:367][ 88]LogScript: Warning: Script call stack:
10-30 15:45:07.367 28963 28988 D UE4     : 	Function /Game/RunnerFiles/Blueprints/Magnet_Pickup.Magnet_Pickup_C:ExecuteUbergraph_Magnet_Pickup
10-30 15:45:07.367 28963 28988 D UE4     : 
10-30 15:45:07.367 28963 28988 D UE4     : [2018.10.30-15.45.07:367][ 88]LogBlueprintUserMessages: [Magnet_Pickup_3] Deactivated
10-30 15:45:07.451  3374  3374 E audit   : type=1400 audit(1540914307.447:87279): avc:  denied  { read } for  pid=28963 comm="Thread-2" name="stat" dev="proc" ino=4026532420 scontext=u:r:untrusted_app_25:s0:c512,c768 tcontext=u:object_r:proc_stat:s0 tclass=file permissive=0 SEPF_SM-G955F_8.0.0_0016 audit_filtered
10-30 15:45:07.473 28963 28988 D UE4     : [2018.10.30-15.45.07:473][ 95]LogBlueprintUserMessages: [4xMultiplierPickup_2] MULTI OFF
10-30 15:45:07.551  3374  3374 E audit   : type=1400 audit(1540914307.547:87280): avc:  denied  { read } for  pid=28963 comm="Thread-2" name="stat" dev="proc" ino=4026532420 scontext=u:r:untrusted_app_25:s0:c512,c768 tcontext=u:object_r:proc_stat:s0 tclass=file permissive=0 SEPF_SM-G955F_8.0.0_0016 audit_filtered
10-30 15:45:07.652  3374  3374 E audit   : type=1400 audit(1540914307.647:87281): avc:  denied  { read } for  pid=28963 comm="Thread-2" name="stat" dev="proc" ino=4026532420 scontext=u:r:untrusted_app_25:s0:c512,c768 tcontext=u:object_r:proc_stat:s0 tclass=file permissive=0 SEPF_SM-G955F_8.0.0_0016 audit_filtered
10-30 15:45:07.699  3790  3899 D SamsungAlarmManager: Expired : 4
10-30 15:45:07.701  3790  3899 D SamsungAlarmManager: setInexact Intent (T:1/F:0/AC:false) 20181030T154648 - CU:1000/CP:3790
10-30 15:45:07.701  3790  3899 I SamsungAlarmManager: setLocked to kernel - T:2 / 20181030T154524, SetElapsed=1209854833, nowELAPSED=1209838208
10-30 15:45:07.701  3790  3899 V SamsungAlarmManager: Sending to uid : 1000 listener=android.app.AlarmManager$ListenerWrapper@718e58c alarm=Alarm{6321f89 type 2 when 1209778511 android}
10-30 15:45:07.702  3790  3971 D WifiConnectivityManager: startPeriodicSingleScan mPeriodicSingleScanInterval: 128000, isInRange: true
10-30 15:45:07.702  3790  3899 V SamsungAlarmManager: Sending to uid : 1000 action=com.sec.android.bartender.action.BATTERYSTATS_REFRESH alarm=Alarm{5e95b8e type 1 when 1540914307700 android}
10-30 15:45:07.703  3790  3899 V SamsungAlarmManager: Sending to uid : 10028 action=null alarm=Alarm{c156faf type 3 when 1209795006 com.google.android.gms}
10-30 15:45:07.704  3790  3997 I WifiScanController: scan requested by WifiConnectivityManager
10-30 15:45:07.704  3790  3997 I WifiScanController: checkAndStopMonitoring diff:103375
10-30 15:45:07.704  3790  3997 I WifiScanController: SMD listener state : registered
10-30 15:45:07.704  3790  3899 V SamsungAlarmManager: Sending to uid : 10028 action=com.google.android.location.reporting.collectors.ULR_BAROMETER_READ_ALARM alarm=Alarm{8942b45 type 1 when 1540914288163 com.google.android.gms}
10-30 15:45:07.708  3790  3806 I ActivityManager: Killing 19573:com.samsung.android.app.aodservice/u0a5 (adj 906): empty for 1800s
10-30 15:45:07.712  3790  3899 V SamsungAlarmManager: Sending to uid : 10083 action=com.samsung.action.EVERY_MINUTE_CLOCK_UPDATE alarm=Alarm{65357cb type 1 when 1540914300000 com.sec.android.app.launcher}
10-30 15:45:07.717  3790  3971 D SamsungAlarmManager: setInexact Listener (T:2/F:8/AC:false) 20181030T154715 - CU:1000/CP:3790
10-30 15:45:07.719  3240  3240 I android.hardware.wifi@1.0-service: getLinkLayerStats
10-30 15:45:07.724  3790  3900 D SamsungAlarmManager: setInexact Intent (T:1/F:8/AC:false) 20181030T161507 - CU:1000/CP:3790
10-30 15:45:07.734  3790  5046 I SensorService: createSensorEventConnection package name com.google.android.location.reporting.collectors.BarometerReporter$BarometerWatcher
10-30 15:45:07.737  3790  5046 D SensorService: Calling batch handle==13 flags=0 rate=100000000 timeout== 0
10-30 15:45:07.737  3237  3883 I Sensors : batch - pressure_sensor try to batching with 100000000
10-30 15:45:07.739  3237  3883 I Sensors : PressureSensor old sensor_state 19, new sensor_state : 51 en : 1
10-30 15:45:07.742 23297 23297 D SensorManager: registerListener :: 13, LPS22H Barometer Sensor, 0, 0,  
10-30 15:45:07.744 30045 30045 I Launcher: onReceive: com.samsung.action.EVERY_MINUTE_CLOCK_UPDATE
10-30 15:45:07.747  3790  5046 D SamsungAlarmManager: setInexact Intent (T:1/F:0/AC:false) 20181030T154600 - CU:10083/CP:30045
10-30 15:45:07.751 30045 30045 I IconView: applyFromApplicationInfo - start GetLive : com.sec.android.app.clockpackage
10-30 15:45:07.753  3374  3374 E audit   : type=1400 audit(1540914307.747:87282): avc:  denied  { read } for  pid=28963 comm="Thread-2" name="stat" dev="proc" ino=4026532420 scontext=u:r:untrusted_app_25:s0:c512,c768 tcontext=u:object_r:proc_stat:s0 tclass=file permissive=0 SEPF_SM-G955F_8.0.0_0016 audit_filtered
10-30 15:45:07.756 28963 28988 D UE4     : LogScript: Warning: Accessed None trying to read property K2Node_DynamicCast_AsThird_Person_Character
10-30 15:45:07.756 28963 28988 D UE4     : 	Jump_Powerup_C /Game/ThirdPersonBP/Maps/FirstMap.FirstMap:PersistentLevel.Jump_Powerup_3
10-30 15:45:07.756 28963 28988 D UE4     : 	Function /Game/RunnerFiles/Blueprints/Jump_Powerup.Jump_Powerup_C:ExecuteUbergraph_Jump_Powerup:0026
10-30 15:45:07.756 28963 28988 D UE4     : 
10-30 15:45:07.756 28963 28988 D UE4     : [2018.10.30-15.45.07:756][112]LogScript: Warning: Accessed None trying to read property K2Node_DynamicCast_AsThird_Person_Character
10-30 15:45:07.756 28963 28988 D UE4     : 	Jump_Powerup_C /Game/ThirdPersonBP/Maps/FirstMap.FirstMap:PersistentLevel.Jump_Powerup_3
10-30 15:45:07.756 28963 28988 D UE4     : 	Function /Game/RunnerFiles/Blueprints/Jump_Powerup.Jump_Powerup_C:ExecuteUbergraph_Jump_Powerup:0026
10-30 15:45:07.756 28963 28988 D UE4     : LogScript: Warning: Script call stack:
10-30 15:45:07.756 28963 28988 D UE4     : 	Function /Game/RunnerFiles/Blueprints/Jump_Powerup.Jump_Powerup_C:ExecuteUbergraph_Jump_Powerup
10-30 15:45:07.756 28963 28988 D UE4     : 
10-30 15:45:07.756 28963 28988 D UE4     : [2018.10.30-15.45.07:756][112]LogScript: Warning: Script call stack:
10-30 15:45:07.756 28963 28988 D UE4     : 	Function /Game/RunnerFiles/Blueprints/Jump_Powerup.Jump_Powerup_C:ExecuteUbergraph_Jump_Powerup
10-30 15:45:07.756 28963 28988 D UE4     : 
10-30 15:45:07.757 28963 28988 D UE4     : LogScript: Warning: Accessed None
10-30 15:45:07.757 28963 28988 D UE4     : 	Jump_Powerup_C /Game/ThirdPersonBP/Maps/FirstMap.FirstMap:PersistentLevel.Jump_Powerup_3
10-30 15:45:07.757 28963 28988 D UE4     : 	Function /Game/RunnerFiles/Blueprints/Jump_Powerup.Jump_Powerup_C:ExecuteUbergraph_Jump_Powerup:003B
10-30 15:45:07.757 28963 28988 D UE4     : 
10-30 15:45:07.757 28963 28988 D UE4     : [2018.10.30-15.45.07:757][112]LogScript: Warning: Accessed None
10-30 15:45:07.757 28963 28988 D UE4     : 	Jump_Powerup_C /Game/ThirdPersonBP/Maps/FirstMap.FirstMap:PersistentLevel.Jump_Powerup_3
10-30 15:45:07.757 28963 28988 D UE4     : 	Function /Game/RunnerFiles/Blueprints/Jump_Powerup.Jump_Powerup_C:ExecuteUbergraph_Jump_Powerup:003B
10-30 15:45:07.757 28963 28988 D UE4     : LogScript: Warning: Script call stack:
10-30 15:45:07.757 28963 28988 D UE4     : 	Function /Game/RunnerFiles/Blueprints/Jump_Powerup.Jump_Powerup_C:ExecuteUbergraph_Jump_Powerup
10-30 15:45:07.757 28963 28988 D UE4     : 
10-30 15:45:07.757 28963 28988 D UE4     : [2018.10.30-15.45.07:757][112]LogScript: Warning: Script call stack:
10-30 15:45:07.757 28963 28988 D UE4     : 	Function /Game/RunnerFiles/Blueprints/Jump_Powerup.Jump_Powerup_C:ExecuteUbergraph_Jump_Powerup
10-30 15:45:07.757 28963 28988 D UE4     : 
10-30 15:45:07.757 28963 28988 D UE4     : LogScript: Warning: Attempted to assign to None
10-30 15:45:07.757 28963 28988 D UE4     : 	Jump_Powerup_C /Game/ThirdPersonBP/Maps/FirstMap.FirstMap:PersistentLevel.Jump_Powerup_3
10-30 15:45:07.757 28963 28988 D UE4     : 	Function /Game/RunnerFiles/Blueprints/Jump_Powerup.Jump_Powerup_C:ExecuteUbergraph_Jump_Powerup:0050
10-30 15:45:07.757 28963 28988 D UE4     : 
10-30 15:45:07.757 28963 28988 D UE4     : [2018.10.30-15.45.07:757][112]LogScript: Warning: Attempted to assign to None
10-30 15:45:07.757 28963 28988 D UE4     : 	Jump_Powerup_C /Game/ThirdPersonBP/Maps/FirstMap.FirstMap:PersistentLevel.Jump_Powerup_3
10-30 15:45:07.757 28963 28988 D UE4     : 	Function /Game/RunnerFiles/Blueprints/Jump_Powerup.Jump_Powerup_C:ExecuteUbergraph_Jump_Powerup:0050
10-30 15:45:07.757 28963 28988 D UE4     : LogScript: Warning: Script call stack:
10-30 15:45:07.757 28963 28988 D UE4     : 	Function /Game/RunnerFiles/Blueprints/Jump_Powerup.Jump_Powerup_C:ExecuteUbergraph_Jump_Powerup
10-30 15:45:07.757 28963 28988 D UE4     : 
10-30 15:45:07.757 28963 28988 D UE4     : [2018.10.30-15.45.07:757][112]LogScript: Warning: Script call stack:
10-30 15:45:07.757 28963 28988 D UE4     : 	Function /Game/RunnerFiles/Blueprints/Jump_Powerup.Jump_Powerup_C:ExecuteUbergraph_Jump_Powerup
10-30 15:45:07.757 28963 28988 D UE4     : 
10-30 15:45:07.766 30045 30045 D ApplicationPackageManager: we has com.sec.android.app.clockpackage class. reuse it 
10-30 15:45:07.766 30045 30045 D LiveIconLoader: getLiveIcon was called in ClockPackage
10-30 15:45:07.771 30045 30045 D LiveIconLoader: getLiveIcon res = com.sec.android.app.clockpackage
10-30 15:45:07.773 30045 30045 D LiveIconLoader: stdIconSize : 126 , targetIconSize : 154
10-30 15:45:07.773 30045 30045 D LiveIconLoader: mIconDpi : 640 , mTargetIconDpi : 420
10-30 15:45:07.784 30045 30045 I ApplicationPackageManager: load= live icon for com.sec.android.app.clockpackage, from overlay = false
10-30 15:45:07.785 30045 30045 I LiveIconManager: getLiveIcon: complete(sync_created)
10-30 15:45:07.785 30045 30045 I IconView: applyFromApplicationInfo - end GetLive : com.sec.android.app.clockpackage
10-30 15:45:07.785 30045 30045 I IconView: applyFromApplicationInfo - start GetLive : com.samsung.android.calendar
10-30 15:45:07.785 30045 30045 I BitmapCacheContainer: getBitmapCache: BitmapCache expired com.samsung.android.calendar/UserHandle{0}
10-30 15:45:07.788 23297 28026 E ctxmgr  : [BaseServerTask]Failed network request due to no network connectivity: 
10-30 15:45:07.790 23297 28026 E ctxmgr  : [AccountAclCallback]Failed Acl fetch: network status=1
10-30 15:45:07.799  3790  3997 D SamsungAlarmManager: setInexact Listener (T:2/F:8/AC:false) 20181030T154522 - CU:1000/CP:3790
10-30 15:45:07.805 30045 30045 D ApplicationPackageManager: we has com.samsung.android.calendar class. reuse it 
10-30 15:45:07.813 23297 28026 E ctxmgr  : [BaseServerTask]Failed network request due to no network connectivity: 
10-30 15:45:07.814 23297 28026 E ctxmgr  : [AccountAclCallback]Failed Acl fetch: network status=1
10-30 15:45:07.818 30045 30045 I ApplicationPackageManager: load= live icon for com.samsung.android.calendar, from overlay = false
10-30 15:45:07.820 30045 30045 I LiveIconManager: getLiveIcon: complete(sync_created)
10-30 15:45:07.820 30045 30045 I IconView: applyFromApplicationInfo - end GetLive : com.samsung.android.calendar
10-30 15:45:07.828  4177  4388 E bt_btif : btif_dm_upstreams_evt: ev: BTA_DM_ENER_INFO_READ
10-30 15:45:07.846  3790 29145 D BatteryStatsService: !@ mLastInfo WifiActivityEnergyInfo{ timestamp=1209306226 mStackState=3 mControllerTxTimeMs=156517 mControllerTxTimePerLevelMs=[] mControllerRxTimeMs=769229 mControllerIdleTimeMs=16755365 mControllerEnergyUsed=389636118 }
10-30 15:45:07.846  3790 29145 D BatteryStatsService: !@ latest WifiActivityEnergyInfo{ timestamp=1209838318 mStackState=3 mControllerTxTimeMs=156687 mControllerTxTimePerLevelMs=[] mControllerRxTimeMs=769599 mControllerIdleTimeMs=16759367 mControllerEnergyUsed=389899285 }
10-30 15:45:07.846  3790 29145 D BatteryStatsService: !@ delta timePeriodMs : 532092 txTimeMs : 170 rxTimeMs :370 idleTimeMs : 4002
10-30 15:45:07.847  4557  7023 D ForegroundUtils: could not check pending caller
10-30 15:45:07.850  3790  3815 W ActivityManager: setHasOverlayUi called on unknown pid: 19573
10-30 15:45:07.867  3374  3374 E audit   : type=1400 audit(1540914307.863:87283): avc:  denied  { read } for  pid=28963 comm="Thread-2" name="stat" dev="proc" ino=4026532420 scontext=u:r:untrusted_app_25:s0:c512,c768 tcontext=u:object_r:proc_stat:s0 tclass=file permissive=0 SEPF_SM-G955F_8.0.0_0016 audit_filtered
10-30 15:45:07.872  3790  5196 D SamsungAlarmManager: setInexact Intent (T:3/F:0/AC:false) 20181030T154607 - CU:10028/CP:23297
10-30 15:45:07.962  3790 29145 I BarTender:BatteryStatsDumper: writing to daily db completed
10-30 15:45:07.966  3790  5196 D SensorService: Calling activate off 13
10-30 15:45:07.967  3790 29145 I BarTender:BatteryStatsDumper: writing to weekly db completed
10-30 15:45:07.967  3790 29145 I BarTender:BatteryStatsDumper: refreshstats completed
10-30 15:45:07.967  3790 29145 I BarTender:GATHERERBATTSTATS: set - time:1540914307967
10-30 15:45:07.967  3790 29145 I BarTender:ANALYZERBATTSTATS: Observer from Gatherer - time:1540914307967
10-30 15:45:07.967  3237  3883 I Sensors : PressureSensor old sensor_state 51, new sensor_state : 19 en : 0
10-30 15:45:07.967  3790  3900 I BarTender:ANALYZERBATTSTATS: MSG_TYPE_BARTENDER_CHECK_POWER::
10-30 15:45:07.967  3790  3900 I BarTender:BatteryStatsDBHelper: checkForPowerThreshold called : 1540914307967
10-30 15:45:07.970 23297 23297 D SensorManager: unregisterListener ::   
10-30 15:45:07.983  3374  3374 E audit   : type=1400 audit(1540914307.979:87284): avc:  denied  { read } for  pid=28963 comm="Thread-2" name="stat" dev="proc" ino=4026532420 scontext=u:r:untrusted_app_25:s0:c512,c768 tcontext=u:object_r:proc_stat:s0 tclass=file permissive=0 SEPF_SM-G955F_8.0.0_0016 audit_filtered
10-30 15:45:08.027 25221 25221 E adbd    : recv: OPEN 00001d33 00000000 000c:73 68 65 6C 6C 2C 76 32 3A 70 73 00 
10-30 15:45:08.028 25221 25221 E adbd    : service_to_fd: shell,v2:ps
10-30 15:45:08.075 28963 28988 D UE4     : [2018.10.30-15.45.08:075][131]LogBlueprintUserMessages: [MasterTile_C_12] 55
10-30 15:45:08.086  3374  3374 E audit   : type=1400 audit(1540914308.083:87285): avc:  denied  { read } for  pid=28963 comm="Thread-2" name="stat" dev="proc" ino=4026532420 scontext=u:r:untrusted_app_25:s0:c512,c768 tcontext=u:object_r:proc_stat:s0 tclass=file permissive=0 SEPF_SM-G955F_8.0.0_0016 audit_filtered
10-30 15:45:08.421  3790  3790 D CustomFrequencyManagerService: releaseDVFSLockLocked : Getting Lock type frm List : DVFS_MIN_LIMIT  frequency : 858000  uid : 1000  pid : 3790  tag : GESTURE_DETECTED@CPU_MIN@55
10-30 15:45:08.638  3374  3374 I chatty  : uid=1999(audit) /system/bin/auditd identical 5 lines
10-30 15:45:08.751  3374  3374 E audit   : type=1400 audit(1540914308.747:87291): avc:  denied  { read } for  pid=28963 comm="Thread-2" name="stat" dev="proc" ino=4026532420 scontext=u:r:untrusted_app_25:s0:c512,c768 tcontext=u:object_r:proc_stat:s0 tclass=file permissive=0 SEPF_SM-G955F_8.0.0_0016 audit_filtered
10-30 15:45:08.789 28963 28988 D UE4     : [2018.10.30-15.45.08:789][174]LogBlueprintUserMessages: [MasterTile_C_13] 56
10-30 15:45:08.852  3374  3374 E audit   : type=1400 audit(1540914308.847:87292): avc:  denied  { read } for  pid=28963 comm="Thread-2" name="stat" dev="proc" ino=4026532420 scontext=u:r:untrusted_app_25:s0:c512,c768 tcontext=u:object_r:proc_stat:s0 tclass=file permissive=0 SEPF_SM-G955F_8.0.0_0016 audit_filtered
10-30 15:45:09.069  3374  3374 I chatty  : uid=1999(audit) /system/bin/auditd identical 2 lines
10-30 15:45:09.170  3374  3374 E audit   : type=1400 audit(1540914309.163:87295): avc:  denied  { read } for  pid=28963 comm="Thread-2" name="stat" dev="proc" ino=4026532420 scontext=u:r:untrusted_app_25:s0:c512,c768 tcontext=u:object_r:proc_stat:s0 tclass=file permissive=0 SEPF_SM-G955F_8.0.0_0016 audit_filtered
10-30 15:45:09.259 25221 25221 E adbd    : recv: OPEN 00001d39 00000000 000c:73 68 65 6C 6C 2C 76 32 3A 70 73 00 
10-30 15:45:09.259 25221 25221 E adbd    : service_to_fd: shell,v2:ps
10-30 15:45:09.270  3374  3374 E audit   : type=1400 audit(1540914309.267:87296): avc:  denied  { read } for  pid=28963 comm="Thread-2" name="stat" dev="proc" ino=4026532420 scontext=u:r:untrusted_app_25:s0:c512,c768 tcontext=u:object_r:proc_stat:s0 tclass=file permissive=0 SEPF_SM-G955F_8.0.0_0016 audit_filtered
10-30 15:45:09.384  3374  3374 E audit   : type=1400 audit(1540914309.379:87297): avc:  denied  { read } for  pid=28963 comm="Thread-2" name="stat" dev="proc" ino=4026532420 scontext=u:r:untrusted_app_25:s0:c512,c768 tcontext=u:object_r:proc_stat:s0 tclass=file permissive=0 SEPF_SM-G955F_8.0.0_0016 audit_filtered
10-30 15:45:09.405  3790  3932 D InputReader: Input event(5): value=1 when=193356211681000
10-30 15:45:09.405  3790  3932 D InputReader: Input event(5): value=1 when=193356211681000
10-30 15:45:09.405  3790  3932 I InputReader: Touch event's action is 0x0 (deviceType=0) [pCnt=1, s=0.1750 ] when=193356211681000
10-30 15:45:09.406  3790  3931 I InputDispatcher: Delivering touch to (4209): action: 0x4, toolType: 1
10-30 15:45:09.406  3790  3931 I InputDispatcher: Delivering touch to (28963): action: 0x0, toolType: 1
10-30 15:45:09.406 28963 28989 V threaded_app: New input event: type=2
10-30 15:45:09.407 28963 28963 D ViewRootImpl@f78b6ac[GameActivity]: ViewPostIme pointer 0
10-30 15:45:09.431 28963 28989 V threaded_app: New input event: type=2
10-30 15:45:09.435 28963 28988 D UE4     : [2018.10.30-15.45.09:435][213]LogBlueprintUserMessages: [ThirdPersonCharacter_C_0] Right
10-30 15:45:09.447 28963 28989 V threaded_app: New input event: type=2
10-30 15:45:09.464 28963 28989 I chatty  : uid=10222(u0_a222) identical 1 line
10-30 15:45:09.481 28963 28989 V threaded_app: New input event: type=2
10-30 15:45:09.486  3374  3374 E audit   : type=1400 audit(1540914309.483:87298): avc:  denied  { read } for  pid=28963 comm="Thread-2" name="stat" dev="proc" ino=4026532420 scontext=u:r:untrusted_app_25:s0:c512,c768 tcontext=u:object_r:proc_stat:s0 tclass=file permissive=0 SEPF_SM-G955F_8.0.0_0016 audit_filtered
10-30 15:45:09.492 28963 28988 D UE4     : [2018.10.30-15.45.09:492][216]LogBlueprintUserMessages: [MasterTile_C_14] 57
10-30 15:45:09.498 28963 28989 V threaded_app: New input event: type=2
10-30 15:45:09.514 28963 28989 I chatty  : uid=10222(u0_a222) identical 1 line
10-30 15:45:09.531 28963 28989 V threaded_app: New input event: type=2
10-30 15:45:09.532  3790  3932 D InputReader: Input event(5): value=0 when=193356338449000
10-30 15:45:09.532  3790  3932 D InputReader: Input event(5): value=0 when=193356338449000
10-30 15:45:09.532  3790  3932 I InputReader: Touch event's action is 0x1 (deviceType=0) [pCnt=1, s=] when=193356338449000
10-30 15:45:09.532  3790  3931 I InputDispatcher: Delivering touch to (28963): action: 0x1, toolType: 1
10-30 15:45:09.533  3790  7015 D CustomFrequencyManagerService: acquireDVFSLockLocked : type : DVFS_MIN_LIMIT  frequency : 858000  uid : 1000  pid : 3790  pkgName : GESTURE_DETECTED@CPU_MIN@55
10-30 15:45:09.535 28963 28989 V threaded_app: New input event: type=2
10-30 15:45:09.535 28963 28963 D ViewRootImpl@f78b6ac[GameActivity]: ViewPostIme pointer 1
10-30 15:45:09.602  3374  3374 E audit   : type=1400 audit(1540914309.599:87299): avc:  denied  { read } for  pid=28963 comm="Thread-2" name="stat" dev="proc" ino=4026532420 scontext=u:r:untrusted_app_25:s0:c512,c768 tcontext=u:object_r:proc_stat:s0 tclass=file permissive=0 SEPF_SM-G955F_8.0.0_0016 audit_filtered
10-30 15:45:09.703  3374  3374 E audit   : type=1400 audit(1540914309.699:87300): avc:  denied  { read } for  pid=28963 comm="Thread-2" name="stat" dev="proc" ino=4026532420 scontext=u:r:untrusted_app_25:s0:c512,c768 tcontext=u:object_r:proc_stat:s0 tclass=file permissive=0 SEPF_SM-G955F_8.0.0_0016 audit_filtered
10-30 15:45:09.767  3790  3905 D SensorHubManager: onGetSensorHubDataLocked: library(4) = 1, 1, 7, -1
10-30 15:45:09.768  3790  3906 D CAE     : onGetSensorHubData(SensorHubParserProvider.java:91) - onGetSensorHubData Event [event buffer len :4], AP_WAKEUP
10-30 15:45:09.768  3790  3906 I CAE     : parse(SensorHubParserProvider.java:192) - buffer size = 4
10-30 15:45:09.768  3790  3906 I CAE     : parse(SensorHubParserProvider.java:203) - 1, 1, 7, -1,
10-30 15:45:09.768  3790  3906 D CAE     : display(ContextProvider.java:375) - ================= AUTO_ROTATION =================
10-30 15:45:09.769  3790  3906 I CAE     : display(ContextProvider.java:391) - Angle=[-1]
10-30 15:45:09.769  3790  3910 D SemContextService: Service.updateContext() : service = Auto Rotation
10-30 15:45:09.770  3790  3807 D SemContextManager: AutoRotationEvent : Angle = -1
10-30 15:45:09.770  3790  3807 V WindowOrientationListener: OrientationSensorJudge.onSemContextChanged, Rotation: -1
10-30 15:45:09.819  3374  3374 E audit   : type=1400 audit(1540914309.815:87301): avc:  denied  { read } for  pid=28963 comm="Thread-2" name="stat" dev="proc" ino=4026532420 scontext=u:r:untrusted_app_25:s0:c512,c768 tcontext=u:object_r:proc_stat:s0 tclass=file permissive=0 SEPF_SM-G955F_8.0.0_0016 audit_filtered
10-30 15:45:09.828  3790  3905 D SensorHubManager: onGetSensorHubDataLocked: library(4) = 1, 1, 7, 1
10-30 15:45:09.828  3790  3906 D CAE     : onGetSensorHubData(SensorHubParserProvider.java:91) - onGetSensorHubData Event [event buffer len :4], AP_WAKEUP
10-30 15:45:09.828  3790  3906 I CAE     : parse(SensorHubParserProvider.java:192) - buffer size = 4
10-30 15:45:09.829  3790  3906 I CAE     : parse(SensorHubParserProvider.java:203) - 1, 1, 7, 1,
10-30 15:45:09.829  3790  3906 D CAE     : display(ContextProvider.java:375) - ================= AUTO_ROTATION =================
10-30 15:45:09.829  3790  3906 I CAE     : display(ContextProvider.java:391) - Angle=[1]
10-30 15:45:09.830  3790  3910 D SemContextService: Service.updateContext() : service = Auto Rotation
10-30 15:45:09.830  3790  3807 D SemContextManager: AutoRotationEvent : Angle = 1
10-30 15:45:09.830  3790  3807 V WindowOrientationListener: OrientationSensorJudge.onSemContextChanged, Rotation: -1
10-30 15:45:09.936  3374  3374 E audit   : type=1400 audit(1540914309.931:87302): avc:  denied  { read } for  pid=28963 comm="Thread-2" name="stat" dev="proc" ino=4026532420 scontext=u:r:untrusted_app_25:s0:c512,c768 tcontext=u:object_r:proc_stat:s0 tclass=file permissive=0 SEPF_SM-G955F_8.0.0_0016 audit_filtered
10-30 15:45:10.036  3374  3374 I chatty  : uid=1999(audit) /system/bin/auditd identical 1 line
10-30 15:45:10.152  3374  3374 E audit   : type=1400 audit(1540914310.147:87304): avc:  denied  { read } for  pid=28963 comm="Thread-2" name="stat" dev="proc" ino=4026532420 scontext=u:r:untrusted_app_25:s0:c512,c768 tcontext=u:object_r:proc_stat:s0 tclass=file permissive=0 SEPF_SM-G955F_8.0.0_0016 audit_filtered
10-30 15:45:10.190 28963 28988 D UE4     : [2018.10.30-15.45.10:190][258]LogBlueprintUserMessages: [MasterTile_C_15] 58
10-30 15:45:10.253  3374  3374 E audit   : type=1400 audit(1540914310.247:87305): avc:  denied  { read } for  pid=28963 comm="Thread-2" name="stat" dev="proc" ino=4026532420 scontext=u:r:untrusted_app_25:s0:c512,c768 tcontext=u:object_r:proc_stat:s0 tclass=file permissive=0 SEPF_SM-G955F_8.0.0_0016 audit_filtered
10-30 15:45:10.369  3374  3374 I chatty  : uid=1999(audit) /system/bin/auditd identical 1 line
10-30 15:45:10.474  4918  4918 D io_stats: !@   8,0 r 423882 19749104 w 690065 17073392 d 60076 58622192 f 828984 864284 iot 2137516 457363 th 307200 0 0 pt 0 inp 0 0 193357.279
10-30 15:45:10.486  3374  3374 E audit   : type=1400 audit(1540914310.483:87307): avc:  denied  { read } for  pid=28963 comm="Thread-2" name="stat" dev="proc" ino=4026532420 scontext=u:r:untrusted_app_25:s0:c512,c768 tcontext=u:object_r:proc_stat:s0 tclass=file permissive=0 SEPF_SM-G955F_8.0.0_0016 audit_filtered
10-30 15:45:10.487 25221 25221 E adbd    : recv: OPEN 00001d3d 00000000 000c:73 68 65 6C 6C 2C 76 32 3A 70 73 00 
10-30 15:45:10.487 25221 25221 E adbd    : service_to_fd: shell,v2:ps
10-30 15:45:10.590  3790  3947 D WificondControl: Scan result ready event
10-30 15:45:10.591  3790  3997 D SamsungAlarmManager: Cancel Alarm calling from uid:1000 pid :3790 / listener:android.app.AlarmManager$ListenerWrapper@ce4fcf9
10-30 15:45:10.597  4431  4479 D EventHandler_FLP: WIFI_SCAN_RESULTS
10-30 15:45:10.602  3374  3374 E audit   : type=1400 audit(1540914310.599:87308): avc:  denied  { read } for  pid=28963 comm="Thread-2" name="stat" dev="proc" ino=4026532420 scontext=u:r:untrusted_app_25:s0:c512,c768 tcontext=u:object_r:proc_stat:s0 tclass=file permissive=0 SEPF_SM-G955F_8.0.0_0016 audit_filtered
10-30 15:45:10.704  3374  3374 I chatty  : uid=1999(audit) /system/bin/auditd identical 1 line
10-30 15:45:10.804  3790  3790 D CustomFrequencyManagerService: releaseDVFSLockLocked : Getting Lock type frm List : DVFS_MIN_LIMIT  frequency : 858000  uid : 1000  pid : 3790  tag : GESTURE_DETECTED@CPU_MIN@55
10-30 15:45:10.820  3374  3374 E audit   : type=1400 audit(1540914310.815:87310): avc:  denied  { read } for  pid=28963 comm="Thread-2" name="stat" dev="proc" ino=4026532420 scontext=u:r:untrusted_app_25:s0:c512,c768 tcontext=u:object_r:proc_stat:s0 tclass=file permissive=0 SEPF_SM-G955F_8.0.0_0016 audit_filtered
10-30 15:45:10.877 28963 28988 D UE4     : [2018.10.30-15.45.10:877][299]LogBlueprintUserMessages: [MasterTile_C_16] 59
10-30 15:45:10.937  3374  3374 E audit   : type=1400 audit(1540914310.931:87311): avc:  denied  { read } for  pid=28963 comm="Thread-2" name="stat" dev="proc" ino=4026532420 scontext=u:r:untrusted_app_25:s0:c512,c768 tcontext=u:object_r:proc_stat:s0 tclass=file permissive=0 SEPF_SM-G955F_8.0.0_0016 audit_filtered
10-30 15:45:11.370  3374  3374 I chatty  : uid=1999(audit) /system/bin/auditd identical 4 lines
10-30 15:45:11.471  3374  3374 E audit   : type=1400 audit(1540914311.467:87316): avc:  denied  { read } for  pid=28963 comm="Thread-2" name="stat" dev="proc" ino=4026532420 scontext=u:r:untrusted_app_25:s0:c512,c768 tcontext=u:object_r:proc_stat:s0 tclass=file permissive=0 SEPF_SM-G955F_8.0.0_0016 audit_filtered
10-30 15:45:11.561 28963 28988 D UE4     : [2018.10.30-15.45.11:561][340]LogBlueprintUserMessages: [MasterTile_C_17] 60
10-30 15:45:11.571  3374  3374 E audit   : type=1400 audit(1540914311.567:87317): avc:  denied  { read } for  pid=28963 comm="Thread-2" name="stat" dev="proc" ino=4026532420 scontext=u:r:untrusted_app_25:s0:c512,c768 tcontext=u:object_r:proc_stat:s0 tclass=file permissive=0 SEPF_SM-G955F_8.0.0_0016 audit_filtered
10-30 15:45:11.659  3790  3947 D BatteryService: !@BatteryListener : batteryPropertiesChanged!
10-30 15:45:11.659  3790  3947 D BatteryService: level:95, scale:100, status:2, health:2, present:true, voltage: 4210, temperature: 295, technology: Li-ion, AC powered:false, USB powered:true, POGO powered:false, Wireless powered:false, icon:17303841, invalid charger:0, maxChargingCurrent:0, maxChargingVoltage:0, chargeCounter:3293000
10-30 15:45:11.660  3790  3947 D BatteryService: online:4, current avg:-178, charge type:1, power sharing:false, high voltage charger:false, capacity:280000, batterySWSelfDischarging:false, misc_event:0, current_event:0, current_now:-52
10-30 15:45:11.660  3790  3790 D BatteryService: Sending ACTION_BATTERY_CHANGED.
10-30 15:45:11.663  3790  3790 I MotionRecognitionService: Plugged
10-30 15:45:11.663  3790  3790 D MotionRecognitionService:   mCableConnection= 1
10-30 15:45:11.663  3790  3790 D MotionRecognitionService: setPowerConnected : mGripEnabled = false
10-30 15:45:11.663  3790  3790 D SamsungPhoneWindowManager: ACTION_BATTERY_CHANGED - Level :: 95, battStatus :: 2
10-30 15:45:11.664  3790  3813 D UsbDeviceManager: handleMessage -> MSG_UPDATE_CHARGING_STATE = 1
10-30 15:45:11.674  4209  4209 D KeyguardUpdateMonitor: received broadcast android.intent.action.BATTERY_CHANGED
10-30 15:45:11.678  4209  4209 D BatteryController: onReceive-ACTION_BATTERY_CHANGED : mLevel=95, mBatteryStatus=2
10-30 15:45:11.685  4177  4177 V HeadsetService: Received Intent.ACTION_BATTERY_CHANGED
10-30 15:45:11.691  3374  3374 E audit   : type=1400 audit(1540914311.687:87318): avc:  denied  { read } for  pid=28963 comm="Thread-2" name="stat" dev="proc" ino=4026532420 scontext=u:r:untrusted_app_25:s0:c512,c768 tcontext=u:object_r:proc_stat:s0 tclass=file permissive=0 SEPF_SM-G955F_8.0.0_0016 audit_filtered
10-30 15:45:11.693  4177  5012 D HeadsetStateMachine: Disconnected process message: 10, size: 0
10-30 15:45:11.697 28963 28963 D UE4     : Battery: status = 2, rawlevel = 95, scale = 100
10-30 15:45:11.697 28963 28963 D UE4     : nativeBatteryEvent(stat = 2, lvl = 95  temp = 29.50 C)
10-30 15:45:11.700  4209  4209 D PowerUI : priorPlugType = 2 mPlugType =  2
10-30 15:45:11.703  4209  4209 D PowerUI.Notification: showChargingNotice oldChargingType : 1 currentChargingType : 1 oldChargingTime : 851000 mChargingTime : 851000
10-30 15:45:11.703  4209  4209 D PowerUI.Notification: There is no change about charging status, so return!
10-30 15:45:11.718  3790  5196 I ActivityManager: Killing 23722:com.samsung.android.bixby.agent/5018 (adj 906): empty for 1801s
10-30 15:45:11.730 25221 25221 E adbd    : recv: OPEN 00001d41 00000000 000c:73 68 65 6C 6C 2C 76 32 3A 70 73 00 
10-30 15:45:11.730 25221 25221 E adbd    : service_to_fd: shell,v2:ps
10-30 15:45:11.801  4557  7023 D ForegroundUtils: could not check pending caller
10-30 15:45:11.806  3374  3374 E audit   : type=1400 audit(1540914311.803:87319): avc:  denied  { read } for  pid=28963 comm="Thread-2" name="stat" dev="proc" ino=4026532420 scontext=u:r:untrusted_app_25:s0:c512,c768 tcontext=u:object_r:proc_stat:s0 tclass=file permissive=0 SEPF_SM-G955F_8.0.0_0016 audit_filtered
10-30 15:45:11.920  3374  3374 E audit   : type=1400 audit(1540914311.915:87320): avc:  denied  { read } for  pid=28963 comm="Thread-2" name="stat" dev="proc" ino=4026532420 scontext=u:r:untrusted_app_25:s0:c512,c768 tcontext=u:object_r:proc_stat:s0 tclass=file permissive=0 SEPF_SM-G955F_8.0.0_0016 audit_filtered
10-30 15:45:12.002  3790  3932 D InputReader: Input event(5): value=1 when=193358807888000
10-30 15:45:12.002  3790  3932 D InputReader: Input event(5): value=1 when=193358807888000
10-30 15:45:12.002  3790  3932 I InputReader: Touch event's action is 0x0 (deviceType=0) [pCnt=1, s=0.1751 ] when=193358807888000
10-30 15:45:12.003  3790  3931 I InputDispatcher: Delivering touch to (4209): action: 0x4, toolType: 1
10-30 15:45:12.003  3790  3931 I InputDispatcher: Delivering touch to (28963): action: 0x0, toolType: 1
10-30 15:45:12.004 28963 28989 V threaded_app: New input event: type=2
10-30 15:45:12.005 28963 28963 D ViewRootImpl@f78b6ac[GameActivity]: ViewPostIme pointer 0
10-30 15:45:12.016 28963 28989 V threaded_app: New input event: type=2
10-30 15:45:12.020  3374  3374 E audit   : type=1400 audit(1540914312.015:87321): avc:  denied  { read } for  pid=28963 comm="Thread-2" name="stat" dev="proc" ino=4026532420 scontext=u:r:untrusted_app_25:s0:c512,c768 tcontext=u:object_r:proc_stat:s0 tclass=file permissive=0 SEPF_SM-G955F_8.0.0_0016 audit_filtered
10-30 15:45:12.023 28963 28988 D UE4     : [2018.10.30-15.45.12:023][368]LogBlueprintUserMessages: [ThirdPersonCharacter_C_0] Left
10-30 15:45:12.032 28963 28989 V threaded_app: New input event: type=2
10-30 15:45:12.099 28963 28989 I chatty  : uid=10222(u0_a222) identical 4 lines
10-30 15:45:12.116 28963 28989 V threaded_app: New input event: type=2
10-30 15:45:12.120  3374  3374 E audit   : type=1400 audit(1540914312.115:87322): avc:  denied  { read } for  pid=28963 comm="Thread-2" name="stat" dev="proc" ino=4026532420 scontext=u:r:untrusted_app_25:s0:c512,c768 tcontext=u:object_r:proc_stat:s0 tclass=file permissive=0 SEPF_SM-G955F_8.0.0_0016 audit_filtered
10-30 15:45:12.132 28963 28989 V threaded_app: New input event: type=2
10-30 15:45:12.149 28963 28989 V threaded_app: New input event: type=2
10-30 15:45:12.152  3790  3932 D InputReader: Input event(5): value=0 when=193358959121000
10-30 15:45:12.153  3790  3932 D InputReader: Input event(5): value=0 when=193358959121000
10-30 15:45:12.153  3790  3932 I InputReader: Touch event's action is 0x1 (deviceType=0) [pCnt=1, s=] when=193358959121000
10-30 15:45:12.153  3790  3931 I InputDispatcher: Delivering touch to (28963): action: 0x1, toolType: 1
10-30 15:45:12.153 28963 28989 V threaded_app: New input event: type=2
10-30 15:45:12.154 28963 28989 V threaded_app: New input event: type=2
10-30 15:45:12.155  3790  7015 D CustomFrequencyManagerService: acquireDVFSLockLocked : type : DVFS_MIN_LIMIT  frequency : 858000  uid : 1000  pid : 3790  pkgName : GESTURE_DETECTED@CPU_MIN@55
10-30 15:45:12.155 28963 28963 D ViewRootImpl@f78b6ac[GameActivity]: ViewPostIme pointer 1
10-30 15:45:12.221  3374  3374 E audit   : type=1400 audit(1540914312.215:87323): avc:  denied  { read } for  pid=28963 comm="Thread-2" name="stat" dev="proc" ino=4026532420 scontext=u:r:untrusted_app_25:s0:c512,c768 tcontext=u:object_r:proc_stat:s0 tclass=file permissive=0 SEPF_SM-G955F_8.0.0_0016 audit_filtered
10-30 15:45:12.245 28963 28988 D UE4     : [2018.10.30-15.45.12:245][381]LogBlueprintUserMessages: [MasterTile_C_18] 61
10-30 15:45:12.337  3374  3374 E audit   : type=1400 audit(1540914312.331:87324): avc:  denied  { read } for  pid=28963 comm="Thread-2" name="stat" dev="proc" ino=4026532420 scontext=u:r:untrusted_app_25:s0:c512,c768 tcontext=u:object_r:proc_stat:s0 tclass=file permissive=0 SEPF_SM-G955F_8.0.0_0016 audit_filtered
10-30 15:45:12.398  3790  7015 D SSRM:A  : SIOP:: AP = 410, PST = 369 (W:15), BAT = 295, USB = 283, CHG = 357, CP = 327
10-30 15:45:12.771  3374  3374 I chatty  : uid=1999(audit) /system/bin/auditd identical 4 lines
10-30 15:45:12.871  3374  3374 E audit   : type=1400 audit(1540914312.867:87329): avc:  denied  { read } for  pid=28963 comm="Thread-2" name="stat" dev="proc" ino=4026532420 scontext=u:r:untrusted_app_25:s0:c512,c768 tcontext=u:object_r:proc_stat:s0 tclass=file permissive=0 SEPF_SM-G955F_8.0.0_0016 audit_filtered
10-30 15:45:12.910 28963 28988 D UE4     : [2018.10.30-15.45.12:910][421]LogBlueprintUserMessages: [MasterTile_C_19] 62
10-30 15:45:12.965 25221 25221 E adbd    : recv: OPEN 00001d45 00000000 000c:73 68 65 6C 6C 2C 76 32 3A 70 73 00 
10-30 15:45:12.965 25221 25221 E adbd    : service_to_fd: shell,v2:ps
10-30 15:45:12.973  3374  3374 E audit   : type=1400 audit(1540914312.967:87330): avc:  denied  { read } for  pid=28963 comm="Thread-2" name="stat" dev="proc" ino=4026532420 scontext=u:r:untrusted_app_25:s0:c512,c768 tcontext=u:object_r:proc_stat:s0 tclass=file permissive=0 SEPF_SM-G955F_8.0.0_0016 audit_filtered
10-30 15:45:13.087  3374  3374 E audit   : type=1400 audit(1540914313.083:87331): avc:  denied  { read } for  pid=28963 comm="Thread-2" name="stat" dev="proc" ino=4026532420 scontext=u:r:untrusted_app_25:s0:c512,c768 tcontext=u:object_r:proc_stat:s0 tclass=file permissive=0 SEPF_SM-G955F_8.0.0_0016 audit_filtered
10-30 15:45:13.130  3790  3932 D InputReader: Input event(5): value=1 when=193359936202000
10-30 15:45:13.130  3790  3932 D InputReader: Input event(5): value=1 when=193359936202000
10-30 15:45:13.130  3790  3932 I InputReader: Touch event's action is 0x0 (deviceType=0) [pCnt=1, s=0.1752 ] when=193359936202000
10-30 15:45:13.130  3790  3931 I InputDispatcher: Delivering touch to (4209): action: 0x4, toolType: 1
10-30 15:45:13.130  3790  3931 I InputDispatcher: Delivering touch to (28963): action: 0x0, toolType: 1
10-30 15:45:13.130 28963 28989 V threaded_app: New input event: type=2
10-30 15:45:13.131 28963 28963 D ViewRootImpl@f78b6ac[GameActivity]: ViewPostIme pointer 0
10-30 15:45:13.166 28963 28989 V threaded_app: New input event: type=2
10-30 15:45:13.173 28963 28988 D UE4     : [2018.10.30-15.45.13:173][437]LogBlueprintUserMessages: [ThirdPersonCharacter_C_0] up
10-30 15:45:13.183 28963 28989 V threaded_app: New input event: type=2
10-30 15:45:13.187  3374  3374 E audit   : type=1400 audit(1540914313.183:87332): avc:  denied  { read } for  pid=28963 comm="Thread-2" name="stat" dev="proc" ino=4026532420 scontext=u:r:untrusted_app_25:s0:c512,c768 tcontext=u:object_r:proc_stat:s0 tclass=file permissive=0 SEPF_SM-G955F_8.0.0_0016 audit_filtered
10-30 15:45:13.200 28963 28989 V threaded_app: New input event: type=2
10-30 15:45:13.216 28963 28989 I chatty  : uid=10222(u0_a222) identical 1 line
10-30 15:45:13.233 28963 28989 V threaded_app: New input event: type=2
10-30 15:45:13.239  3790  3932 D InputReader: Input event(5): value=0 when=193360046062000
10-30 15:45:13.240  3790  3932 D InputReader: Input event(5): value=0 when=193360046062000
10-30 15:45:13.240  3790  3932 I InputReader: Touch event's action is 0x1 (deviceType=0) [pCnt=1, s=] when=193360046062000
10-30 15:45:13.240  3790  3931 I InputDispatcher: Delivering touch to (28963): action: 0x1, toolType: 1
10-30 15:45:13.241 28963 28989 V threaded_app: New input event: type=2
10-30 15:45:13.242 28963 28989 V threaded_app: New input event: type=2
10-30 15:45:13.243 28963 28963 D ViewRootImpl@f78b6ac[GameActivity]: ViewPostIme pointer 1
10-30 15:45:13.243  3790  7015 D CustomFrequencyManagerService: acquireDVFSLockLocked : type : DVFS_MIN_LIMIT  frequency : 858000  uid : 1000  pid : 3790  pkgName : GESTURE_DETECTED@CPU_MIN@55
10-30 15:45:13.288  3374  3374 E audit   : type=1400 audit(1540914313.283:87333): avc:  denied  { read } for  pid=28963 comm="Thread-2" name="stat" dev="proc" ino=4026532420 scontext=u:r:untrusted_app_25:s0:c512,c768 tcontext=u:object_r:proc_stat:s0 tclass=file permissive=0 SEPF_SM-G955F_8.0.0_0016 audit_filtered
10-30 15:45:13.389  3374  3374 E audit   : type=1400 audit(1540914313.383:87334): avc:  denied  { read } for  pid=28963 comm="Thread-2" name="stat" dev="proc" ino=4026532420 scontext=u:r:untrusted_app_25:s0:c512,c768 tcontext=u:object_r:proc_stat:s0 tclass=file permissive=0 SEPF_SM-G955F_8.0.0_0016 audit_filtered
10-30 15:45:13.428  3790  3905 D SensorHubManager: onGetSensorHubDataLocked: library(4) = 1, 1, 7, -1
10-30 15:45:13.428  3790  3906 D CAE     : onGetSensorHubData(SensorHubParserProvider.java:91) - onGetSensorHubData Event [event buffer len :4], AP_WAKEUP
10-30 15:45:13.429  3790  3906 I CAE     : parse(SensorHubParserProvider.java:192) - buffer size = 4
10-30 15:45:13.430  3790  3906 I CAE     : parse(SensorHubParserProvider.java:203) - 1, 1, 7, -1,
10-30 15:45:13.430  3790  3906 D CAE     : display(ContextProvider.java:375) - ================= AUTO_ROTATION =================
10-30 15:45:13.430  3790  3906 I CAE     : display(ContextProvider.java:391) - Angle=[-1]
10-30 15:45:13.431  3790  3910 D SemContextService: Service.updateContext() : service = Auto Rotation
10-30 15:45:13.431  3790  3807 D SemContextManager: AutoRotationEvent : Angle = -1
10-30 15:45:13.431  3790  3807 V WindowOrientationListener: OrientationSensorJudge.onSemContextChanged, Rotation: -1
10-30 15:45:13.489  3790  3905 D SensorHubManager: onGetSensorHubDataLocked: library(4) = 1, 1, 7, 1
10-30 15:45:13.490  3790  3906 D CAE     : onGetSensorHubData(SensorHubParserProvider.java:91) - onGetSensorHubData Event [event buffer len :4], AP_WAKEUP
10-30 15:45:13.491  3790  3906 I CAE     : parse(SensorHubParserProvider.java:192) - buffer size = 4
10-30 15:45:13.492  3790  3906 I CAE     : parse(SensorHubParserProvider.java:203) - 1, 1, 7, 1,
10-30 15:45:13.492  3790  3906 D CAE     : display(ContextProvider.java:375) - ================= AUTO_ROTATION =================
10-30 15:45:13.493  3790  3906 I CAE     : display(ContextProvider.java:391) - Angle=[1]
10-30 15:45:13.494  3790  3910 D SemContextService: Service.updateContext() : service = Auto Rotation
10-30 15:45:13.494  3790  3807 D SemContextManager: AutoRotationEvent : Angle = 1
10-30 15:45:13.495  3790  3807 I chatty  : uid=1000(system) android.ui identical 1 line
10-30 15:45:13.504  3374  3374 E audit   : type=1400 audit(1540914313.499:87335): avc:  denied  { read } for  pid=28963 comm="Thread-2" name="stat" dev="proc" ino=4026532420 scontext=u:r:untrusted_app_25:s0:c512,c768 tcontext=u:object_r:proc_stat:s0 tclass=file permissive=0 SEPF_SM-G955F_8.0.0_0016 audit_filtered
10-30 15:45:13.580 28963 28988 D UE4     : [2018.10.30-15.45.13:580][461]LogBlueprintUserMessages: [MasterTile_C_20] 63
10-30 15:45:13.604  3374  3374 E audit   : type=1400 audit(1540914313.599:87336): avc:  denied  { read } for  pid=28963 comm="Thread-2" name="stat" dev="proc" ino=4026532420 scontext=u:r:untrusted_app_25:s0:c512,c768 tcontext=u:object_r:proc_stat:s0 tclass=file permissive=0 SEPF_SM-G955F_8.0.0_0016 audit_filtered
10-30 15:45:13.704  3374  3374 E audit   : type=1400 audit(1540914313.699:87337): avc:  denied  { read } for  pid=28963 comm="Thread-2" name="stat" dev="proc" ino=4026532420 scontext=u:r:untrusted_app_25:s0:c512,c768 tcontext=u:object_r:proc_stat:s0 tclass=file permissive=0 SEPF_SM-G955F_8.0.0_0016 audit_filtered
10-30 15:45:13.789  3790  3905 D SensorHubManager: onGetSensorHubDataLocked: library(4) = 1, 1, 7, -1
10-30 15:45:13.790  3790  3906 D CAE     : onGetSensorHubData(SensorHubParserProvider.java:91) - onGetSensorHubData Event [event buffer len :4], AP_WAKEUP
10-30 15:45:13.790  3790  3906 I CAE     : parse(SensorHubParserProvider.java:192) - buffer size = 4
10-30 15:45:13.790  3790  3906 I CAE     : parse(SensorHubParserProvider.java:203) - 1, 1, 7, -1,
10-30 15:45:13.791  3790  3906 D CAE     : display(ContextProvider.java:375) - ================= AUTO_ROTATION =================
10-30 15:45:13.791  3790  3906 I CAE     : display(ContextProvider.java:391) - Angle=[-1]
10-30 15:45:13.792  3790  3910 D SemContextService: Service.updateContext() : service = Auto Rotation
10-30 15:45:13.792  3790  3807 D SemContextManager: AutoRotationEvent : Angle = -1
10-30 15:45:13.792  3790  3807 V WindowOrientationListener: OrientationSensorJudge.onSemContextChanged, Rotation: -1
10-30 15:45:13.806  3374  3374 E audit   : type=1400 audit(1540914313.799:87338): avc:  denied  { read } for  pid=28963 comm="Thread-2" name="stat" dev="proc" ino=4026532420 scontext=u:r:untrusted_app_25:s0:c512,c768 tcontext=u:object_r:proc_stat:s0 tclass=file permissive=0 SEPF_SM-G955F_8.0.0_0016 audit_filtered
10-30 15:45:13.848  3790  3905 D SensorHubManager: onGetSensorHubDataLocked: library(4) = 1, 1, 7, 1
10-30 15:45:13.848  3790  3906 D CAE     : onGetSensorHubData(SensorHubParserProvider.java:91) - onGetSensorHubData Event [event buffer len :4], AP_WAKEUP
10-30 15:45:13.849  3790  3906 I CAE     : parse(SensorHubParserProvider.java:192) - buffer size = 4
10-30 15:45:13.849  3790  3906 I CAE     : parse(SensorHubParserProvider.java:203) - 1, 1, 7, 1,
10-30 15:45:13.849  3790  3906 D CAE     : display(ContextProvider.java:375) - ================= AUTO_ROTATION =================
10-30 15:45:13.849  3790  3906 I CAE     : display(ContextProvider.java:391) - Angle=[1]
10-30 15:45:13.854  3790  3910 D SemContextService: Service.updateContext() : service = Auto Rotation
10-30 15:45:13.855  3790  3807 D SemContextManager: AutoRotationEvent : Angle = 1
10-30 15:45:13.855  3790  3807 V WindowOrientationListener: OrientationSensorJudge.onSemContextChanged, Rotation: 1
10-30 15:45:13.856  3790  3807 V WindowManager: rotationForOrientationLw(orient=0, last=1); user=0  sensorRotation=1 mLidState=-1 mDockMode=0 mHdmiPlugged=false
10-30 15:45:13.921  3374  3374 E audit   : type=1400 audit(1540914313.915:87339): avc:  denied  { read } for  pid=28963 comm="Thread-2" name="stat" dev="proc" ino=4026532420 scontext=u:r:untrusted_app_25:s0:c512,c768 tcontext=u:object_r:proc_stat:s0 tclass=file permissive=0 SEPF_SM-G955F_8.0.0_0016 audit_filtered
10-30 15:45:13.968  3790  3905 D SensorHubManager: onGetSensorHubDataLocked: library(4) = 1, 1, 7, -1
10-30 15:45:13.969  3790  3906 D CAE     : onGetSensorHubData(SensorHubParserProvider.java:91) - onGetSensorHubData Event [event buffer len :4], AP_WAKEUP
10-30 15:45:13.969  3790  3906 I CAE     : parse(SensorHubParserProvider.java:192) - buffer size = 4
10-30 15:45:13.969  3790  3906 I CAE     : parse(SensorHubParserProvider.java:203) - 1, 1, 7, -1,
10-30 15:45:13.970  3790  3906 D CAE     : display(ContextProvider.java:375) - ================= AUTO_ROTATION =================
10-30 15:45:13.970  3790  3906 I CAE     : display(ContextProvider.java:391) - Angle=[-1]
10-30 15:45:13.970  3790  3910 D SemContextService: Service.updateContext() : service = Auto Rotation
10-30 15:45:13.971  3790  3807 D SemContextManager: AutoRotationEvent : Angle = -1
10-30 15:45:13.971  3790  3807 V WindowOrientationListener: OrientationSensorJudge.onSemContextChanged, Rotation: -1
10-30 15:45:14.022  3374  3374 E audit   : type=1400 audit(1540914314.019:87340): avc:  denied  { read } for  pid=28963 comm="Thread-2" name="stat" dev="proc" ino=4026532420 scontext=u:r:untrusted_app_25:s0:c512,c768 tcontext=u:object_r:proc_stat:s0 tclass=file permissive=0 SEPF_SM-G955F_8.0.0_0016 audit_filtered
10-30 15:45:14.029  3790  3905 D SensorHubManager: onGetSensorHubDataLocked: library(4) = 1, 1, 7, 1
10-30 15:45:14.030  3790  3906 D CAE     : onGetSensorHubData(SensorHubParserProvider.java:91) - onGetSensorHubData Event [event buffer len :4], AP_WAKEUP
10-30 15:45:14.030  3790  3906 I CAE     : parse(SensorHubParserProvider.java:192) - buffer size = 4
10-30 15:45:14.030  3790  3906 I CAE     : parse(SensorHubParserProvider.java:203) - 1, 1, 7, 1,
10-30 15:45:14.030  3790  3906 D CAE     : display(ContextProvider.java:375) - ================= AUTO_ROTATION =================
10-30 15:45:14.031  3790  3906 I CAE     : display(ContextProvider.java:391) - Angle=[1]
10-30 15:45:14.031  3790  3910 D SemContextService: Service.updateContext() : service = Auto Rotation
10-30 15:45:14.031  3790  3807 D SemContextManager: AutoRotationEvent : Angle = 1
10-30 15:45:14.031  3790  3807 V WindowOrientationListener: OrientationSensorJudge.onSemContextChanged, Rotation: 1
10-30 15:45:14.032  3790  3807 V WindowManager: rotationForOrientationLw(orient=0, last=1); user=0  sensorRotation=1 mLidState=-1 mDockMode=0 mHdmiPlugged=false
10-30 15:45:14.139  3374  3374 E audit   : type=1400 audit(1540914314.135:87341): avc:  denied  { read } for  pid=28963 comm="Thread-2" name="stat" dev="proc" ino=4026532420 scontext=u:r:untrusted_app_25:s0:c512,c768 tcontext=u:object_r:proc_stat:s0 tclass=file permissive=0 SEPF_SM-G955F_8.0.0_0016 audit_filtered
10-30 15:45:14.148  3790  3905 D SensorHubManager: onGetSensorHubDataLocked: library(4) = 1, 1, 7, -1
10-30 15:45:14.149  3790  3906 D CAE     : onGetSensorHubData(SensorHubParserProvider.java:91) - onGetSensorHubData Event [event buffer len :4], AP_WAKEUP
10-30 15:45:14.150  3790  3906 I CAE     : parse(SensorHubParserProvider.java:192) - buffer size = 4
10-30 15:45:14.150  3790  3906 I CAE     : parse(SensorHubParserProvider.java:203) - 1, 1, 7, -1,
10-30 15:45:14.151  3790  3906 D CAE     : display(ContextProvider.java:375) - ================= AUTO_ROTATION =================
10-30 15:45:14.151  3790  3906 I CAE     : display(ContextProvider.java:391) - Angle=[-1]
10-30 15:45:14.151  3790  3910 D SemContextService: Service.updateContext() : service = Auto Rotation
10-30 15:45:14.151  3790  3807 D SemContextManager: AutoRotationEvent : Angle = -1
10-30 15:45:14.151  3790  3807 V WindowOrientationListener: OrientationSensorJudge.onSemContextChanged, Rotation: -1
10-30 15:45:14.177 25221 25221 E adbd    : recv: OPEN 00001d49 00000000 000c:73 68 65 6C 6C 2C 76 32 3A 70 73 00 
10-30 15:45:14.177 25221 25221 E adbd    : service_to_fd: shell,v2:ps
10-30 15:45:14.209  3790  3905 D SensorHubManager: onGetSensorHubDataLocked: library(4) = 1, 1, 7, 1
