--------- beginning of main
11-01 21:38:46.448  4371  4371 D GLAnimatorManager: doFrame
11-01 21:38:46.615  4371  4371 I chatty  : uid=10005(u0_a5) com.android.systemui:InfinityWallpaper identical 10 lines
11-01 21:38:46.632  4371  4371 D GLAnimatorManager: doFrame
11-01 21:38:46.637 25221 25221 E adbd    : recv: OPEN 0000027d 00000000 004f:73 68 65 6C 6C 2C 76 32 3A 61 6D 20 73 74 61 72 74 20 2D 6E 20 63 6F 6D 2E 59 6F 75 72 43 6F 6D 70 61 6E 79 2E 46 6C 61 6D 69 6E 47 6F 2F 63 6F 6D 2E 65 70 69 63 67 61 6D 65 73 2E 75 65 34 2E 53 70 6C 61 73 68 41 63 74 69 76 69 74 79 00 
11-01 21:38:46.637 25221 25221 E adbd    : service_to_fd: shell,v2:am start -n com.YourCompany.FlaminGo/com.epicgames.ue4.SplashActivity
11-01 21:38:46.648  4371  4371 D GLAnimatorManager: doFrame
11-01 21:38:46.748  4371  4371 I chatty  : uid=10005(u0_a5) com.android.systemui:InfinityWallpaper identical 6 lines
--------- beginning of system
11-01 21:38:46.763  3790  5258 I ActivityManager: START u0 {act=null typ=null flg=0x10000000 cmp=ComponentInfo{com.YourCompany.FlaminGo/com.epicgames.ue4.SplashActivity}} from uid 2000
11-01 21:38:46.767  4371  4371 D GLAnimatorManager: doFrame
11-01 21:38:46.773  3790  5258 D CustomFrequencyManagerService: acquireDVFSLockLocked : type : DVFS_MIN_LIMIT  frequency : 2314000  uid : 1000  pid : 3790  pkgName : AMS_APP_SWITCH@CPU_MIN@10
11-01 21:38:46.776  3790  5258 D ActivityManagerPerformance: AMP_acquire() APP_SWITCH
11-01 21:38:46.776  3790  5029 D ActivityManagerPerformance: Received MSG_CFMS_HINT_AMS_SWITCH pkgName: com.YourCompany.FlaminGo
11-01 21:38:46.778  3790  7015 D TelephonyManager: getAllCellInfo : Caller (PID / UID / TID): 3790 / 1000 / 7015
11-01 21:38:46.778  3790  3790 D CS_HdrController: MultiWindowEventListener::onFocusStackChanged(1)
11-01 21:38:46.781  4371  4371 D GLAnimatorManager: doFrame
11-01 21:38:46.781 30045 30045 V Launcher: Launcher.onPause()
11-01 21:38:46.782 30045 30045 D Launcher: setHotWordDetection : call requestHotWordDetection false
11-01 21:38:46.782 30045 30045 D SemTipPopup:  #### mBubblePopup.mIsDismissing = false
11-01 21:38:46.782 30045 30045 D SemTipPopup:  #### mBalloonPopup.mIsDismissing = false
11-01 21:38:46.784  3790  3790 D CS_HdrController: updateMultiWindowState : 0
11-01 21:38:46.785  3790  3790 D CodecSolution: MultiWindowEventListener::onMultiWindowFocusChanged(1)
11-01 21:38:46.788  3790  3790 D MdnieScenarioControlService: Listener Real Multi Window State : false
11-01 21:38:46.790  3790  3880 D ViewRootImpl@349fbb1[FlaminGo]: setView = DecorView@69ecc17[FlaminGo] TM=true MM=false
11-01 21:38:46.791  3790  5196 D ActivityManager: isScaleDownAnimationEnabled() : false
11-01 21:38:46.791  3790  5196 D TAG     : there was set displayTime of last activity. so it should be cleared.
11-01 21:38:46.791  3790  5196 D StorageManagerService: getExternalStorageMountMode : 3
11-01 21:38:46.791  3790  5196 D StorageManagerService: getExternalStorageMountMode : 3
11-01 21:38:46.791  3790  5196 D StorageManagerService: getExternalStorageMountMode : final mountMode=3, uid : 10222, packageName : com.YourCompany.FlaminGo
11-01 21:38:46.792  3790  5196 I ApplicationPolicy: isApplicationExternalStorageWhitelisted:com.YourCompany.FlaminGo user:0
11-01 21:38:46.792  3790  5196 D ApplicationPolicy: isApplicationExternalStorageWhitelisted: DO is not enabled on user 0. Allowed.
11-01 21:38:46.792  3790  5196 D ActivityManager: package  com.YourCompany.FlaminGo, user - 0 is SDcard whitelisted
11-01 21:38:46.792  3790  5196 I ApplicationPolicy: isApplicationExternalStorageBlacklisted:com.YourCompany.FlaminGo user:0
11-01 21:38:46.792  3790  5196 D ApplicationPolicy: isApplicationExternalStorageBlacklisted: DO is not enabled on user 0. Allowed.
11-01 21:38:46.797  4371  4371 D GLAnimatorManager: doFrame
11-01 21:38:46.799  3790  3880 D ViewRootImpl@349fbb1[FlaminGo]: dispatchAttachedToWindow
11-01 21:38:46.799  3790  3880 V WindowManager: Relayout Window{d164896 u0 Splash Screen com.YourCompany.FlaminGo}: viewVisibility=0 req=1079x2029 WM.LayoutParams{(0,0)(fillxfill) sim=#20 ty=3 fl=#1830518 pfl=0x1000011 wanim=0x1030001 vsysui=0x10 needsMenuKey=2 colorMode=0 naviIconColor=0}
11-01 21:38:46.802  3250  3250 I SurfaceFlinger: id=797 createSurf (1080x2094),1 flag=404, Splash Screen com.YourCompany.FlaminGo#0
11-01 21:38:46.804 17950 17950 E Zygote  : isWhitelistProcess - Process is Whitelisted
11-01 21:38:46.804  3790  5196 I ActivityManager: Start proc 17950:com.YourCompany.FlaminGo/u0a222 for activity com.YourCompany.FlaminGo/com.epicgames.ue4.SplashActivity
11-01 21:38:46.804  3790  3880 V Surface : sf_framedrop debug : 0x4f4c, game : false, logging : 0
11-01 21:38:46.804 17950 17950 E libpersona: scanKnoxPersonas
11-01 21:38:46.804 17950 17950 E libpersona: Couldn't open the File - /data/system/users/0/personalist.xml - No such file or directory
11-01 21:38:46.806  3790  3880 D ViewRootImpl@349fbb1[FlaminGo]: Relayout returned: old=[0,0][0,0] new=[0,0][1080,2094] result=0x7 surface={valid=true 488933081088} changed=true
11-01 21:38:46.807 17950 17950 W SELinux : SELinux selinux_android_compute_policy_index : Policy Index[2],  Con:u:r:zygote:s0 RAM:SEPF_SM-G955F_8.0.0_0016, [-1 -1 -1 -1 0 1]
11-01 21:38:46.808 17950 17950 I SELinux : SELinux: seapp_context_lookup: seinfo=untrusted, level=s0:c512,c768, pkgname=com.YourCompany.FlaminGo 
11-01 21:38:46.811 17950 17950 I zygote  : Late-enabling -Xcheck:jni
11-01 21:38:46.814  4371  4371 D GLAnimatorManager: doFrame
11-01 21:38:46.830  3790  3880 V WindowManager: finishDrawingLocked: mDrawState=COMMIT_DRAW_PENDING Window{d164896 u0 Splash Screen com.YourCompany.FlaminGo} in Surface(name=Splash Screen com.YourCompany.FlaminGo)
11-01 21:38:46.833  4371  4371 D WallpaperService: updateSurface forceRelayout=true redrawNeeded=false myWidth=-1 myHeight=-1 fixedSize=false x = 0 y = 0 mWidth=-1 mHeight=-1 mIsSleepMode=false
11-01 21:38:46.834  3790  5196 V WindowManager: Relayout Window{f626e80 u0 com.android.systemui.infinity.InfinityWallpaperBlack}: viewVisibility=0 req=-1x-1 WM.LayoutParams{(0,0)(fillxfill) gr=#800033 ty=2013 fl=#10318 pfl=0x4 fmt=2 wanim=0x103030e colorMode=0 naviIconColor=0 sfl=0x8}
11-01 21:38:46.834  3790  5196 V WindowManager: rotationForOrientationLw(orient=0, last=0); user=0  sensorRotation=-1 mLidState=-1 mDockMode=0 mHdmiPlugged=false
11-01 21:38:46.834  3790  5196 D SamsungPhoneWindowManager: setRotationLw() : rotation=1
11-01 21:38:46.834  3790  5196 D SamsungPhoneWindowManager: semDvfsWakeupBooster.acquire()
11-01 21:38:46.834  3790  5196 D CustomFrequencyManagerService: acquireDVFSLockLocked : type : DVFS_MIN_LIMIT  frequency : 2314000  uid : 1000  pid : 3790  pkgName : PWM_ROTATION@CPU_MIN@86
11-01 21:38:46.835  3790 17956 D TspStateManagerInternal: update cmd=set_grip_data,2,1,60,10
11-01 21:38:46.838 25221 25221 E adbd    : recv: OPEN 00000281 00000000 000c:73 68 65 6C 6C 2C 76 32 3A 70 73 00 
11-01 21:38:46.838 25221 25221 E adbd    : service_to_fd: shell,v2:ps
11-01 21:38:46.842  3790  5196 D InputDispatcher: setInputDispatchMode: enabled=1, frozen=1
11-01 21:38:46.843  3250  3250 I SurfaceFlinger: id=798 createSurf (1080x2220),2 flag=4, ScreenshotSurface#0
11-01 21:38:46.845  3790  5196 V Surface : sf_framedrop debug : 0x4f4c, game : false, logging : 0
11-01 21:38:46.846  3250  3250 V Surface : sf_framedrop debug : 0x4f4c, game : false, logging : 0
11-01 21:38:46.855 17950 17950 D TimaKeyStoreProvider: TimaKeyStore is not enabled: cannot add TimaSignature Service and generateKeyPair Service
11-01 21:38:46.855 17950 17950 D ActivityThread: Added TimaKeyStore provider
11-01 21:38:46.860  3790  5258 I ActivityManager: DSS on for com.YourCompany.FlaminGo and scale is 1.0
11-01 21:38:46.868  3790  3790 D GameManagerService: onDisplayChanged. displyId: 0, state: 2
11-01 21:38:46.868  3790  3790 D GameManagerService: dpi: 420, longPixel: 2094, shortPixel: 1080
11-01 21:38:46.868  3790  3790 I CAE     : handleMessage(CaPowerManager.java:173) - AP_WAKEUP_Already_Delivered
11-01 21:38:46.874  4557  4557 D NfcService: PROXIMITY SCREEN ON
11-01 21:38:46.878  3250  3250 D SurfaceFlinger:   Display[0] configurations (* current):
11-01 21:38:46.878  3250  3250 D SurfaceFlinger:     * 0: 1440x2960, xdpi=522.513977, ydpi=525.762024, refresh=16666666
11-01 21:38:46.878  3250  3250 D SurfaceFlinger:   numHwLayers=8, flags=00000000
11-01 21:38:46.878  3250  3250 D SurfaceFlinger:     type   |  handle  | hint | flag | tr | blnd |   format    |     source crop (l,t,r,b)      |          frame         | name 
11-01 21:38:46.878  3250  3250 D SurfaceFlinger: -----------+----------+------+------+----+------+-------------+--------------------------------+------------------------+------
11-01 21:38:46.878  3250  3250 D SurfaceFlinger:        HWC | 7239a58aa0 | 0000 | 0020 | 00 | 0100 | RGBx_8888   |    0.0,    0.0, 1080.0, 2220.0 |    0,    0, 1080, 2220 | com.android.systemui.infinity.InfinityWallpaperBlack#0
11-01 21:38:46.878  3250  3250 D SurfaceFlinger:        HWC | 72396388c0 | 0000 | 0000 | 00 | 0105 | RGBA_8888   |    0.0,    0.0, 1080.0, 2220.0 |    0,    0, 1080, 2220 | com.sec.android.app.launcher/com.sec.android.app.launcher.activities.LauncherActivity#0
11-01 21:38:46.878  3250  3250 D SurfaceFlinger:        HWC | 7239a58c60 | 0000 | 0000 | 00 | 0105 | RGBA_8888   |    0.0,    0.0, 1080.0,   63.0 |    0,    0, 1080,   63 | StatusBar#0
11-01 21:38:46.878  3250  3250 D SurfaceFlinger:        HWC | 72396380e0 | 0000 | 0000 | 00 | 0105 | RGBA_8888   |    0.0,    0.0,   67.0,  455.0
11-01 21:38:46.879  3250  3250 D SurfaceFlinger:  | 1013,  605, 1080, 1060 | com.samsung.android.app.cocktailbarservice/com.samsung.android.app.cocktailbarservice.CocktailBarService#0
11-01 21:38:46.879  3250  3250 D SurfaceFlinger:       GLES | 7239639ce0 | 0000 | 0000 | 00 | 0105 | RGBA_8888   |    0.0,    0.0, 1080.0,  126.0 |    0, 2094, 1080, 2220 | NavigationBar#0
11-01 21:38:46.879  3250  3250 D SurfaceFlinger:       GLES | 7239639960 | 0000 | 0000 | 00 | 0105 | RGBA_8888   |    0.0,    0.0,  566.0,   63.0 |  257, 2157,  823, 2220 | com.samsung.android.spay.simple.SimpleIntroHintService#0
11-01 21:38:46.879  3250  3250 D SurfaceFlinger:        HWC | 7239a59600 | 0000 | 0100 | 00 | 0105 | RGBA_8888   |    0.0,    0.0, 1080.0, 2220.0 |    0,    0, 1080, 2220 | ScreenshotSurface#0
11-01 21:38:46.879  3250  3250 D SurfaceFlinger:  FB TARGET | 7239a55b60 | 0000 | 0000 | 00 | 0105 | RGBA_8888   |    0.0,    0.0, 1440.0, 2960.0 |    0,    0, 1440, 2960 | HWC_FRAMEBUFFER_TARGET
11-01 21:38:46.879  4557 17967 D NfcService: call the applyRouting
11-01 21:38:46.879  3250  3250 I SurfaceFlinger: Disp[0] Orientation 0=>1
11-01 21:38:46.880  3790  5196 V WindowManager: rotationForOrientationLw(orient=-1, last=0); user=0  sensorRotation=1 mLidState=-1 mDockMode=0 mHdmiPlugged=false
11-01 21:38:46.881  4557 17967 D NfcService: Screen Cmd value : 3
11-01 21:38:46.882  4557 17967 D NfcService: Discovery configuration equal, not updating.
11-01 21:38:46.899  3250  3250 D SurfaceFlinger:   Display[0] configurations (* current):
11-01 21:38:46.899  3250  3250 D SurfaceFlinger:     * 0: 1440x2960, xdpi=522.513977, ydpi=525.762024, refresh=16666666
11-01 21:38:46.899  3250  3250 D SurfaceFlinger:   numHwLayers=6, flags=00000000
11-01 21:38:46.899  3250  3250 D SurfaceFlinger:     type   |  handle  | hint | flag | tr | blnd |   format    |     source crop (l,t,r,b)      |          frame         | name 
11-01 21:38:46.899  3250  3250 D SurfaceFlinger: -----------+----------+------+------+----+------+-------------+--------------------------------+------------------------+------
11-01 21:38:46.899  3250  3250 D SurfaceFlinger:        HWC | 7239a58aa0 | 0000 | 0020 | 00 | 0100 | RGBx_8888   |    0.0,    0.0, 1080.0, 2220.0 |    0,    0, 1080, 2220 | com.android.systemui.infinity.InfinityWallpaperBlack#0
11-01 21:38:46.899  3250  3250 D SurfaceFlinger:        HWC | 72396388c0 | 0000 | 0000 | 04 | 0105 | RGBA_8888   |    0.0,    0.0, 1080.0, 1080.0 |    0,    0, 1080, 1080 | com.sec.android.app.launcher/com.sec.android.app.launcher.activities.LauncherActivity#0
11-01 21:38:46.899  3250  3250 D SurfaceFlinger:       GLES | 7239a58c60 | 0000 | 0000 | 04 | 0105 | RGBA_8888   |    0.0,    0.0, 1080.0,   63.0 | 1017,    0, 1080, 1080 | StatusBar#0
11-01 21:38:46.899  3250  3250 D SurfaceFlinger:       GLES | 72396380e0 | 0000 | 0000 | 04 | 0105 | RGBA_8888   |    0.0,    0.0,   67.0,  455.0
11-01 21:38:46.899  3250  3250 D SurfaceFlinger:  |   20, 1013,  475, 1080 | com.samsung.android.app.cocktailbarservice/com.samsung.android.app.cocktailbarservice.CocktailBarService#0
11-01 21:38:46.899  3250  3250 D SurfaceFlinger:        HWC | 7239a59600 | 0000 | 0100 | 00 | 0105 | RGBA_8888   |    0.0,    0.0, 1080.0, 2220.0 |    0,    0, 1080, 2220 | ScreenshotSurface#0
11-01 21:38:46.899  3250  3250 D SurfaceFlinger:  FB TARGET | 7239a558c0 | 0000 | 0000 | 00 | 0105 | RGBA_8888   |    0.0,    0.0, 1440.0, 2960.0 |    0,    0, 1440, 2960 | HWC_FRAMEBUFFER_TARGET
11-01 21:38:46.902  4371 11702 D WallpaperService: dispatchAppVisibility onVisibilityChanged(): false
11-01 21:38:46.903  3790  3815 D PointerController: mLocked.displayWidth 1080, mLocked.displayHeight 2220
11-01 21:38:46.904  3790  5258 I ActivityManager: Config changes=480 {0 1.1 themeSeq = 0 showBtnBg = 0 ?mcc?mnc [en_GB] ldltr sw411dp w797dp h387dp 420dpi nrml long land finger -keyb/v/h -nav/h appBounds=Rect(0, 0 - 2094, 1080) s.67 mkbd/h desktop/d ?dc}
11-01 21:38:46.907  3790  3815 D PointerController: mLocked.displayWidth 1080, mLocked.displayHeight 2220
11-01 21:38:46.914  3790  3932 I InputReader: Reconfiguring input devices.  changes=0x00000004
11-01 21:38:46.914  3790  3932 I InputReader: Device reconfigured: id=4, name='sec_touchpad', size 1080x2220, orientation 1, mode 4, display id 0
11-01 21:38:46.914  3790  3932 I InputReader: Device reconfigured: id=5, name='sec_touchscreen', size 1080x2220, orientation 1, mode 1, display id 0
11-01 21:38:46.922  3790  3932 I InputReader: Reconfiguring input devices.  changes=0x00000004
11-01 21:38:46.926  3790  5258 I ActivityManager: Override config changes=480 {0 1.1 themeSeq = 0 showBtnBg = 0 ?mcc?mnc [en_GB] ldltr sw411dp w797dp h387dp 420dpi nrml long land finger -keyb/v/h -nav/h appBounds=Rect(0, 0 - 2094, 1080) s.67 mkbd/h desktop/d ?dc} for displayId=0
11-01 21:38:46.929  3790  5258 I SamsungPhoneWindowManager: setInitialDisplaySize() width=1080, height=2220, density=420, initWidth=1440, initHeight=2960, initDensity=560
11-01 21:38:46.929  3790  3790 D TelecomService: onConfigurationChanged {0 1.1 themeSeq = 0 showBtnBg = 0 ?mcc?mnc [en_GB] ldltr sw411dp w797dp h387dp 420dpi nrml long land finger -keyb/v/h -nav/h appBounds=Rect(0, 0 - 2094, 1080) s.67 mkbd/h desktop/d ?dc}
11-01 21:38:46.930  3790  5258 D TspStateManagerInternal: updateDefaultValue customSetting=null
11-01 21:38:46.940  3250  3250 D SurfaceFlinger:   Display[0] configurations (* current):
11-01 21:38:46.940  3250  3250 D SurfaceFlinger:     * 0: 1440x2960, xdpi=522.513977, ydpi=525.762024, refresh=16666666
11-01 21:38:46.940  3250  3250 D SurfaceFlinger:   numHwLayers=4, flags=00000000
11-01 21:38:46.940  3250  3250 D SurfaceFlinger:     type   |  handle  | hint | flag | tr | blnd |   format    |     source crop (l,t,r,b)      |          frame         | name 
11-01 21:38:46.940  3250  3250 D SurfaceFlinger: -----------+----------+------+------+----+------+-------------+--------------------------------+------------------------+------
11-01 21:38:46.940  3250  3250 D SurfaceFlinger:        HWC | 7239a58c60 | 0000 | 0000 | 04 | 0105 | RGBA_8888   |    0.0,    0.0, 1080.0,   63.0 | 1017,    0, 1080, 1080 | StatusBar#0
11-01 21:38:46.940  3250  3250 D SurfaceFlinger:       GLES | 72396380e0 | 0000 | 0000 | 04 | 0105 | RGBA_8888   |    0.0,    0.0,   67.0,  455.0 |   20, 1013,  475, 1080 | com.samsung.android.app.cocktailbarservice/com.samsung.android.app.cocktailbarservice.CocktailBarService#0
11-01 21:38:46.940  3250  3250 D SurfaceFlinger:        HWC | 7239a59600 | 0000 | 0100 | 00 | 0105 | RGBA_8888   |    0.0,    0.0, 1080.0, 2220.0 |    0,    0, 1080, 2220 | ScreenshotSurface#0
11-01 21:38:46.940  3250  3250 D SurfaceFlinger:  FB TARGET | 7239a55b60 | 0000 | 0000 | 00 | 0105 | RGBA_8888   |    0.0,    0.0, 1440.0, 2960.0 |    0,    0, 1
11-01 21:38:46.940  3250  3250 D SurfaceFlinger: 440, 2960 | HWC_FRAMEBUFFER_TARGET
11-01 21:38:46.973  8814  8814 V Configuration:  needToUpdateOverlays
11-01 21:38:46.973  8814  8814 I chatty  : uid=10013(u0_a13) com.samsung.android.app.cocktailbarservice identical 13 lines
11-01 21:38:46.973  8814  8814 V Configuration:  needToUpdateOverlays
11-01 21:38:46.974  8814  8814 I CocktailBarPositionManager: onOrientationChanged position not dirty
11-01 21:38:46.982  8814  8814 D TrayStateController: updateDescriptionLayout invalid panelview
11-01 21:38:46.982  8814  8814 E CocktailBarContainerView: updateContainerVisibility: 0
11-01 21:38:46.982  8814  8814 D CocktailBarUiController: onConfigurationChanged : orientation = true densityDpi = false
11-01 21:38:46.983  3790  5258 I SamsungPhoneWindowManager: setInitialDisplaySize() width=1080, height=2220, density=420, initWidth=1440, initHeight=2960, initDensity=560
11-01 21:38:46.983  3790  5258 D TspStateManagerInternal: updateDefaultValue customSetting=null
11-01 21:38:46.984  3790  5258 D VirtualScreen: computeScreenConfiguration - change rect to Rect(-2220, 0 - 0, 1080) mDefaultDisplayRect is Rect(0, 0 - 2220, 1080)
11-01 21:38:46.984  3790  5258 D VirtualScreen: setOffset() mXOffset : 0 mYOffset : 0
11-01 21:38:46.986  8814  8814 D CocktailBarTriggerContainerView: setContainerGravityState: 1 --> 1
11-01 21:38:46.989  3790  5258 D PersonaManagerService: Current focused persona service handled id set to : 0
11-01 21:38:46.989  3790  5258 D InputDispatcher: Focused application set to: xxxx
11-01 21:38:46.990 30045 30045 V Configuration:  needToUpdateOverlays
11-01 21:38:46.990  8814  8814 D TrayStateController: putInputRect mDynamicInputRegion=207482568@LastEvent=t=1541108133603Rect(25, 0 - 67, 455),Rect=Rect(0, 0 - 0, 0)
11-01 21:38:46.990 30045 30045 I chatty  : uid=10083(u0_a83) com.sec.android.app.launcher expire 6 lines
11-01 21:38:46.990 30045 30045 V Configuration:  needToUpdateOverlays
11-01 21:38:46.990  3790  5258 D InputDispatcher: Focus left window: 30045
11-01 21:38:46.991  8814  8814 D TrayStateController: putInputRect mDynamicInputRegion=207482568@LastEvent=t=1541108133603Rect(25, 0 - 67, 455),Rect=Rect(25, 0 - 67, 455)
11-01 21:38:46.991 30045 30045 V Configuration:  needToUpdateOverlays
11-01 21:38:46.991 30045 30045 I chatty  : uid=10083(u0_a83) com.sec.android.app.launcher identical 2 lines
11-01 21:38:46.991  8814  8814 I Utils   :  Edge First Use Help enabled
11-01 21:38:46.991 30045 30045 V Configuration:  needToUpdateOverlays
11-01 21:38:46.991 30045 30045 V Configuration:  needToUpdateOverlays
11-01 21:38:46.993  8814  8814 D TrayStateTrigger: getTriggerMarginOnTop retY=605 halfHandleSize=228 getTriggerPosition=33.800007
11-01 21:38:46.994  8814  8814 D TrayStateController: updateDescriptionLayout invalid panelview
11-01 21:38:46.994  8814  8814 E CocktailBarContainerView: updateContainerVisibility: 0
11-01 21:38:46.994  8814  8814 E CocktailBarContainerView: updateContainerVisibility: 0
11-01 21:38:46.995  3790  4068 D GameManagerService: handleForegroundChange(). pkgName: com.YourCompany.FlaminGo, clsName: com.epicgames.ue4.SplashActivity,FgActivityName:com.YourCompany.FlaminGo/com.epicgames.ue4.SplashActivity
11-01 21:38:46.996  3790  5258 D MARsPolicyManager: onPackageResumedFG pkgName = com.YourCompany.FlaminGo, userId = 0
11-01 21:38:46.996  3790  4068 D GameManagerService: sem_perfomance_mode: 0
11-01 21:38:46.996  3790  4068 D GameManagerService: notifyResumePause(). pkg: com.YourCompany.FlaminGo, type: 4, isMinimized: false, isTunableApp: false
11-01 21:38:46.996  3790  4068 D GameManagerService:   notifyResumePause(). do nothing. mKillNotiCount: 3
11-01 21:38:46.996  3790  5258 W ActivityManager: Slow operation: 136ms so far, now at attachApplicationLocked: after mServices.attachApplicationLocked
11-01 21:38:47.000  8814  8814 I Utils   : isCurrentUser current = 0, ownerId = 0
11-01 21:38:47.000 30045 30045 V Configuration:  needToUpdateOverlays
11-01 21:38:47.000 30045 30045 I chatty  : uid=10083(u0_a83) com.sec.android.app.launcher identical 1 line
11-01 21:38:47.000 30045 30045 V Configuration:  needToUpdateOverlays
11-01 21:38:47.000  8814  8814 I TrayVisibilityController: updateTrayVisible: State=257 visible=2 mCurrentVisible=1 specificMode=0
11-01 21:38:47.000 30045 30045 V Configuration:  needToUpdateOverlays
11-01 21:38:47.000 30045 30045 I chatty  : uid=10083(u0_a83) com.sec.android.app.launcher identical 1 line
11-01 21:38:47.000 30045 30045 V Configuration:  needToUpdateOverlays
11-01 21:38:47.000  8814  8814 D TrayStateController: putInputRect mDynamicInputRegion=207482568@LastEvent=t=1541108133603Rect(25, 0 - 67, 455),Rect=Rect(0, 0 - 0, 0)
11-01 21:38:47.001  3790  4257 W CocktailBarStatePolicyController: updateWindowType: current window type is requested window type(1)
11-01 21:38:47.002  3790  3815 I ActivityManager: Override config changes=480 {0 0.0 themeSeq = 0 showBtnBg = 0 ?mcc?mnc ?localeList ?layoutDir sw411dp w845dp h411dp 420dpi nrml long land ?uimode ?night finger -keyb/v/h -nav/h appBounds=Rect(0, 0 - 2220, 1080) mkbd/h desktop/d ?dc} for displayId=2
11-01 21:38:47.002  4209  4209 D SecNavigationBarView: setNavigationIconHints showImeButton : false
11-01 21:38:47.002  4209  4209 D SecNavigationBarView: updateImmersivePinIcon() isImmersiveMode=false
11-01 21:38:47.005  4209  4209 D NavBarHideController: adjustConsumeWindowLp() enabled=false, mWindowAdded=true, rot=1
11-01 21:38:47.010  8814  8814 D TrayStateController: setUiState 2 : -isHideByOrientationPolicy 0 --> 2
11-01 21:38:47.010  8814  8814 D TrayStateController: setUiState 2 : -isHideByOrientationPolicy  already 2
11-01 21:38:47.012  1786 16936 I PBSessionCacheImpl: Deleted sessionId[7856451145832138] from persistence.
11-01 21:38:47.014  8814  8859 D OpenGLRenderer: eglDestroySurface = 0x720981d870
11-01 21:38:47.014  8814  8814 D CocktailBarTriggerContainerView: onApplyWindowInsets bottom =0
11-01 21:38:47.017  3790 10183 V WindowManager: Relayout Window{933b4ba u0 com.samsung.android.app.cocktailbarservice/com.samsung.android.app.cocktailbarservice.CocktailBarService}: viewVisibility=8 req=67x455 WM.LayoutParams{(0,605)(67x455) gr=#35 sim=#20 ty=2226 fl=#1800148 pfl=0x50 fmt=-2 vsysui=0x2000 colorMode=0 naviIconColor=0}
11-01 21:38:47.017  3790 10183 I WindowManager: Destroying surface Surface(name=com.samsung.android.app.cocktailbarservice/com.samsung.android.app.cocktailbarservice.CocktailBarService) called by com.android.server.wm.WindowStateAnimator.destroySurface:2465 com.android.server.wm.WindowStateAnimator.destroySurfaceLocked:967 com.android.server.wm.WindowState.destroyOrSaveSurfaceUnchecked:3661 com.android.server.wm.WindowState.destroySurface:3609 com.android.server.wm.WindowManagerService.tryStartExitingAnimation:2676 com.android.server.wm.WindowManagerService.relayoutWindow:2460 com.android.server.wm.Session.relayout:249 android.view.IWindowSession$Stub.onTransact:288 
11-01 21:38:47.018  3250  3279 I SurfaceFlinger: id=794 Removed com.samsung.android.app.cocktailbarservice/com.samsung.android.app.cocktailbarservice.CocktailBarService#0 (6/9)
11-01 21:38:47.018  4557  4557 V Configuration:  needToUpdateOverlays
11-01 21:38:47.020  4557  7023 D ForegroundUtils: could not check pending caller
11-01 21:38:47.020 30045 30045 V Configuration:  needToUpdateOverlays
11-01 21:38:47.021  3790  3807 D WindowManager: set systemUiVisibility : systemUiFlags= 0x8708 fullscreenStackSysUiFlags= 0x0
11-01 21:38:47.022 30045 30045 D ViewRootImpl@b86b2e4[LauncherActivity]: MSG_WINDOW_FOCUS_CHANGED 0
11-01 21:38:47.022  3790  7015 D GamePkgDataHelper: getGamePkgDataIncServer(). com.YourCompany.FlaminGo
11-01 21:38:47.023  4209  4661 D vol.VolumeDialogControl.VC: setLayoutDirection
11-01 21:38:47.023  3790  3814 D TetheringConfiguration: NAP is enabled by CSCfeature
11-01 21:38:47.024  4563  4563 D DeviceLocale: onReceive
11-01 21:38:47.026 13526 13540 I SAMSUNGPAY: [Hint_ProcessStatusChange] fg Change, pid : 17950 , isNotify : true , isForeground : true , fg list : [17950]
11-01 21:38:47.027  4209  4509 D vol.VolumeDialogControl: onReceive ACTION_CONFIGURATION_CHANGED
11-01 21:38:47.028  3250  3250 D SurfaceFlinger:   Display[0] configurations (* current):
11-01 21:38:47.028  3250  3250 D SurfaceFlinger:     * 0: 1440x2960, xdpi=522.513977, ydpi=525.762024, refresh=16666666
11-01 21:38:47.028  3250  3250 D SurfaceFlinger:   numHwLayers=6, flags=00000000
11-01 21:38:47.028  3250  3250 D SurfaceFlinger:     type   |  handle  | hint | flag | tr | blnd |   format    |     source crop (l,t,r,b)      |          frame         | name 
11-01 21:38:47.028  3250  3250 D SurfaceFlinger: -----------+----------+------+------+----+------+-------------+--------------------------------+------------------------+------
11-01 21:38:47.028  3250  3250 D SurfaceFlinger:        HWC | 7239a58c60 | 0000 | 0000 | 04 | 0105 | RGBA_8888   |    0.0,    0.0, 1080.0,   63.0 | 1017,    0, 1080, 1080 | StatusBar#0
11-01 21:38:47.028  3250  3250 D SurfaceFlinger:       GLES | 72396380e0 | 0000 | 0000 | 04 | 0105 | RGBA_8888   |    0.0,    0.0,   67.0,  455.0 |   20, 2153,  475, 2220 | com.samsung.android.app.cocktailbarservice/com.samsung.android.app.cocktailbarservice.CocktailBarService#0
11-01 21:38:47.028  3250  3250 D SurfaceFlinger:       GLES | 7239639ce0 | 0000 | 0000 | 04 | 0105 | RGBA_8888   |    0.0,    0.0,  126.0,  126.0 |  954, 2094, 1080, 2220 | NavigationBar#0
11-01 21:38:47.028  3250  3250 D SurfaceFlinger:       GLES | 7239639960 | 0000 | 0000 | 04 | 0105 | RGBA_8888   |    0.0,    0.0,  566.0,   63.0 |    0,  827,   63,
11-01 21:38:47.029  3250  3250 D SurfaceFlinger:  1393 | com.samsung.android.spay.simple.SimpleIntroHintService#0
11-01 21:38:47.029  3250  3250 D SurfaceFlinger:        HWC | 7239a59600 | 0000 | 0100 | 00 | 0105 | RGBA_8888   |    0.0,    0.0, 1080.0, 2220.0 |    0,    0, 1080, 2220 | ScreenshotSurface#0
11-01 21:38:47.029  3250  3250 D SurfaceFlinger:  FB TARGET | 7239a558c0 | 0000 | 0000 | 00 | 0105 | RGBA_8888   |    0.0,    0.0, 1440.0, 2960.0 |    0,    0, 1440, 2960 | HWC_FRAMEBUFFER_TARGET
11-01 21:38:47.032  4557  4557 I NfcP2pEventManager: changeConfiguration() in NfcService
11-01 21:38:47.032  3250  3279 I SurfaceFlinger: id=794 Removed com.samsung.android.app.cocktailbarservice/com.samsung.android.app.cocktailbarservice.CocktailBarService#0 (-2/9)
11-01 21:38:47.033  3790  7015 D GameManagerService: identifyGamePackage. com.YourCompany.FlaminGo
11-01 21:38:47.033  3790  7015 D GamePkgDataHelper: getGamePkgData(). com.YourCompany.FlaminGo
11-01 21:38:47.034  3250  3250 I Layer   : id=794 onRemoved com.samsung.android.app.cocktailbarservice/com.samsung.android.app.cocktailbarservice.CocktailBarService#0 
11-01 21:38:47.034 30045 30045 I Launcher: onWindowVisibilityChanged : false
11-01 21:38:47.035  4563  4803 D EucModule: onLocaleChanged, languageCode=en
11-01 21:38:47.035  3790  3814 E TetheringConfiguration: No numeric data
11-01 21:38:47.039  3250  3250 D SurfaceFlinger:   Display[0] configurations (* current):
11-01 21:38:47.039  3250  3250 D SurfaceFlinger:     * 0: 1440x2960, xdpi=522.513977, ydpi=525.762024, refresh=16666666
11-01 21:38:47.039  3250  3250 D SurfaceFlinger:   numHwLayers=5, flags=00000000
11-01 21:38:47.039  3250  3250 D SurfaceFlinger:     type   |  handle  | hint | flag | tr | blnd |   format    |     source crop (l,t,r,b)      |          frame         | name 
11-01 21:38:47.039  3250  3250 D SurfaceFlinger: -----------+----------+------+------+----+------+-------------+--------------------------------+------------------------+------
11-01 21:38:47.039  3250  3250 D SurfaceFlinger:        HWC | 7239a58c60 | 0000 | 0000 | 04 | 0105 | RGBA_8888   |    0.0,    0.0, 1080.0,   63.0 | 1017,    0, 1080, 1080 | StatusBar#0
11-01 21:38:47.039  3250  3250 D SurfaceFlinger:       GLES | 7239639ce0 | 0000 | 0000 | 04 | 0105 | RGBA_8888   |    0.0,    0.0,  126.0,  126.0 |  954, 2094, 1080, 2220 | NavigationBar#0
11-01 21:38:47.039  3250  3250 D SurfaceFlinger:       GLES | 7239639960 | 0000 | 0000 | 04 | 0105 | RGBA_8888   |    0.0,    0.0,  566.0,   63.0 |    0,  827,   63, 1393 | com.samsung.android.spay.simple.SimpleIntroHintService#0
11-01 21:38:47.039  3250  3250 D SurfaceFlinger:        HWC | 7239a59600 | 0000 | 0100 | 00 | 0105 | RGBA_8888   |    0.0,    0.0, 1080.0, 2220.0 |    0,    0, 1080, 2220 | ScreenshotSurface#0
11-01 21:38:47.039  3250  3250 D SurfaceFlinger:  FB TARGET | 7239a55d2
11-01 21:38:47.039  3250  3250 D SurfaceFlinger: 0 | 0000 | 0000 | 00 | 0105 | RGBA_8888   |    0.0,    0.0, 1440.0, 2960.0 |    0,    0, 1440, 2960 | HWC_FRAMEBUFFER_TARGET
11-01 21:38:47.041  8814  8814 D ViewRootImpl@ac72f74[CocktailBarService]: Relayout returned: old=[1013,605][1080,1060] new=[2153,605][2220,1060] result=0x5 surface={valid=false 0} changed=true
11-01 21:38:47.041 17950 17972 I vndksupport: sphal namespace is not configured for this process. Loading /vendor/lib/egl/libGLES_mali.so from the current namespace instead.
11-01 21:38:47.041  8814  8814 D CocktailBarTriggerContainerView: onApplyWindowInsets bottom =0
11-01 21:38:47.041  3790  4257 V WindowManager: Relayout Window{f99ad90 u0 NavigationBar}: viewVisibility=0 req=1080x126 WM.LayoutParams{(0,0)(fillxfill) sim=#20 ty=2019 fl=#21840068 fmt=-3 colorMode=0 naviIconColor=0}
11-01 21:38:47.047  4209  4271 D SystemServicesProxy: updateOverviewLastStackActiveTimeAsync: newTime=1540204754719
11-01 21:38:47.048  3790  4436 D SecContentProvider: query(), uri = 17 selection = isSettingsChangesAllowed
11-01 21:38:47.050 30045 15264 D OpenGLRenderer: eglDestroySurface = 0x72078a8510
11-01 21:38:47.055  3790  7015 D GameManagerService: identifyGamePackage. com.YourCompany.FlaminGo
11-01 21:38:47.055  3790  7015 D GamePkgDataHelper: getGamePkgData(). com.YourCompany.FlaminGo
11-01 21:38:47.055  4209  4209 D ViewRootImpl@dba86b7[NavigationBar]: Relayout returned: old=[0,2094][1080,2220] new=[2094,0][2220,1080] result=0x23 surface={valid=true 488738787328} changed=false
11-01 21:38:47.055  3790  9604 V WindowManager: Relayout Window{4a6c632 u0 com.sec.android.app.launcher/com.sec.android.app.launcher.activities.LauncherActivity}: viewVisibility=8 req=1080x2220 WM.LayoutParams{(0,0)(fillxfill) sim=#130 ty=1 fl=#81910d00 pfl=0x20000 fmt=-2 wanim=0x10302ea vsysui=0x700 needsMenuKey=2 colorMode=0 dimDuration=222 naviIconColor=0}
11-01 21:38:47.057 29690 29690 V Configuration:  needToUpdateOverlays
11-01 21:38:47.057 29690 29690 V Configuration:  needToUpdateOverlays
11-01 21:38:47.057  4209  4649 D OpenGLRenderer: eglDestroySurface = 0x71c7ce7280
11-01 21:38:47.058  4371  4371 D GLAnimatorManager: doFrame
11-01 21:38:47.058  4209  4649 D mali_winsys: EGLint new_window_surface(egl_winsys_display *, void *, EGLSurface, EGLConfig, egl_winsys_surface **, egl_color_buffer_format *, EGLBoolean) returns 0x3000,  [126x1080]-format:1
11-01 21:38:47.058  4209  4649 D OpenGLRenderer: eglCreateWindowSurface = 0x71c7ce7280
11-01 21:38:47.058  4371  4371 D GyroRender: onSensorChanged event.sensor.getType() = 65579
11-01 21:38:47.058  4371  4371 D GyroRender: onSensorChanged event.sensor.getType() = 65579
11-01 21:38:47.058  4371  4371 D GLAnimatorManager: doFrame
11-01 21:38:47.059 17950 17972 D libEGL  : loaded /vendor/lib/egl/libGLES_mali.so
11-01 21:38:47.061  4371  4371 D GalaxyWallpaper: onVisibilityChanged = false, mCurrentMode = HOME
11-01 21:38:47.061  4371  4371 D GyroRender: pauseSensing
11-01 21:38:47.061  3790  4257 D SensorService: Calling activate off 10
11-01 21:38:47.062  3237  3237 I Sensors : InterruptGyroSensor old sensor_state 33570816, new sensor_state : 16384 en : 0
11-01 21:38:47.062  3790  4436 D SecContentProvider: called from android.uid.systemui:10005
11-01 21:38:47.062  4209  4480 D SystemServicesProxy: updateOverviewLastStackActiveTimeAsync: done.
11-01 21:38:47.063  3790  7015 D GameManagerService: identifyGamePackage. com.YourCompany.FlaminGo
11-01 21:38:47.063  3790  7015 D GamePkgDataHelper: getGamePkgData(). com.YourCompany.FlaminGo
11-01 21:38:47.063  4371  4371 D SensorManager: unregisterListener ::   
11-01 21:38:47.063  4371  4371 D GyroRender: unregisterListener
11-01 21:38:47.064  4371  4371 D WallpaperService: reportVisibility onVisibilityChanged visible: false
11-01 21:38:47.064  3790  7015 D GamePkgDataHelper: getSosPolicy(). com.YourCompany.FlaminGo
11-01 21:38:47.067 30045 30045 D ViewRootImpl@b86b2e4[LauncherActivity]: Relayout returned: old=[0,0][1080,2220] new=[0,0][1080,2220] result=0x5 surface={valid=false 0} changed=true
11-01 21:38:47.067  4209  4209 D SecNavigationBarView: setNavigationIconHints showImeButton : false
11-01 21:38:47.067  4209  4209 D SecNavigationBarView: updateImmersivePinIcon() isImmersiveMode=false
11-01 21:38:47.070  8814  8814 D ViewRootImpl@ac72f74[CocktailBarService]: MSG_RESIZED_REPORT: frame=Rect(2153, 605 - 2220, 1060) ci=Rect(0, 0 - 126, 0) vi=Rect(0, 0 - 126, 0) or=2
11-01 21:38:47.072  8814  8814 D CocktailBarUiController: onCocktailBarStateChanged: flag=0x1 vis=2 bgType=0 showTimeout=-1 activate=true
11-01 21:38:47.079  3790  7015 D GameManagerService: identifyGamePackage. com.YourCompany.FlaminGo
11-01 21:38:47.080  3790  7015 D GamePkgDataHelper: getGamePkgData(). com.YourCompany.FlaminGo
11-01 21:38:47.084  3790  5258 V WindowManager: Relayout Window{933b4ba u0 com.samsung.android.app.cocktailbarservice/com.samsung.android.app.cocktailbarservice.CocktailBarService}: viewVisibility=8 req=67x455 WM.LayoutParams{(0,605)(67x455) gr=#35 sim=#20 ty=2226 fl=#1800148 pfl=0x50 fmt=-2 vsysui=0x2000 colorMode=0 naviIconColor=0}
11-01 21:38:47.085  3790  7015 D GameManagerService: identifyGamePackage. com.YourCompany.FlaminGo
11-01 21:38:47.085  3790  7015 D GamePkgDataHelper: getGamePkgData(). com.YourCompany.FlaminGo
11-01 21:38:47.087  8814  8814 D ViewRootImpl@ac72f74[CocktailBarService]: Relayout returned: old=[2153,605][2220,1060] new=[2153,605][2220,1060] result=0x1 surface={valid=false 0} changed=false
11-01 21:38:47.087  3790  5196 V WindowManager: finishDrawingLocked: mDrawState=COMMIT_DRAW_PENDING Window{f99ad90 u0 NavigationBar} in Surface(name=NavigationBar)
11-01 21:38:47.089  3790  5196 V WindowManager: Relayout Window{c90d8c9 u0 NavBarTouchConsumer}: viewVisibility=0 req=4x4 WM.LayoutParams{(0,0)(4x4) gr=#5 sim=#20 ty=2273 fl=#1080108 fmt=-3 alpha=0.0 colorMode=0 naviIconColor=0 sfl=0x20000}
11-01 21:38:47.092  4209  4209 D ViewRootImpl@2b1c8a1[NavBarTouchConsumer]: Relayout returned: old=[538,2216][542,2220] new=[2216,538][2220,542] result=0x3 surface={valid=true 489322921984} changed=false
11-01 21:38:47.092  3790  5258 V WindowManager: finishDrawingLocked: mDrawState=COMMIT_DRAW_PENDING Window{c90d8c9 u0 NavBarTouchConsumer} in Surface(name=NavBarTouchConsumer)
11-01 21:38:47.095  4209  4209 V Configuration:  needToUpdateOverlays
11-01 21:38:47.100  4209  4209 I chatty  : uid=10005(u0_a5) com.android.systemui identical 88 lines
11-01 21:38:47.100  4209  4209 V Configuration:  needToUpdateOverlays
11-01 21:38:47.100  3790  5258 I ActivityManager: START u0 {act=null typ=null flg=0x10000 cmp=ComponentInfo{com.YourCompany.FlaminGo/com.epicgames.ue4.GameActivity}} from uid 10222
11-01 21:38:47.105  3790  3880 D ViewRootImpl@349fbb1[FlaminGo]: dispatchDetachedFromWindow
11-01 21:38:47.106  3790  3880 D InputEventReceiver: channel 'd164896 Splash Screen com.YourCompany.FlaminGo (client)' ~ Disposing input event receiver.
11-01 21:38:47.106  3790  3880 D InputEventReceiver: channel 'd164896 Splash Screen com.YourCompany.FlaminGo (client)' ~NativeInputEventReceiver.
11-01 21:38:47.106  3790  3880 I WindowManager: Destroying surface Surface(name=Splash Screen com.YourCompany.FlaminGo) called by com.android.server.wm.WindowStateAnimator.destroySurface:2465 com.android.server.wm.WindowStateAnimator.destroySurfaceLocked:967 com.android.server.wm.WindowState.removeImmediately:2396 com.android.server.wm.WindowState.removeIfPossible:2594 com.android.server.wm.WindowState.removeIfPossible:2434 com.android.server.wm.WindowManagerService.removeWindow:2018 com.android.server.wm.Session.remove:233 android.view.ViewRootImpl.dispatchDetachedFromWindow:4093 
11-01 21:38:47.106  3250  3489 I SurfaceFlinger: id=797 Removed Splash Screen com.YourCompany.FlaminGo#0 (2/8)
11-01 21:38:47.106  3250  3489 I SurfaceFlinger: id=797 Removed Splash Screen com.YourCompany.FlaminGo#0 (-2/8)
11-01 21:38:47.107  4209  4209 V Configuration:  needToUpdateOverlays
11-01 21:38:47.116  4209  4209 I chatty  : uid=10005(u0_a5) com.android.systemui identical 4 lines
11-01 21:38:47.116  4209  4209 V Configuration:  needToUpdateOverlays
11-01 21:38:47.117  3250  3250 I Layer   : id=797 onRemoved Splash Screen com.YourCompany.FlaminGo#0 
11-01 21:38:47.118  4209  4209 V Configuration:  needToUpdateOverlays
11-01 21:38:47.122  4209  4507 D NetworkController.MobileSignalController(0/-2): getMobileIconGroup(): 0
11-01 21:38:47.125  4190  4190 V Configuration:  needToUpdateOverlays
11-01 21:38:47.125  4190  4190 I chatty  : uid=10166(u0_a166) com.sec.android.inputmethod identical 2 lines
11-01 21:38:47.125  4190  4190 V Configuration:  needToUpdateOverlays
11-01 21:38:47.126  4209  4507 D NetworkController: updateCarrierText : Emergency calls only
11-01 21:38:47.127  4209  4209 D ViewRootImpl@ce44c4a[AssistPreviewPanel]: setView = com.android.systemui.assist.AssistOrbContainer{7af37bb G.E...... ......I. 0,0-0,0} TM=true MM=false
11-01 21:38:47.133 13526 13526 V Configuration:  needToUpdateOverlays
11-01 21:38:47.135 12440 12440 D TuiService: onConfigurationChanged, old dpi=420, new dpi=420
11-01 21:38:47.141 25213 25213 V Configuration:  needToUpdateOverlays
11-01 21:38:47.142 13526 13526 V Configuration:  needToUpdateOverlays
11-01 21:38:47.142 13526 13526 I chatty  : uid=10194(u0_a194) com.samsung.android.spay identical 2 lines
11-01 21:38:47.142 13526 13526 V Configuration:  needToUpdateOverlays
11-01 21:38:47.142 22341 22341 I [WeatherWidget(157738@8)] : {[6F553C0FFEEBC8921C1DE372C0B7801AE73AF692B4D34AF07BA7747CBD8AFEE966523F972648F19F09857001A7CE9016BC545B7C29E22C195F7029BAD1E51092]}
11-01 21:38:47.143 22341 22341 I [WeatherWidget(157738@8)] : {[6F553C0FFEEBC8921C1DE372C0B7801AA01BB0C39F82763FF4509115D82B8D6E8F7548AAF31890FA7B9038662072A9AC6855E26A2CE06A09029A117D4CCE27C2FAC9F80DAE31FBAB897D7D86BA1DFC9F]}
11-01 21:38:47.144 22341 22341 D [WeatherWidget(157738@8)] : {[1E664422AD52943CBB2A3A8093981A53214B59EF8336756F3A53C3AED4C7D819445FBF54BA5ADF9159760DDE7965C454FED52E802B23DA62F149C23CCEAC3AA8BC25E3B73843615E29CC9356DC3F194514387D6D5742449D7EB28EBA4ED68111432D166C1822C4B37947D4DDECEC855773C9D0896144A89D16ABE7A0055995D6F059CCF9589FD03A61A9E6B657DA003A38F0D718A406C0A8FD63D7DB51F0D791A86547DE7D48E9E001F29EC92D5A4470328F6F391C1BFA8B467835FA8515D32211DEEBF71A2E04702EA2827E2ED784E6AFEB431DBB677C29105AA6C3397409E88EB22B1529B7AD3F3F7A0EC9BDAFC203]}
11-01 21:38:47.145 29690 29690 D AOD_CONFIG@AODConfigurationController: updateMonitor MONITOR_CONFIGURATION
11-01 21:38:47.145 29690 29690 D AOD_CONFIG@AODConfigurationController: registerMonitor MONITOR_CONFIGURATION
11-01 21:38:47.145 29690 29690 D AOD_CONFIG@AODConfigurationController: onMobileKeyboardAttached - set : false
11-01 21:38:47.145  4209  4209 D ViewRootImpl@450121c[DockedStackDivider]: setView = com.android.systemui.stackdivider.DividerView{9446e25 I.E...... ......I. 0,0-0,0} TM=true MM=false
11-01 21:38:47.145  4190  4190 V Configuration:  needToUpdateOverlays
11-01 21:38:47.146  4190  4190 I chatty  : uid=10166(u0_a166) com.sec.android.inputmethod identical 16 lines
11-01 21:38:47.146  4209  4209 D ViewRootImpl@ceaade3[DividerButtonsGroup]: dispatchDetachedFromWindow
11-01 21:38:47.146  4190  4190 V Configuration:  needToUpdateOverlays
11-01 21:38:47.146  4190  4190 V Configuration:  needToUpdateOverlays
11-01 21:38:47.146  4209  4209 D InputEventReceiver: channel '87fd2c8 DividerButtonsGroup (client)' ~ Disposing input event receiver.
11-01 21:38:47.146  4190  4190 V Configuration:  needToUpdateOverlays
11-01 21:38:47.146  4209  4209 D InputEventReceiver: channel '87fd2c8 DividerButtonsGroup (client)' ~NativeInputEventReceiver.
11-01 21:38:47.146  4190  4190 V Configuration:  needToUpdateOverlays
11-01 21:38:47.146  4190  4190 I chatty  : uid=10166(u0_a166) com.sec.android.inputmethod identical 1 line
11-01 21:38:47.146  4190  4190 V Configuration:  needToUpdateOverlays
11-01 21:38:47.146  3790  5258 W AppOps  : Finishing op nesting under-run: uid 10005 pkg com.android.systemui code 70 time=0 duration=0 nesting=0
11-01 21:38:47.148  4190  4190 I SKBD    : SamsungKeypad onConfigurationChanged2
11-01 21:38:47.152  3790  3936 D MdnieScenarioControlService:  packageName : com.YourCompany.FlaminGo    className : com.epicgames.ue4.GameActivity
11-01 21:38:47.153  3790  3936 V MdnieScenarioControlService: setUIMode from UI function(3)
11-01 21:38:47.154  1786  1786 W SearchServiceCore: Abort, client detached.
11-01 21:38:47.155  4209  4209 D ViewRootImpl@c77b7aa[DividerButtonsGroup]: setView = com.android.systemui.stackdivider.DividerButtonsGroup{6b2f9b I.E...... ......I. 0,0-0,0} TM=true MM=false
11-01 21:38:47.157  4209  4209 D ViewRootImpl@2b1c8a1[NavBarTouchConsumer]: MSG_RESIZED_REPORT: frame=Rect(1108, 1076 - 1112, 1080) ci=Rect(0, 0 - 0, 0) vi=Rect(0, 0 - 0, 0) or=2
11-01 21:38:47.157  4209  4209 D ViewRootImpl@64b00a8[StatusBar]: MSG_RESIZED_REPORT: frame=Rect(0, 0 - 2220, 63) ci=Rect(0, 0 - 126, 0) vi=Rect(0, 0 - 126, 0) or=2
11-01 21:38:47.158  4209  4209 D MetadataParser: onConfigurationChanged()
11-01 21:38:47.158  4209  4209 I MetadataParser: updateMetadataInfo() key = com.sec.android.daemonapp, bInfo = MetadataInfo[pkgName=com.sec.android.daemonapp, dbKey=add_info_com_sec_android_daemonapp, titleRes = 2131100116, title=null], mInfo = MetadataInfo[pkgName=com.sec.android.daemonapp, dbKey=add_info_com_sec_android_daemonapp, titleRes = 2131100116, title=null]
11-01 21:38:47.161  3790  5258 D SecContentProvider: query(), uri = 17 selection = isSettingsChangesAllowed
11-01 21:38:47.162 13526 13624 I SAMSUNGPAY: [Hint_cek] ensureHomePackagesLoaded - already update, isHomePackageEmpty : false, isKnoxRunning : false
11-01 21:38:47.162  3790  5258 D SecContentProvider: called from android.uid.systemui:10005
11-01 21:38:47.163 13526 13624 I SAMSUNGPAY: [Hint_cek] isHomePackageRunning topPkgName = com.YourCompany.FlaminGo, topClsName = com.epicgames.ue4.GameActivity, return false
11-01 21:38:47.164  3790  5258 D SecContentProvider: query(), uri = 17 selection = isSettingsChangesAllowed
11-01 21:38:47.165  3790  5258 D SecContentProvider: called from android.uid.systemui:10005
11-01 21:38:47.165 13526 13526 D ViewRootImpl@fcfbaba[SimpleIntroHintService]: MSG_RESIZED_REPORT: frame=Rect(827, 1017 - 1393, 1080) ci=Rect(0, 0 - 0, 0) vi=Rect(0, 0 - 0, 0) or=2
11-01 21:38:47.166  3790  9604 V WifiDisplayAdapter: getWifiDisplayStatusLocked: result=WifiDisplayStatus{featureState=2, scanState=0, activeDisplayState=0, activeDisplay=null, displays=[], sessionInfo=WifiDisplaySessionInfo: Client/Owner: Client GroupId:  Passphrase:  SessionId: 0 IP Address: , connectedState=-1}
11-01 21:38:47.169 25213 25213 I [WeatherApp(157738@8)] : {[6F553C0FFEEBC8921C1DE372C0B7801AE73AF692B4D34AF07BA7747CBD8AFEE966523F972648F19F09857001A7CE9016AED2EACD8D109A77CAF0F2E84A549F450FEDF3735534D2510CFE54996B35AC220B97EEC99579DCCC37DF79208312A04D]}
11-01 21:38:47.169  3790  5258 D SecContentProvider: query(), uri = 17 selection = isSettingsChangesAllowed
11-01 21:38:47.169  3790  5258 D SecContentProvider: called from android.uid.systemui:10005
11-01 21:38:47.173 13526 13526 I SAMSUNGPAY: [ServiceTypeTable] isSupportOperator : BTU, GB
11-01 21:38:47.174 13526 13526 D SAMSUNGPAY: [ServiceTypeTable] Upgrade - ServiceTypeTable - entryFromCountryIso - index is : 37, iso : GB
11-01 21:38:47.175  3790  9604 D ActivityManager: isScaleDownAnimationEnabled() : false
11-01 21:38:47.176 13526 13526 D SAMSUNGPAY: [Hint_SimpleIntroService] Hint Status - HIDE : Home Package Not Running
11-01 21:38:47.176 13526 13526 I SemUiSupportService: getWindowAttributes()
11-01 21:38:47.177  3790  9604 D PersonaManagerService: Current focused persona service handled id set to : 0
11-01 21:38:47.177  3790  9604 D InputDispatcher: Focused application set to: xxxx
11-01 21:38:47.177 13526 13526 I SAMSUNGPAY: [ServiceTypeTable] isSupportOperator : BTU, GB
11-01 21:38:47.178 29690 29690 I AlwaysOnDisplay: REASON_MOBILE_KEYBOARD_COVERED_STATE_CHANGED: isMobileKeyboardCovered = false
11-01 21:38:47.178 29690 29690 D AOD_CONFIG@AODConfigurationController: onFolderStateChanged - isClosed : true
11-01 21:38:47.179  3790  9604 D MARsPolicyManager: onPackageResumedFG pkgName = com.YourCompany.FlaminGo, userId = 0
11-01 21:38:47.179  3790  4068 D GameManagerService: handleForegroundChange(). pkgName: com.YourCompany.FlaminGo, clsName: com.epicgames.ue4.GameActivity,FgActivityName:com.YourCompany.FlaminGo/com.epicgames.ue4.GameActivity
11-01 21:38:47.179  3790  5258 V WifiDisplayAdapter: getWifiDisplayStatusLocked: result=WifiDisplayStatus{featureState=2, scanState=0, activeDisplayState=0, activeDisplay=null, displays=[], sessionInfo=WifiDisplaySessionInfo: Client/Owner: Client GroupId:  Passphrase:  SessionId: 0 IP Address: , connectedState=-1}
11-01 21:38:47.179  3790  4068 D GameManagerService:   handleForegroundChange(). same package with Prev KILL_YOURSELF. ignore
11-01 21:38:47.181  1786  1786 V Configuration:  needToUpdateOverlays
11-01 21:38:47.181  1786  1786 I chatty  : uid=10094(u0_a94) com.google.android.googlequicksearchbox:search identical 8 lines
11-01 21:38:47.181  1786  1786 V Configuration:  needToUpdateOverlays
11-01 21:38:47.181 29690 29690 I AOD_CONFIG@AlwaysOnDisplay: REASON_FOLDER_CLOSED_STATE_CHANGED: ignore / has Folder [false]
11-01 21:38:47.181 29690 29690 D AOD_CONFIG@AODConfigurationController: onDesktopModeChanged - isDesktopMode : false
11-01 21:38:47.182  3790  4257 V WifiDisplayAdapter: getWifiDisplayStatusLocked: result=WifiDisplayStatus{featureState=2, scanState=0, activeDisplayState=0, activeDisplay=null, displays=[], sessionInfo=WifiDisplaySessionInfo: Client/Owner: Client GroupId:  Passphrase:  SessionId: 0 IP Address: , connectedState=-1}
11-01 21:38:47.182 13526 13526 D SAMSUNGPAY: [ServiceTypeTable] Upgrade - ServiceTypeTable - entryFromCountryIso - index is : 37, iso : GB
11-01 21:38:47.183 29690 29690 I AOD_CONFIG@AlwaysOnDisplay: REASON_DESKTOP_MODE_ENABLE_STATE_CHANGED: [false]
11-01 21:38:47.184 29690 29690 D AOD_CONFIG@AODConfigurationController: onFlipFontChanged - flipFont : 0
11-01 21:38:47.184  4190  4190 I SKBD    : SamsungKeypad [IMI] onStartInput - caller pid : 28963, caller uid : 10222
11-01 21:38:47.184  4190  4190 I SKBD    : SamsungKeypad  CACHEDIC onStartInput  isCachedICEnabled:  false
11-01 21:38:47.184  4190  4190 I SKBD    : atl getDefaultInputRange : UNKNOWN
11-01 21:38:47.184  4190  4190 I SKBD    : awo resetBinderManager()
11-01 21:38:47.185  4190  4190 I SKBD_SYNC: SamsungKeypad onStartInput: import DLM
11-01 21:38:47.185  4190  4190 I SKBD    : atl setPrivateImeOptionsToTable privateImeOptions ( null )
11-01 21:38:47.185  4190  4190 I SKBD    : atl imeOptions is null
11-01 21:38:47.185 13526 13526 D SAMSUNGPAY: [Hint_SimpleIntroService] Hint Status - already invisible, skip hide : Landscape mode
11-01 21:38:47.189 13526 13627 D OpenGLRenderer: eglDestroySurface = 0xe795e5b0
11-01 21:38:47.189  4190  4190 I SKBD    : SamsungKeypad [PF_OP][onStartInput] 5280692
11-01 21:38:47.191  3790  9604 V WindowManager: Relayout Window{edb4bb6 u0 com.samsung.android.spay.simple.SimpleIntroHintService}: viewVisibility=8 req=566x63 WM.LayoutParams{(0,0)(566x63) gr=#51 sim=#20 ty=2024 fl=#1800308 fmt=-3 vsysui=0x2000 colorMode=0 naviIconColor=0}
11-01 21:38:47.191  3790  9604 I WindowManager: Destroying surface Surface(name=com.samsung.android.spay.simple.SimpleIntroHintService) called by com.android.server.wm.WindowStateAnimator.destroySurface:2465 com.android.server.wm.WindowStateAnimator.destroySurfaceLocked:967 com.android.server.wm.WindowState.destroyOrSaveSurfaceUnchecked:3661 com.android.server.wm.WindowState.destroySurface:3609 com.android.server.wm.WindowManagerService.tryStartExitingAnimation:2676 com.android.server.wm.WindowManagerService.relayoutWindow:2460 com.android.server.wm.Session.relayout:249 android.view.IWindowSession$Stub.onTransact:288 
11-01 21:38:47.191  3250  3279 I SurfaceFlinger: id=792 Removed com.samsung.android.spay.simple.SimpleIntroHintService#0 (6/7)
11-01 21:38:47.192  3250  3279 I SurfaceFlinger: id=792 Removed com.samsung.android.spay.simple.SimpleIntroHintService#0 (-2/7)
11-01 21:38:47.192  4209  4209 D ViewRootImpl@dba86b7[NavigationBar]: MSG_RESIZED_REPORT: frame=Rect(2094, 0 - 2220, 1080) ci=Rect(0, 0 - 0, 0) vi=Rect(0, 0 - 0, 0) or=2
11-01 21:38:47.194  4209  4209 D KeyguardUpdateMonitor: received broadcast android.intent.action.CONFIGURATION_CHANGED
11-01 21:38:47.198 13526 13526 D ViewRootImpl@fcfbaba[SimpleIntroHintService]: Relayout returned: old=[827,1017][1393,1080] new=[827,1017][1393,1080] result=0x5 surface={valid=false 0} changed=true
11-01 21:38:47.200  3250  3250 I Layer   : id=792 onRemoved com.samsung.android.spay.simple.SimpleIntroHintService#0 
11-01 21:38:47.203 17950 17950 W linker  : /data/app/com.YourCompany.FlaminGo-AU6J44CPAwAHb-yc3TgClw==/lib/arm/libOVRPlugin.so: is missing DT_SONAME will use basename as a replacement: "libOVRPlugin.so"
11-01 21:38:47.206 17950 17950 D OVRPlugin: JNI_OnLoad
