11-04 20:31:47.656  4211  4211 I chatty  : uid=10005(u0_a5) com.android.systemui identical 67 lines
11-04 20:31:47.661  4211  4211 V Configuration:  needToUpdateOverlays
11-04 20:31:47.675  4189  4189 V Configuration:  needToUpdateOverlays
11-04 20:31:47.676  4189  4189 I chatty  : uid=10166(u0_a166) com.sec.android.inputmethod identical 26 lines
11-04 20:31:47.676  4189  4189 V Configuration:  needToUpdateOverlays
11-04 20:31:47.683  3783  3807 E zygote64: failed to kill 1 processes for processgroup 16416
11-04 20:31:47.683  4536 17278 D NfcService: call the applyRouting
11-04 20:31:47.684  4536 17278 D NfcService: Screen Cmd value : 3
11-04 20:31:47.684  4536 17278 D NfcService: Discovery configuration equal, not updating.
11-04 20:31:47.686  3783  4598 I ActivityManager: START u0 {act=null typ=null flg=0x10000 cmp=ComponentInfo{com.YourCompany.FlaminGo/com.epicgames.ue4.GameActivity}} from uid 10224
11-04 20:31:47.690  3783  3881 D ViewRootImpl@d7314f6[FlaminGo]: dispatchDetachedFromWindow
11-04 20:31:47.690  3783  3881 D InputEventReceiver: channel '6a710f7 Splash Screen com.YourCompany.FlaminGo (client)' ~ Disposing input event receiver.
11-04 20:31:47.690  3783  3881 D InputEventReceiver: channel '6a710f7 Splash Screen com.YourCompany.FlaminGo (client)' ~NativeInputEventReceiver.
11-04 20:31:47.690  3783  3881 I WindowManager: Destroying surface Surface(name=Splash Screen com.YourCompany.FlaminGo) called by com.android.server.wm.WindowStateAnimator.destroySurface:2465 com.android.server.wm.WindowStateAnimator.destroySurfaceLocked:967 com.android.server.wm.WindowState.removeImmediately:2396 com.android.server.wm.WindowState.removeIfPossible:2594 com.android.server.wm.WindowState.removeIfPossible:2434 com.android.server.wm.WindowManagerService.removeWindow:2018 com.android.server.wm.Session.remove:233 android.view.ViewRootImpl.dispatchDetachedFromWindow:4093 
11-04 20:31:47.691  3253  3481 I SurfaceFlinger: id=62 Removed Splash Screen com.YourCompany.FlaminGo#0 (3/8)
11-04 20:31:47.691  3253  3481 I SurfaceFlinger: id=62 Removed Splash Screen com.YourCompany.FlaminGo#0 (-2/8)
11-04 20:31:47.697  4211  4211 V Configuration:  needToUpdateOverlays
11-04 20:31:47.697  3253  3253 I Layer   : id=62 onRemoved Splash Screen com.YourCompany.FlaminGo#0 
11-04 20:31:47.698  4211  4211 V Configuration:  needToUpdateOverlays
11-04 20:31:47.698  4211  4211 I chatty  : uid=10005(u0_a5) com.android.systemui identical 2 lines
11-04 20:31:47.698  4211  4211 V Configuration:  needToUpdateOverlays
11-04 20:31:47.700  3253  3253 D SurfaceFlinger:   Display[0] configurations (* current):
11-04 20:31:47.700  3253  3253 D SurfaceFlinger:     * 0: 1440x2960, xdpi=522.513977, ydpi=525.762024, refresh=16666666
11-04 20:31:47.700  3253  3253 D SurfaceFlinger:   numHwLayers=4, flags=00000000
11-04 20:31:47.700  3253  3253 D SurfaceFlinger:     type   |  handle  | hint | flag | tr | blnd |   format    |     source crop (l,t,r,b)      |          frame         | name 
11-04 20:31:47.700  3253  3253 D SurfaceFlinger: -----------+----------+------+------+----+------+-------------+--------------------------------+------------------------+------
11-04 20:31:47.700  3253  3253 D SurfaceFlinger:        HWC | 7f0ae58aa0 | 0000 | 0000 | 00 | 0105 | RGBA_8888   |    0.0,    0.0, 1080.0,  126.0 |    0, 2094, 1080, 2220 | NavigationBar#0
11-04 20:31:47.700  3253  3253 D SurfaceFlinger:        HWC | 7f0ae565e0 | 0000 | 0000 | 04 | 0105 | RGBA_8888   |    0.0,    0.0,  566.0,   63.0 |    0,  827,   63, 1393 | com.samsung.android.spay.simple.SimpleIntroHintService#0
11-04 20:31:47.700  3253  3253 D SurfaceFlinger:        HWC | 7f0ae56340 | 0000 | 0100 | 00 | 0105 | RGBA_8888   |    0.0,    0.0, 1080.0, 2220.0 |    0,    0, 1080, 2220 | ScreenshotSurface#0
11-04 20:31:47.700  3253  3253 D SurfaceFlinger:  FB TARGET | 7f0ae55b60 | 0000 | 0000 | 00 | 0105 | RGBA_8888   |    0.0,    0.0, 1440.0, 2960.0 |    0,    0, 1440, 2960 | HWC_FRAMEBUFFER_TARGET
11-04 20:31:47.701  3783  3938 D MdnieScenarioControlService:  packageName : com.YourCompany.FlaminGo    className : com.epicgames.ue4.SplashActivity
11-04 20:31:47.701  3783  3938 V MdnieScenarioControlService: setUIMode from UI function(3)
11-04 20:31:47.710  4211  4211 D ViewRootImpl@12602c0[AssistPreviewPanel]: setView = com.android.systemui.assist.AssistOrbContainer{285dbf9 G.E...... ......I. 0,0-0,0} TM=true MM=false
11-04 20:31:47.713  4211  4647 D NetworkController.MobileSignalController(0/-2): getMobileIconGroup(): 0
11-04 20:31:47.719  4211  4647 D NetworkController: updateCarrierText : Emergency calls only
11-04 20:31:47.733  4211  4211 D ViewRootImpl@1ff77a2[DockedStackDivider]: setView = com.android.systemui.stackdivider.DividerView{9857c33 I.E...... ......I. 0,0-0,0} TM=true MM=false
11-04 20:31:47.734  4211  4211 D ViewRootImpl@314750a[DividerButtonsGroup]: dispatchDetachedFromWindow
11-04 20:31:47.734  4211  4211 D InputEventReceiver: channel 'e5e2662 DividerButtonsGroup (client)' ~ Disposing input event receiver.
11-04 20:31:47.734  4211  4211 D InputEventReceiver: channel 'e5e2662 DividerButtonsGroup (client)' ~NativeInputEventReceiver.
11-04 20:31:47.735  3783 14347 W AppOps  : Finishing op nesting under-run: uid 10005 pkg com.android.systemui code 70 time=0 duration=0 nesting=0
11-04 20:31:47.736 14481 14481 V Configuration:  needToUpdateOverlays
11-04 20:31:47.736 14481 14481 I chatty  : uid=10194(u0_a194) com.samsung.android.spay identical 3 lines
11-04 20:31:47.736 14481 14481 V Configuration:  needToUpdateOverlays
11-04 20:31:47.754  4211  4211 D ViewRootImpl@88ccad9[DividerButtonsGroup]: setView = com.android.systemui.stackdivider.DividerButtonsGroup{696ac9e I.E...... ......I. 0,0-0,0} TM=true MM=false
11-04 20:31:47.754  4211  4211 D ViewRootImpl@6438528[NavigationBar]: MSG_RESIZED_REPORT: frame=Rect(2094, 0 - 2220, 1080) ci=Rect(0, 0 - 0, 0) vi=Rect(0, 0 - 0, 0) or=2
11-04 20:31:47.755  4189  4189 I SKBD    : SamsungKeypad onConfigurationChanged2
11-04 20:31:47.756  4211  4211 D ViewRootImpl@f2e5c0f[StatusBar]: MSG_RESIZED_REPORT: frame=Rect(0, 0 - 2220, 63) ci=Rect(0, 0 - 126, 0) vi=Rect(0, 0 - 126, 0) or=2
11-04 20:31:47.758  4211  4211 D MetadataParser: onConfigurationChanged()
11-04 20:31:47.758  4211  4211 I MetadataParser: updateMetadataInfo() key = com.sec.android.daemonapp, bInfo = MetadataInfo[pkgName=com.sec.android.daemonapp, dbKey=add_info_com_sec_android_daemonapp, titleRes = 2131100116, title=null], mInfo = MetadataInfo[pkgName=com.sec.android.daemonapp, dbKey=add_info_com_sec_android_daemonapp, titleRes = 2131100116, title=null]
11-04 20:31:47.763  3783  3796 D SecContentProvider: query(), uri = 17 selection = isSettingsChangesAllowed
11-04 20:31:47.763  3783  3796 D SecContentProvider: called from android.uid.systemui:10005
11-04 20:31:47.765  3783  3796 D SecContentProvider: query(), uri = 17 selection = isSettingsChangesAllowed
11-04 20:31:47.765  3783  3796 D SecContentProvider: called from android.uid.systemui:10005
11-04 20:31:47.773  3783  3796 D ActivityManager: isScaleDownAnimationEnabled() : false
11-04 20:31:47.775  3783  4598 D SecContentProvider: query(), uri = 17 selection = isSettingsChangesAllowed
11-04 20:31:47.776  3783  3796 D PersonaManagerService: Current focused persona service handled id set to : 0
11-04 20:31:47.776  3783  3796 D InputDispatcher: Focused application set to: xxxx
11-04 20:31:47.776  3783  4598 D SecContentProvider: called from android.uid.systemui:10005
11-04 20:31:47.778  3783  3796 D MARsPolicyManager: onPackageResumedFG pkgName = com.YourCompany.FlaminGo, userId = 0
11-04 20:31:47.778  3783  4067 D GameManagerService: handleForegroundChange(). pkgName: com.YourCompany.FlaminGo, clsName: com.epicgames.ue4.GameActivity,FgActivityName:com.YourCompany.FlaminGo/com.epicgames.ue4.GameActivity
11-04 20:31:47.778  3783  4067 D GameManagerService:   handleForegroundChange(). same package. game has never resumed yet. ignore
11-04 20:31:47.791  4211  4211 D ViewRootImpl@99336fc[NavBarTouchConsumer]: MSG_RESIZED_REPORT: frame=Rect(1108, 1076 - 1112, 1080) ci=Rect(0, 0 - 0, 0) vi=Rect(0, 0 - 0, 0) or=2
11-04 20:31:47.792  4211  4211 D BarTransitions.PhoneStatusBarView: MODE_TRANSPARENT -> MODE_OPAQUE animate=true
11-04 20:31:47.792  4211  4211 D BarTransitions.SecNavigationBarView: MODE_TRANSPARENT -> MODE_OPAQUE animate=false
11-04 20:31:47.793  4211  4211 D KeyguardUpdateMonitor: received broadcast android.intent.action.CONFIGURATION_CHANGED
11-04 20:31:47.793  3783 14347 D WindowManager: adjustSystemUiVisibilityLw : vis= 0x10
11-04 20:31:47.798 17259 17259 W linker  : /data/app/com.YourCompany.FlaminGo-GPJPTI8NtjlGzWCwLdAaEg==/lib/arm/libOVRPlugin.so: is missing DT_SONAME will use basename as a replacement: "libOVRPlugin.so"
11-04 20:31:47.801 17259 17259 D OVRPlugin: JNI_OnLoad
11-04 20:31:47.805  4211  4211 D ViewRootImpl@6438528[NavigationBar]: MSG_RESIZED_REPORT: frame=Rect(2094, 0 - 2220, 1080) ci=Rect(0, 0 - 0, 0) vi=Rect(0, 0 - 0, 0) or=2
11-04 20:31:47.808 14481 14481 D ViewRootImpl@1cd9cdc[SimpleIntroHintService]: MSG_RESIZED_REPORT: frame=Rect(827, 1017 - 1393, 1080) ci=Rect(0, 0 - 0, 0) vi=Rect(0, 0 - 0, 0) or=2
11-04 20:31:47.811  4211  4211 D ViewRootImpl@12602c0[AssistPreviewPanel]: dispatchAttachedToWindow
11-04 20:31:47.811  3783  4598 V WindowManager: Relayout Window{18352e8 u0 AssistPreviewPanel}: viewVisibility=8 req=2092x656 WM.LayoutParams{(0,0)(fillx656) gr=#800053 sim=#31 ty=2033 fl=#1000118 fmt=-3 vsysui=0x700 colorMode=0 naviIconColor=0}
11-04 20:31:47.814  4211  4211 D ViewRootImpl@12602c0[AssistPreviewPanel]: Relayout returned: old=[0,0][0,0] new=[0,1080][2094,1080] result=0x1 surface={valid=false 0} changed=false
11-04 20:31:47.814  3783  3939 D AllAroundSensingService: packageName : com.YourCompany.FlaminGo    className : com.epicgames.ue4.GameActivity
11-04 20:31:47.815  3783  3939 V AllAroundSensingService: setPlatformBrightnessValue 120
11-04 20:31:47.825 14481 14481 I SAMSUNGPAY: [ServiceTypeTable] isSupportOperator : BTU, GB
11-04 20:31:47.826 14481 14481 D SAMSUNGPAY: [ServiceTypeTable] Upgrade - ServiceTypeTable - entryFromCountryIso - index is : 37, iso : GB
11-04 20:31:47.828 14481 14481 D SAMSUNGPAY: [Hint_SimpleIntroService] Hint Status - HIDE : Home Package Not Running
11-04 20:31:47.828 14481 14481 I SemUiSupportService: getWindowAttributes()
11-04 20:31:47.843 14481 14481 I SAMSUNGPAY: [ServiceTypeTable] isSupportOperator : BTU, GB
11-04 20:31:47.845 14481 14481 D SAMSUNGPAY: [ServiceTypeTable] Upgrade - ServiceTypeTable - entryFromCountryIso - index is : 37, iso : GB
11-04 20:31:47.846 10369 10778 I Icing   : Indexing com.google.android.gms-apps from com.google.android.gms
11-04 20:31:47.846 14481 14481 D SAMSUNGPAY: [Hint_SimpleIntroService] Hint Status - already invisible, skip hide : Landscape mode
11-04 20:31:47.846  3783  4598 V WindowManager: Relayout Window{bdb9e33 u0 StatusBar}: viewVisibility=0 req=2220x63 WM.LayoutParams{(0,0)(fillx63) gr=#30 sim=#10 ty=2000 fl=#81840048 fmt=-3 vsysui=0x600 colorMode=0 naviIconColor=0}
11-04 20:31:47.854 14481 14572 D OpenGLRenderer: eglDestroySurface = 0xef2de6a0
11-04 20:31:47.857 14803 14803 V Configuration:  needToUpdateOverlays
11-04 20:31:47.859 17259 17259 D UE4     : Used memory before allocating anything was 134.50MB
11-04 20:31:47.869  4211  4211 D ViewRootImpl@f2e5c0f[StatusBar]: Relayout returned: old=[0,0][2220,63] new=[0,0][2220,63] result=0x23 surface={valid=true 489514065920} changed=false
11-04 20:31:47.875  4211  4669 D OpenGLRenderer: eglDestroySurface = 0x71fb255080
11-04 20:31:47.877  4211  4669 D mali_winsys: EGLint new_window_surface(egl_winsys_display *, void *, EGLSurface, EGLConfig, egl_winsys_surface **, egl_color_buffer_format *, EGLBoolean) returns 0x3000,  [2220x63]-format:1
11-04 20:31:47.877  4211  4669 D OpenGLRenderer: eglCreateWindowSurface = 0x71fb255080
11-04 20:31:47.893  5147  5147 I PBSessionCacheImpl: Deleted sessionId[22638286753637195] from persistence.
11-04 20:31:47.898  3783 14347 V WindowManager: Relayout Window{fed1735 u0 com.samsung.android.spay.simple.SimpleIntroHintService}: viewVisibility=8 req=566x63 WM.LayoutParams{(0,0)(566x63) gr=#51 sim=#20 ty=2024 fl=#1800308 fmt=-3 vsysui=0x2000 colorMode=0 naviIconColor=0}
11-04 20:31:47.898  3783 14347 I WindowManager: Destroying surface Surface(name=com.samsung.android.spay.simple.SimpleIntroHintService) called by com.android.server.wm.WindowStateAnimator.destroySurface:2465 com.android.server.wm.WindowStateAnimator.destroySurfaceLocked:967 com.android.server.wm.WindowState.destroyOrSaveSurfaceUnchecked:3661 com.android.server.wm.WindowState.destroySurface:3609 com.android.server.wm.WindowManagerService.tryStartExitingAnimation:2676 com.android.server.wm.WindowManagerService.relayoutWindow:2460 com.android.server.wm.Session.relayout:249 android.view.IWindowSession$Stub.onTransact:288 
11-04 20:31:47.898  3253  3277 I SurfaceFlinger: id=60 Removed com.samsung.android.spay.simple.SimpleIntroHintService#0 (6/7)
11-04 20:31:47.899  3253  3277 I SurfaceFlinger: id=60 Removed com.samsung.android.spay.simple.SimpleIntroHintService#0 (-2/7)
11-04 20:31:47.899 16819 16857 I zygote64: Waiting for a blocking GC ProfileSaver
11-04 20:31:47.905 17279 17298 I vndksupport: sphal namespace is not configured for this process. Loading /vendor/lib64/egl/libGLES_mali.so from the current namespace instead.
11-04 20:31:47.910 12087 12087 I [WeatherWidget(157738@8)] : {[6F553C0FFEEBC8921C1DE372C0B7801AE73AF692B4D34AF07BA7747CBD8AFEE966523F972648F19F09857001A7CE9016BC545B7C29E22C195F7029BAD1E51092]}
11-04 20:31:47.911 12087 12087 I [WeatherWidget(157738@8)] : {[6F553C0FFEEBC8921C1DE372C0B7801AA01BB0C39F82763FF4509115D82B8D6E8F7548AAF31890FA7B9038662072A9AC6855E26A2CE06A09029A117D4CCE27C2FAC9F80DAE31FBAB897D7D86BA1DFC9F]}
11-04 20:31:47.912  4211  4211 D ScrollView:  onsize change changed 
11-04 20:31:47.913 14481 14481 D ViewRootImpl@1cd9cdc[SimpleIntroHintService]: Relayout returned: old=[827,1017][1393,1080] new=[827,1017][1393,1080] result=0x5 surface={valid=false 0} changed=true
11-04 20:31:47.914  3253  3253 I Layer   : id=60 onRemoved com.samsung.android.spay.simple.SimpleIntroHintService#0 
11-04 20:31:47.923  3253  3253 D SurfaceFlinger:   Display[0] configurations (* current):
11-04 20:31:47.923  3253  3253 D SurfaceFlinger:     * 0: 1440x2960, xdpi=522.513977, ydpi=525.762024, refresh=16666666
11-04 20:31:47.923  3253  3253 D SurfaceFlinger:   numHwLayers=3, flags=00000000
11-04 20:31:47.923  3253  3253 D SurfaceFlinger:     type   |  handle  | hint | flag | tr | blnd |   format    |     source crop (l,t,r,b)      |          frame         | name 
11-04 20:31:47.923  3253  3253 D SurfaceFlinger: -----------+----------+------+------+----+------+-------------+--------------------------------+------------------------+------
11-04 20:31:47.923  3253  3253 D SurfaceFlinger:        HWC | 7f0a82b7e0 | 0000 | 0000 | 00 | 0105 | RGBA_8888   |    0.0,    0.0, 1080.0,  126.0 |    0, 2094, 1080, 2220 | NavigationBar#0
11-04 20:31:47.923  3253  3253 D SurfaceFlinger:        HWC | 7f0ae56340 | 0000 | 0100 | 00 | 0105 | RGBA_8888   |    0.0,    0.0, 1080.0, 2220.0 |    0,    0, 1080, 2220 | ScreenshotSurface#0
11-04 20:31:47.923  3253  3253 D SurfaceFlinger:  FB TARGET | 7f0ae55b60 | 0000 | 0000 | 00 | 0105 | RGBA_8888   |    0.0,    0.0, 1440.0, 2960.0 |    0,    0, 1440, 2960 | HWC_FRAMEBUFFER_TARGET
11-04 20:31:47.926 17279 17279 D KnoxUsageDB: getInstance - KnoxUsageDBHelper
11-04 20:31:47.926 17279 17279 D KnoxUsageDB: null == mDbHelperInstance - KnoxUsageDBHelper
11-04 20:31:47.929  4211  4915 D SystemServicesProxy: updateOverviewLastStackActiveTimeAsync: newTime=1540204754719
11-04 20:31:47.930  3783  3796 D SecContentProvider: query(), uri = 17 selection = isSettingsChangesAllowed
11-04 20:31:47.931  3783  3796 D SecContentProvider: called from android.uid.systemui:10005
11-04 20:31:47.931  4211  4481 D SystemServicesProxy: updateOverviewLastStackActiveTimeAsync: done.
11-04 20:31:47.949 12087 12087 D [WeatherWidget(157738@8)] : {[1E664422AD52943CBB2A3A8093981A53214B59EF8336756F3A53C3AED4C7D819445FBF54BA5ADF9159760DDE7965C454FED52E802B23DA62F149C23CCEAC3AA8BC25E3B73843615E29CC9356DC3F194514387D6D5742449D7EB28EBA4ED68111432D166C1822C4B37947D4DDECEC855773C9D0896144A89D16ABE7A0055995D6F059CCF9589FD03A61A9E6B657DA003A38F0D718A406C0A8FD63D7DB51F0D791A86547DE7D48E9E001F29EC92D5A4470328F6F391C1BFA8B467835FA8515D3220EB62EEBFD8E46F9671959208075F55E5453D24F308DD787941E692FA3815D69F96E56C8E4962124536A5B148D767897]}
11-04 20:31:47.957  3783 14347 V WindowManager: finishDrawingLocked: mDrawState=COMMIT_DRAW_PENDING Window{bdb9e33 u0 StatusBar} in Surface(name=StatusBar)
11-04 20:31:47.960  4211  4211 D ViewRootImpl@1ff77a2[DockedStackDivider]: dispatchAttachedToWindow
11-04 20:31:47.961  3783 14347 V WindowManager: Relayout Window{7aeb594 u0 DockedStackDivider}: viewVisibility=4 req=126x1016 WM.LayoutParams{(0,0)(126xfill) sim=#20 ty=2034 fl=#21840028 pfl=0x40 fmt=-3 vsysui=0x700 colorMode=0 naviIconColor=0}
11-04 20:31:47.962  4189  4189 I SKBD    : SamsungKeypad [IMI] onStartInput - caller pid : 5208, caller uid : 10083
11-04 20:31:47.965  4211  4211 D ViewRootImpl@1ff77a2[DockedStackDivider]: Relayout returned: old=[0,0][0,0] new=[0,0][0,0] result=0x1 surface={valid=false 0} changed=false
11-04 20:31:47.968  3783  3881 I WindowManager: Screen frozen for +616ms due to Window{bdb9e33 u0 StatusBar}
11-04 20:31:47.977  3253  3253 I SurfaceFlinger: id=64 createSurf (2160x2220),-1 flag=20004, BlackSurface#0
11-04 20:31:47.978  3253  3253 I SurfaceFlinger: id=65 createSurf (1080x4440),-1 flag=20004, BlackSurface#0
11-04 20:31:47.980  3253  3253 I SurfaceFlinger: id=66 createSurf (2160x2220),-1 flag=20004, BlackSurface#0
11-04 20:31:47.981  3253  3253 I SurfaceFlinger: id=67 createSurf (1080x4440),-1 flag=20004, BlackSurface#0
11-04 20:31:47.981  3783  3881 D InputDispatcher: setInputDispatchMode: enabled=1, frozen=0
11-04 20:31:47.984  3230  3505 D audio_hw_primary_abox: device-adev_set_parameters: enter with key(display_rotation=1)
11-04 20:31:47.985  3783  3796 V WindowManager: Relayout Window{ea8c5af u0 InputMethod}: viewVisibility=8 req=2220x126 WM.LayoutParams{(0,0)(fillxwrap) gr=#50 sim=#20 ty=2011 fl=#800108 pfl=0x1000000 fmt=-2 wanim=0x7f0e00e1 vsysui=0x310 needsMenuKey=2 colorMode=0 naviIconColor=0 sfl=0x800}
11-04 20:31:47.985  3230  3505 D audio_hw_primary_abox: device-adev_set_parameters: exit
11-04 20:31:47.990  3405  8408 V MultiRecordManager: setParameters(): io 0, keyvalue display_rotation=1, calling pid 3783
11-04 20:31:47.991 14304 14304 D TuiService: onConfigurationChanged, old dpi=420, new dpi=420
11-04 20:31:47.996  4189  4189 D ViewRootImpl@6769103[InputMethod]: Relayout returned: old=[0,819][1080,2220] new=[0,819][1080,2220] result=0x1 surface={valid=false 0} changed=false
11-04 20:31:47.997  4211  4211 D ViewRootImpl@88ccad9[DividerButtonsGroup]: dispatchAttachedToWindow
11-04 20:31:47.997 17279 17299 D SF:SALogging: run: init SALogging UserHandle{0}
11-04 20:31:48.000 17279 17279 D KnoxPackageReceiver:  received intent Intent { act=android.intent.action.PACKAGE_ADDED dat=package:com.YourCompany.FlaminGo flg=0x4000010 cmp=com.samsung.knox.securefolder/.containeragent.detector.KnoxPackageStateReceiver (has extras) }
11-04 20:31:48.000 17279 17279 D KnoxPackageReceiver: onReceive intent
11-04 20:31:48.000 17279 17279 D KnoxPackageReceiver: ACTION_PACKAGE_ADDED intent received
11-04 20:31:48.000 17279 17279 D KnoxPackageReceiver: packageName:com.YourCompany.FlaminGo
11-04 20:31:48.001 17279 17279 D KnoxPackageReceiver: userId 0
11-04 20:31:48.004  3253  3253 D SurfaceFlinger:   Display[0] configurations (* current):
11-04 20:31:48.004  3253  3253 D SurfaceFlinger:     * 0: 1440x2960, xdpi=522.513977, ydpi=525.762024, refresh=16666666
11-04 20:31:48.004  3253  3253 D SurfaceFlinger:   numHwLayers=2, flags=00000000
11-04 20:31:48.004  3253  3253 D SurfaceFlinger:     type   |  handle  | hint | flag | tr | blnd |   format    |     source crop (l,t,r,b)      |          frame         | name 
11-04 20:31:48.004  3253  3253 D SurfaceFlinger: -----------+----------+------+------+----+------+-------------+--------------------------------+------------------------+------
11-04 20:31:48.004  3253  3253 D SurfaceFlinger:        HWC | 7f0ae56340 | 0000 | 0100 | 00 | 0105 | RGBA_8888   |    0.0,    0.0, 1080.0, 2220.0 |    0,    0, 1080, 2220 | ScreenshotSurface#0
11-04 20:31:48.004  3253  3253 D SurfaceFlinger:  FB TARGET | 7f0ae55b60 | 0000 | 0000 | 00 | 0105 | RGBA_8888   |    0.0,    0.0, 1440.0, 2960.0 |    0,    0, 1440, 2960 | HWC_FRAMEBUFFER_TARGET
11-04 20:31:48.005  3783 14347 V WindowManager: Relayout Window{3679832 u0 DividerButtonsGroup}: viewVisibility=4 req=131x458 WM.LayoutParams{(0,0)(131x458) sim=#20 ty=2302 fl=#1040020 fmt=-3 vsysui=0x700 surfaceInsets=Rect(32, 32 - 32, 32) colorMode=0 naviIconColor=0}
11-04 20:31:48.005 14803 14803 I [WeatherApp(157738@8)] : {[6F553C0FFEEBC8921C1DE372C0B7801AE73AF692B4D34AF07BA7747CBD8AFEE966523F972648F19F09857001A7CE9016AED2EACD8D109A77CAF0F2E84A549F450FEDF3735534D2510CFE54996B35AC220B97EEC99579DCCC37DF79208312A04D]}
11-04 20:31:48.007 10369 10778 I Icing   : Indexing done com.google.android.gms-apps
11-04 20:31:48.008 10369 10778 I Icing   : Indexing com.google.android.gms-internal.3p:MobileApplication from com.google.android.gms
11-04 20:31:48.008  4211  4211 D ViewRootImpl@88ccad9[DividerButtonsGroup]: Relayout returned: old=[0,0][0,0] new=[0,0][0,0] result=0x1 surface={valid=false 0} changed=false
11-04 20:31:48.010  3783 14347 V WindowManager: Relayout Window{e75ce4a u0 NavBarTouchConsumer}: viewVisibility=0 req=4x4 WM.LayoutParams{(0,0)(4x4) gr=#5 sim=#20 ty=2273 fl=#1080108 fmt=-3 alpha=0.0 colorMode=0 naviIconColor=0 sfl=0x20000}
11-04 20:31:48.010 17279 17279 D KnoxPackageReceiver: installerPackage:null
11-04 20:31:48.010 17279 17279 D KnoxPackageReceiver: Application installed. Exiting.....
11-04 20:31:48.013  3783  3796 W BroadcastQueue: Background execution not allowed: receiving Intent { act=android.intent.action.PACKAGE_ADDED dat=package:com.YourCompany.FlaminGo flg=0x4000010 (has extras) } to com.sec.android.app.samsungapps/.MyPackageReplacedReceiver
11-04 20:31:48.014  3783  3805 D StorageManagerService: getExternalStorageMountMode : 1
11-04 20:31:48.014  4211  4211 D ViewRootImpl@99336fc[NavBarTouchConsumer]: Relayout returned: old=[1108,1076][1112,1080] new=[2216,538][2220,542] result=0x1 surface={valid=true 489376280576} changed=false
11-04 20:31:48.014  3783  3805 D StorageManagerService: getExternalStorageMountMode : 3
11-04 20:31:48.014  3783  3805 D StorageManagerService: getExternalStorageMountMode : final mountMode=1, uid : 10027, packageName : com.sec.android.widgetapp.samsungapps
11-04 20:31:48.015  3783  3805 I ApplicationPolicy: isApplicationExternalStorageWhitelisted:com.sec.android.widgetapp.samsungapps user:0
11-04 20:31:48.015  3783  3805 D ApplicationPolicy: isApplicationExternalStorageWhitelisted: DO is not enabled on user 0. Allowed.
11-04 20:31:48.015  3783  3805 D ActivityManager: package  com.sec.android.widgetapp.samsungapps, user - 0 is SDcard whitelisted
11-04 20:31:48.015  3783  3805 I ApplicationPolicy: isApplicationExternalStorageBlacklisted:com.sec.android.widgetapp.samsungapps user:0
11-04 20:31:48.015  3783  3805 D ApplicationPolicy: isApplicationExternalStorageBlacklisted: DO is not enabled on user 0. Allowed.
11-04 20:31:48.019  3253  3253 D SurfaceFlinger:   Display[0] configurations (* current):
11-04 20:31:48.019  3253  3253 D SurfaceFlinger:     * 0: 1440x2960, xdpi=522.513977, ydpi=525.762024, refresh=16666666
11-04 20:31:48.019  3253  3253 D SurfaceFlinger:   numHwLayers=6, flags=00000000
11-04 20:31:48.019  3253  3253 D SurfaceFlinger:     type   |  handle  | hint | flag | tr | blnd |   format    |     source crop (l,t,r,b)      |          frame         | name 
11-04 20:31:48.019  3253  3253 D SurfaceFlinger: -----------+----------+------+------+----+------+-------------+--------------------------------+------------------------+------
11-04 20:31:48.019  3253  3253 D SurfaceFlinger:       GLES | 7f0ae56340 | 0000 | 0101 | 00 | 0105 | RGBA_8888   |    0.0,    0.0, 1080.0, 2220.0 |    0,    0, 1080, 2220 | ScreenshotSurface#0
11-04 20:31:48.019  3253  3253 D SurfaceFlinger:       GLES | 00000000 | 0000 | 0201 | 00 | 0105 | ? ffffffff  |   -0.4,   -0.9,   -0.9,   -1.0 |   31,    0, 1080,  244 | BlackSurface#0
11-04 20:31:48.019  3253  3253 D SurfaceFlinger:       GLES | 00000000 | 0000 | 0201 | 00 | 0105 | ? ffffffff  |   -0.8,   -0.0,   -1.0,   -0.6 |    0,    0,  209, 2077 | BlackSurface#0
11-04 20:31:48.019  3253  3253 D SurfaceFlinger:       GLES | 00000000 | 0000 | 0201 | 00 | 0105 | ? ffffffff  |   -0.1,    0.0,   -0.6,   -0.1 |    0, 1976, 1049, 2220 | BlackSurface#0
11-04 20:31:48.019  3253  3253 D SurfaceFlinger:       GLES | 00000000 | 0000 | 0201 | 00 | 0105 | ? ffffffff  |    0
11-04 20:31:48.019  3253  3253 D SurfaceFlinger: .0,   -0.4,   -0.2,   -1.0 |  871,  143, 1080, 2220 | BlackSurface#0
11-04 20:31:48.019  3253  3253 D SurfaceFlinger:  FB TARGET | 7f0ae558c0 | 0000 | 0000 | 00 | 0105 | RGBA_8888   |    0.0,    0.0, 1440.0, 2960.0 |    0,    0, 1440, 2960 | HWC_FRAMEBUFFER_TARGET
11-04 20:31:48.020  4189  4189 I SKBD    : awo checkCocktailBar() first use took : 1
11-04 20:31:48.021 10369 10778 I Icing   : Indexing com.google.android.gms-internal.3p:MusicGroup from com.google.android.gms
11-04 20:31:48.023  4211  4669 D OpenGLRenderer: eglDestroySurface = 0x71f0f3b260
11-04 20:31:48.024  4211  4669 D mali_winsys: EGLint new_window_surface(egl_winsys_display *, void *, EGLSurface, EGLConfig, egl_winsys_surface **, egl_color_buffer_format *, EGLBoolean) returns 0x3000,  [4x4]-format:1
11-04 20:31:48.024  4211  4669 D OpenGLRenderer: eglCreateWindowSurface = 0x71f0f3b260
11-04 20:31:48.027 10369 10778 I Icing   : Indexing com.google.android.gms-internal.3p:DigitalDocument from com.google.android.gms
11-04 20:31:48.028 17279 17298 D libEGL  : loaded /vendor/lib64/egl/libGLES_mali.so
11-04 20:31:48.032 10369 10778 I Icing   : Indexing com.google.android.gms-internal.3p:Photograph from com.google.android.gms
11-04 20:31:48.035  5147  5147 W SearchServiceCore: Abort, client detached.
11-04 20:31:48.038 10369 10778 I Icing   : Indexing com.google.android.gms-internal.3p:MusicRecording from com.google.android.gms
11-04 20:31:48.039  4211  4211 D ViewRootImpl@99336fc[NavBarTouchConsumer]: MSG_RESIZED_REPORT: frame=Rect(2216, 538 - 2220, 542) ci=Rect(0, 0 - 0, 0) vi=Rect(0, 0 - 126, 0) or=2
11-04 20:31:48.041 16819 16857 I zygote64: WaitForGcToComplete blocked for 141.632ms for cause ProfileSaver
11-04 20:31:48.045 10369 10778 I Icing   : Indexing done com.google.android.gms-internal.3p:MobileApplication
11-04 20:31:48.050 17300 17300 E Zygote  : isWhitelistProcess - Process is Whitelisted
11-04 20:31:48.051 17300 17300 E libpersona: scanKnoxPersonas
11-04 20:31:48.051 17300 17300 E libpersona: Couldn't open the File - /data/system/users/0/personalist.xml - No such file or directory
11-04 20:31:48.053  3253  3253 D SurfaceFlinger:   Display[0] configurations (* current):
11-04 20:31:48.053  3253  3253 D SurfaceFlinger:     * 0: 1440x2960, xdpi=522.513977, ydpi=525.762024, refresh=16666666
11-04 20:31:48.053  3253  3253 D SurfaceFlinger:   numHwLayers=7, flags=00000000
11-04 20:31:48.053  3253  3253 D SurfaceFlinger:     type   |  handle  | hint | flag | tr | blnd |   format    |     source crop (l,t,r,b)      |          frame         | name 
11-04 20:31:48.053  3253  3253 D SurfaceFlinger: -----------+----------+------+------+----+------+-------------+--------------------------------+------------------------+------
11-04 20:31:48.053  3253  3253 D SurfaceFlinger:       GLES | 7f0a82b7e0 | 0000 | 0001 | 00 | 0105 | RGBA_8888   |    0.0,    0.0,  704.0,  126.0 |  875, 1814, 1080, 2220 | NavigationBar#0
11-04 20:31:48.053  3253  3253 D SurfaceFlinger:       GLES | 7f0ae56340 | 0000 | 0101 | 00 | 0105 | RGBA_8888   |    0.0,    0.0, 1080.0, 2220.0 |    0,    0, 1080, 2220 | ScreenshotSurface#0
11-04 20:31:48.053  3253  3253 D SurfaceFlinger:       GLES | 00000000 | 0000 | 0201 | 00 | 0105 | ? ffffffff  |   -0.4,   -0.8,   -0.9,   -1.0 |  281,    0, 1080,  763 | BlackSurface#0
11-04 20:31:48.053  3253  3253 D SurfaceFlinger:       GLES | 00000000 | 0000 | 0201 | 00 | 0105 | ? ffffffff  |   -0.8,   -0.0,   -1.0,   -0.6 |    0,    0,  499, 1391 | BlackSurface#0
11-04 20:31:48.053  3253  3253 D SurfaceFlinger:       GLES | 00000000 | 0000 | 0201 | 00 | 0105 | ? ffffffff  |  
11-04 20:31:48.053  3253  3253 D SurfaceFlinger:  -0.1,    0.0,   -0.6,   -0.2 |    0, 1457,  799, 2220 | BlackSurface#0
11-04 20:31:48.053  3253  3253 D SurfaceFlinger:       GLES | 00000000 | 0000 | 0201 | 00 | 0105 | ? ffffffff  |    0.0,   -0.4,   -0.2,   -1.0 |  581,  829, 1080, 2220 | BlackSurface#0
11-04 20:31:48.053  3253  3253 D SurfaceFlinger:  FB TARGET | 7f0ae55b60 | 0000 | 0000 | 00 | 0105 | RGBA_8888   |    0.0,    0.0, 1440.0, 2960.0 |    0,    0, 1440, 2960 | HWC_FRAMEBUFFER_TARGET
11-04 20:31:48.053 17300 17300 W SELinux : SELinux selinux_android_compute_policy_index : Policy Index[2],  Con:u:r:zygote:s0 RAM:SEPF_SM-G955F_8.0.0_0016, [-1 -1 -1 -1 0 1]
11-04 20:31:48.054 17300 17300 I SELinux : SELinux: seapp_context_lookup: seinfo=samsung, level=s0:c512,c768, pkgname=com.sec.android.widgetapp.samsungapps 
11-04 20:31:48.054 10369 10778 I Icing   : Indexing done com.google.android.gms-internal.3p:MusicGroup
11-04 20:31:48.057 10369 10778 I Icing   : Indexing done com.google.android.gms-internal.3p:DigitalDocument
11-04 20:31:48.058  3783  3805 I ActivityManager: Start proc 17300:com.sec.android.widgetapp.samsungapps/u0a27 for broadcast com.sec.android.widgetapp.samsungapps/.PackageChangeReceiver
11-04 20:31:48.059 10369 10778 I Icing   : Indexing done com.google.android.gms-internal.3p:Photograph
11-04 20:31:48.061  3783  3796 I ActivityManager: KPU : put [com.samsung.ipservice] : 0 K
11-04 20:31:48.061  3783  3796 I ActivityManager: Killing 16625:com.samsung.ipservice/5004 (adj 906): DHA:empty #25
11-04 20:31:48.062 10369 10778 I Icing   : Indexing done com.google.android.gms-internal.3p:MusicRecording
11-04 20:31:48.071  4211  4211 D SecNavigationBarView: setNavigationIconHints showImeButton : false
11-04 20:31:48.071  4211  4211 D SecNavigationBarView: updateImmersivePinIcon() isImmersiveMode=false
11-04 20:31:48.073  4211  4211 D ViewRootImpl@a675252[AssistPreviewPanel]: dispatchDetachedFromWindow
11-04 20:31:48.073  4211  4211 D InputEventReceiver: channel '3f013ac AssistPreviewPanel (client)' ~ Disposing input event receiver.
11-04 20:31:48.073  4211  4211 D InputEventReceiver: channel '3f013ac AssistPreviewPanel (client)' ~NativeInputEventReceiver.
11-04 20:31:48.074  3783  8657 W AppOps  : Finishing op nesting under-run: uid 10005 pkg com.android.systemui code 70 time=0 duration=0 nesting=0
11-04 20:31:48.086  4211  4211 D NetworkController: dynamicallyReduceTextSize : mDisplayMetrics.densityDpi420
11-04 20:31:48.087  4211  4211 D KeyguardUpdateMonitor: updateCarrierTextInfo
11-04 20:31:48.087  4211  4211 D ViewRootImpl@5ef0314[DockedStackDivider]: dispatchDetachedFromWindow
11-04 20:31:48.087  4211  4211 D InputEventReceiver: channel '120be98 DockedStackDivider (client)' ~ Disposing input event receiver.
11-04 20:31:48.087  4211  4211 D InputEventReceiver: channel '120be98 DockedStackDivider (client)' ~NativeInputEventReceiver.
11-04 20:31:48.088  3783  4250 W AppOps  : Finishing op nesting under-run: uid 10005 pkg com.android.systemui code 70 time=0 duration=0 nesting=0
11-04 20:31:48.090 17279 17279 D SF:WorkerService: handleMessage: MSG_SET_CONFIGURATION
11-04 20:31:48.093 17279 17279 W zygote64: Class com.samsung.context.sdk.samsunganalytics.SamsungAnalytics failed lock verification and will run slower.
11-04 20:31:48.093 17279 17279 W zygote64: Common causes for lock verification issues are non-optimized dex code
11-04 20:31:48.093 17279 17279 W zygote64: and incorrect proguard optimizations.
11-04 20:31:48.096  5147  5147 V Configuration:  needToUpdateOverlays
11-04 20:31:48.097  5147  5147 I chatty  : uid=10094(u0_a94) com.google.android.googlequicksearchbox:search identical 1 line
11-04 20:31:48.097  5147  5147 V Configuration:  needToUpdateOverlays
11-04 20:31:48.097  5147  5147 V Configuration:  needToUpdateOverlays
11-04 20:31:48.099 17279 17279 D SamsungAnalytics111040: cf feature is supported
11-04 20:31:48.104 17259 17259 D UE4     : In the JNI_OnLoad function
11-04 20:31:48.104  4211  4647 D Tile.WifiTile: handleUpdateState enabledChanging
11-04 20:31:48.104 17259 17259 D UE4     : [JNI] - Failed to determine if app purchasing is enabled!
11-04 20:31:48.105  4211  4776 V SystemUIAnalytics: SAPreference : 1104 / 1
11-04 20:31:48.105  4211  4211 D KeyguardUpdateMonitor: handleConfigurationChanged
11-04 20:31:48.108  3783  4598 W StorageManager: getStorageLowBytes lowPercent : 5, lowBytes : 2898018304, maxLowBytes : 524288000
11-04 20:31:48.108 17300 17300 D TimaKeyStoreProvider: TimaKeyStore is not enabled: cannot add TimaSignature Service and generateKeyPair Service
11-04 20:31:48.108 17300 17300 D ActivityThread: Added TimaKeyStore provider
11-04 20:31:48.108 17259 17259 D UE4     : Path found as '/storage/emulated/0'
11-04 20:31:48.109 17259 17259 D UE4     : Font Path found as '/system/fonts/'
11-04 20:31:48.109 17259 17259 D UE4     : In the JNI_OnLoad function 5
11-04 20:31:48.110 17279 17279 D SamsungAnalytics111040: newThread on Executor
11-04 20:31:48.111  5147  5147 I chatty  : uid=10094(u0_a94) com.google.android.googlequicksearchbox:search expire 1 line
11-04 20:31:48.111  5147  5147 V Configuration:  needToUpdateOverlays
11-04 20:31:48.111 17279 17279 D SamsungAnalytics111040: [Tracker] Tracker start:1.11.040
11-04 20:31:48.111  5147  5147 V Configuration:  needToUpdateOverlays
11-04 20:31:48.111  5147  5147 I chatty  : uid=10094(u0_a94) com.google.android.googlequicksearchbox:search identical 2 lines
11-04 20:31:48.111  5147  5147 V Configuration:  needToUpdateOverlays
11-04 20:31:48.112  4211  4776 V SystemUIAnalytics: SAPreference : 1105 / 2
11-04 20:31:48.112  4211  4647 D Tile.BluetoothTile: handleUpdateState enabled = true connected = false bluetoothState = 12
11-04 20:31:48.120  3783  8657 I ActivityManager: DSS on for com.sec.android.widgetapp.samsungapps and scale is 1.0
11-04 20:31:48.121  4211  4647 D Tile.RotationLockTile:  handleUpdateState: true orientation = true
11-04 20:31:48.123  3783  4598 V WindowManager: Relayout Window{70a4286 u0 NavigationBar}: viewVisibility=0 req=126x1080 WM.LayoutParams{(0,0)(fillxfill) sim=#20 ty=2019 fl=#21840068 fmt=-3 colorMode=0 naviIconColor=0}
11-04 20:31:48.126  4211  4647 D FlashlightController: updateTorchCallback for mCameraId 0
11-04 20:31:48.126  4211  4647 D Tile.AirplaneModeTile:  handleUpdateState:  value false  state.dim false
11-04 20:31:48.126  4211  4776 V SystemUIAnalytics: SAPreference : 1108 / 0
11-04 20:31:48.126  4211  4776 V SystemUIAnalytics: SAPreference : 2014 / 0
11-04 20:31:48.127  3783  8657 W StorageManager: getStorageLowBytes lowPercent : 5, lowBytes : 2898018304, maxLowBytes : 524288000
11-04 20:31:48.130  4211  4776 V SystemUIAnalytics: SAPreference : 1109 / 0
11-04 20:31:48.130  4211  4211 D ViewRootImpl@6438528[NavigationBar]: Relayout returned: old=[2094,0][2220,1080] new=[2094,0][2220,1080] result=0x1 surface={valid=true 488757387264} changed=false
11-04 20:31:48.131  4211  4211 D ViewRootImpl@f2e5c0f[StatusBar]: MSG_RESIZED_REPORT: frame=Rect(0, 0 - 2220, 63) ci=Rect(0, 0 - 126, 0) vi=Rect(0, 0 - 126, 0) or=2
11-04 20:31:48.131  4211  4211 D KeyguardUpdateMonitor: handleStatusBarState( false )
11-04 20:31:48.136  3783  4250 W StorageManager: getStorageLowBytes lowPercent : 5, lowBytes : 2898018304, maxLowBytes : 524288000
11-04 20:31:48.138 17259 17259 V threaded_app: Creating: 0xdfffba80
11-04 20:31:48.138 17259 17318 V threaded_app: Config: mcc=0 mnc=0 lang=en cnt=GB orien=2 touch=3 dens=420 keys=1 nav=1 keysHid=3 navHid=0 sdk=26 size=2 long=2 modetype=1 modenight=1
11-04 20:31:48.139 17259 17318 D UE4     : Entering native app glue main function
11-04 20:31:48.139 17259 17318 D UE4     : Created event thread
11-04 20:31:48.139 17259 17318 D UE4     : Entered AndroidMain()
11-04 20:31:48.140 17259 17319 D UE4     : Entering event processing thread engine entry point
11-04 20:31:48.140 17259 17319 D UE4     : Prepared looper for event thread
11-04 20:31:48.140 17259 17319 D UE4     : Passed callback initialization
11-04 20:31:48.140 17259 17319 D UE4     : Passed sensor initialization
11-04 20:31:48.140 17259 17318 D UE4     : Controller interface supported
11-04 20:31:48.140  4211  4211 D KeyguardClockPage: onRefreshCarrierInfo(pre, now): false, false
11-04 20:31:48.140  4211  4211 D CarrierText: updateCarrierText(): subscriptionInfo Size = 0, DefaultText = No service
11-04 20:31:48.140  4211  4211 D MultiSimUtils: isSimStateReadyorNotReady() : simSlot = 0, simState = ABSENT
11-04 20:31:48.141  4211  4647 D TileLifecycleManager: Binding service Intent { cmp=com.android.settings/com.samsung.android.settings.qstile.PowerSavingTile (has extras) } UserHandle{0}
11-04 20:31:48.141  4211  4211 D CarrierText: Getting plmn/spn/subId sticky brdcst  plmn : Emergency calls only, spn : , subId :-2
11-04 20:31:48.141  4211  4211 D CarrierText: plmn Of NetworkController Impl : Emergency calls only
11-04 20:31:48.142  4211  4211 D CarrierText: setText : No SIM card | Emergency calls only
11-04 20:31:48.142  3783  4250 D StorageManagerService: getExternalStorageMountMode : 1
11-04 20:31:48.143  3783  4250 D StorageManagerService: getExternalStorageMountMode : 3
11-04 20:31:48.143  4211  4211 D CarrierText: updateCarrierText(): subscriptionInfo Size = 0, DefaultText = No service
11-04 20:31:48.143  3783  4250 D StorageManagerService: getExternalStorageMountMode : final mountMode=1, uid : 1000, packageName : com.android.settings
11-04 20:31:48.143  4211  4211 D MultiSimUtils: isSimStateReadyorNotReady() : simSlot = 0, simState = ABSENT
11-04 20:31:48.143  3783  4250 I ApplicationPolicy: isApplicationExternalStorageWhitelisted:com.android.settings user:0
11-04 20:31:48.143  3783  4250 D ApplicationPolicy: isApplicationExternalStorageWhitelisted: DO is not enabled on user 0. Allowed.
11-04 20:31:48.143  3783  4250 D ActivityManager: package  com.android.settings, user - 0 is SDcard whitelisted
11-04 20:31:48.143  3783  4250 I ApplicationPolicy: isApplicationExternalStorageBlacklisted:com.android.settings user:0
11-04 20:31:48.143  3783  4250 D ApplicationPolicy: isApplicationExternalStorageBlacklisted: DO is not enabled on user 0. Allowed.
11-04 20:31:48.154  3783  4250 I ActivityManager: Start proc 17320:com.android.settings:QuickSettingsTile/1000 for service com.android.settings/com.samsung.android.settings.qstile.PowerSavingTile
11-04 20:31:48.154  4211  4211 D CarrierText: Getting plmn/spn/subId sticky brdcst  plmn : Emergency calls only, spn : , subId :-2
11-04 20:31:48.154  4211  4211 D CarrierText: plmn Of NetworkController Impl : Emergency calls only
11-04 20:31:48.154  4211  4211 D CarrierText: setText : No SIM card | Emergency calls only
11-04 20:31:48.156 17320 17320 E Zygote  : isWhitelistProcess - Process is Whitelisted
11-04 20:31:48.156  4211  4211 D KeyguardUpdateMonitor: handleStatusBarState( false )
11-04 20:31:48.156 17320 17320 E libpersona: scanKnoxPersonas
11-04 20:31:48.156 17320 17320 E libpersona: Couldn't open the File - /data/system/users/0/personalist.xml - No such file or directory
11-04 20:31:48.157  4211  4647 D TileLifecycleManager: onStartListening
11-04 20:31:48.159 17320 17320 W SELinux : SELinux selinux_android_compute_policy_index : Policy Index[2],  Con:u:r:zygote:s0 RAM:SEPF_SM-G955F_8.0.0_0016, [-1 -1 -1 -1 0 1]
11-04 20:31:48.160 17320 17320 I SELinux : SELinux: seapp_context_lookup: seinfo=platform, pkgname=com.android.settings:QuickSettingsTile 
11-04 20:31:48.163  4211  4647 D Tile.MobileDataTile: handleUpdateState : state false
11-04 20:31:48.163  4211  4776 V SystemUIAnalytics: SAPreference : 2012 / 0
11-04 20:31:48.166  4211  4776 V SystemUIAnalytics: SAPreference : 2016 / 0
11-04 20:31:48.170  4211  4211 D KeyguardUpdateMonitor: handleStatusBarState( false )
11-04 20:31:48.170  4211  4211 I chatty  : uid=10005(u0_a5) com.android.systemui identical 1 line
11-04 20:31:48.171  4211  4211 D KeyguardUpdateMonitor: handleStatusBarState( false )
11-04 20:31:48.172  4211  4647 D TileLifecycleManager: Binding service Intent { cmp=com.samsung.android.lool/com.samsung.android.sm.ui.booster.PerformanceTile (has extras) } UserHandle{0}
11-04 20:31:48.175  4211  4211 D KeyguardUpdateMonitor: handleStatusBarState( false )
11-04 20:31:48.176 17259 17332 D OpenGLRenderer: HWUI GL Pipeline
11-04 20:31:48.177  3783  3948 D StorageManagerService: getExternalStorageMountMode : 1
11-04 20:31:48.177  3783  3948 D StorageManagerService: getExternalStorageMountMode : 3
11-04 20:31:48.177  3783  3948 D StorageManagerService: getExternalStorageMountMode : final mountMode=1, uid : 1000, packageName : com.samsung.android.lool
11-04 20:31:48.178  3783  3948 I ApplicationPolicy: isApplicationExternalStorageWhitelisted:com.samsung.android.lool user:0
11-04 20:31:48.178  3783  3948 D ApplicationPolicy: isApplicationExternalStorageWhitelisted: DO is not enabled on user 0. Allowed.
11-04 20:31:48.178  3783  3948 D ActivityManager: package  com.samsung.android.lool, user - 0 is SDcard whitelisted
11-04 20:31:48.178  3783  3948 I ApplicationPolicy: isApplicationExternalStorageBlacklisted:com.samsung.android.lool user:0
11-04 20:31:48.178  3783  3948 D ApplicationPolicy: isApplicationExternalStorageBlacklisted: DO is not enabled on user 0. Allowed.
11-04 20:31:48.180 17320 17320 D TimaKeyStoreProvider: TimaKeyStore is not enabled: cannot add TimaSignature Service and generateKeyPair Service
11-04 20:31:48.180 17320 17320 D ActivityThread: Added TimaKeyStore provider
11-04 20:31:48.185  4211  4211 D KeyguardUpdateMonitor: handleStatusBarState( false )
11-04 20:31:48.188  3783  3948 I ActivityManager: Start proc 17334:com.samsung.android.lool/1000 for service com.samsung.android.lool/com.samsung.android.sm.ui.booster.PerformanceTile
11-04 20:31:48.188  4211  4647 D TileLifecycleManager: onStartListening
11-04 20:31:48.189  4536  4616 D ForegroundUtils: could not check pending caller
11-04 20:31:48.190 17334 17334 E Zygote  : isWhitelistProcess - Process is Whitelisted
11-04 20:31:48.190  4211  4776 V SystemUIAnalytics: SAPreference : 2018 / 0
11-04 20:31:48.190 16789 16813 I zygote  : WaitForGcToComplete blocked for 806.217ms for cause ProfileSaver
11-04 20:31:48.191 17334 17334 E libpersona: scanKnoxPersonas
11-04 20:31:48.191 17334 17334 E libpersona: Couldn't open the File - /data/system/users/0/personalist.xml - No such file or directory
11-04 20:31:48.191  3783  3796 I ActivityManager: DSS on for com.android.settings and scale is 1.0
11-04 20:31:48.193 17334 17334 W SELinux : SELinux selinux_android_compute_policy_index : Policy Index[2],  Con:u:r:zygote:s0 RAM:SEPF_SM-G955F_8.0.0_0016, [-1 -1 -1 -1 0 1]
11-04 20:31:48.193  4211  4647 D Tile.RotationLockTile:  handleUpdateState: true orientation = true
11-04 20:31:48.193  4211  4647 W Tile.CustomTile: handleUpdateState : hasPendingBind Power
11-04 20:31:48.193  4211  4647 W Tile.CustomTile: saving
11-04 20:31:48.193 17334 17334 I SELinux : SELinux: seapp_context_lookup: seinfo=platform, pkgname=com.samsung.android.lool 
11-04 20:31:48.197  4211  4647 W Tile.CustomTile: handleUpdateState : hasPendingBind Performance
11-04 20:31:48.197  4211  4647 W Tile.CustomTile: mode
11-04 20:31:48.199 17259 17259 D ViewRootImpl@ed22825[GameActivity]: setView = DecorView@9548dfa[] TM=true MM=false
11-04 20:31:48.203 17259 17259 D PermissionFragment: Creating PlayGamesFragment
11-04 20:31:48.204 17300 17340 I vndksupport: sphal namespace is not configured for this process. Loading /vendor/lib64/egl/libGLES_mali.so from the current namespace instead.
11-04 20:31:48.213  3783  5148 I ActivityManager: START u0 {act=android.content.pm.action.REQUEST_PERMISSIONS typ=null flg=0x0 cmp=ComponentInfo{com.google.android.packageinstaller/com.android.packageinstaller.permission.ui.GrantPermissionsActivity}} from uid 10224
11-04 20:31:48.213  3783  5148 W ActivityManager: REQUEST_PERMISSIONS Action.
11-04 20:31:48.216 17334 17334 D TimaKeyStoreProvider: TimaKeyStore is not enabled: cannot add TimaSignature Service and generateKeyPair Service
11-04 20:31:48.216 17334 17334 D ActivityThread: Added TimaKeyStore provider
11-04 20:31:48.218  3783  5148 D CustomFrequencyManagerService: releaseDVFSLockLocked : Getting Lock type frm List : DVFS_MIN_LIMIT  frequency : 2314000  uid : 1000  pid : 3783  tag : AMS_APP_SWITCH@CPU_MIN@61
11-04 20:31:48.218  3783  5148 D CustomFrequencyManagerService: acquireDVFSLockLocked : type : DVFS_MIN_LIMIT  frequency : 2314000  uid : 1000  pid : 3783  pkgName : AMS_APP_SWITCH@CPU_MIN@61
11-04 20:31:48.218  3783  5148 D ActivityManagerPerformance: AMP_acquire() APP_SWITCH
11-04 20:31:48.218  3783  4994 D ActivityManagerPerformance: Received MSG_CFMS_HINT_AMS_SWITCH pkgName: com.google.android.packageinstaller
11-04 20:31:48.222  4211  4211 D KeyguardUpdateMonitor: handleStatusBarState( false )
11-04 20:31:48.225  3783  9560 I ActivityManager: DSS on for com.samsung.android.lool and scale is 1.0
11-04 20:31:48.228  3783  9560 D StorageManagerService: getExternalStorageMountMode : 2
11-04 20:31:48.228  3783  9560 D StorageManagerService: getExternalStorageMountMode : 3
11-04 20:31:48.228  3783  9560 D StorageManagerService: getExternalStorageMountMode : final mountMode=2, uid : 10036, packageName : com.google.android.packageinstaller
11-04 20:31:48.228  3783  9560 I ApplicationPolicy: isApplicationExternalStorageWhitelisted:com.google.android.packageinstaller user:0
11-04 20:31:48.228  3783  9560 D ApplicationPolicy: isApplicationExternalStorageWhitelisted: DO is not enabled on user 0. Allowed.
11-04 20:31:48.228  3783  9560 D ActivityManager: package  com.google.android.packageinstaller, user - 0 is SDcard whitelisted
11-04 20:31:48.228  3783  9560 I ApplicationPolicy: isApplicationExternalStorageBlacklisted:com.google.android.packageinstaller user:0
11-04 20:31:48.228  3783  9560 D ApplicationPolicy: isApplicationExternalStorageBlacklisted: DO is not enabled on user 0. Allowed.
11-04 20:31:48.229 17259 17259 D UE4     : Vulkan version: 1.0.3
11-04 20:31:48.229 17259 17259 D UE4     : Vulkan level: 1
11-04 20:31:48.231 17259 17259 D UE4     : Found DepthBufferPreference = 0
11-04 20:31:48.231 17259 17259 D UE4     : Found bPackageDataInsideApk = 0
11-04 20:31:48.231 17259 17259 D UE4     : Found ProjectName = FlaminGo
11-04 20:31:48.232 17259 17259 D UE4     : Found AppType = 
11-04 20:31:48.232 17259 17259 D UE4     : Found bHasOBBFiles = 0
11-04 20:31:48.232 17259 17259 D UE4     : Found bVerifyOBBOnStartUp = false
11-04 20:31:48.232 17259 17259 D UE4     : UI hiding set to false
11-04 20:31:48.232 17259 17259 D UE4     : BuildConfiguration set to Development
11-04 20:31:48.232 17259 17259 D UE4     : UseExternalFilesDir set to false
11-04 20:31:48.232 17259 17259 D UE4     : AllowIMU set to true
11-04 20:31:48.232 17259 17259 D UE4     : No GearVR mode detected.
11-04 20:31:48.232 17259 17259 D UE4     : APK path: /data/app/com.YourCompany.FlaminGo-GPJPTI8NtjlGzWCwLdAaEg==/base.apk
11-04 20:31:48.232 17259 17259 D UE4     : OBB in APK: false
11-04 20:31:48.234  3783  5148 W StorageManager: getStorageLowBytes lowPercent : 5, lowBytes : 2898018304, maxLowBytes : 524288000
11-04 20:31:48.235 17259 17259 D UE4     : InternalFilePath found as '/data/user/0/com.YourCompany.FlaminGo/files'
11-04 20:31:48.235 17259 17259 D UE4     : ExternalFilePath found as '/storage/emulated/0/Android/data/com.YourCompany.FlaminGo/files'
11-04 20:31:48.235 17259 17259 D UE4     : App is running in Landscape
11-04 20:31:48.235 17259 17259 D UE4     : Android version is 8.0.0
11-04 20:31:48.235 17259 17259 D UE4     : Android manufacturer is samsung
11-04 20:31:48.235 17259 17259 D UE4     : Android model is SM-G955F
11-04 20:31:48.235 17259 17259 D UE4     : OS language is set to en_GB
11-04 20:31:48.235 17259 17259 D UE4     : Debugger attached is false
11-04 20:31:48.246  3783  9560 I ActivityManager: Start proc 17351:com.google.android.packageinstaller/u0a36 for activity com.google.android.packageinstaller/com.android.packageinstaller.permission.ui.GrantPermissionsActivity
11-04 20:31:48.247 17351 17351 E Zygote  : isWhitelistProcess - Process is Whitelisted
11-04 20:31:48.248 17351 17351 E libpersona: scanKnoxPersonas
11-04 20:31:48.248 17351 17351 E libpersona: Couldn't open the File - /data/system/users/0/personalist.xml - No such file or directory
11-04 20:31:48.250  3783  4250 W BroadcastQueue: Background execution not allowed: receiving Intent { act=android.intent.action.PACKAGE_ADDED dat=package:com.YourCompany.FlaminGo flg=0x4000010 (has extras) } to com.sec.imsservice/com.sec.internal.tapi.service.receiver.PackageEventReceiver
11-04 20:31:48.250 17351 17351 W SELinux : SELinux selinux_android_compute_policy_index : Policy Index[2],  Con:u:r:zygote:s0 RAM:SEPF_SM-G955F_8.0.0_0016, [-1 -1 -1 -1 0 1]
11-04 20:31:48.251  3783  3805 D StorageManagerService: getExternalStorageMountMode : 1
11-04 20:31:48.251  3783  3805 D StorageManagerService: getExternalStorageMountMode : 3
11-04 20:31:48.251 17351 17351 I SELinux : SELinux: seapp_context_lookup: seinfo=apm, level=s0:c512,c768, pkgname=com.google.android.packageinstaller 
11-04 20:31:48.252 17320 17356 I vndksupport: sphal namespace is not configured for this process. Loading /vendor/lib64/egl/libGLES_mali.so from the current namespace instead.
