12-04 16:23:48.620 26283 26323 D UE4     : [2018.12.04-16.23.48:620][992]LogWorld: Bringing World /Game/ThirdPersonBP/Maps/FirstMap.FirstMap up for play (max tick rate 0) at 2018.12.04-16.23.48
12-04 16:23:48.621 26283 26323 D UE4     : [2018.12.04-16.23.48:621][992]LogWorld: Bringing up level for play took: 0.001361
12-04 16:23:48.621 26283 26323 D UE4     : LogOnline: Warning: FOnlineSubsystemGooglePlayModule was disabled
12-04 16:23:48.621 26283 26323 D UE4     : 
12-04 16:23:48.621 26283 26323 D UE4     : [2018.12.04-16.23.48:621][992]LogOnline: Warning: FOnlineSubsystemGooglePlayModule was disabled
12-04 16:23:48.629 26283 26323 D UE4     : LogUMG: Display: Widget Class RunnerHud_C - Loaded Fast Template.
12-04 16:23:48.629 26283 26323 D UE4     : 
12-04 16:23:48.630 26283 26323 D UE4     : [2018.12.04-16.23.48:630][992]LogUMG: Display: Widget Class RunnerHud_C - Loaded Fast Template.
12-04 16:23:48.649 26283 26323 D UE4     : [2018.12.04-16.23.48:649][992]LogLoad: Took 0.567686 seconds to LoadMap(/Game/ThirdPersonBP/Maps/FirstMap)
12-04 16:23:48.667  3383  3383 E audit   : type=1400 audit(1543940628.663:15024): avc:  denied  { read } for  pid=26283 comm="Thread-2" name="stat" dev="proc" ino=4026532420 scontext=u:r:untrusted_app_25:s0:c512,c768 tcontext=u:object_r:proc_stat:s0 tclass=file permissive=0 SEPF_SM-G955F_8.0.0_0016 audit_filtered
12-04 16:23:48.685  3376  3376 E adbd    : recv: OPEN 00002523 00000000 000c:73 68 65 6C 6C 2C 76 32 3A 70 73 00 
12-04 16:23:48.685  3376  3376 E adbd    : service_to_fd: shell,v2:ps
12-04 16:23:48.701  4214  4510 D NetworkController.MobileSignalController(0/-2): onSignalStrengthsChanged signalStrength=SignalStrength: 14 99 -14 -200 -14 -200 -1 99 2147483647 2147483647 2147483647 2147483647 0 2147483647 0x4 P gsm|lte level=4
12-04 16:23:48.701  4214  4510 D NetworkController.MobileSignalController(0/-2): getMobileIconGroup(): 0
12-04 16:23:48.785  3383  3383 E audit   : type=1400 audit(1543940628.779:15025): avc:  denied  { read } for  pid=26283 comm="Thread-2" name="stat" dev="proc" ino=4026532420 scontext=u:r:untrusted_app_25:s0:c512,c768 tcontext=u:object_r:proc_stat:s0 tclass=file permissive=0 SEPF_SM-G955F_8.0.0_0016 audit_filtered
12-04 16:23:49.784  3383  3383 I chatty  : uid=1999(audit) /system/bin/auditd identical 9 lines
12-04 16:23:49.886  3383  3383 E audit   : type=1400 audit(1543940629.883:15035): avc:  denied  { read } for  pid=26283 comm="Thread-2" name="stat" dev="proc" ino=4026532420 scontext=u:r:untrusted_app_25:s0:c512,c768 tcontext=u:object_r:proc_stat:s0 tclass=file permissive=0 SEPF_SM-G955F_8.0.0_0016 audit_filtered
12-04 16:23:49.974  3376  3376 E adbd    : recv: OPEN 00002527 00000000 000c:73 68 65 6C 6C 2C 76 32 3A 70 73 00 
12-04 16:23:49.974  3376  3376 E adbd    : service_to_fd: shell,v2:ps
12-04 16:23:49.989  3383  3383 E audit   : type=1400 audit(1543940629.983:15036): avc:  denied  { read } for  pid=26283 comm="Thread-2" name="stat" dev="proc" ino=4026532420 scontext=u:r:untrusted_app_25:s0:c512,c768 tcontext=u:object_r:proc_stat:s0 tclass=file permissive=0 SEPF_SM-G955F_8.0.0_0016 audit_filtered
12-04 16:23:50.035  4214  4510 D NetworkController.MobileSignalController(0/-2): onSignalStrengthsChanged signalStrength=SignalStrength: 15 99 -15 -200 -15 -200 -1 99 2147483647 2147483647 2147483647 2147483647 0 2147483647 0x4 P gsm|lte level=4
12-04 16:23:50.036  4214  4510 D NetworkController.MobileSignalController(0/-2): getMobileIconGroup(): 0
12-04 16:23:50.101  3403 26518 W libutils.threads: Thread (this=0xebfb4730): don't call waitForExit() from this Thread object's thread. It's a guaranteed deadlock!
12-04 16:23:50.108  3383  3383 E audit   : type=1400 audit(1543940630.103:15037): avc:  denied  { read } for  pid=26283 comm="Thread-2" name="stat" dev="proc" ino=4026532420 scontext=u:r:untrusted_app_25:s0:c512,c768 tcontext=u:object_r:proc_stat:s0 tclass=file permissive=0 SEPF_SM-G955F_8.0.0_0016 audit_filtered
12-04 16:23:50.935  3383  3383 I chatty  : uid=1999(audit) /system/bin/auditd identical 7 lines
12-04 16:23:51.053  3383  3383 E audit   : type=1400 audit(1543940631.047:15045): avc:  denied  { read } for  pid=26283 comm="Thread-2" name="stat" dev="proc" ino=4026532420 scontext=u:r:untrusted_app_25:s0:c512,c768 tcontext=u:object_r:proc_stat:s0 tclass=file permissive=0 SEPF_SM-G955F_8.0.0_0016 audit_filtered
12-04 16:23:51.106  3226  3667 V audio_hw_primary_abox: fast_out-out_standby: enter
12-04 16:23:51.106  3226  3667 I audio_hw_primary_abox: fast_out-out_standby: Transit to Idle
12-04 16:23:51.117  3226  3667 I audio_hw_primary_abox: fast_out-do_close_output_stream: Closed PCM Device
12-04 16:23:51.117  3226  3667 D audio_hw_primary_abox: fast_out-set_audio_route: [PLAYBACK] current-device(speaker) new-device(speaker) in cur-mode(normal) & new-mode(normal)!
12-04 16:23:51.137  3226  3667 I audio_hw_primary_abox: USAGE_SPKAMP-do_close_spkamp_stream: Closed PCM Device is /dev/snd/pcmC0D7p
12-04 16:23:51.140  3226  3667 I audio_hw_primary_abox: USAGE_SPKAMP-do_close_spkamp_stream: Closed PCM Device is /dev/snd/pcmC0D11c
12-04 16:23:51.144  3226  3667 I audio_hw_primary_abox: USAGE_SPKAMP-do_close_spkamp_stream: Closed PCM Device is /dev/snd/pcmC0D12c
12-04 16:23:51.145  3226  3667 I audio_hw_primary_abox: USAGE_SPKAMP-do_close_spkamp_stream: Closed PCM Device is /dev/snd/pcmC0D6p
12-04 16:23:51.145  3226  3667 I audio_route: > audio_route_update_path : "media-speaker" reverse(1)
12-04 16:23:51.147  3226  3667 D audio_hw_primary_abox: fast_out-do_set_route: Disabled Audio Route(media-speaker)
12-04 16:23:51.147  3226  3667 I audio_route: > audio_route_update_path : "gain-media-speaker" reverse(1)
12-04 16:23:51.147  3226  3667 D audio_hw_primary_abox: fast_out-do_set_route: Disabled Audio Gain(gain-media-speaker)
12-04 16:23:51.148  3226  3667 I audio_hw_primary_abox: fast_out-out_standby: Transit to Standby
12-04 16:23:51.148  3226  3667 V audio_hw_primary_abox: fast_out-out_standby: exit
12-04 16:23:51.166  3376  3376 E adbd    : recv: OPEN 0000252b 00000000 000c:73 68 65 6C 6C 2C 76 32 3A 70 73 00 
12-04 16:23:51.166  3376  3376 E adbd    : service_to_fd: shell,v2:ps
12-04 16:23:51.168  3383  3383 E audit   : type=1400 audit(1543940631.163:15046): avc:  denied  { read } for  pid=26283 comm="Thread-2" name="stat" dev="proc" ino=4026532420 scontext=u:r:untrusted_app_25:s0:c512,c768 tcontext=u:object_r:proc_stat:s0 tclass=file permissive=0 SEPF_SM-G955F_8.0.0_0016 audit_filtered
12-04 16:23:51.219  4214  4510 D NetworkController.MobileSignalController(0/-2): onSignalStrengthsChanged signalStrength=SignalStrength: 16 99 -16 -200 -16 -200 -1 99 2147483647 2147483647 2147483647 2147483647 0 2147483647 0x4 P gsm|lte level=4
12-04 16:23:51.219  4214  4510 D NetworkController.MobileSignalController(0/-2): getMobileIconGroup(): 0
12-04 16:23:51.276  3383  3383 E audit   : type=1400 audit(1543940631.271:15047): avc:  denied  { read } for  pid=26283 comm="Thread-2" name="stat" dev="proc" ino=4026532420 scontext=u:r:untrusted_app_25:s0:c512,c768 tcontext=u:object_r:proc_stat:s0 tclass=file permissive=0 SEPF_SM-G955F_8.0.0_0016 audit_filtered
12-04 16:23:51.836  3383  3383 I chatty  : uid=1999(audit) /system/bin/auditd identical 5 lines
12-04 16:23:51.943  3383  3383 E audit   : type=1400 audit(1543940631.939:15053): avc:  denied  { read } for  pid=26283 comm="Thread-2" name="stat" dev="proc" ino=4026532420 scontext=u:r:untrusted_app_25:s0:c512,c768 tcontext=u:object_r:proc_stat:s0 tclass=file permissive=0 SEPF_SM-G955F_8.0.0_0016 audit_filtered
12-04 16:23:52.029  3785  7406 D ConnectivityService: filterNetworkStateForUid() uid: 1000 networkInfo: [type: WIFI[] - WIFI, state: DISCONNECTED/DISCONNECTED, reason: (unspecified), extra: (none), failover: false, available: true, roaming: false, metered: false]
12-04 16:23:52.039  3403  3781 V APM_AudioPolicyManager: getAudioPolicyConfig: audioParam;activeStream
12-04 16:23:52.039  3403  3781 V APM_AudioPolicyManager: ### active stream : 0
12-04 16:23:52.039  3785  7406 D AudioService: active stream is 0x0
12-04 16:23:52.040  3403  3781 V APM_AudioPolicyManager: getAudioPolicyConfig: audioParam;outDevice
12-04 16:23:52.040  3403  3781 V APM_AudioPolicyManager: getNewOutputDevice() selected device 0
12-04 16:23:52.040  3403  3781 V APM_AudioPolicyManager: ### curdevice : 2
12-04 16:23:52.045  3785  7406 D SSRM:j  : ATC: power = AP_CP = 3192, Display = 33(Panel:-999, LDIs:-999), WIFI = 0, SPK = 0, RCV = 0, Camera = 0, PAM = 0
12-04 16:23:52.045  3785  7406 D SSRM:j  : ATC: current = AP_CP = 798, Display = 9, WIFI = 0, SPK = 0,RCV = 0, Camera = 0, PAM = 0
12-04 16:23:52.052  3785  7406 D SSRM:j  : ATC: Ambient Temperature = 20.74, Skin temperature = F_AP[29.60], F_RF[28.90], B_AP[30.10], B_RF[28.90], B_WIFI[26.70], B_SPK[25.90]
12-04 16:23:52.054  3383  3383 E audit   : type=1400 audit(1543940632.047:15054): avc:  denied  { read } for  pid=26283 comm="Thread-2" name="stat" dev="proc" ino=4026532420 scontext=u:r:untrusted_app_25:s0:c512,c768 tcontext=u:object_r:proc_stat:s0 tclass=file permissive=0 SEPF_SM-G955F_8.0.0_0016 audit_filtered
12-04 16:23:52.157  3383  3383 I chatty  : uid=1999(audit) /system/bin/auditd identical 1 line
12-04 16:23:52.261  3383  3383 E audit   : type=1400 audit(1543940632.255:15056): avc:  denied  { read } for  pid=26283 comm="Thread-2" name="stat" dev="proc" ino=4026532420 scontext=u:r:untrusted_app_25:s0:c512,c768 tcontext=u:object_r:proc_stat:s0 tclass=file permissive=0 SEPF_SM-G955F_8.0.0_0016 audit_filtered
12-04 16:23:52.283 26283 26323 D UE4     : [2018.12.04-16.23.52:283][139]LogBlueprintUserMessages: [ThirdPersonGameMode_C_0] 0
12-04 16:23:52.288 26283 26323 D UE4     : [2018.12.04-16.23.52:288][139]LogBlueprintUserMessages: [ThirdPersonGameMode_C_0] 0
12-04 16:23:52.295 26283 26323 D UE4     : [2018.12.04-16.23.52:294][139]LogBlueprintUserMessages: [ThirdPersonGameMode_C_0] 0
12-04 16:23:52.301 26283 26323 D UE4     : [2018.12.04-16.23.52:301][139]LogBlueprintUserMessages: [ThirdPersonGameMode_C_0] 0
12-04 16:23:52.307 26283 26323 D UE4     : [2018.12.04-16.23.52:307][139]LogBlueprintUserMessages: [ThirdPersonGameMode_C_0] 0
12-04 16:23:52.316 26283 26323 D UE4     : [2018.12.04-16.23.52:316][139]LogBlueprintUserMessages: [ThirdPersonGameMode_C_0] 0
12-04 16:23:52.331 26283 26323 D UE4     : [2018.12.04-16.23.52:331][139]LogBlueprintUserMessages: [ThirdPersonGameMode_C_0] 0
12-04 16:23:52.337 26283 26323 D UE4     : [2018.12.04-16.23.52:337][139]LogBlueprintUserMessages: [ThirdPersonGameMode_C_0] 0
12-04 16:23:52.339 26283 26323 D UE4     : [2018.12.04-16.23.52:339][139]LogBlueprintUserMessages: [ThirdPersonGameMode_C_0] 0
12-04 16:23:52.341 26283 26323 D UE4     : [2018.12.04-16.23.52:341][139]LogBlueprintUserMessages: [ThirdPersonGameMode_C_0] 0
12-04 16:23:52.343 26283 26323 D UE4     : [2018.12.04-16.23.52:343][139]LogBlueprintUserMessages: [ThirdPersonGameMode_C_0] 0
12-04 16:23:52.347 26283 26323 D UE4     : [2018.12.04-16.23.52:347][139]LogBlueprintUserMessages: [ThirdPersonGameMode_C_0] 0
12-04 16:23:52.352 26283 26323 D UE4     : [2018.12.04-16.23.52:352][139]LogBlueprintUserMessages: [ThirdPersonGameMode_C_0] 0
12-04 16:23:52.354 26283 26323 D UE4     : [2018.12.04-16.23.52:354][139]LogBlueprintUserMessages: [ThirdPersonGameMode_C_0] 0
12-04 16:23:52.358 26283 26323 D UE4     : [2018.12.04-16.23.52:358][139]LogBlueprintUserMessages: [ThirdPersonGameMode_C_0] 0
12-04 16:23:52.361  3376  3376 E adbd    : recv: OPEN 0000252f 00000000 000c:73 68 65 6C 6C 2C 76 32 3A 70 73 00 
12-04 16:23:52.361  3376  3376 E adbd    : service_to_fd: shell,v2:ps
12-04 16:23:52.361 26283 26323 D UE4     : [2018.12.04-16.23.52:361][139]LogBlueprintUserMessages: [ThirdPersonGameMode_C_0] 0
12-04 16:23:52.365 26283 26323 D UE4     : [2018.12.04-16.23.52:365][139]LogBlueprintUserMessages: [ThirdPersonGameMode_C_0] 0
12-04 16:23:52.368 26283 26323 D UE4     : [2018.12.04-16.23.52:368][139]LogBlueprintUserMessages: [ThirdPersonGameMode_C_0] 0
12-04 16:23:52.372 26283 26323 D UE4     : [2018.12.04-16.23.52:372][139]LogBlueprintUserMessages: [ThirdPersonGameMode_C_0] 0
12-04 16:23:52.375 26283 26323 D UE4     : [2018.12.04-16.23.52:375][139]LogBlueprintUserMessages: [ThirdPersonGameMode_C_0] 0
12-04 16:23:52.379 26283 26323 D UE4     : [2018.12.04-16.23.52:379][139]LogBlueprintUserMessages: [ThirdPersonGameMode_C_0] 0
12-04 16:23:52.380 26283 26323 D UE4     : [2018.12.04-16.23.52:380][139]LogBlueprintUserMessages: [ThirdPersonGameMode_C_0] 0
12-04 16:23:52.382 26283 26323 D UE4     : [2018.12.04-16.23.52:382][139]LogBlueprintUserMessages: [ThirdPersonGameMode_C_0] 0
12-04 16:23:52.385 26283 26323 D UE4     : [2018.12.04-16.23.52:385][139]LogBlueprintUserMessages: [ThirdPersonGameMode_C_0] 0
12-04 16:23:52.389 26283 26323 D UE4     : [2018.12.04-16.23.52:389][139]LogBlueprintUserMessages: [ThirdPersonGameMode_C_0] 0
12-04 16:23:52.393  3383  3383 E audit   : type=1400 audit(1543940632.387:15057): avc:  denied  { read } for  pid=26283 comm="Thread-2" name="stat" dev="proc" ino=4026532420 scontext=u:r:untrusted_app_25:s0:c512,c768 tcontext=u:object_r:proc_stat:s0 tclass=file permissive=0 SEPF_SM-G955F_8.0.0_0016 audit_filtered
12-04 16:23:52.677  4939  4939 D io_stats: !@   8,0 r 102258 5713180 w 52542 1842644 d 4490 1323896 f 37900 39730 iot 94504 48272 th 307200 0 0 pt 0 inp 0 0 11215.522
12-04 16:23:53.042  3383  3383 I chatty  : uid=1999(audit) /system/bin/auditd identical 6 lines
12-04 16:23:53.168  3383  3383 E audit   : type=1400 audit(1543940633.163:15064): avc:  denied  { read } for  pid=26283 comm="Thread-2" name="stat" dev="proc" ino=4026532420 scontext=u:r:untrusted_app_25:s0:c512,c768 tcontext=u:object_r:proc_stat:s0 tclass=file permissive=0 SEPF_SM-G955F_8.0.0_0016 audit_filtered
12-04 16:23:53.178 26283 26323 D UE4     : [2018.12.04-16.23.53:178][177]LogBlueprintUserMessages: [FirstTIle_C_0] 1
12-04 16:23:53.275  3383  3383 E audit   : type=1400 audit(1543940633.271:15065): avc:  denied  { read } for  pid=26283 comm="Thread-2" name="stat" dev="proc" ino=4026532420 scontext=u:r:untrusted_app_25:s0:c512,c768 tcontext=u:object_r:proc_stat:s0 tclass=file permissive=0 SEPF_SM-G955F_8.0.0_0016 audit_filtered
12-04 16:23:53.394  3383  3383 I chatty  : uid=1999(audit) /system/bin/auditd identical 1 line
12-04 16:23:53.515  3383  3383 E audit   : type=1400 audit(1543940633.511:15067): avc:  denied  { read } for  pid=26283 comm="Thread-2" name="stat" dev="proc" ino=4026532420 scontext=u:r:untrusted_app_25:s0:c512,c768 tcontext=u:object_r:proc_stat:s0 tclass=file permissive=0 SEPF_SM-G955F_8.0.0_0016 audit_filtered
12-04 16:23:53.550  3376  3376 E adbd    : recv: OPEN 00002535 00000000 000c:73 68 65 6C 6C 2C 76 32 3A 70 73 00 
12-04 16:23:53.550  3376  3376 E adbd    : service_to_fd: shell,v2:ps
12-04 16:23:53.602  4214  4510 D NetworkController.MobileSignalController(0/-2): onSignalStrengthsChanged signalStrength=SignalStrength: 15 99 -15 -200 -15 -200 -1 99 2147483647 2147483647 2147483647 2147483647 0 2147483647 0x4 P gsm|lte level=4
12-04 16:23:53.602  4214  4510 D NetworkController.MobileSignalController(0/-2): getMobileIconGroup(): 0
12-04 16:23:53.633  3383  3383 E audit   : type=1400 audit(1543940633.627:15068): avc:  denied  { read } for  pid=26283 comm="Thread-2" name="stat" dev="proc" ino=4026532420 scontext=u:r:untrusted_app_25:s0:c512,c768 tcontext=u:object_r:proc_stat:s0 tclass=file permissive=0 SEPF_SM-G955F_8.0.0_0016 audit_filtered
12-04 16:23:53.856  3383  3383 I chatty  : uid=1999(audit) /system/bin/auditd identical 2 lines
12-04 16:23:53.980  3383  3383 E audit   : type=1400 audit(1543940633.975:15071): avc:  denied  { read } for  pid=26283 comm="Thread-2" name="stat" dev="proc" ino=4026532420 scontext=u:r:untrusted_app_25:s0:c512,c768 tcontext=u:object_r:proc_stat:s0 tclass=file permissive=0 SEPF_SM-G955F_8.0.0_0016 audit_filtered
12-04 16:23:53.985 26283 26323 D UE4     : [2018.12.04-16.23.53:985][218]LogBlueprintUserMessages: [FirstTIle_C_1] 2
12-04 16:23:54.060  3785  3933 D InputReader: Input event(5): value=1 when=11216906178000
12-04 16:23:54.060  3785  3933 D InputReader: Input event(5): value=1 when=11216906178000
12-04 16:23:54.060  3785  3933 I InputReader: Touch event's action is 0x0 (deviceType=0) [pCnt=1, s=0.127 ] when=11216906178000
12-04 16:23:54.060  3785  3932 I InputDispatcher: Delivering touch to (4214): action: 0x4, toolType: 1
12-04 16:23:54.060  3785  3932 I InputDispatcher: Delivering touch to (26283): action: 0x0, toolType: 1
12-04 16:23:54.061 26283 26325 V threaded_app: New input event: type=2
12-04 16:23:54.062 26283 26283 D ViewRootImpl@95b93ff[GameActivity]: ViewPostIme pointer 0
12-04 16:23:54.097  3383  3383 E audit   : type=1400 audit(1543940634.091:15072): avc:  denied  { read } for  pid=26283 comm="Thread-2" name="stat" dev="proc" ino=4026532420 scontext=u:r:untrusted_app_25:s0:c512,c768 tcontext=u:object_r:proc_stat:s0 tclass=file permissive=0 SEPF_SM-G955F_8.0.0_0016 audit_filtered
12-04 16:23:54.116 26283 26325 V threaded_app: New input event: type=2
12-04 16:23:54.128 26283 26323 D UE4     : [2018.12.04-16.23.54:128][226]LogBlueprintUserMessages: [ThirdPersonCharacter_C_0] Left
12-04 16:23:54.132 26283 26325 V threaded_app: New input event: type=2
12-04 16:23:54.183 26283 26325 I chatty  : uid=10228(u0_a228) identical 3 lines
12-04 16:23:54.199 26283 26325 V threaded_app: New input event: type=2
12-04 16:23:54.204  3383  3383 E audit   : type=1400 audit(1543940634.199:15073): avc:  denied  { read } for  pid=26283 comm="Thread-2" name="stat" dev="proc" ino=4026532420 scontext=u:r:untrusted_app_25:s0:c512,c768 tcontext=u:object_r:proc_stat:s0 tclass=file permissive=0 SEPF_SM-G955F_8.0.0_0016 audit_filtered
12-04 16:23:54.215 26283 26325 V threaded_app: New input event: type=2
12-04 16:23:54.283 26283 26325 I chatty  : uid=10228(u0_a228) identical 4 lines
12-04 16:23:54.299 26283 26325 V threaded_app: New input event: type=2
12-04 16:23:54.311  3383  3383 E audit   : type=1400 audit(1543940634.307:15074): avc:  denied  { read } for  pid=26283 comm="Thread-2" name="stat" dev="proc" ino=4026532420 scontext=u:r:untrusted_app_25:s0:c512,c768 tcontext=u:object_r:proc_stat:s0 tclass=file permissive=0 SEPF_SM-G955F_8.0.0_0016 audit_filtered
12-04 16:23:54.315 26283 26325 V threaded_app: New input event: type=2
12-04 16:23:54.320  3785  3933 D InputReader: Input event(5): value=0 when=11217166422000
12-04 16:23:54.320  3785  3933 D InputReader: Input event(5): value=0 when=11217166422000
12-04 16:23:54.320  3785  3933 I InputReader: Touch event's action is 0x1 (deviceType=0) [pCnt=1, s=] when=11217166422000
12-04 16:23:54.320  3785  3932 I InputDispatcher: Delivering touch to (26283): action: 0x1, toolType: 1
12-04 16:23:54.321 26283 26325 V threaded_app: New input event: type=2
12-04 16:23:54.321  3785  7406 D CustomFrequencyManagerService: acquireDVFSLockLocked : type : DVFS_MIN_LIMIT  frequency : 858000  uid : 1000  pid : 3785  pkgName : GESTURE_DETECTED@CPU_MIN@81
12-04 16:23:54.321 26283 26325 V threaded_app: New input event: type=2
12-04 16:23:54.322 26283 26283 D ViewRootImpl@95b93ff[GameActivity]: ViewPostIme pointer 1
12-04 16:23:54.417  3383  3383 E audit   : type=1400 audit(1543940634.411:15075): avc:  denied  { read } for  pid=26283 comm="Thread-2" name="stat" dev="proc" ino=4026532420 scontext=u:r:untrusted_app_25:s0:c512,c768 tcontext=u:object_r:proc_stat:s0 tclass=file permissive=0 SEPF_SM-G955F_8.0.0_0016 audit_filtered
12-04 16:23:54.624  3383  3383 I chatty  : uid=1999(audit) /system/bin/auditd identical 2 lines
12-04 16:23:54.725  3383  3383 E audit   : type=1400 audit(1543940634.719:15078): avc:  denied  { read } for  pid=26283 comm="Thread-2" name="stat" dev="proc" ino=4026532420 scontext=u:r:untrusted_app_25:s0:c512,c768 tcontext=u:object_r:proc_stat:s0 tclass=file permissive=0 SEPF_SM-G955F_8.0.0_0016 audit_filtered
12-04 16:23:54.761  3376  3376 E adbd    : recv: OPEN 00002539 00000000 000c:73 68 65 6C 6C 2C 76 32 3A 70 73 00 
12-04 16:23:54.761  3376  3376 E adbd    : service_to_fd: shell,v2:ps
12-04 16:23:54.791 26283 26323 D UE4     : [2018.12.04-16.23.54:791][264]LogBlueprintUserMessages: [FirstTIle_C_2] 3
12-04 16:23:54.826  3383  3383 E audit   : type=1400 audit(1543940634.823:15079): avc:  denied  { read } for  pid=26283 comm="Thread-2" name="stat" dev="proc" ino=4026532420 scontext=u:r:untrusted_app_25:s0:c512,c768 tcontext=u:object_r:proc_stat:s0 tclass=file permissive=0 SEPF_SM-G955F_8.0.0_0016 audit_filtered
12-04 16:23:55.043  3785  3785 D CustomFrequencyManagerService: releaseDVFSLockLocked : Getting Lock type frm List : DVFS_MIN_LIMIT  frequency : 858000  uid : 1000  pid : 3785  tag : GESTURE_DETECTED@CPU_MIN@81
12-04 16:23:55.147  3785  7406 D SSRM:A  : SIOP:: AP = 450, PST = 388 (W:15), BAT = 299, USB = 274, CHG = 384, CP = 342
12-04 16:23:55.410  3383  3383 I chatty  : uid=1999(audit) /system/bin/auditd identical 5 lines
12-04 16:23:55.516  3383  3383 E audit   : type=1400 audit(1543940635.511:15085): avc:  denied  { read } for  pid=26283 comm="Thread-2" name="stat" dev="proc" ino=4026532420 scontext=u:r:untrusted_app_25:s0:c512,c768 tcontext=u:object_r:proc_stat:s0 tclass=file permissive=0 SEPF_SM-G955F_8.0.0_0016 audit_filtered
12-04 16:23:55.594 26283 26323 D UE4     : [2018.12.04-16.23.55:594][310]LogBlueprintUserMessages: [MasterTile_C_0] 4
12-04 16:23:55.644  3383  3383 E audit   : type=1400 audit(1543940635.639:15086): avc:  denied  { read } for  pid=26283 comm="Thread-2" name="stat" dev="proc" ino=4026532420 scontext=u:r:untrusted_app_25:s0:c512,c768 tcontext=u:object_r:proc_stat:s0 tclass=file permissive=0 SEPF_SM-G955F_8.0.0_0016 audit_filtered
12-04 16:23:55.745  3383  3383 I chatty  : uid=1999(audit) /system/bin/auditd identical 1 line
12-04 16:23:55.859  3383  3383 E audit   : type=1400 audit(1543940635.855:15088): avc:  denied  { read } for  pid=26283 comm="Thread-2" name="stat" dev="proc" ino=4026532420 scontext=u:r:untrusted_app_25:s0:c512,c768 tcontext=u:object_r:proc_stat:s0 tclass=file permissive=0 SEPF_SM-G955F_8.0.0_0016 audit_filtered
12-04 16:23:55.931  3376  3376 E adbd    : recv: OPEN 0000253d 00000000 000c:73 68 65 6C 6C 2C 76 32 3A 70 73 00 
12-04 16:23:55.931  3376  3376 E adbd    : service_to_fd: shell,v2:ps
12-04 16:23:55.970  3383  3383 E audit   : type=1400 audit(1543940635.963:15089): avc:  denied  { read } for  pid=26283 comm="Thread-2" name="stat" dev="proc" ino=4026532420 scontext=u:r:untrusted_app_25:s0:c512,c768 tcontext=u:object_r:proc_stat:s0 tclass=file permissive=0 SEPF_SM-G955F_8.0.0_0016 audit_filtered
12-04 16:23:55.986  4214  4510 D NetworkController.MobileSignalController(0/-2): onSignalStrengthsChanged signalStrength=SignalStrength: 14 99 -14 -200 -14 -200 -1 99 2147483647 2147483647 2147483647 2147483647 0 2147483647 0x4 P gsm|lte level=4
12-04 16:23:55.986  4214  4510 D NetworkController.MobileSignalController(0/-2): getMobileIconGroup(): 0
12-04 16:23:56.081  3383  3383 E audit   : type=1400 audit(1543940636.075:15090): avc:  denied  { read } for  pid=26283 comm="Thread-2" name="stat" dev="proc" ino=4026532420 scontext=u:r:untrusted_app_25:s0:c512,c768 tcontext=u:object_r:proc_stat:s0 tclass=file permissive=0 SEPF_SM-G955F_8.0.0_0016 audit_filtered
12-04 16:23:56.194  3383  3383 I chatty  : uid=1999(audit) /system/bin/auditd identical 1 line
12-04 16:23:56.319  3383  3383 E audit   : type=1400 audit(1543940636.315:15092): avc:  denied  { read } for  pid=26283 comm="Thread-2" name="stat" dev="proc" ino=4026532420 scontext=u:r:untrusted_app_25:s0:c512,c768 tcontext=u:object_r:proc_stat:s0 tclass=file permissive=0 SEPF_SM-G955F_8.0.0_0016 audit_filtered
12-04 16:23:56.410 26283 26323 D UE4     : [2018.12.04-16.23.56:409][357]LogBlueprintUserMessages: [MasterTile_C_1] 5
12-04 16:23:56.425  3383  3383 E audit   : type=1400 audit(1543940636.419:15093): avc:  denied  { read } for  pid=26283 comm="Thread-2" name="stat" dev="proc" ino=4026532420 scontext=u:r:untrusted_app_25:s0:c512,c768 tcontext=u:object_r:proc_stat:s0 tclass=file permissive=0 SEPF_SM-G955F_8.0.0_0016 audit_filtered
12-04 16:23:56.472  3785  3933 D InputReader: Input event(5): value=1 when=11219318695000
12-04 16:23:56.473  3785  3933 D InputReader: Input event(5): value=1 when=11219318695000
12-04 16:23:56.473  3785  3933 I InputReader: Touch event's action is 0x0 (deviceType=0) [pCnt=1, s=0.128 ] when=11219318695000
12-04 16:23:56.473  3785  3932 I InputDispatcher: Delivering touch to (4214): action: 0x4, toolType: 1
12-04 16:23:56.473  3785  3932 I InputDispatcher: Delivering touch to (26283): action: 0x0, toolType: 1
12-04 16:23:56.474 26283 26325 V threaded_app: New input event: type=2
12-04 16:23:56.474 26283 26283 D ViewRootImpl@95b93ff[GameActivity]: ViewPostIme pointer 0
12-04 16:23:56.501 26283 26325 V threaded_app: New input event: type=2
12-04 16:23:56.517 26283 26325 V threaded_app: New input event: type=2
12-04 16:23:56.518 26283 26323 D UE4     : [2018.12.04-16.23.56:518][364]LogBlueprintUserMessages: [ThirdPersonCharacter_C_0] Left
12-04 16:23:56.534 26283 26325 V threaded_app: New input event: type=2
12-04 16:23:56.539  3383  3383 E audit   : type=1400 audit(1543940636.535:15094): avc:  denied  { read } for  pid=26283 comm="Thread-2" name="stat" dev="proc" ino=4026532420 scontext=u:r:untrusted_app_25:s0:c512,c768 tcontext=u:object_r:proc_stat:s0 tclass=file permissive=0 SEPF_SM-G955F_8.0.0_0016 audit_filtered
12-04 16:23:56.551 26283 26325 V threaded_app: New input event: type=2
12-04 16:23:56.617 26283 26325 I chatty  : uid=10228(u0_a228) identical 4 lines
12-04 16:23:56.634 26283 26325 V threaded_app: New input event: type=2
12-04 16:23:56.640  3785  3933 D InputReader: Input event(5): value=0 when=11219486693000
12-04 16:23:56.640  3785  3933 D InputReader: Input event(5): value=0 when=11219486693000
12-04 16:23:56.640  3785  3933 I InputReader: Touch event's action is 0x1 (deviceType=0) [pCnt=1, s=] when=11219486693000
12-04 16:23:56.641  3785  3932 I InputDispatcher: Delivering touch to (26283): action: 0x1, toolType: 1
12-04 16:23:56.641 26283 26325 V threaded_app: New input event: type=2
12-04 16:23:56.642 26283 26325 V threaded_app: New input event: type=2
12-04 16:23:56.642  3785  7406 D CustomFrequencyManagerService: acquireDVFSLockLocked : type : DVFS_MIN_LIMIT  frequency : 858000  uid : 1000  pid : 3785  pkgName : GESTURE_DETECTED@CPU_MIN@81
12-04 16:23:56.643 26283 26283 D ViewRootImpl@95b93ff[GameActivity]: ViewPostIme pointer 1
12-04 16:23:56.654  3383  3383 E audit   : type=1400 audit(1543940636.647:15095): avc:  denied  { read } for  pid=26283 comm="Thread-2" name="stat" dev="proc" ino=4026532420 scontext=u:r:untrusted_app_25:s0:c512,c768 tcontext=u:object_r:proc_stat:s0 tclass=file permissive=0 SEPF_SM-G955F_8.0.0_0016 audit_filtered
12-04 16:23:56.754  3383  3383 I chatty  : uid=1999(audit) /system/bin/auditd identical 1 line
12-04 16:23:56.856  3383  3383 E audit   : type=1400 audit(1543940636.851:15097): avc:  denied  { read } for  pid=26283 comm="Thread-2" name="stat" dev="proc" ino=4026532420 scontext=u:r:untrusted_app_25:s0:c512,c768 tcontext=u:object_r:proc_stat:s0 tclass=file permissive=0 SEPF_SM-G955F_8.0.0_0016 audit_filtered
12-04 16:23:56.966  3785  3933 D InputReader: Input event(5): value=1 when=11219811905000
12-04 16:23:56.966  3785  3933 D InputReader: Input event(5): value=1 when=11219811905000
12-04 16:23:56.966  3785  3933 I InputReader: Touch event's action is 0x0 (deviceType=0) [pCnt=1, s=0.129 ] when=11219811905000
12-04 16:23:56.966  3785  3932 I InputDispatcher: Delivering touch to (4214): action: 0x4, toolType: 1
12-04 16:23:56.966  3785  3932 I InputDispatcher: Delivering touch to (26283): action: 0x0, toolType: 1
12-04 16:23:56.966 26283 26325 V threaded_app: New input event: type=2
12-04 16:23:56.967 26283 26283 D ViewRootImpl@95b93ff[GameActivity]: ViewPostIme pointer 0
12-04 16:23:56.971  3383  3383 E audit   : type=1400 audit(1543940636.967:15098): avc:  denied  { read } for  pid=26283 comm="Thread-2" name="stat" dev="proc" ino=4026532420 scontext=u:r:untrusted_app_25:s0:c512,c768 tcontext=u:object_r:proc_stat:s0 tclass=file permissive=0 SEPF_SM-G955F_8.0.0_0016 audit_filtered
12-04 16:23:57.001 26283 26325 V threaded_app: New input event: type=2
12-04 16:23:57.006 26283 26323 D UE4     : [2018.12.04-16.23.57:006][394]LogBlueprintUserMessages: [ThirdPersonCharacter_C_0] up
12-04 16:23:57.018 26283 26325 V threaded_app: New input event: type=2
12-04 16:23:57.034 26283 26325 I chatty  : uid=10228(u0_a228) identical 1 line
12-04 16:23:57.051 26283 26325 V threaded_app: New input event: type=2
12-04 16:23:57.055 26283 26323 D UE4     : LogUMG: Display: Widget Class GameOver_C - Loaded Fast Template.
12-04 16:23:57.055 26283 26323 D UE4     : 
12-04 16:23:57.055 26283 26323 D UE4     : [2018.12.04-16.23.57:055][397]LogUMG: Display: Widget Class GameOver_C - Loaded Fast Template.
12-04 16:23:57.068 26283 26325 V threaded_app: New input event: type=2
12-04 16:23:57.071  3383  3383 E audit   : type=1400 audit(1543940637.067:15099): avc:  denied  { read } for  pid=26283 comm="Thread-2" name="stat" dev="proc" ino=4026532420 scontext=u:r:untrusted_app_25:s0:c512,c768 tcontext=u:object_r:proc_stat:s0 tclass=file permissive=0 SEPF_SM-G955F_8.0.0_0016 audit_filtered
12-04 16:23:57.080  3785  3933 D InputReader: Input event(5): value=0 when=11219926407000
12-04 16:23:57.080  3785  3933 D InputReader: Input event(5): value=0 when=11219926407000
12-04 16:23:57.080  3785  3933 I InputReader: Touch event's action is 0x1 (deviceType=0) [pCnt=1, s=] when=11219926407000
12-04 16:23:57.080  3785  3932 I InputDispatcher: Delivering touch to (26283): action: 0x1, toolType: 1
12-04 16:23:57.081 26283 26325 V threaded_app: New input event: type=2
12-04 16:23:57.081 26283 26325 V threaded_app: New input event: type=2
12-04 16:23:57.081  3785  7406 D CustomFrequencyManagerService: acquireDVFSLockLocked : type : DVFS_MIN_LIMIT  frequency : 858000  uid : 1000  pid : 3785  pkgName : GESTURE_DETECTED@CPU_MIN@81
12-04 16:23:57.082 26283 26283 D ViewRootImpl@95b93ff[GameActivity]: ViewPostIme pointer 1
12-04 16:23:57.134  3376  3376 E adbd    : recv: OPEN 00002541 00000000 000c:73 68 65 6C 6C 2C 76 32 3A 70 73 00 
12-04 16:23:57.134  3376  3376 E adbd    : service_to_fd: shell,v2:ps
12-04 16:23:57.164  4214  4510 D NetworkController.MobileSignalController(0/-2): onSignalStrengthsChanged signalStrength=SignalStrength: 13 99 -13 -200 -13 -200 -1 99 2147483647 2147483647 2147483647 2147483647 0 2147483647 0x4 P gsm|lte level=4
12-04 16:23:57.164  4214  4510 D NetworkController.MobileSignalController(0/-2): getMobileIconGroup(): 0
12-04 16:23:57.172  3383  3383 E audit   : type=1400 audit(1543940637.167:15100): avc:  denied  { read } for  pid=26283 comm="Thread-2" name="stat" dev="proc" ino=4026532420 scontext=u:r:untrusted_app_25:s0:c512,c768 tcontext=u:object_r:proc_stat:s0 tclass=file permissive=0 SEPF_SM-G955F_8.0.0_0016 audit_filtered
12-04 16:23:57.288  3383  3383 E audit   : type=1400 audit(1543940637.283:15101): avc:  denied  { read } for  pid=26283 comm="Thread-2" name="stat" dev="proc" ino=4026532420 scontext=u:r:untrusted_app_25:s0:c512,c768 tcontext=u:object_r:proc_stat:s0 tclass=file permissive=0 SEPF_SM-G955F_8.0.0_0016 audit_filtered
12-04 16:23:57.359  3785  3796 D BatteryService: !@BatteryListener : batteryPropertiesChanged!
12-04 16:23:57.359  3785  3796 D BatteryService: level:100, scale:100, status:5, health:2, present:true, voltage: 4241, temperature: 301, technology: Li-ion, AC powered:false, USB powered:true, POGO powered:false, Wireless powered:false, icon:17303841, invalid charger:0, maxChargingCurrent:0, maxChargingVoltage:0, chargeCounter:3521000
12-04 16:23:57.359  3785  3796 D BatteryService: online:4, current avg:-408, charge type:1, power sharing:false, high voltage charger:false, capacity:280000, batterySWSelfDischarging:false, misc_event:0, current_event:0, current_now:-865
12-04 16:23:57.359  3785  3785 D BatteryService: Sending ACTION_BATTERY_CHANGED.
12-04 16:23:57.361  3785  3785 I MotionRecognitionService: Plugged
12-04 16:23:57.361  3785  3785 D MotionRecognitionService:   mCableConnection= 1
12-04 16:23:57.361  3785  3785 D MotionRecognitionService: setPowerConnected : mGripEnabled = false
12-04 16:23:57.361  3785  3785 D SamsungPhoneWindowManager: ACTION_BATTERY_CHANGED - Level :: 100, battStatus :: 5
12-04 16:23:57.361  4214  4214 D KeyguardUpdateMonitor: received broadcast android.intent.action.BATTERY_CHANGED
12-04 16:23:57.362  4214  4214 D BatteryController: onReceive-ACTION_BATTERY_CHANGED : mLevel=100, mBatteryStatus=5
12-04 16:23:57.362  3785  3812 D UsbDeviceManager: handleMessage -> MSG_UPDATE_CHARGING_STATE = 1
12-04 16:23:57.363  4178  4178 V HeadsetService: Received Intent.ACTION_BATTERY_CHANGED
12-04 16:23:57.363  4178  4955 D HeadsetStateMachine: Disconnected process message: 10, size: 0
12-04 16:23:57.363 26283 26283 D UE4     : Battery: status = 5, rawlevel = 100, scale = 100
12-04 16:23:57.363 26283 26283 D UE4     : nativeBatteryEvent(stat = 5, lvl = 100  temp = 30.10 C)
12-04 16:23:57.365  4214  4214 D PowerUI : priorPlugType = 2 mPlugType =  2
12-04 16:23:57.405  3383  3383 E audit   : type=1400 audit(1543940637.399:15102): avc:  denied  { read } for  pid=26283 comm="Thread-2" name="stat" dev="proc" ino=4026532420 scontext=u:r:untrusted_app_25:s0:c512,c768 tcontext=u:object_r:proc_stat:s0 tclass=file permissive=0 SEPF_SM-G955F_8.0.0_0016 audit_filtered
12-04 16:23:57.679  4939  4939 D io_stats: !@   8,0 r 102258 5713180 w 52568 1842808 d 4491 1323900 f 37925 39757 iot 94560 48280 th 307200 0 0 pt 0 inp 0 0 11220.524
12-04 16:23:57.838  3383  3383 I chatty  : uid=1999(audit) /system/bin/auditd identical 4 lines
12-04 16:23:57.955  3383  3383 E audit   : type=1400 audit(1543940637.951:15107): avc:  denied  { read } for  pid=26283 comm="Thread-2" name="stat" dev="proc" ino=4026532420 scontext=u:r:untrusted_app_25:s0:c512,c768 tcontext=u:object_r:proc_stat:s0 tclass=file permissive=0 SEPF_SM-G955F_8.0.0_0016 audit_filtered
12-04 16:23:58.005  3785  3933 D InputReader: Input event(5): value=1 when=11220851250000
12-04 16:23:58.005  3785  3933 D InputReader: Input event(5): value=1 when=11220851250000
12-04 16:23:58.005  3785  3933 I InputReader: Touch event's action is 0x0 (deviceType=0) [pCnt=1, s=0.130 ] when=11220851250000
12-04 16:23:58.005  3785  3932 I InputDispatcher: Delivering touch to (4214): action: 0x4, toolType: 1
12-04 16:23:58.006  3785  3932 I InputDispatcher: Delivering touch to (26283): action: 0x0, toolType: 1
12-04 16:23:58.006 26283 26325 V threaded_app: New input event: type=2
12-04 16:23:58.007 26283 26283 D ViewRootImpl@95b93ff[GameActivity]: ViewPostIme pointer 0
12-04 16:23:58.023 26283 26323 D UE4     : [2018.12.04-16.23.58:023][455]LogSlate: FSceneViewport::OnFocusLost() reason 0
12-04 16:23:58.035 26283 26325 V threaded_app: New input event: type=2
12-04 16:23:58.052 26283 26325 V threaded_app: New input event: type=2
12-04 16:23:58.056  3383  3383 E audit   : type=1400 audit(1543940638.051:15108): avc:  denied  { read } for  pid=26283 comm="Thread-2" name="stat" dev="proc" ino=4026532420 scontext=u:r:untrusted_app_25:s0:c512,c768 tcontext=u:object_r:proc_stat:s0 tclass=file permissive=0 SEPF_SM-G955F_8.0.0_0016 audit_filtered
12-04 16:23:58.069 26283 26325 V threaded_app: New input event: type=2
12-04 16:23:58.085 26283 26325 I chatty  : uid=10228(u0_a228) identical 1 line
12-04 16:23:58.102 26283 26325 V threaded_app: New input event: type=2
12-04 16:23:58.106  3785  3933 D InputReader: Input event(5): value=0 when=11220952266000
12-04 16:23:58.106  3785  3933 D InputReader: Input event(5): value=0 when=11220952266000
12-04 16:23:58.106  3785  3933 I InputReader: Touch event's action is 0x1 (deviceType=0) [pCnt=1, s=] when=11220952266000
12-04 16:23:58.106  3785  3932 I InputDispatcher: Delivering touch to (26283): action: 0x1, toolType: 1
12-04 16:23:58.107 26283 26325 V threaded_app: New input event: type=2
12-04 16:23:58.107 26283 26325 V threaded_app: New input event: type=2
12-04 16:23:58.108 26283 26283 D ViewRootImpl@95b93ff[GameActivity]: ViewPostIme pointer 1
12-04 16:23:58.124 26283 26323 D UE4     : [2018.12.04-16.23.58:124][461]LogNet: Browse: /Game/ThirdPersonBP/Maps/FirstMap?Name=Player?restart
12-04 16:23:58.138 26283 26323 D UE4     : [2018.12.04-16.23.58:138][461]LogLoad: LoadMap: /Game/ThirdPersonBP/Maps/FirstMap?Name=Player
12-04 16:23:58.205 26283 26323 D UE4     : LogStreaming: Display: Flushing async loaders.
12-04 16:23:58.205 26283 26323 D UE4     : 
12-04 16:23:58.205 26283 26323 D UE4     : [2018.12.04-16.23.58:205][461]LogStreaming: Display: Flushing async loaders.
12-04 16:23:58.290  3376  3376 E adbd    : recv: OPEN 00002545 00000000 000c:73 68 65 6C 6C 2C 76 32 3A 70 73 00 
12-04 16:23:58.291  3376  3376 E adbd    : service_to_fd: shell,v2:ps
12-04 16:23:58.623 26283 26323 D UE4     : [2018.12.04-16.23.58:623][461]LogAIModule: Creating AISystem for world FirstMap
12-04 16:23:58.624 26283 26323 D UE4     : [2018.12.04-16.23.58:624][461]LogLoad: Game class is 'ThirdPersonGameMode_C'
12-04 16:23:58.627 26283 26323 D UE4     : [2018.12.04-16.23.58:627][461]LogWorld: Bringing World /Game/ThirdPersonBP/Maps/FirstMap.FirstMap up for play (max tick rate 0) at 2018.12.04-16.23.58
12-04 16:23:58.627 26283 26323 D UE4     : [2018.12.04-16.23.58:627][461]LogWorld: Bringing up level for play took: 0.001373
12-04 16:23:58.628 26283 26323 D UE4     : LogOnline: Warning: FOnlineSubsystemGooglePlayModule was disabled
12-04 16:23:58.628 26283 26323 D UE4     : 
12-04 16:23:58.628 26283 26323 D UE4     : [2018.12.04-16.23.58:628][461]LogOnline: Warning: FOnlineSubsystemGooglePlayModule was disabled
12-04 16:23:58.632 26283 26323 D UE4     : LogUMG: Display: Widget Class RunnerHud_C - Loaded Fast Template.
12-04 16:23:58.632 26283 26323 D UE4     : 
12-04 16:23:58.632 26283 26323 D UE4     : [2018.12.04-16.23.58:632][461]LogUMG: Display: Widget Class RunnerHud_C - Loaded Fast Template.
12-04 16:23:58.636 26283 26323 D UE4     : [2018.12.04-16.23.58:636][461]LogLoad: Took 0.497098 seconds to LoadMap(/Game/ThirdPersonBP/Maps/FirstMap)
12-04 16:23:58.643  3383  3383 E audit   : type=1400 audit(1543940638.639:15109): avc:  denied  { read } for  pid=26283 comm="Thread-2" name="stat" dev="proc" ino=4026532420 scontext=u:r:untrusted_app_25:s0:c512,c768 tcontext=u:object_r:proc_stat:s0 tclass=file permissive=0 SEPF_SM-G955F_8.0.0_0016 audit_filtered
12-04 16:23:59.111  3383  3383 I chatty  : uid=1999(audit) /system/bin/auditd identical 4 lines
12-04 16:23:59.122  3785  3785 D CustomFrequencyManagerService: releaseDVFSLockLocked : Getting Lock type frm List : DVFS_MIN_LIMIT  frequency : 858000  uid : 1000  pid : 3785  tag : GESTURE_DETECTED@CPU_MIN@81
12-04 16:23:59.212  3383  3383 E audit   : type=1400 audit(1543940639.207:15114): avc:  denied  { read } for  pid=26283 comm="Thread-2" name="stat" dev="proc" ino=4026532420 scontext=u:r:untrusted_app_25:s0:c512,c768 tcontext=u:object_r:proc_stat:s0 tclass=file permissive=0 SEPF_SM-G955F_8.0.0_0016 audit_filtered
12-04 16:23:59.215  3785  3933 D InputReader: Input event(5): value=1 when=11222061278000
12-04 16:23:59.215  3785  3933 D InputReader: Input event(5): value=1 when=11222061278000
12-04 16:23:59.215  3785  3933 I InputReader: Touch event's action is 0x0 (deviceType=0) [pCnt=1, s=0.131 ] when=11222061278000
12-04 16:23:59.215  3785  3932 I InputDispatcher: Delivering touch to (4214): action: 0x4, toolType: 1
12-04 16:23:59.215  3785  3932 I InputDispatcher: Delivering touch to (26283): action: 0x0, toolType: 1
12-04 16:23:59.216  3785  3932 D PowerManagerService: [api] userActivityFromNative : 30 (event: 2 flags: 0) eventTime = 11222061
12-04 16:23:59.216 26283 26325 V threaded_app: New input event: type=2
12-04 16:23:59.217 26283 26283 D ViewRootImpl@95b93ff[GameActivity]: ViewPostIme pointer 0
12-04 16:23:59.236 26283 26325 V threaded_app: New input event: type=2
12-04 16:23:59.253 26283 26325 V threaded_app: New input event: type=2
12-04 16:23:59.253 26283 26323 D UE4     : [2018.12.04-16.23.59:253][492]LogBlueprintUserMessages: [ThirdPersonCharacter_C_0] Left
12-04 16:23:59.269 26283 26325 V threaded_app: New input event: type=2
12-04 16:23:59.282  3785  3933 D InputReader: Input event(5): value=0 when=11222128855000
12-04 16:23:59.283  3785  3933 D InputReader: Input event(5): value=0 when=11222128855000
12-04 16:23:59.283  3785  3933 I InputReader: Touch event's action is 0x1 (deviceType=0) [pCnt=1, s=] when=11222128855000
12-04 16:23:59.283  3785  3932 I InputDispatcher: Delivering touch to (26283): action: 0x1, toolType: 1
12-04 16:23:59.283 26283 26325 V threaded_app: New input event: type=2
12-04 16:23:59.283 26283 26325 V threaded_app: New input event: type=2
12-04 16:23:59.284 26283 26283 D ViewRootImpl@95b93ff[GameActivity]: ViewPostIme pointer 1
12-04 16:23:59.302  4214  4510 D NetworkController.MobileSignalController(0/-2): onSignalStrengthsChanged signalStrength=SignalStrength: 14 99 -14 -200 -14 -200 -1 99 2147483647 2147483647 2147483647 2147483647 0 2147483647 0x4 P gsm|lte level=4
12-04 16:23:59.302  4214  4510 D NetworkController.MobileSignalController(0/-2): getMobileIconGroup(): 0
12-04 16:23:59.323  3383  3383 E audit   : type=1400 audit(1543940639.319:15115): avc:  denied  { read } for  pid=26283 comm="Thread-2" name="stat" dev="proc" ino=4026532420 scontext=u:r:untrusted_app_25:s0:c512,c768 tcontext=u:object_r:proc_stat:s0 tclass=file permissive=0 SEPF_SM-G955F_8.0.0_0016 audit_filtered
12-04 16:23:59.439  3383  3383 I chatty  : uid=1999(audit) /system/bin/auditd identical 1 line
12-04 16:23:59.539  3383  3383 E audit   : type=1400 audit(1543940639.535:15117): avc:  denied  { read } for  pid=26283 comm="Thread-2" name="stat" dev="proc" ino=4026532420 scontext=u:r:untrusted_app_25:s0:c512,c768 tcontext=u:object_r:proc_stat:s0 tclass=file permissive=0 SEPF_SM-G955F_8.0.0_0016 audit_filtered
12-04 16:23:59.555  3376  3376 E adbd    : recv: OPEN 00002549 00000000 000c:73 68 65 6C 6C 2C 76 32 3A 70 73 00 
12-04 16:23:59.555  3376  3376 E adbd    : service_to_fd: shell,v2:ps
12-04 16:23:59.640  3383  3383 E audit   : type=1400 audit(1543940639.635:15118): avc:  denied  { read } for  pid=26283 comm="Thread-2" name="stat" dev="proc" ino=4026532420 scontext=u:r:untrusted_app_25:s0:c512,c768 tcontext=u:object_r:proc_stat:s0 tclass=file permissive=0 SEPF_SM-G955F_8.0.0_0016 audit_filtered
12-04 16:23:59.867  3383  3383 I chatty  : uid=1999(audit) /system/bin/auditd identical 2 lines
12-04 16:23:59.972  3383  3383 E audit   : type=1400 audit(1543940639.967:15121): avc:  denied  { read } for  pid=26283 comm="Thread-2" name="stat" dev="proc" ino=4026532420 scontext=u:r:untrusted_app_25:s0:c512,c768 tcontext=u:object_r:proc_stat:s0 tclass=file permissive=0 SEPF_SM-G955F_8.0.0_0016 audit_filtered
12-04 16:24:00.000  3785  3898 D SamsungAlarmManager: Expired : 8
12-04 16:24:00.000  3785  3898 V SamsungAlarmManager: Sending to uid : 1000 action=android.intent.action.TIME_TICK alarm=Alarm{46cfb52 type 3 when 11222846 android}
12-04 16:24:00.001  3785  3898 V SamsungAlarmManager: Sending to uid : 10083 action=com.samsung.action.EVERY_MINUTE_CLOCK_UPDATE alarm=Alarm{1a27f20 type 1 when 1543940640000 com.sec.android.app.launcher}
12-04 16:24:00.004  3785  3785 D SamsungAlarmManager: setExact Intent (T:3/F:1/AC:false) 20181204T162500 - CU:1000/CP:3785
12-04 16:24:00.004  3785  3785 V AlarmManager: ___SyncScheduler (v3) ACTIVATED___
12-04 16:24:00.004  3785  3785 V AlarmManagerEXT: <AppSync3 Whitelist>
12-04 16:24:00.004  3785  3785 V AlarmManagerEXT: (AppSync) ### 0 added ###
12-04 16:24:00.005  5291  5291 I Launcher: onReceive: com.samsung.action.EVERY_MINUTE_CLOCK_UPDATE
12-04 16:24:00.006  4214  4214 D KeyguardUpdateMonitor: received broadcast android.intent.action.TIME_TICK
12-04 16:24:00.007  4214  4214 D KeyguardServiceBoxContainer: refreshTime() 1
12-04 16:24:00.010  3785  3796 D SamsungAlarmManager: setInexact Intent (T:1/F:0/AC:false) 20181204T162500 - CU:10083/CP:5291
12-04 16:24:00.011  5291  5291 I IconView: applyFromApplicationInfo - start GetLive : com.sec.android.app.clockpackage
12-04 16:24:00.016  5291  5291 D ApplicationPackageManager: we has com.sec.android.app.clockpackage class. reuse it 
12-04 16:24:00.016  5291  5291 D LiveIconLoader: getLiveIcon was called in ClockPackage
12-04 16:24:00.018  5291  5291 D LiveIconLoader: getLiveIcon res = com.sec.android.app.clockpackage
12-04 16:24:00.021  5291  5291 D LiveIconLoader: stdIconSize : 126 , targetIconSize : 154
12-04 16:24:00.021  5291  5291 D LiveIconLoader: mIconDpi : 640 , mTargetIconDpi : 420
12-04 16:24:00.027  4214  4214 D KeyguardUpdateMonitor: handleStatusBarState( false )
12-04 16:24:00.035  5291  5291 I ApplicationPackageManager: load= live icon for com.sec.android.app.clockpackage, from overlay = false
12-04 16:24:00.039  5291  5291 I LiveIconManager: getLiveIcon: complete(sync_created)
12-04 16:24:00.039  5291  5291 I IconView: applyFromApplicationInfo - end GetLive : com.sec.android.app.clockpackage
12-04 16:24:00.039  5291  5291 I IconView: applyFromApplicationInfo - start GetLive : com.samsung.android.calendar
12-04 16:24:00.040  5291  5291 I IconView: applyFromApplicationInfo - end GetLive : com.samsung.android.calendar
12-04 16:24:00.071  4214  4214 D KeyguardUpdateMonitor: handleStatusBarState( false )
12-04 16:24:00.073  3383  3383 E audit   : type=1400 audit(1543940640.067:15122): avc:  denied  { read } for  pid=26283 comm="Thread-2" name="stat" dev="proc" ino=4026532420 scontext=u:r:untrusted_app_25:s0:c512,c768 tcontext=u:object_r:proc_stat:s0 tclass=file permissive=0 SEPF_SM-G955F_8.0.0_0016 audit_filtered
12-04 16:24:00.506  3383  3383 I chatty  : uid=1999(audit) /system/bin/auditd identical 4 lines
12-04 16:24:00.624  3383  3383 E audit   : type=1400 audit(1543940640.619:15127): avc:  denied  { read } for  pid=26283 comm="Thread-2" name="stat" dev="proc" ino=4026532420 scontext=u:r:untrusted_app_25:s0:c512,c768 tcontext=u:object_r:proc_stat:s0 tclass=file permissive=0 SEPF_SM-G955F_8.0.0_0016 audit_filtered
12-04 16:24:00.717  3376  3376 E adbd    : recv: OPEN 0000254d 00000000 000c:73 68 65 6C 6C 2C 76 32 3A 70 73 00 
12-04 16:24:00.717  3376  3376 E adbd    : service_to_fd: shell,v2:ps
12-04 16:24:00.728  3383  3383 E audit   : type=1400 audit(1543940640.723:15128): avc:  denied  { read } for  pid=26283 comm="Thread-2" name="stat" dev="proc" ino=4026532420 scontext=u:r:untrusted_app_25:s0:c512,c768 tcontext=u:object_r:proc_stat:s0 tclass=file permissive=0 SEPF_SM-G955F_8.0.0_0016 audit_filtered
12-04 16:24:01.807  3383  3383 I chatty  : uid=1999(audit) /system/bin/auditd identical 10 lines
12-04 16:24:01.925  3383  3383 E audit   : type=1400 audit(1543940641.919:15139): avc:  denied  { read } for  pid=26283 comm="Thread-2" name="stat" dev="proc" ino=4026532420 scontext=u:r:untrusted_app_25:s0:c512,c768 tcontext=u:object_r:proc_stat:s0 tclass=file permissive=0 SEPF_SM-G955F_8.0.0_0016 audit_filtered
12-04 16:24:01.943  3376  3376 E adbd    : recv: OPEN 00002551 00000000 000c:73 68 65 6C 6C 2C 76 32 3A 70 73 00 
12-04 16:24:01.943  3376  3376 E adbd    : service_to_fd: shell,v2:ps
12-04 16:24:02.028  3383  3383 E audit   : type=1400 audit(1543940642.023:15140): avc:  denied  { read } for  pid=26283 comm="Thread-2" name="stat" dev="proc" ino=4026532420 scontext=u:r:untrusted_app_25:s0:c512,c768 tcontext=u:object_r:proc_stat:s0 tclass=file permissive=0 SEPF_SM-G955F_8.0.0_0016 audit_filtered
12-04 16:24:02.054  3785  7406 D ConnectivityService: filterNetworkStateForUid() uid: 1000 networkInfo: [type: WIFI[] - WIFI, state: DISCONNECTED/DISCONNECTED, reason: (unspecified), extra: (none), failover: false, available: true, roaming: false, metered: false]
12-04 16:24:02.062  3403  3781 V APM_AudioPolicyManager: getAudioPolicyConfig: audioParam;activeStream
12-04 16:24:02.063  3403  3781 V APM_AudioPolicyManager: ### active stream : 0
12-04 16:24:02.063  3785  7406 D AudioService: active stream is 0x0
12-04 16:24:02.063  3403  3781 V APM_AudioPolicyManager: getAudioPolicyConfig: audioParam;outDevice
12-04 16:24:02.064  3403  3781 V APM_AudioPolicyManager: getNewOutputDevice() selected device 0
12-04 16:24:02.064  3403  3781 V APM_AudioPolicyManager: ### curdevice : 2
12-04 16:24:02.067  3785  7406 D SSRM:j  : ATC: power = AP_CP = 2800, Display = 33(Panel:-999, LDIs:-999), WIFI = 0, SPK = 0, RCV = 0, Camera = 0, PAM = 0
12-04 16:24:02.068  3785  7406 D SSRM:j  : ATC: current = AP_CP = 700, Display = 9, WIFI = 0, SPK = 0,RCV = 0, Camera = 0, PAM = 0
12-04 16:24:02.074  3785  7406 D SSRM:j  : ATC: Ambient Temperature = 20.71, Skin temperature = F_AP[29.80], F_RF[29.10], B_AP[30.40], B_RF[29.10], B_WIFI[26.80], B_SPK[26.00]
12-04 16:24:02.132  3383  3383 E audit   : type=1400 audit(1543940642.127:15141): avc:  denied  { read } for  pid=26283 comm="Thread-2" name="stat" dev="proc" ino=4026532420 scontext=u:r:untrusted_app_25:s0:c512,c768 tcontext=u:object_r:proc_stat:s0 tclass=file permissive=0 SEPF_SM-G955F_8.0.0_0016 audit_filtered
12-04 16:24:02.241  3383  3383 E audit   : type=1400 audit(1543940642.235:15142): avc:  denied  { read } for  pid=26283 comm="Thread-2" name="stat" dev="proc" ino=4026532420 scontext=u:r:untrusted_app_25:s0:c512,c768 tcontext=u:object_r:proc_stat:s0 tclass=file permissive=0 SEPF_SM-G955F_8.0.0_0016 audit_filtered
12-04 16:24:02.269 26283 26323 D UE4     : [2018.12.04-16.24.02:269][673]LogBlueprintUserMessages: [ThirdPersonGameMode_C_0] 0
12-04 16:24:02.271 26283 26323 D UE4     : [2018.12.04-16.24.02:271][673]LogBlueprintUserMessages: [ThirdPersonGameMode_C_0] 0
12-04 16:24:02.273 26283 26323 D UE4     : [2018.12.04-16.24.02:273][673]LogBlueprintUserMessages: [ThirdPersonGameMode_C_0] 0
12-04 16:24:02.276 26283 26323 D UE4     : [2018.12.04-16.24.02:276][673]LogBlueprintUserMessages: [ThirdPersonGameMode_C_0] 0
