10-30 15:44:28.249 28963 28988 D UE4     : [2018.10.30-15.44.28:249][  0]LogRHI: Initializing OpenGL RHI
10-30 15:44:28.249 28963 28988 D UE4     : [2018.10.30-15.44.28:249][  0]LogRHI:   GL_VENDOR: ARM
10-30 15:44:28.249 28963 28988 D UE4     : [2018.10.30-15.44.28:249][  0]LogRHI:   GL_RENDERER: Mali-G71
10-30 15:44:28.249 28963 28988 D UE4     : [2018.10.30-15.44.28:249][  0]LogRHI:   GL_VERSION: OpenGL ES 3.2 v1.r9p0-01rel0.2498e584901afb9257be0d365ada85fa
10-30 15:44:28.250 28963 28988 D UE4     : [2018.10.30-15.44.28:250][  0]LogRHI:   GL_SHADING_LANGUAGE_VERSION: OpenGL ES GLSL ES 3.20
10-30 15:44:28.250 28963 28988 D UE4     : [2018.10.30-15.44.28:250][  0]LogRHI: OpenGL Extensions:
10-30 15:44:28.250 28963 28988 D UE4     : [2018.10.30-15.44.28:250][  0]LogRHI:   GL_EXT_debug_marker
10-30 15:44:28.250 28963 28988 D UE4     : [2018.10.30-15.44.28:250][  0]LogRHI:   GL_ARM_rgba8
10-30 15:44:28.250 28963 28988 D UE4     : [2018.10.30-15.44.28:250][  0]LogRHI:   GL_ARM_mali_shader_binary
10-30 15:44:28.250 28963 28988 D UE4     : [2018.10.30-15.44.28:250][  0]LogRHI:   GL_OES_depth24
10-30 15:44:28.250 28963 28988 D UE4     : [2018.10.30-15.44.28:250][  0]LogRHI:   GL_OES_depth_texture
10-30 15:44:28.250 28963 28988 D UE4     : [2018.10.30-15.44.28:250][  0]LogRHI:   GL_OES_depth_texture_cube_map
10-30 15:44:28.250 28963 28988 D UE4     : [2018.10.30-15.44.28:250][  0]LogRHI:   GL_OES_packed_depth_stencil
10-30 15:44:28.250 28963 28988 D UE4     : [2018.10.30-15.44.28:250][  0]LogRHI:   GL_OES_rgb8_rgba8
10-30 15:44:28.250 28963 28988 D UE4     : [2018.10.30-15.44.28:250][  0]LogRHI:   GL_EXT_read_format_bgra
10-30 15:44:28.250 28963 28988 D UE4     : [2018.10.30-15.44.28:250][  0]LogRHI:   GL_OES_compressed_paletted_texture
10-30 15:44:28.250 28963 28988 D UE4     : [2018.10.30-15.44.28:250][  0]LogRHI:   GL_OES_compressed_ETC1_RGB8_texture
10-30 15:44:28.251 28963 28988 D UE4     : [2018.10.30-15.44.28:250][  0]LogRHI:   GL_OES_standard_derivatives
10-30 15:44:28.251 28963 28988 D UE4     : [2018.10.30-15.44.28:251][  0]LogRHI:   GL_OES_EGL_image
10-30 15:44:28.251 28963 28988 D UE4     : [2018.10.30-15.44.28:251][  0]LogRHI:   GL_OES_EGL_image_external
10-30 15:44:28.251 28963 28988 D UE4     : [2018.10.30-15.44.28:251][  0]LogRHI:   GL_OES_EGL_image_external_essl3
10-30 15:44:28.251 28963 28988 D UE4     : [2018.10.30-15.44.28:251][  0]LogRHI:   GL_OES_EGL_sync
10-30 15:44:28.251 28963 28988 D UE4     : [2018.10.30-15.44.28:251][  0]LogRHI:   GL_OES_texture_npot
10-30 15:44:28.251 28963 28988 D UE4     : [2018.10.30-15.44.28:251][  0]LogRHI:   GL_OES_vertex_half_float
10-30 15:44:28.251 28963 28988 D UE4     : [2018.10.30-15.44.28:251][  0]LogRHI:   GL_OES_required_internalformat
10-30 15:44:28.251 28963 28988 D UE4     : [2018.10.30-15.44.28:251][  0]LogRHI:   GL_OES_vertex_array_object
10-30 15:44:28.251 28963 28988 D UE4     : [2018.10.30-15.44.28:251][  0]LogRHI:   GL_OES_mapbuffer
10-30 15:44:28.251 28963 28988 D UE4     : [2018.10.30-15.44.28:251][  0]LogRHI:   GL_EXT_texture_format_BGRA8888
10-30 15:44:28.251 28963 28988 D UE4     : [2018.10.30-15.44.28:251][  0]LogRHI:   GL_EXT_texture_rg
10-30 15:44:28.251 28963 28988 D UE4     : [2018.10.30-15.44.28:251][  0]LogRHI:   GL_EXT_texture_type_2_10_10_10_REV
10-30 15:44:28.251 28963 28988 D UE4     : [2018.10.30-15.44.28:251][  0]LogRHI:   GL_OES_fbo_render_mipmap
10-30 15:44:28.252 28963 28988 D UE4     : [2018.10.30-15.44.28:252][  0]LogRHI:   GL_OES_element_index_uint
10-30 15:44:28.252 28963 28988 D UE4     : [2018.10.30-15.44.28:252][  0]LogRHI:   GL_EXT_shadow_samplers
10-30 15:44:28.252 28963 28988 D UE4     : [2018.10.30-15.44.28:252][  0]LogRHI:   GL_OES_texture_compression_astc
10-30 15:44:28.252 28963 28988 D UE4     : [2018.10.30-15.44.28:252][  0]LogRHI:   GL_KHR_texture_compression_astc_ldr
10-30 15:44:28.252 28963 28988 D UE4     : [2018.10.30-15.44.28:252][  0]LogRHI:   GL_KHR_texture_compression_astc_hdr
10-30 15:44:28.252 28963 28988 D UE4     : [2018.10.30-15.44.28:252][  0]LogRHI:   GL_KHR_texture_compression_astc_sliced_3d
10-30 15:44:28.252 28963 28988 D UE4     : [2018.10.30-15.44.28:252][  0]LogRHI:   GL_KHR_debug
10-30 15:44:28.252 28963 28988 D UE4     : [2018.10.30-15.44.28:252][  0]LogRHI:   GL_EXT_occlusion_query_boolean
10-30 15:44:28.252 28963 28988 D UE4     : [2018.10.30-15.44.28:252][  0]LogRHI:   GL_EXT_disjoint_timer_query
10-30 15:44:28.252 28963 28988 D UE4     : [2018.10.30-15.44.28:252][  0]LogRHI:   GL_EXT_blend_minmax
10-30 15:44:28.252 28963 28988 D UE4     : [2018.10.30-15.44.28:252][  0]LogRHI:   GL_EXT_discard_framebuffer
10-30 15:44:28.252 28963 28988 D UE4     : [2018.10.30-15.44.28:252][  0]LogRHI:   GL_OES_get_program_binary
10-30 15:44:28.252 28963 28988 D UE4     : [2018.10.30-15.44.28:252][  0]LogRHI:   GL_OES_texture_3D
10-30 15:44:28.253 28963 28988 D UE4     : [2018.10.30-15.44.28:253][  0]LogRHI:   GL_EXT_texture_storage
10-30 15:44:28.253 28963 28988 D UE4     : [2018.10.30-15.44.28:253][  0]LogRHI:   GL_EXT_multisampled_render_to_texture
10-30 15:44:28.253 28963 28988 D UE4     : [2018.10.30-15.44.28:253][  0]LogRHI:   GL_OES_surfaceless_context
10-30 15:44:28.253 28963 28988 D UE4     : [2018.10.30-15.44.28:253][  0]LogRHI:   GL_OES_texture_stencil8
10-30 15:44:28.253 28963 28988 D UE4     : [2018.10.30-15.44.28:253][  0]LogRHI:   GL_EXT_shader_pixel_local_storage
10-30 15:44:28.253 28963 28988 D UE4     : [2018.10.30-15.44.28:253][  0]LogRHI:   GL_ARM_shader_framebuffer_fetch
10-30 15:44:28.253 28963 28988 D UE4     : [2018.10.30-15.44.28:253][  0]LogRHI:   GL_ARM_shader_framebuffer_fetch_depth_stencil
10-30 15:44:28.253 28963 28988 D UE4     : [2018.10.30-15.44.28:253][  0]LogRHI:   GL_ARM_mali_program_binary
10-30 15:44:28.253 28963 28988 D UE4     : [2018.10.30-15.44.28:253][  0]LogRHI:   GL_EXT_sRGB
10-30 15:44:28.253 28963 28988 D UE4     : [2018.10.30-15.44.28:253][  0]LogRHI:   GL_EXT_sRGB_write_control
10-30 15:44:28.253 28963 28988 D UE4     : [2018.10.30-15.44.28:253][  0]LogRHI:   GL_EXT_texture_sRGB_decode
10-30 15:44:28.253 28963 28988 D UE4     : [2018.10.30-15.44.28:253][  0]LogRHI:   GL_EXT_texture_sRGB_R8
10-30 15:44:28.253 28963 28988 D UE4     : [2018.10.30-15.44.28:253][  0]LogRHI:   GL_EXT_texture_sRGB_RG8
10-30 15:44:28.254 28963 28988 D UE4     : [2018.10.30-15.44.28:253][  0]LogRHI:   GL_KHR_blend_equation_advanced
10-30 15:44:28.254 28963 28988 D UE4     : [2018.10.30-15.44.28:254][  0]LogRHI:   GL_KHR_blend_equation_advanced_coherent
10-30 15:44:28.254 28963 28988 D UE4     : [2018.10.30-15.44.28:254][  0]LogRHI:   GL_OES_texture_storage_multisample_2d_array
10-30 15:44:28.254 28963 28988 D UE4     : [2018.10.30-15.44.28:254][  0]LogRHI:   GL_OES_shader_image_atomic
10-30 15:44:28.254 28963 28988 D UE4     : [2018.10.30-15.44.28:254][  0]LogRHI:   GL_EXT_robustness
10-30 15:44:28.254 28963 28988 D UE4     : [2018.10.30-15.44.28:254][  0]LogRHI:   GL_EXT_draw_buffers_indexed
10-30 15:44:28.254 28963 28988 D UE4     : [2018.10.30-15.44.28:254][  0]LogRHI:   GL_OES_draw_buffers_indexed
10-30 15:44:28.254 28963 28988 D UE4     : [2018.10.30-15.44.28:254][  0]LogRHI:   GL_EXT_texture_border_clamp
10-30 15:44:28.254 28963 28988 D UE4     : [2018.10.30-15.44.28:254][  0]LogRHI:   GL_OES_texture_border_clamp
10-30 15:44:28.254 28963 28988 D UE4     : [2018.10.30-15.44.28:254][  0]LogRHI:   GL_EXT_texture_cube_map_array
10-30 15:44:28.254 28963 28988 D UE4     : [2018.10.30-15.44.28:254][  0]LogRHI:   GL_OES_texture_cube_map_array
10-30 15:44:28.254 28963 28988 D UE4     : [2018.10.30-15.44.28:254][  0]LogRHI:   GL_OES_sample_variables
10-30 15:44:28.254 28963 28988 D UE4     : [2018.10.30-15.44.28:254][  0]LogRHI:   GL_OES_sample_shading
10-30 15:44:28.254 28963 28988 D UE4     : [2018.10.30-15.44.28:254][  0]LogRHI:   GL_OES_shader_multisample_interpolation
10-30 15:44:28.255 28963 28988 D UE4     : [2018.10.30-15.44.28:255][  0]LogRHI:   GL_EXT_shader_io_blocks
10-30 15:44:28.255 28963 28988 D UE4     : [2018.10.30-15.44.28:255][  0]LogRHI:   GL_OES_shader_io_blocks
10-30 15:44:28.255 28963 28988 D UE4     : [2018.10.30-15.44.28:255][  0]LogRHI:   GL_EXT_tessellation_shader
10-30 15:44:28.255 28963 28988 D UE4     : [2018.10.30-15.44.28:255][  0]LogRHI:   GL_OES_tessellation_shader
10-30 15:44:28.255 28963 28988 D UE4     : [2018.10.30-15.44.28:255][  0]LogRHI:   GL_EXT_primitive_bounding_box
10-30 15:44:28.255 28963 28988 D UE4     : [2018.10.30-15.44.28:255][  0]LogRHI:   GL_OES_primitive_bounding_box
10-30 15:44:28.255 28963 28988 D UE4     : [2018.10.30-15.44.28:255][  0]LogRHI:   GL_EXT_geometry_shader
10-30 15:44:28.255 28963 28988 D UE4     : [2018.10.30-15.44.28:255][  0]LogRHI:   GL_OES_geometry_shader
10-30 15:44:28.255 28963 28988 D UE4     : [2018.10.30-15.44.28:255][  0]LogRHI:   GL_ANDROID_extension_pack_es31a
10-30 15:44:28.255 28963 28988 D UE4     : [2018.10.30-15.44.28:255][  0]LogRHI:   GL_EXT_gpu_shader5
10-30 15:44:28.255 28963 28988 D UE4     : [2018.10.30-15.44.28:255][  0]LogRHI:   GL_OES_gpu_shader5
10-30 15:44:28.255 28963 28988 D UE4     : [2018.10.30-15.44.28:255][  0]LogRHI:   GL_EXT_texture_buffer
10-30 15:44:28.255 28963 28988 D UE4     : [2018.10.30-15.44.28:255][  0]LogRHI:   GL_OES_texture_buffer
10-30 15:44:28.256 28963 28988 D UE4     : [2018.10.30-15.44.28:256][  0]LogRHI:   GL_EXT_copy_image
10-30 15:44:28.256 28963 28988 D UE4     : [2018.10.30-15.44.28:256][  0]LogRHI:   GL_OES_copy_image
10-30 15:44:28.256 28963 28988 D UE4     : [2018.10.30-15.44.28:256][  0]LogRHI:   GL_EXT_shader_non_constant_global_initializers
10-30 15:44:28.256 28963 28988 D UE4     : [2018.10.30-15.44.28:256][  0]LogRHI:   GL_EXT_color_buffer_half_float
10-30 15:44:28.256 28963 28988 D UE4     : [2018.10.30-15.44.28:256][  0]LogRHI:   GL_EXT_color_buffer_float
10-30 15:44:28.256 28963 28988 D UE4     : [2018.10.30-15.44.28:256][  0]LogRHI:   GL_EXT_YUV_target
10-30 15:44:28.256 28963 28988 D UE4     : [2018.10.30-15.44.28:256][  0]LogRHI:   GL_OVR_multiview
10-30 15:44:28.256 28963 28988 D UE4     : [2018.10.30-15.44.28:256][  0]LogRHI:   GL_OVR_multiview2
10-30 15:44:28.256 28963 28988 D UE4     : [2018.10.30-15.44.28:256][  0]LogRHI:   GL_OVR_multiview_multisampled_render_to_texture
10-30 15:44:28.256 28963 28988 D UE4     : [2018.10.30-15.44.28:256][  0]LogRHI:   GL_KHR_robustness
10-30 15:44:28.256 28963 28988 D UE4     : [2018.10.30-15.44.28:256][  0]LogRHI:   GL_KHR_robust_buffer_access_behavior
10-30 15:44:28.256 28963 28988 D UE4     : [2018.10.30-15.44.28:256][  0]LogRHI:   GL_EXT_draw_elements_base_vertex
10-30 15:44:28.256 28963 28988 D UE4     : [2018.10.30-15.44.28:256][  0]LogRHI:   GL_OES_draw_elements_base_vertex
10-30 15:44:28.257 28963 28988 D UE4     : [2018.10.30-15.44.28:256][  0]LogRHI:   GL_EXT_protected_textures
10-30 15:44:28.257 28963 28988 D UE4     : [2018.10.30-15.44.28:257][  0]LogRHI:   GL_MAX_VERTEX_ATTRIBS: 16
10-30 15:44:28.257 28963 28988 D UE4     : [2018.10.30-15.44.28:257][  0]LogRHI:   GL_MAX_VARYING_VECTORS: 15
10-30 15:44:28.257 28963 28988 D UE4     : [2018.10.30-15.44.28:257][  0]LogRHI:   GL_MAX_VERTEX_UNIFORM_VECTORS: 1024
10-30 15:44:28.257 28963 28988 D UE4     : [2018.10.30-15.44.28:257][  0]LogRHI:   GL_MAX_FRAGMENT_UNIFORM_VECTORS: 1024
10-30 15:44:28.257 28963 28988 D UE4     : [2018.10.30-15.44.28:257][  0]LogRHI: Fragment shader lowp precision: 10
10-30 15:44:28.257 28963 28988 D UE4     : [2018.10.30-15.44.28:257][  0]LogRHI: Fragment shader mediump precision: 10
10-30 15:44:28.257 28963 28988 D UE4     : [2018.10.30-15.44.28:257][  0]LogRHI: Fragment shader highp precision: 23
10-30 15:44:28.257 28963 28988 D UE4     : [2018.10.30-15.44.28:257][  0]LogRHI: Support for 16x MSAA detected
10-30 15:44:28.257 28963 28988 D UE4     : [2018.10.30-15.44.28:257][  0]LogRHI: Image external enabled: ImageExternalESSL300
10-30 15:44:28.257 28963 28988 D UE4     : [2018.10.30-15.44.28:257][  0]LogRHI: Device supports mobile multi-view.
10-30 15:44:28.257 28963 28988 D UE4     : [2018.10.30-15.44.28:257][  0]LogRHI:   GL_MAX_TEXTURE_SIZE: 8192
10-30 15:44:28.257 28963 28988 D UE4     : [2018.10.30-15.44.28:257][  0]LogRHI:   GL_MAX_CUBE_MAP_TEXTURE_SIZE: 4096
10-30 15:44:28.258 28963 28988 D UE4     : [2018.10.30-15.44.28:258][  0]LogRHI:   GL_MAX_ARRAY_TEXTURE_LAYERS: 256
10-30 15:44:28.258 28963 28988 D UE4     : [2018.10.30-15.44.28:258][  0]LogRHI:   GL_MAX_RENDERBUFFER_SIZE: 8192
10-30 15:44:28.258 28963 28988 D UE4     : [2018.10.30-15.44.28:258][  0]LogRHI:   GL_MAX_TEXTURE_IMAGE_UNITS: 16
10-30 15:44:28.258 28963 28988 D UE4     : [2018.10.30-15.44.28:258][  0]LogRHI:   GL_MAX_DRAW_BUFFERS: 4
10-30 15:44:28.258 28963 28988 D UE4     : [2018.10.30-15.44.28:258][  0]LogRHI:   GL_MAX_COLOR_ATTACHMENTS: 1
10-30 15:44:28.258 28963 28988 D UE4     : [2018.10.30-15.44.28:258][  0]LogRHI:   GL_MAX_SAMPLES: 1
10-30 15:44:28.258 28963 28988 D UE4     : [2018.10.30-15.44.28:258][  0]LogRHI:   GL_MAX_COLOR_TEXTURE_SAMPLES: 1
10-30 15:44:28.258 28963 28988 D UE4     : [2018.10.30-15.44.28:258][  0]LogRHI:   GL_MAX_DEPTH_TEXTURE_SAMPLES: 1
10-30 15:44:28.258 28963 28988 D UE4     : [2018.10.30-15.44.28:258][  0]LogRHI:   GL_MAX_INTEGER_SAMPLES: 1
10-30 15:44:28.258 28963 28988 D UE4     : [2018.10.30-15.44.28:258][  0]LogRHI:   GL_MAX_COMBINED_TEXTURE_IMAGE_UNITS: 96
10-30 15:44:28.258 28963 28988 D UE4     : [2018.10.30-15.44.28:258][  0]LogRHI:   GL_MAX_VERTEX_ATTRIBS: 16
10-30 15:44:28.258 28963 28988 D UE4     : [2018.10.30-15.44.28:258][  0]LogRHI: OpenGL MajorVersion = 2, MinorVersion = 0, ShaderPlatform = GLSL_ES2, FeatureLevel = ES2
10-30 15:44:28.258 28963 28988 D UE4     : [2018.10.30-15.44.28:258][  0]LogRHI: PLATFORM_ANDROID
10-30 15:44:28.259 28963 28988 D UE4     : [2018.10.30-15.44.28:258][  0]LogRHI: Texture pool is 1000 MB (of 0 MB total graphics mem)
10-30 15:44:28.259 28963 28988 D UE4     : [2018.10.30-15.44.28:259][  0]LogRHI: Display: Testing for shader compiler compatibility
10-30 15:44:28.259 28963 28988 D UE4     : [2018.10.30-15.44.28:259][  0]LogRHI: Display: Shaders compile fine no need to enable hacks
10-30 15:44:28.259 28963 28988 D UE4     : [2018.10.30-15.44.28:259][  0]LogRHI: Display: Testing for round() function availability
10-30 15:44:28.259 28963 28988 D UE4     : [2018.10.30-15.44.28:259][  0]LogRHI: Warning: Disabling the need for the round() function hack
10-30 15:44:28.259 28963 28988 D UE4     : [2018.10.30-15.44.28:259][  0]LogShaderLibrary: Display: Failed to load Shared Shader Library: Global and no native library supported.
10-30 15:44:28.259 28963 28988 D UE4     : [2018.10.30-15.44.28:259][  0]LogShaderLibrary: Display: Failed to load Shared Shader Library: Global_SC and no native library supported.
10-30 15:44:28.259 28963 28988 D UE4     : [2018.10.30-15.44.28:259][  0]LogShaderLibrary: Display: Failed to load Shared Shader Library: Paper2D and no native library supported.
10-30 15:44:28.259 28963 28988 D UE4     : [2018.10.30-15.44.28:259][  0]LogShaderLibrary: Display: Failed to load Shared Shader Library: Paper2D_SC and no native library supported.
10-30 15:44:28.259 28963 28988 D UE4     : [2018.10.30-15.44.28:259][  0]LogShaderLibrary: Display: Failed to load Shared Shader Library: Paper2D and no native library supported.
10-30 15:44:28.259 28963 28988 D UE4     : [2018.10.30-15.44.28:259][  0]LogShaderLibrary: Display: Failed to load Shared Shader Library: Paper2D_SC and no native library supported.
10-30 15:44:28.259 28963 28988 D UE4     : [2018.10.30-15.44.28:259][  0]LogShaderLibrary: Display: Failed to load Shared Shader Library: CryptoKeys and no native library supported.
10-30 15:44:28.259 28963 28988 D UE4     : [2018.10.30-15.44.28:259][  0]LogShaderLibrary: Display: Failed to load Shared Shader Library: CryptoKeys_SC and no native library supported.
10-30 15:44:28.260 28963 28988 D UE4     : [2018.10.30-15.44.28:260][  0]LogShaderLibrary: Display: Failed to load Shared Shader Library: CryptoKeys and no native library supported.
10-30 15:44:28.260 28963 28988 D UE4     : [2018.10.30-15.44.28:260][  0]LogShaderLibrary: Display: Failed to load Shared Shader Library: CryptoKeys_SC and no native library supported.
10-30 15:44:28.260 28963 28988 D UE4     : [2018.10.30-15.44.28:260][  0]LogShaderLibrary: Display: Failed to load Shared Shader Library: MeshEditor and no native library supported.
10-30 15:44:28.260 28963 28988 D UE4     : [2018.10.30-15.44.28:260][  0]LogShaderLibrary: Display: Failed to load Shared Shader Library: MeshEditor_SC and no native library supported.
10-30 15:44:28.260 28963 28988 D UE4     : [2018.10.30-15.44.28:260][  0]LogShaderLibrary: Display: Failed to load Shared Shader Library: MeshEditor and no native library supported.
10-30 15:44:28.260 28963 28988 D UE4     : [2018.10.30-15.44.28:260][  0]LogShaderLibrary: Display: Failed to load Shared Shader Library: MeshEditor_SC and no native library supported.
10-30 15:44:28.260 28963 28988 D UE4     : [2018.10.30-15.44.28:260][  0]LogShaderLibrary: Display: Failed to load Shared Shader Library: DatasmithContent and no native library supported.
10-30 15:44:28.260 28963 28988 D UE4     : [2018.10.30-15.44.28:260][  0]LogShaderLibrary: Display: Failed to load Shared Shader Library: DatasmithContent_SC and no native library supported.
10-30 15:44:28.260 28963 28988 D UE4     : [2018.10.30-15.44.28:260][  0]LogShaderLibrary: Display: Failed to load Shared Shader Library: DatasmithContent and no native library supported.
10-30 15:44:28.260 28963 28988 D UE4     : [2018.10.30-15.44.28:260][  0]LogShaderLibrary: Display: Failed to load Shared Shader Library: DatasmithContent_SC and no native library supported.
10-30 15:44:28.260 28963 28988 D UE4     : [2018.10.30-15.44.28:260][  0]LogShaderLibrary: Display: Failed to load Shared Shader Library: MediaCompositing and no native library supported.
10-30 15:44:28.260 28963 28988 D UE4     : [2018.10.30-15.44.28:260][  0]LogShaderLibrary: Display: Failed to load Shared Shader Library: MediaCompositing_SC and no native library supported.
10-30 15:44:28.261 28963 28988 D UE4     : [2018.10.30-15.44.28:260][  0]LogShaderLibrary: Display: Failed to load Shared Shader Library: MediaCompositing and no native library supported.
10-30 15:44:28.261 28963 28988 D UE4     : [2018.10.30-15.44.28:261][  0]LogShaderLibrary: Display: Failed to load Shared Shader Library: MediaCompositing_SC and no native library supported.
10-30 15:44:28.261 28963 28988 D UE4     : [2018.10.30-15.44.28:261][  0]LogShaderLibrary: Display: Failed to load Shared Shader Library: OculusVR and no native library supported.
10-30 15:44:28.261 28963 28988 D UE4     : [2018.10.30-15.44.28:261][  0]LogShaderLibrary: Display: Failed to load Shared Shader Library: OculusVR_SC and no native library supported.
10-30 15:44:28.261 28963 28988 D UE4     : [2018.10.30-15.44.28:261][  0]LogShaderLibrary: Display: Failed to load Shared Shader Library: OculusVR and no native library supported.
10-30 15:44:28.261 28963 28988 D UE4     : [2018.10.30-15.44.28:261][  0]LogShaderLibrary: Display: Failed to load Shared Shader Library: OculusVR_SC and no native library supported.
10-30 15:44:28.261 28963 28988 D UE4     : [2018.10.30-15.44.28:261][  0]LogShaderLibrary: Display: Failed to load Shared Shader Library: SteamVR and no native library supported.
10-30 15:44:28.261 28963 28988 D UE4     : [2018.10.30-15.44.28:261][  0]LogShaderLibrary: Display: Failed to load Shared Shader Library: SteamVR_SC and no native library supported.
10-30 15:44:28.261 28963 28988 D UE4     : [2018.10.30-15.44.28:261][  0]LogShaderLibrary: Display: Failed to load Shared Shader Library: SteamVR and no native library supported.
10-30 15:44:28.261 28963 28988 D UE4     : [2018.10.30-15.44.28:261][  0]LogShaderLibrary: Display: Failed to load Shared Shader Library: SteamVR_SC and no native library supported.
10-30 15:44:28.261 28963 28988 D UE4     : [2018.10.30-15.44.28:261][  0]LogRHI: Display: Failed to open default shader pipeline cache for FlaminGo using shader platform 8.
10-30 15:44:28.261 28963 28988 D UE4     : [2018.10.30-15.44.28:261][  0]LogRHI: Display: Failed to open default shader pipeline cache for FlaminGo using shader platform 8.
10-30 15:44:28.261 28963 28988 D UE4     : [2018.10.30-15.44.28:261][  0]LogMaterial: Verifying Global Shaders for GLSL_ES2
10-30 15:44:28.262 28963 28988 D UE4     : [2018.10.30-15.44.28:262][  0]LogSlate: Using FreeType 2.4.12
10-30 15:44:28.262 28963 28988 D UE4     : [2018.10.30-15.44.28:262][  0]LogSlate: SlateFontServices - WITH_FREETYPE: 1, WITH_HARFBUZZ: 1
10-30 15:44:28.262 28963 28988 D UE4     : [2018.10.30-15.44.28:262][  0]LogShaderLibrary: Display: Failed to load Shared Shader Library: FlaminGo and no native library supported.
10-30 15:44:28.262 28963 28988 D UE4     : [2018.10.30-15.44.28:262][  0]LogShaderLibrary: Display: Failed to load Shared Shader Library: FlaminGo_SC and no native library supported.
10-30 15:44:28.262 28963 28988 D UE4     : [2018.10.30-15.44.28:262][  0]LogRHI: Display: Failed to open default shader pipeline cache for FlaminGo using shader platform 8.
10-30 15:44:28.262 28963 28988 D UE4     : [2018.10.30-15.44.28:262][  0]LogShaderLibrary: Display: Failed to load Shared Shader Library: FlaminGo and no native library supported.
10-30 15:44:28.262 28963 28988 D UE4     : [2018.10.30-15.44.28:262][  0]LogShaderLibrary: Display: Failed to load Shared Shader Library: FlaminGo_SC and no native library supported.
10-30 15:44:28.262 28963 28988 D UE4     : [2018.10.30-15.44.28:262][  0]LogRHI: Display: Failed to open default shader pipeline cache for FlaminGo using shader platform 8.
10-30 15:44:28.262 28963 28988 D UE4     : [2018.10.30-15.44.28:262][  0]LogInit: Using OS detected language (en-GB).
10-30 15:44:28.262 28963 28988 D UE4     : [2018.10.30-15.44.28:262][  0]LogInit: Using OS detected locale (en-GB).
10-30 15:44:28.262 28963 28988 D UE4     : [2018.10.30-15.44.28:262][  0]LogTextLocalizationManager: No localization for 'en-GB' exists, so 'en' will be used for the language.
10-30 15:44:28.262 28963 28988 D UE4     : [2018.10.30-15.44.28:262][  0]LogTextLocalizationManager: No localization for 'en-GB' exists, so 'en' will be used for the locale.
10-30 15:44:28.262 28963 28988 D UE4     : [2018.10.30-15.44.28:262][  0]LogStreaming: Display: Took  0.064s to InitGameTextLocalization.
10-30 15:44:28.263 28963 28988 D UE4     : [2018.10.30-15.44.28:263][  0]LogAssetRegistry: FAssetRegistry took 0.0503 seconds to start up
10-30 15:44:28.263 28963 28988 D UE4     : [2018.10.30-15.44.28:263][  0]LogStreaming: Display: Flushing async loaders.
10-30 15:44:28.263 28963 28988 D UE4     : [2018.10.30-15.44.28:263][  0]LogPackageLocalizationCache: Processed 9 localized package path(s) for 1 prioritized culture(s) in 0.024559 seconds
10-30 15:44:28.263 28963 28988 D UE4     : [2018.10.30-15.44.28:263][  0]LogNetVersion: FlaminGo 1.0.0, NetCL: 4212847, EngineNetVer: 5, GameNetVer: 0 (Checksum: 4192027605)
10-30 15:44:28.263 28963 28988 D UE4     : [2018.10.30-15.44.28:263][  0]LogMoviePlayer: Initializing movie player
10-30 15:44:28.266 28963 29041 D TcpOptimizer: TcpOptimizer-ON
10-30 15:44:28.267 28963 28988 D UE4     : LogUdpMessaging: Warning: StartTransport failed to create multicast socket on 0.0.0.0:0, joined to 230.0.0.1:6666 with TTL 1
10-30 15:44:28.267 28963 28988 D UE4     : 
10-30 15:44:28.268  3790  3790 D PreBindingService: handleMessage : 1
10-30 15:44:28.309 28963 28988 D UE4     : LogAndroid: Display: Passed PreInit()
10-30 15:44:28.309 28963 28988 D UE4     : 
10-30 15:44:28.309 28963 28988 D UE4     : [2018.10.30-15.44.28:309][  0]LogTcpMessaging: Initializing TcpMessaging bridge, listening on 127.0.0.1:6666
10-30 15:44:28.309 28963 28988 D UE4     : [2018.10.30-15.44.28:309][  0]LogUdpMessaging: Initializing bridge on interface 0.0.0.0:0 to multicast group 230.0.0.1:6666.
10-30 15:44:28.309 28963 28988 D UE4     : [2018.10.30-15.44.28:309][  0]FUdpSocketBuilder: Failed to subscribe UdpMessageMulticastSocket to multicast group 230.0.0.1
10-30 15:44:28.309 28963 28988 D UE4     : [2018.10.30-15.44.28:309][  0]FUdpSocketBuilder: Failed to create and initialize socket UdpMessageMulticastSocket (last error: 55)
10-30 15:44:28.309 28963 28988 D UE4     : [2018.10.30-15.44.28:309][  0]LogUdpMessaging: Warning: StartTransport failed to create multicast socket on 0.0.0.0:0, joined to 230.0.0.1:6666 with TTL 1
10-30 15:44:28.310 28963 28988 D UE4     : [2018.10.30-15.44.28:310][  0]LogAndroidPermission: UAndroidPermissionCallbackProxy::GetInstance
10-30 15:44:28.310 28963 28988 D UE4     : [2018.10.30-15.44.28:310][  0]LogOcInput: OculusInput pre-init called
10-30 15:44:28.310 28963 28988 D UE4     : [2018.10.30-15.44.28:310][  0]LogUObjectArray: 33963 objects as part of root set at end of initial load.
10-30 15:44:28.310 28963 28988 D UE4     : [2018.10.30-15.44.28:310][  0]LogUObjectAllocator: 3763080 out of 0 bytes used by permanent object pool.
10-30 15:44:28.310 28963 28988 D UE4     : [2018.10.30-15.44.28:310][  0]LogUObjectArray: CloseDisregardForGC: 0/0 objects in disregard for GC pool
10-30 15:44:28.310 28963 28988 D UE4     : [2018.10.30-15.44.28:310][  0]LogAndroid: Display: Passed PreInit()
10-30 15:44:28.310 28963 28988 D UE4     : [2018.10.30-15.44.28:310][  0]LogEngine: Initializing Engine...
10-30 15:44:28.317 28963 28988 D UE4     : [2018.10.30-15.44.28:317][  0]LogStats: UGameplayTagsManager::ConstructGameplayTagTree: ImportINI prefixes -  0.000 s
10-30 15:44:28.317 28963 28988 D UE4     : [2018.10.30-15.44.28:317][  0]LogStats: UGameplayTagsManager::ConstructGameplayTagTree: Construct from data asset -  0.000 s
10-30 15:44:28.318 28963 28988 D UE4     : [2018.10.30-15.44.28:318][  0]LogStats: UGameplayTagsManager::ConstructGameplayTagTree: ImportINI -  0.000 s
10-30 15:44:28.318 28963 28988 D UE4     : [2018.10.30-15.44.28:318][  0]LogStats: UGameplayTagsManager::ConstructGameplayTagTree: GameplayTagTreeChangedEvent.Broadcast -  0.000 s
10-30 15:44:28.330  3790  3790 D PreBindingService: handleMessage : 1
10-30 15:44:28.374 28963 28988 D UE4     : [2018.10.30-15.44.28:374][  0]LogInit: Initializing FReadOnlyCVARCache
10-30 15:44:28.374 28963 28988 D UE4     : LogAndroidAudio: Warning: SL Entered Init HW
10-30 15:44:28.374 28963 28988 D UE4     : 
10-30 15:44:28.374 28963 28988 D UE4     : [2018.10.30-15.44.28:374][  0]LogAndroidAudio: Warning: SL Entered Init HW
10-30 15:44:28.374 28963 28988 D UE4     : LogAndroidAudio: Warning: OpenSLES Initializing HW
10-30 15:44:28.374 28963 28988 D UE4     : 
10-30 15:44:28.374 28963 28988 D UE4     : [2018.10.30-15.44.28:374][  0]LogAndroidAudio: Warning: OpenSLES Initializing HW
10-30 15:44:28.376 28963 28988 D UE4     : LogAndroidAudio: Warning: OpenSLES Initialized
10-30 15:44:28.376 28963 28988 D UE4     : 
10-30 15:44:28.376 28963 28988 D UE4     : [2018.10.30-15.44.28:376][  0]LogAndroidAudio: Warning: OpenSLES Initialized
10-30 15:44:28.376 28963 28988 D UE4     : LogAndroidAudio: Warning: OpenSLAudioDevice: Allocated 12 sources
10-30 15:44:28.376 28963 28988 D UE4     : 
10-30 15:44:28.376 28963 28988 D UE4     : [2018.10.30-15.44.28:376][  0]LogAndroidAudio: Warning: OpenSLAudioDevice: Allocated 12 sources
10-30 15:44:28.376 28963 28988 D UE4     : [2018.10.30-15.44.28:376][  0]LogInit: FAudioDevice initialized.
10-30 15:44:28.377 28963 28988 D UE4     : LogAudio: Warning: Can't increase channels past starting number!
10-30 15:44:28.377 28963 28988 D UE4     : 
10-30 15:44:28.377 28963 28988 D UE4     : [2018.10.30-15.44.28:377][  0]LogAudio: Warning: Can't increase channels past starting number!
10-30 15:44:28.378 28963 28988 D UE4     : [2018.10.30-15.44.28:378][  0]LogNetVersion: Set ProjectVersion to 1.0.0.0. Version Checksum will be recalculated on next use.
10-30 15:44:28.378 28963 28988 D UE4     : [2018.10.30-15.44.28:378][  0]LogInit: Texture streaming: Enabled
10-30 15:44:28.379 28963 28988 D UE4     : LogAudio: Warning: Can't increase channels past starting number!
10-30 15:44:28.379 28963 28988 D UE4     : 
10-30 15:44:28.379 28963 28988 D UE4     : [2018.10.30-15.44.28:379][  0]LogAudio: Warning: Can't increase channels past starting number!
10-30 15:44:28.385 28963 28988 D UE4     : [2018.10.30-15.44.28:385][  0]LogSlate: Updating window title bar state: overlay mode, drag disabled, window buttons hidden, title bar hidden
10-30 15:44:28.385 25221 25221 E adbd    : recv: OPEN 00001caa 00000000 000c:73 68 65 6C 6C 2C 76 32 3A 70 73 00 
10-30 15:44:28.386 28963 28988 D UE4     : LogInit: Display: Game Engine Initialized.
10-30 15:44:28.386 28963 28988 D UE4     : 
10-30 15:44:28.386 28963 28988 D UE4     : [2018.10.30-15.44.28:386][  0]LogInit: Display: Game Engine Initialized.
10-30 15:44:28.386 25221 25221 E adbd    : service_to_fd: shell,v2:ps
10-30 15:44:28.386 28963 28988 D UE4     : LogGameplayTags: Display: UGameplayTagsManager::DoneAddingNativeTags. DelegateIsBound: 0
10-30 15:44:28.386 28963 28988 D UE4     : 
10-30 15:44:28.386 28963 28988 D UE4     : [2018.10.30-15.44.28:386][  0]LogGameplayTags: Display: UGameplayTagsManager::DoneAddingNativeTags. DelegateIsBound: 0
10-30 15:44:28.386 28963 28988 D UE4     : [2018.10.30-15.44.28:386][  0]LogStats: UGameplayTagsManager::ConstructGameplayTagTree: ImportINI prefixes -  0.000 s
10-30 15:44:28.386 28963 28988 D UE4     : [2018.10.30-15.44.28:386][  0]LogStats: UGameplayTagsManager::ConstructGameplayTagTree: Construct from data asset -  0.000 s
10-30 15:44:28.387 28963 28988 D UE4     : [2018.10.30-15.44.28:387][  0]LogStats: UGameplayTagsManager::ConstructGameplayTagTree: ImportINI -  0.000 s
10-30 15:44:28.387 28963 28988 D UE4     : [2018.10.30-15.44.28:387][  0]LogStats: UGameplayTagsManager::ConstructGameplayTagTree: GameplayTagTreeChangedEvent.Broadcast -  0.000 s
10-30 15:44:28.405  4209  4507 D NetworkController.MobileSignalController(0/-2): onSignalStrengthsChanged signalStrength=SignalStrength: 21 99 -21 -200 -21 -200 -1 99 2147483647 2147483647 2147483647 2147483647 0 2147483647 0x4 P gsm|lte level=4
10-30 15:44:28.405  4209  4507 D NetworkController.MobileSignalController(0/-2): getMobileIconGroup(): 0
10-30 15:44:28.438 28963 28988 D UE4     : LogInit: Display: Starting Game.
10-30 15:44:28.438 28963 28988 D UE4     : 
10-30 15:44:28.438 28963 28988 D UE4     : [2018.10.30-15.44.28:438][  0]LogInit: Display: Starting Game.
10-30 15:44:28.438 28963 28988 D UE4     : [2018.10.30-15.44.28:438][  0]LogNet: Browse: /Game/ThirdPersonBP/Maps/FirstMap?Name=Player
10-30 15:44:28.439 28963 28988 D UE4     : [2018.10.30-15.44.28:439][  0]LogLoad: LoadMap: /Game/ThirdPersonBP/Maps/FirstMap?Name=Player
10-30 15:44:28.737 28963 28988 D UE4     : [2018.10.30-15.44.28:737][  0]LogAIModule: Creating AISystem for world FirstMap
10-30 15:44:28.738 28963 28988 D UE4     : [2018.10.30-15.44.28:738][  0]LogLoad: Game class is 'ThirdPersonGameMode_C'
10-30 15:44:28.743 28963 28988 D UE4     : [2018.10.30-15.44.28:742][  0]LogWorld: Bringing World /Game/ThirdPersonBP/Maps/FirstMap.FirstMap up for play (max tick rate 0) at 2018.10.30-15.44.28
10-30 15:44:28.744 28963 28988 D UE4     : [2018.10.30-15.44.28:744][  0]LogWorld: Bringing up level for play took: 0.003145
10-30 15:44:28.744 28963 28988 D UE4     : LogOnline: Warning: FOnlineSubsystemGooglePlayModule was disabled
10-30 15:44:28.744 28963 28988 D UE4     : 
10-30 15:44:28.744 28963 28988 D UE4     : [2018.10.30-15.44.28:744][  0]LogOnline: Warning: FOnlineSubsystemGooglePlayModule was disabled
10-30 15:44:28.753 28963 28988 D UE4     : LogUMG: Display: Widget Class RunnerHud_C - Loaded Fast Template.
10-30 15:44:28.753 28963 28988 D UE4     : 
10-30 15:44:28.753 28963 28988 D UE4     : [2018.10.30-15.44.28:753][  0]LogUMG: Display: Widget Class RunnerHud_C - Loaded Fast Template.
10-30 15:44:28.755 25221 25221 E adbd    : recv: OPEN 00001cab 00000000 0009:74 63 70 3A 36 36 36 36 00 
10-30 15:44:28.756 25221 25221 E adbd    : service_to_fd: tcp:6666
10-30 15:44:28.758 28963 28988 D UE4     : [2018.10.30-15.44.28:758][  0]LogBlueprintUserMessages: [ThirdPersonGameMode_C_0] 0
10-30 15:44:28.759  3413  3642 D DnsProxyListener: DNSDBG::dns addrinfo af 0
10-30 15:44:28.760 28963 28988 D UE4     : [2018.10.30-15.44.28:760][  0]LogBlueprintUserMessages: [ThirdPersonGameMode_C_0] 0
10-30 15:44:28.762 28963 28988 D UE4     : [2018.10.30-15.44.28:762][  0]LogBlueprintUserMessages: [ThirdPersonGameMode_C_0] 0
10-30 15:44:28.765 28963 28988 D UE4     : [2018.10.30-15.44.28:765][  0]LogBlueprintUserMessages: [ThirdPersonGameMode_C_0] 0
10-30 15:44:28.768 28963 28988 D UE4     : [2018.10.30-15.44.28:768][  0]LogBlueprintUserMessages: [ThirdPersonGameMode_C_0] 0
10-30 15:44:28.770 28963 28988 D UE4     : [2018.10.30-15.44.28:770][  0]LogBlueprintUserMessages: [ThirdPersonGameMode_C_0] 0
10-30 15:44:28.772 28963 28988 D UE4     : [2018.10.30-15.44.28:772][  0]LogBlueprintUserMessages: [ThirdPersonGameMode_C_0] 0
10-30 15:44:28.778 28963 28988 D UE4     : [2018.10.30-15.44.28:778][  0]LogBlueprintUserMessages: [ThirdPersonGameMode_C_0] 0
10-30 15:44:28.783 28963 28988 D UE4     : [2018.10.30-15.44.28:783][  0]LogBlueprintUserMessages: [ThirdPersonGameMode_C_0] 0
10-30 15:44:28.784  3790  3790 D PreBindingService: handleMessage : 1
10-30 15:44:28.787 28963 28988 D UE4     : [2018.10.30-15.44.28:787][  0]LogBlueprintUserMessages: [ThirdPersonGameMode_C_0] 0
10-30 15:44:28.793 28963 28988 D UE4     : [2018.10.30-15.44.28:793][  0]LogBlueprintUserMessages: [ThirdPersonGameMode_C_0] 0
10-30 15:44:28.795 28963 28988 D UE4     : [2018.10.30-15.44.28:795][  0]LogBlueprintUserMessages: [ThirdPersonGameMode_C_0] 0
10-30 15:44:28.795  3790  3790 D PreBindingService: handleMessage : 1
10-30 15:44:28.797 28963 28988 D UE4     : [2018.10.30-15.44.28:797][  0]LogBlueprintUserMessages: [ThirdPersonGameMode_C_0] 0
10-30 15:44:28.801 28963 28988 D UE4     : [2018.10.30-15.44.28:801][  0]LogBlueprintUserMessages: [ThirdPersonGameMode_C_0] 0
10-30 15:44:28.806 28963 28988 D UE4     : [2018.10.30-15.44.28:806][  0]LogBlueprintUserMessages: [ThirdPersonGameMode_C_0] 0
10-30 15:44:28.809  3790  3815 I zygote64: Explicit concurrent copying GC freed 130927(7MB) AllocSpace objects, 98(1988KB) LOS objects, 35% free, 44MB/68MB, paused 678us total 389.206ms
10-30 15:44:28.811 28963 28988 D UE4     : [2018.10.30-15.44.28:811][  0]LogBlueprintUserMessages: [ThirdPersonGameMode_C_0] 0
10-30 15:44:28.815 28963 28988 D UE4     : [2018.10.30-15.44.28:815][  0]LogBlueprintUserMessages: [ThirdPersonGameMode_C_0] 0
10-30 15:44:28.819  3790  4308 E Watchdog: !@Sync 6441 [2018-10-30 15:44:28.818]
10-30 15:44:28.819 28963 28988 D UE4     : [2018.10.30-15.44.28:819][  0]LogBlueprintUserMessages: [ThirdPersonGameMode_C_0] 0
10-30 15:44:28.822 28963 28988 D UE4     : [2018.10.30-15.44.28:822][  0]LogBlueprintUserMessages: [ThirdPersonGameMode_C_0] 0
10-30 15:44:28.826 28963 28988 D UE4     : [2018.10.30-15.44.28:826][  0]LogBlueprintUserMessages: [ThirdPersonGameMode_C_0] 0
10-30 15:44:28.830 28963 28988 D UE4     : [2018.10.30-15.44.28:830][  0]LogBlueprintUserMessages: [ThirdPersonGameMode_C_0] 0
10-30 15:44:28.833 28963 28988 D UE4     : [2018.10.30-15.44.28:833][  0]LogBlueprintUserMessages: [ThirdPersonGameMode_C_0] 0
10-30 15:44:28.837 28963 28988 D UE4     : [2018.10.30-15.44.28:837][  0]LogBlueprintUserMessages: [ThirdPersonGameMode_C_0] 0
10-30 15:44:28.841 28963 28988 D UE4     : [2018.10.30-15.44.28:841][  0]LogBlueprintUserMessages: [ThirdPersonGameMode_C_0] 0
10-30 15:44:28.844 28963 28988 D UE4     : [2018.10.30-15.44.28:844][  0]LogBlueprintUserMessages: [ThirdPersonGameMode_C_0] 0
10-30 15:44:28.845 28963 28988 D UE4     : [2018.10.30-15.44.28:845][  0]LogLoad: Took 0.406342 seconds to LoadMap(/Game/ThirdPersonBP/Maps/FirstMap)
10-30 15:44:28.847 28963 28988 D UE4     : [2018.10.30-15.44.28:847][  0]LogSlate: Took 0.000537 seconds to synchronously load lazily loaded font '../../../Engine/Content/EngineFonts/Faces/RobotoBold.ufont' (160K)
10-30 15:44:28.850 28963 29039 D UE4     : *** JavaEnvDestructor: 29039
10-30 15:44:28.850 28963 29037 D UE4     : AndroidEGL::ResetDisplay()
10-30 15:44:28.850 28963 29037 D UE4     : *** JavaEnvDestructor: 29037
10-30 15:44:28.855 28963 28988 D UE4     : [2018.10.30-15.44.28:855][  0]LogSlate: Took 0.000306 seconds to synchronously load lazily loaded font '../../../Engine/Content/EngineFonts/Faces/RobotoRegular.ufont' (155K)
10-30 15:44:28.857 28963 28988 D UE4     : [2018.10.30-15.44.28:857][  0]LogAndroid: Passed GEngineLoop.Init()
10-30 15:44:28.857 28963 28988 D UE4     : LogModuleManager: Warning: ModuleManager: Module 'FunctionalTesting' not found - its StaticallyLinkedModuleInitializers function is null.
10-30 15:44:28.857 28963 28988 D UE4     : 
10-30 15:44:28.858 28963 28988 D UE4     : [2018.10.30-15.44.28:857][  0]LogModuleManager: Warning: ModuleManager: Module 'FunctionalTesting' not found - its StaticallyLinkedModuleInitializers function is null.
10-30 15:44:28.860 28963 28988 D UE4     : LogAndroidEvents: Display: DequeueAppEvent : 9, 0
10-30 15:44:28.860 28963 28988 D UE4     : 
10-30 15:44:28.860 28963 28988 D UE4     : [2018.10.30-15.44.28:860][  0]LogAndroidEvents: Display: DequeueAppEvent : 9, 0
10-30 15:44:28.860 28963 28988 D UE4     : LogAndroidEvents: Display: DequeueAppEvent : 7, 0
10-30 15:44:28.860 28963 28988 D UE4     : 
10-30 15:44:28.860 28963 28988 D UE4     : [2018.10.30-15.44.28:860][  0]LogAndroidEvents: Display: DequeueAppEvent : 7, 0
10-30 15:44:28.860 28963 28988 D UE4     : LogAndroidEvents: Display: DequeueAppEvent : 0, 3171696648
10-30 15:44:28.860 28963 28988 D UE4     : 
10-30 15:44:28.860 28963 28988 D UE4     : [2018.10.30-15.44.28:860][  0]LogAndroidEvents: Display: DequeueAppEvent : 0, 3171696648
10-30 15:44:28.860 28963 28988 D UE4     : APP_EVENT_STATE_WINDOW_CREATED, 0, 0, 1
10-30 15:44:28.860 28963 28988 D UE4     : LogAndroidEvents: Display: ExecWindowCreated
10-30 15:44:28.860 28963 28988 D UE4     : 
10-30 15:44:28.860 28963 28988 D UE4     : [2018.10.30-15.44.28:860][  0]LogAndroidEvents: Display: ExecWindowCreated
10-30 15:44:28.860 28963 28988 D UE4     : AndroidEGL::ReInitWindow()
10-30 15:44:28.860 28963 28988 D UE4     : AndroidEGL::ReInit()
10-30 15:44:28.860 28963 28988 D UE4     : AndroidEGL::ResetDisplay()
10-30 15:44:28.863 28963 28988 D UE4     : AndroidEGL::InitSurface 0, 1
10-30 15:44:28.863 28963 28988 D UE4     : AndroidEGL::CreateEGLSurface() Already initialized: 0xbc6be4e0
10-30 15:44:28.863 28963 28988 D UE4     : ExecWindowCreated, 0, 1, 1
10-30 15:44:28.863 28963 28988 D UE4     : [2018.10.30-15.44.28:863][  0]LogRenderer: Reallocating scene render targets to support 1392x720 Format 10 NumSamples 1 (Frame:1).
10-30 15:44:28.863 28963 28988 D UE4     : [2018.10.30-15.44.28:863][  0]LogTemp: Android resume audio
10-30 15:44:28.863 28963 28990 D OpenGLRenderer: eglDestroySurface = 0xc6118890
10-30 15:44:28.864 28963 28963 D ViewRootImpl@4e28dab[GameActivity]: dispatchDetachedFromWindow
10-30 15:44:28.864 28963 28963 D InputEventReceiver: channel '4922101 com.YourCompany.FlaminGo/com.epicgames.ue4.GameActivity (client)' ~ Disposing input event receiver.
10-30 15:44:28.864 28963 28963 D InputEventReceiver: channel '4922101 com.YourCompany.FlaminGo/com.epicgames.ue4.GameActivity (client)' ~NativeInputEventReceiver.
10-30 15:44:28.865  3790 10183 I WindowManager: Destroying surface Surface(name=com.YourCompany.FlaminGo/com.epicgames.ue4.GameActivity) called by com.android.server.wm.WindowStateAnimator.destroySurface:2465 com.android.server.wm.WindowStateAnimator.destroySurfaceLocked:967 com.android.server.wm.WindowState.removeImmediately:2396 com.android.server.wm.WindowState.removeIfPossible:2594 com.android.server.wm.WindowState.removeIfPossible:2434 com.android.server.wm.WindowManagerService.removeWindow:2018 com.android.server.wm.Session.remove:233 android.view.IWindowSession$Stub.onTransact:242 
10-30 15:44:28.866  3250  4684 I SurfaceFlinger: id=741 Removed com.YourCompany.FlaminGo/com.epicgames.ue4.GameActivity#0 (2/6)
10-30 15:44:28.867 28963 28988 D UE4     : Registering volume receiver
10-30 15:44:28.868  3250  4684 I SurfaceFlinger: id=741 Removed com.YourCompany.FlaminGo/com.epicgames.ue4.GameActivity#0 (-2/6)
10-30 15:44:28.870  3790  5046 D AudioService: GetAppDevice, uid=10222
10-30 15:44:28.871  3250  3250 I Layer   : id=741 onRemoved com.YourCompany.FlaminGo/com.epicgames.ue4.GameActivity#0 
10-30 15:44:28.875  3790  5046 D AudioService: getStreamVolume 3 index 130
10-30 15:44:28.875 28963 28988 D UE4     : startVolumeReceiver: 13
10-30 15:44:28.875 28963 28988 D UE4     : nativeVolumeEvent(13)
10-30 15:44:28.876 28963 28988 D UE4     : Registering battery receiver
10-30 15:44:28.876  3250  3250 D SurfaceFlinger:   Display[0] configurations (* current):
10-30 15:44:28.876  3250  3250 D SurfaceFlinger:     * 0: 1440x2960, xdpi=522.513977, ydpi=525.762024, refresh=16666666
10-30 15:44:28.876  3250  3250 D SurfaceFlinger:   numHwLayers=4, flags=00000000
10-30 15:44:28.876  3250  3250 D SurfaceFlinger:     type   |  handle  | hint | flag | tr | blnd |   format    |     source crop (l,t,r,b)      |          frame         | name 
10-30 15:44:28.876  3250  3250 D SurfaceFlinger: -----------+----------+------+------+----+------+-------------+--------------------------------+------------------------+------
10-30 15:44:28.876  3250  3250 D SurfaceFlinger:        HWC | 00000000 | 0000 | 0220 | 04 | 0105 | ? ffffffff  |    0.0,    0.0,   -1.0,   -1.0 |    0,    0, 1080, 2094 | Background for - SurfaceView - com.YourCompany.FlaminGo/com.epicgames.ue4.GameActivity@4deb857@0#0
10-30 15:44:28.876  3250  3250 D SurfaceFlinger:        HWC | 7239a58560 | 0000 | 0000 | 00 | 0105 | RGBA_8888   |    0.0,    0.0, 1080.0, 2094.0 |    0,    0, 1080, 2094 | com.YourCompany.FlaminGo/com.epicgames.ue4.GameActivity#1
10-30 15:44:28.876  3250  3250 D SurfaceFlinger:        HWC | 72396387e0 | 0000 | 0000 | 00 | 0105 | RGBA_8888   |    0.0,    0.0, 1080.0,  126.0 |    0, 2094, 1080, 2220 | NavigationBar#0
10-30 15:44:28.876  3250  3250 D SurfaceFlinger:  FB TARGET | 7239a558c0 | 0000 | 0000 | 00 | 0105 | RGBA_8888   |    0.0,    0.0
10-30 15:44:28.876  3250  3250 D SurfaceFlinger: , 1440.0, 2960.0 |    0,    0, 1440, 2960 | HWC_FRAMEBUFFER_TARGET
10-30 15:44:28.878 28963 28988 D UE4     : Registering headset receiver
10-30 15:44:28.880 28963 28988 D UE4     : startHeadsetReceiver: 0
10-30 15:44:28.880 28963 28988 D UE4     : nativeHeadsetEvent(0)
10-30 15:44:28.886 28963 28963 D UE4     : Battery: status = 2, rawlevel = 95, scale = 100
10-30 15:44:28.886 28963 28963 D UE4     : nativeBatteryEvent(stat = 2, lvl = 95  temp = 29.50 C)
10-30 15:44:28.980 28963 28988 D UE4     : [2018.10.30-15.44.28:980][  0]LogUdpMessaging: Initializing bridge on interface 0.0.0.0:0 to multicast group 230.0.0.1:6666.
10-30 15:44:28.980 28963 28988 D UE4     : [2018.10.30-15.44.28:980][  0]FUdpSocketBuilder: Failed to subscribe UdpMessageMulticastSocket to multicast group 230.0.0.1
10-30 15:44:28.980 28963 28988 D UE4     : [2018.10.30-15.44.28:980][  0]FUdpSocketBuilder: Failed to create and initialize socket UdpMessageMulticastSocket (last error: 55)
10-30 15:44:28.980 28963 28988 D UE4     : LogUdpMessaging: Warning: StartTransport failed to create multicast socket on 0.0.0.0:0, joined to 230.0.0.1:6666 with TTL 1
10-30 15:44:28.980 28963 28988 D UE4     : 
10-30 15:44:28.980 28963 28988 D UE4     : [2018.10.30-15.44.28:980][  0]LogUdpMessaging: Warning: StartTransport failed to create multicast socket on 0.0.0.0:0, joined to 230.0.0.1:6666 with TTL 1
10-30 15:44:29.267 28963 29040 D UE4     : *** JavaEnvDestructor: 29040
10-30 15:44:29.627 25221 25221 E adbd    : recv: OPEN 00001caf 00000000 000c:73 68 65 6C 6C 2C 76 32 3A 70 73 00 
10-30 15:44:29.627 25221 25221 E adbd    : service_to_fd: shell,v2:ps
10-30 15:44:29.768 28963 29041 D UE4     : *** JavaEnvDestructor: 29041
10-30 15:44:29.870 28963 28988 D UE4     : [2018.10.30-15.44.29:870][  0]LogTcpMessaging: Initializing TcpMessaging bridge, listening on 127.0.0.1:6666
10-30 15:44:29.882 28963 28988 D UE4     : Execution has been resumed!
10-30 15:44:29.883 28963 28988 D UE4     : LogAndroidEvents: Display: DequeueAppEvent : 6, 0
10-30 15:44:29.883 28963 28988 D UE4     : 
10-30 15:44:29.884 28963 28988 D UE4     : [2018.10.30-15.44.29:883][  0]LogAndroidEvents: Display: DequeueAppEvent : 6, 0
10-30 15:44:30.454  4918  4918 D io_stats: !@   8,0 r 423876 19749072 w 689614 17069660 d 60066 58621408 f 828778 864070 iot 2137048 457226 th 307200 0 0 pt 0 inp 0 0 193317.259
10-30 15:44:30.787  3790  3814 W StorageManager: getStorageFullBytes DEFAULT_FULL_THRESHOLD_BYTES : 20971520, threadhold : 20971520
10-30 15:44:30.788  3790  3814 W StorageManager: getStorageLowBytes lowPercent : 5, lowBytes : 2898018304, maxLowBytes : 524288000
10-30 15:44:30.792  3790  3814 W DeviceStorageMonitorService: updateBroadcasts(/data) oldLevel:0, newLevel:0, seq:1
10-30 15:44:30.793  3790  3814 W DeviceStorageMonitorService: updateBroadcasts_filenode(/data) fn_oldLevel:0, fn_newLevel:0, seq:1
10-30 15:44:30.875 28963 29063 D UE4     : *** JavaEnvDestructor: 29063
10-30 15:44:30.883 28963 29064 D UE4     : *** JavaEnvDestructor: 29064
10-30 15:44:30.890 25221 25221 E adbd    : recv: OPEN 00001cb3 00000000 000c:73 68 65 6C 6C 2C 76 32 3A 70 73 00 
10-30 15:44:30.891 25221 25221 E adbd    : service_to_fd: shell,v2:ps
10-30 15:44:30.985 28963 28988 D UE4     : Unregistering volume receiver
10-30 15:44:30.986 28963 28988 D UE4     : Unregistering battery receiver
10-30 15:44:30.988 28963 28988 D UE4     : Unregistering headset receiver
10-30 15:44:30.990 28963 29059 D UE4     : *** JavaEnvDestructor: 29059
10-30 15:44:30.991 28963 29058 D UE4     : AndroidEGL::ResetDisplay()
10-30 15:44:30.992 28963 29058 D UE4     : *** JavaEnvDestructor: 29058
10-30 15:44:30.993 28963 28988 D UE4     : [2018.10.30-15.44.30:993][  0]LogTemp: Android pause audio
10-30 15:44:30.994 28963 28988 D UE4     : Execution has been paused...
10-30 15:44:30.994 28963 28988 D UE4     : LogAndroidEvents: Display: DequeueAppEvent : 11, 0
10-30 15:44:30.994 28963 28988 D UE4     : 
10-30 15:44:30.994 28963 28988 D UE4     : [2018.10.30-15.44.30:994][  0]LogAndroidEvents: Display: DequeueAppEvent : 11, 0
10-30 15:44:30.994 28963 28988 D UE4     : LogAndroidEvents: Display: DequeueAppEvent : 10, 0
10-30 15:44:30.994 28963 28988 D UE4     : 
10-30 15:44:30.994 28963 28988 D UE4     : [2018.10.30-15.44.30:994][  0]LogAndroidEvents: Display: DequeueAppEvent : 10, 0
10-30 15:44:30.995 28963 28988 D UE4     : LogAndroidEvents: Display: DequeueAppEvent : 11, 0
10-30 15:44:30.995 28963 28988 D UE4     : 
10-30 15:44:30.995 28963 28988 D UE4     : [2018.10.30-15.44.30:995][  0]LogAndroidEvents: Display: DequeueAppEvent : 11, 0
10-30 15:44:30.995 28963 28988 D UE4     : LogAndroidEvents: Display: DequeueAppEvent : 7, 0
10-30 15:44:30.995 28963 28988 D UE4     : 
10-30 15:44:30.995 28963 28988 D UE4     : [2018.10.30-15.44.30:995][  0]LogAndroidEvents: Display: DequeueAppEvent : 7, 0
10-30 15:44:31.004 28963 28988 D UE4     : [2018.10.30-15.44.31:004][  0]LogTemp: Android resume audio
10-30 15:44:31.004 28963 28988 D UE4     : Registering volume receiver
10-30 15:44:31.007  3790 10183 D AudioService: GetAppDevice, uid=10222
10-30 15:44:31.007  3790 10183 D AudioService: getStreamVolume 3 index 130
10-30 15:44:31.008 28963 28988 D UE4     : startVolumeReceiver: 13
10-30 15:44:31.008 28963 28988 D UE4     : nativeVolumeEvent(13)
10-30 15:44:31.008 28963 28988 D UE4     : Registering battery receiver
10-30 15:44:31.011 28963 28988 D UE4     : Registering headset receiver
10-30 15:44:31.014 28963 28988 D UE4     : startHeadsetReceiver: 0
10-30 15:44:31.014 28963 28988 D UE4     : nativeHeadsetEvent(0)
10-30 15:44:31.014 28963 28988 D UE4     : [2018.10.30-15.44.31:014][  0]LogUdpMessaging: Initializing bridge on interface 0.0.0.0:0 to multicast group 230.0.0.1:6666.
10-30 15:44:31.015 28963 28988 D UE4     : [2018.10.30-15.44.31:015][  0]FUdpSocketBuilder: Failed to subscribe UdpMessageMulticastSocket to multicast group 230.0.0.1
10-30 15:44:31.015 28963 28988 D UE4     : [2018.10.30-15.44.31:015][  0]FUdpSocketBuilder: Failed to create and initialize socket UdpMessageMulticastSocket (last error: 55)
10-30 15:44:31.015 28963 28988 D UE4     : LogUdpMessaging: Warning: StartTransport failed to create multicast socket on 0.0.0.0:0, joined to 230.0.0.1:6666 with TTL 1
10-30 15:44:31.016 28963 28988 D UE4     : 
10-30 15:44:31.016 28963 28988 D UE4     : [2018.10.30-15.44.31:016][  0]LogUdpMessaging: Warning: StartTransport failed to create multicast socket on 0.0.0.0:0, joined to 230.0.0.1:6666 with TTL 1
10-30 15:44:31.016 28963 28988 D UE4     : [2018.10.30-15.44.31:016][  0]LogTcpMessaging: Initializing TcpMessaging bridge, listening on 127.0.0.1:6666
10-30 15:44:31.020 28963 28988 D UE4     : Execution has been resumed!
10-30 15:44:31.077 28963 29067 I         : Increase max job count 60
10-30 15:44:31.231  3790  5046 D BatteryService: !@BatteryListener : batteryPropertiesChanged!
10-30 15:44:31.232  3790  5046 D BatteryService: level:95, scale:100, status:2, health:2, present:true, voltage: 4254, temperature: 295, technology: Li-ion, AC powered:false, USB powered:true, POGO powered:false, Wireless powered:false, icon:17303841, invalid charger:0, maxChargingCurrent:0, maxChargingVoltage:0, chargeCounter:3295000
10-30 15:44:31.232  3790  5046 D BatteryService: online:4, current avg:257, charge type:1, power sharing:false, high voltage charger:false, capacity:280000, batterySWSelfDischarging:false, misc_event:0, current_event:0, current_now:205
10-30 15:44:31.232  3790  3790 D BatteryService: Sending ACTION_BATTERY_CHANGED.
10-30 15:44:31.235  3790  3790 I MotionRecognitionService: Plugged
10-30 15:44:31.235  3790  3790 D MotionRecognitionService:   mCableConnection= 1
