11-04 21:09:27.608 17936 17936 D AOD_CONFIG@AODConfigurationController: onFlipFontChanged - flipFont : 0
11-04 21:09:27.608 18503 18597 D mali_winsys: EGLint new_window_surface(egl_winsys_display *, void *, EGLSurface, EGLConfig, egl_winsys_surface **, egl_color_buffer_format *, EGLBoolean) returns 0x3000,  [566x63]-format:1
11-04 21:09:27.609 18503 18597 D OpenGLRenderer: eglCreateWindowSurface = 0xef2de588
11-04 21:09:27.609  4189  4189 D ViewRootImpl@6769103[InputMethod]: Relayout returned: old=[0,819][1080,2220] new=[0,819][1080,2220] result=0x1 surface={valid=false 0} changed=false
11-04 21:09:27.609  4211  4211 D ViewRootImpl@fd0d547[DividerButtonsGroup]: setView = com.android.systemui.stackdivider.DividerButtonsGroup{8d0a174 I.E...... ......I. 0,0-0,0} TM=true MM=false
11-04 21:09:27.610  4211  4211 D ViewRootImpl@99336fc[NavBarTouchConsumer]: MSG_RESIZED_REPORT: frame=Rect(1108, 1076 - 1112, 1080) ci=Rect(0, 0 - 0, 0) vi=Rect(0, 0 - 0, 0) or=2
11-04 21:09:27.611  4211  4211 D ViewRootImpl@f2e5c0f[StatusBar]: MSG_RESIZED_REPORT: frame=Rect(0, 0 - 2220, 63) ci=Rect(0, 0 - 126, 0) vi=Rect(0, 0 - 126, 0) or=2
11-04 21:09:27.612  4211  4211 D MetadataParser: onConfigurationChanged()
11-04 21:09:27.612  4211  4211 I MetadataParser: updateMetadataInfo() key = com.sec.android.daemonapp, bInfo = MetadataInfo[pkgName=com.sec.android.daemonapp, dbKey=add_info_com_sec_android_daemonapp, titleRes = 2131100116, title=null], mInfo = MetadataInfo[pkgName=com.sec.android.daemonapp, dbKey=add_info_com_sec_android_daemonapp, titleRes = 2131100116, title=null]
11-04 21:09:27.615  3783 14455 D SecContentProvider: query(), uri = 17 selection = isSettingsChangesAllowed
11-04 21:09:27.616  3783 14455 D SecContentProvider: called from android.uid.systemui:10005
11-04 21:09:27.616  3783  4589 V WindowManager: finishDrawingLocked: mDrawState=COMMIT_DRAW_PENDING Window{a934193 u0 com.samsung.android.spay.simple.SimpleIntroHintService} in Surface(name=com.samsung.android.spay.simple.SimpleIntroHintService)
11-04 21:09:27.617  3783 14455 D SecContentProvider: query(), uri = 17 selection = isSettingsChangesAllowed
11-04 21:09:27.617  3783 14455 D SecContentProvider: called from android.uid.systemui:10005
11-04 21:09:27.619 18503 18503 I SAMSUNGPAY: [ServiceTypeTable] isSupportOperator : BTU, GB
11-04 21:09:27.620 18503 18503 D SAMSUNGPAY: [ServiceTypeTable] Upgrade - ServiceTypeTable - entryFromCountryIso - index is : 37, iso : GB
11-04 21:09:27.621  3783 14455 D SecContentProvider: query(), uri = 17 selection = isSettingsChangesAllowed
11-04 21:09:27.622  3783 14455 D SecContentProvider: called from android.uid.systemui:10005
11-04 21:09:27.625 18503 18503 D SAMSUNGPAY: [Hint_SimpleIntroService] Hint Status - HIDE : Home Package Not Running
11-04 21:09:27.625 18503 18503 I SemUiSupportService: getWindowAttributes()
11-04 21:09:27.627 18503 18503 I SAMSUNGPAY: [ServiceTypeTable] isSupportOperator : BTU, GB
11-04 21:09:27.627 18503 18503 D SAMSUNGPAY: [ServiceTypeTable] Upgrade - ServiceTypeTable - entryFromCountryIso - index is : 37, iso : GB
11-04 21:09:27.628 18503 18503 D SAMSUNGPAY: [Hint_SimpleIntroService] Hint Status - already invisible, skip hide : Landscape mode
11-04 21:09:27.630  5147  5147 W SearchServiceCore: Abort, client detached.
11-04 21:09:27.631  4211  4211 D ViewRootImpl@6438528[NavigationBar]: MSG_RESIZED_REPORT: frame=Rect(2094, 0 - 2220, 1080) ci=Rect(0, 0 - 0, 0) vi=Rect(0, 0 - 0, 0) or=2
11-04 21:09:27.632  4211  4211 D KeyguardUpdateMonitor: received broadcast android.intent.action.CONFIGURATION_CHANGED
11-04 21:09:27.633  3783  3938 D MdnieScenarioControlService:  packageName : com.YourCompany.FlaminGo    className : com.epicgames.ue4.GameActivity
11-04 21:09:27.633  3783  3938 V MdnieScenarioControlService: setUIMode from UI function(3)
11-04 21:09:27.637  3783 14455 D ActivityManager: isScaleDownAnimationEnabled() : false
11-04 21:09:27.638  4211  4211 D BarTransitions.PhoneStatusBarView: MODE_TRANSPARENT -> MODE_OPAQUE animate=true
11-04 21:09:27.639  4211  4211 D BarTransitions.SecNavigationBarView: MODE_TRANSPARENT -> MODE_OPAQUE animate=false
11-04 21:09:27.639  3783  8476 D WindowManager: adjustSystemUiVisibilityLw : vis= 0x10
11-04 21:09:27.639  3783 14455 D PersonaManagerService: Current focused persona service handled id set to : 0
11-04 21:09:27.639  3783 14455 D InputDispatcher: Focused application set to: xxxx
11-04 21:09:27.639  4211  4211 D ViewRootImpl@6438528[NavigationBar]: MSG_RESIZED_REPORT: frame=Rect(2094, 0 - 2220, 1080) ci=Rect(0, 0 - 0, 0) vi=Rect(0, 0 - 0, 0) or=2
11-04 21:09:27.639 18503 18597 D OpenGLRenderer: eglDestroySurface = 0xef2de588
11-04 21:09:27.640  3783  4067 D GameManagerService: handleForegroundChange(). pkgName: com.YourCompany.FlaminGo, clsName: com.epicgames.ue4.GameActivity,FgActivityName:com.YourCompany.FlaminGo/com.epicgames.ue4.GameActivity
11-04 21:09:27.640  3783  4067 D GameManagerService:   handleForegroundChange(). same package. game has never resumed yet. ignore
11-04 21:09:27.641  3783  4425 V WindowManager: Relayout Window{a934193 u0 com.samsung.android.spay.simple.SimpleIntroHintService}: viewVisibility=8 req=566x63 WM.LayoutParams{(0,0)(566x63) gr=#51 sim=#20 ty=2024 fl=#1800308 fmt=-3 vsysui=0x2000 colorMode=0 naviIconColor=0}
11-04 21:09:27.641  3783 14455 D MARsPolicyManager: onPackageResumedFG pkgName = com.YourCompany.FlaminGo, userId = 0
11-04 21:09:27.641  3783  4425 I WindowManager: Destroying surface Surface(name=com.samsung.android.spay.simple.SimpleIntroHintService) called by com.android.server.wm.WindowStateAnimator.destroySurface:2465 com.android.server.wm.WindowStateAnimator.destroySurfaceLocked:967 com.android.server.wm.WindowState.destroyOrSaveSurfaceUnchecked:3661 com.android.server.wm.WindowState.destroySurface:3609 com.android.server.wm.WindowManagerService.tryStartExitingAnimation:2676 com.android.server.wm.WindowManagerService.relayoutWindow:2460 com.android.server.wm.Session.relayout:249 android.view.IWindowSession$Stub.onTransact:288 
11-04 21:09:27.641  3253  3277 I SurfaceFlinger: id=85 Removed com.samsung.android.spay.simple.SimpleIntroHintService#0 (6/7)
11-04 21:09:27.641  3253  3277 I SurfaceFlinger: id=85 Removed com.samsung.android.spay.simple.SimpleIntroHintService#0 (-2/7)
11-04 21:09:27.644  4211  4211 D ViewRootImpl@83dea02[AssistPreviewPanel]: dispatchAttachedToWindow
11-04 21:09:27.644 18503 18503 D ViewRootImpl@87f01e5[SimpleIntroHintService]: Relayout returned: old=[827,1017][1393,1080] new=[827,1017][1393,1080] result=0x5 surface={valid=false 0} changed=true
11-04 21:09:27.644  3783 14494 V WindowManager: Relayout Window{71e0852 u0 AssistPreviewPanel}: viewVisibility=8 req=2092x656 WM.LayoutParams{(0,0)(fillx656) gr=#800053 sim=#31 ty=2033 fl=#1000118 fmt=-3 vsysui=0x700 colorMode=0 naviIconColor=0}
11-04 21:09:27.649  4211  4211 D ViewRootImpl@83dea02[AssistPreviewPanel]: Relayout returned: old=[0,0][0,0] new=[0,1080][2094,1080] result=0x1 surface={valid=false 0} changed=false
11-04 21:09:27.654  3253  3253 I Layer   : id=85 onRemoved com.samsung.android.spay.simple.SimpleIntroHintService#0 
11-04 21:09:27.656  3253  3253 D SurfaceFlinger:   Display[0] configurations (* current):
11-04 21:09:27.656  3253  3253 D SurfaceFlinger:     * 0: 1440x2960, xdpi=522.513977, ydpi=525.762024, refresh=16666666
11-04 21:09:27.656  3253  3253 D SurfaceFlinger:   numHwLayers=3, flags=00000000
11-04 21:09:27.656  3253  3253 D SurfaceFlinger:     type   |  handle  | hint | flag | tr | blnd |   format    |     source crop (l,t,r,b)      |          frame         | name 
11-04 21:09:27.656  3253  3253 D SurfaceFlinger: -----------+----------+------+------+----+------+-------------+--------------------------------+------------------------+------
11-04 21:09:27.656  3253  3253 D SurfaceFlinger:        HWC | 7f0ae55380 | 0000 | 0000 | 00 | 0105 | RGBA_8888   |    0.0,    0.0, 1080.0,  126.0 |    0, 2094, 1080, 2220 | NavigationBar#0
11-04 21:09:27.656  3253  3253 D SurfaceFlinger:        HWC | 7f0ae58100 | 0000 | 0100 | 00 | 0105 | RGBA_8888   |    0.0,    0.0, 1080.0, 2220.0 |    0,    0, 1080, 2220 | ScreenshotSurface#0
11-04 21:09:27.656  3253  3253 D SurfaceFlinger:  FB TARGET | 7f0ae55b60 | 0000 | 0000 | 00 | 0105 | RGBA_8888   |    0.0,    0.0, 1440.0, 2960.0 |    0,    0, 1440, 2960 | HWC_FRAMEBUFFER_TARGET
11-04 21:09:27.661 19365 19365 W linker  : /data/app/com.YourCompany.FlaminGo-GPJPTI8NtjlGzWCwLdAaEg==/lib/arm/libOVRPlugin.so: is missing DT_SONAME will use basename as a replacement: "libOVRPlugin.so"
11-04 21:09:27.662 19365 19365 D OVRPlugin: JNI_OnLoad
11-04 21:09:27.668  3783 14455 V WindowManager: Relayout Window{bdb9e33 u0 StatusBar}: viewVisibility=0 req=2220x63 WM.LayoutParams{(0,0)(fillx63) gr=#30 sim=#10 ty=2000 fl=#81840048 fmt=-3 vsysui=0x600 colorMode=0 naviIconColor=0}
11-04 21:09:27.675  4211  4211 D ViewRootImpl@f2e5c0f[StatusBar]: Relayout returned: old=[0,0][2220,63] new=[0,0][2220,63] result=0x23 surface={valid=true 489514065920} changed=false
11-04 21:09:27.677  4211  4669 D OpenGLRenderer: eglDestroySurface = 0x71fb255080
11-04 21:09:27.678  4211  4669 D mali_winsys: EGLint new_window_surface(egl_winsys_display *, void *, EGLSurface, EGLConfig, egl_winsys_surface **, egl_color_buffer_format *, EGLBoolean) returns 0x3000,  [2220x63]-format:1
11-04 21:09:27.678  4211  4669 D OpenGLRenderer: eglCreateWindowSurface = 0x71fb255080
11-04 21:09:27.693  4211  4211 D ScrollView:  onsize change changed 
11-04 21:09:27.703 19365 19365 D UE4     : Used memory before allocating anything was 132.88MB
11-04 21:09:27.706  3783 14455 V WindowManager: finishDrawingLocked: mDrawState=COMMIT_DRAW_PENDING Window{bdb9e33 u0 StatusBar} in Surface(name=StatusBar)
11-04 21:09:27.706  4211  4211 D ViewRootImpl@2c14198[DockedStackDivider]: dispatchAttachedToWindow
11-04 21:09:27.709  3783 14455 V WindowManager: Relayout Window{370579e u0 DockedStackDivider}: viewVisibility=4 req=126x1016 WM.LayoutParams{(0,0)(126xfill) sim=#20 ty=2034 fl=#21840028 pfl=0x40 fmt=-3 vsysui=0x700 colorMode=0 naviIconColor=0}
11-04 21:09:27.711  4211  4211 D ViewRootImpl@2c14198[DockedStackDivider]: Relayout returned: old=[0,0][0,0] new=[0,0][0,0] result=0x1 surface={valid=false 0} changed=false
11-04 21:09:27.714  4211  4211 D ViewRootImpl@fd0d547[DividerButtonsGroup]: dispatchAttachedToWindow
11-04 21:09:27.715  3783  8476 V WindowManager: Relayout Window{df02295 u0 DividerButtonsGroup}: viewVisibility=4 req=131x458 WM.LayoutParams{(0,0)(131x458) sim=#20 ty=2302 fl=#1040020 fmt=-3 vsysui=0x700 surfaceInsets=Rect(32, 32 - 32, 32) colorMode=0 naviIconColor=0}
11-04 21:09:27.718  4211  4211 D ViewRootImpl@fd0d547[DividerButtonsGroup]: Relayout returned: old=[0,0][0,0] new=[0,0][0,0] result=0x1 surface={valid=false 0} changed=false
11-04 21:09:27.719  3783  8476 V WindowManager: Relayout Window{e75ce4a u0 NavBarTouchConsumer}: viewVisibility=0 req=4x4 WM.LayoutParams{(0,0)(4x4) gr=#5 sim=#20 ty=2273 fl=#1080108 fmt=-3 alpha=0.0 colorMode=0 naviIconColor=0 sfl=0x20000}
11-04 21:09:27.722  4211  4211 D ViewRootImpl@99336fc[NavBarTouchConsumer]: Relayout returned: old=[1108,1076][1112,1080] new=[2216,538][2220,542] result=0x1 surface={valid=true 489376280576} changed=false
11-04 21:09:27.724  4211  4669 D OpenGLRenderer: eglDestroySurface = 0x71f0f3b260
11-04 21:09:27.724  3783  3881 I WindowManager: Screen frozen for +342ms due to Window{bdb9e33 u0 StatusBar}
11-04 21:09:27.725  4211  4669 D mali_winsys: EGLint new_window_surface(egl_winsys_display *, void *, EGLSurface, EGLConfig, egl_winsys_surface **, egl_color_buffer_format *, EGLBoolean) returns 0x3000,  [4x4]-format:1
11-04 21:09:27.725  4211  4669 D OpenGLRenderer: eglCreateWindowSurface = 0x71f0f3b260
11-04 21:09:27.726  3253  3253 I SurfaceFlinger: id=89 createSurf (2160x2220),-1 flag=20004, BlackSurface#0
11-04 21:09:27.728  3253  3253 I SurfaceFlinger: id=90 createSurf (1080x4440),-1 flag=20004, BlackSurface#0
11-04 21:09:27.728  3253  3253 I SurfaceFlinger: id=91 createSurf (2160x2220),-1 flag=20004, BlackSurface#0
11-04 21:09:27.729  3253  3253 I SurfaceFlinger: id=92 createSurf (1080x4440),-1 flag=20004, BlackSurface#0
11-04 21:09:27.730  3783  3881 D InputDispatcher: setInputDispatchMode: enabled=1, frozen=0
11-04 21:09:27.731  4211  4211 D ViewRootImpl@99336fc[NavBarTouchConsumer]: MSG_RESIZED_REPORT: frame=Rect(2216, 538 - 2220, 542) ci=Rect(0, 0 - 0, 0) vi=Rect(0, 0 - 126, 0) or=2
11-04 21:09:27.731  3230  3505 D audio_hw_primary_abox: device-adev_set_parameters: enter with key(display_rotation=1)
11-04 21:09:27.732  3230  3505 D audio_hw_primary_abox: device-adev_set_parameters: exit
11-04 21:09:27.732  3405 14601 V MultiRecordManager: setParameters(): io 0, keyvalue display_rotation=1, calling pid 3783
11-04 21:09:27.733  4211  4211 D SecNavigationBarView: setNavigationIconHints showImeButton : false
11-04 21:09:27.733  4211  4211 D SecNavigationBarView: updateImmersivePinIcon() isImmersiveMode=false
11-04 21:09:27.734  4211  4211 D ViewRootImpl@3c08a0d[AssistPreviewPanel]: dispatchDetachedFromWindow
11-04 21:09:27.734  4211  4211 D InputEventReceiver: channel 'bc99c23 AssistPreviewPanel (client)' ~ Disposing input event receiver.
11-04 21:09:27.734  4211  4211 D InputEventReceiver: channel 'bc99c23 AssistPreviewPanel (client)' ~NativeInputEventReceiver.
11-04 21:09:27.734  3783  8476 W AppOps  : Finishing op nesting under-run: uid 10005 pkg com.android.systemui code 70 time=0 duration=0 nesting=0
11-04 21:09:27.738  4211  4211 D NetworkController: dynamicallyReduceTextSize : mDisplayMetrics.densityDpi420
11-04 21:09:27.738  4211  4211 D KeyguardUpdateMonitor: updateCarrierTextInfo
11-04 21:09:27.738  4211  4211 D ViewRootImpl@1e34c3c[DockedStackDivider]: dispatchDetachedFromWindow
11-04 21:09:27.738  4211  4211 D InputEventReceiver: channel '3a1a34c DockedStackDivider (client)' ~ Disposing input event receiver.
11-04 21:09:27.738  4211  4211 D InputEventReceiver: channel '3a1a34c DockedStackDivider (client)' ~NativeInputEventReceiver.
11-04 21:09:27.739  3783  8476 W AppOps  : Finishing op nesting under-run: uid 10005 pkg com.android.systemui code 70 time=0 duration=0 nesting=0
11-04 21:09:27.746  4211  4647 D Tile.WifiTile: handleUpdateState enabledChanging
11-04 21:09:27.747  4211  4776 V SystemUIAnalytics: SAPreference : 1104 / 1
11-04 21:09:27.747  4211  4647 D Tile.BluetoothTile: handleUpdateState enabled = true connected = false bluetoothState = 12
11-04 21:09:27.747  4211  4776 V SystemUIAnalytics: SAPreference : 1105 / 2
11-04 21:09:27.747  4211  4647 D Tile.RotationLockTile:  handleUpdateState: true orientation = true
11-04 21:09:27.748  4211  4211 D KeyguardUpdateMonitor: handleConfigurationChanged
11-04 21:09:27.748  4211  4647 D FlashlightController: updateTorchCallback for mCameraId 0
11-04 21:09:27.748  4211  4647 D Tile.AirplaneModeTile:  handleUpdateState:  value false  state.dim false
11-04 21:09:27.748  4211  4776 V SystemUIAnalytics: SAPreference : 1108 / 0
11-04 21:09:27.748  4211  4776 V SystemUIAnalytics: SAPreference : 2014 / 0
11-04 21:09:27.751  4211  4776 V SystemUIAnalytics: SAPreference : 1109 / 0
11-04 21:09:27.753  4211 15311 D SystemServicesProxy: updateOverviewLastStackActiveTimeAsync: newTime=1540204754719
11-04 21:09:27.753  4211  4647 D TileLifecycleManager: Binding service Intent { cmp=com.android.settings/com.samsung.android.settings.qstile.PowerSavingTile (has extras) } UserHandle{0}
11-04 21:09:27.753  3783  8476 D SecContentProvider: query(), uri = 17 selection = isSettingsChangesAllowed
11-04 21:09:27.754  3783  8476 D SecContentProvider: called from android.uid.systemui:10005
11-04 21:09:27.754  4211  4481 D SystemServicesProxy: updateOverviewLastStackActiveTimeAsync: done.
11-04 21:09:27.756  3253  3253 D SurfaceFlinger:   Display[0] configurations (* current):
11-04 21:09:27.756  3253  3253 D SurfaceFlinger:     * 0: 1440x2960, xdpi=522.513977, ydpi=525.762024, refresh=16666666
11-04 21:09:27.756  3253  3253 D SurfaceFlinger:   numHwLayers=2, flags=00000000
11-04 21:09:27.756  3253  3253 D SurfaceFlinger:     type   |  handle  | hint | flag | tr | blnd |   format    |     source crop (l,t,r,b)      |          frame         | name 
11-04 21:09:27.756  3253  3253 D SurfaceFlinger: -----------+----------+------+------+----+------+-------------+--------------------------------+------------------------+------
11-04 21:09:27.756  3253  3253 D SurfaceFlinger:        HWC | 7f0ae58100 | 0000 | 0100 | 00 | 0105 | RGBA_8888   |    0.0,    0.0, 1080.0, 2220.0 |    0,    0, 1080, 2220 | ScreenshotSurface#0
11-04 21:09:27.756  3253  3253 D SurfaceFlinger:  FB TARGET | 7f0ae55b60 | 0000 | 0000 | 00 | 0105 | RGBA_8888   |    0.0,    0.0, 1440.0, 2960.0 |    0,    0, 1440, 2960 | HWC_FRAMEBUFFER_TARGET
11-04 21:09:27.756  3783  3939 D AllAroundSensingService: packageName : com.YourCompany.FlaminGo    className : com.epicgames.ue4.GameActivity
11-04 21:09:27.757  3783  3939 V AllAroundSensingService: setPlatformBrightnessValue 120
11-04 21:09:27.758  3783 14494 D StorageManagerService: getExternalStorageMountMode : 1
11-04 21:09:27.758  3783 14494 D StorageManagerService: getExternalStorageMountMode : 3
11-04 21:09:27.758  3783 14494 D StorageManagerService: getExternalStorageMountMode : final mountMode=1, uid : 1000, packageName : com.android.settings
11-04 21:09:27.758  3783 14494 I ApplicationPolicy: isApplicationExternalStorageWhitelisted:com.android.settings user:0
11-04 21:09:27.758  3783 14494 D ApplicationPolicy: isApplicationExternalStorageWhitelisted: DO is not enabled on user 0. Allowed.
11-04 21:09:27.758  3783 14494 D ActivityManager: package  com.android.settings, user - 0 is SDcard whitelisted
11-04 21:09:27.758  3783 14494 I ApplicationPolicy: isApplicationExternalStorageBlacklisted:com.android.settings user:0
11-04 21:09:27.758  3783 14494 D ApplicationPolicy: isApplicationExternalStorageBlacklisted: DO is not enabled on user 0. Allowed.
11-04 21:09:27.761  3783 14455 V WindowManager: Relayout Window{70a4286 u0 NavigationBar}: viewVisibility=0 req=126x1080 WM.LayoutParams{(0,0)(fillxfill) sim=#20 ty=2019 fl=#21840068 fmt=-3 colorMode=0 naviIconColor=0}
11-04 21:09:27.764  4211  4211 D ViewRootImpl@6438528[NavigationBar]: Relayout returned: old=[2094,0][2220,1080] new=[2094,0][2220,1080] result=0x1 surface={valid=true 489845964800} changed=false
11-04 21:09:27.765  4211  4211 D ViewRootImpl@f2e5c0f[StatusBar]: MSG_RESIZED_REPORT: frame=Rect(0, 0 - 2220, 63) ci=Rect(0, 0 - 126, 0) vi=Rect(0, 0 - 126, 0) or=2
11-04 21:09:27.766  4211  4211 D KeyguardUpdateMonitor: handleStatusBarState( false )
11-04 21:09:27.767  4211  4211 D KeyguardCircleAffordanceView: setPreviewView: mRight=false,preview=null
11-04 21:09:27.767  4211  4211 D KeyguardCircleAffordanceView: setPreviewView: mRight=true,preview=null
11-04 21:09:27.770  3783 14494 I ActivityManager: Start proc 19389:com.android.settings:QuickSettingsTile/1000 for service com.android.settings/com.samsung.android.settings.qstile.PowerSavingTile
11-04 21:09:27.771 19389 19389 E Zygote  : isWhitelistProcess - Process is Whitelisted
11-04 21:09:27.771  4211  4211 D KeyguardClockPage: onRefreshCarrierInfo(pre, now): false, false
11-04 21:09:27.771  4211  4647 D TileLifecycleManager: onStartListening
11-04 21:09:27.771  4211  4211 D CarrierText: updateCarrierText(): subscriptionInfo Size = 0, DefaultText = No service
11-04 21:09:27.771  4211  4211 D MultiSimUtils: isSimStateReadyorNotReady() : simSlot = 0, simState = ABSENT
11-04 21:09:27.772  4211  4211 D CarrierText: Getting plmn/spn/subId sticky brdcst  plmn : Emergency calls only, spn : , subId :-2
11-04 21:09:27.772  4211  4211 D CarrierText: plmn Of NetworkController Impl : Emergency calls only
11-04 21:09:27.772 19389 19389 E libpersona: scanKnoxPersonas
11-04 21:09:27.772 19389 19389 E libpersona: Couldn't open the File - /data/system/users/0/personalist.xml - No such file or directory
11-04 21:09:27.772  4211  4211 D CarrierText: setText : No SIM card | Emergency calls only
11-04 21:09:27.772  4211  4211 D CarrierText: updateCarrierText(): subscriptionInfo Size = 0, DefaultText = No service
11-04 21:09:27.772  4211  4211 D MultiSimUtils: isSimStateReadyorNotReady() : simSlot = 0, simState = ABSENT
11-04 21:09:27.772  4211  4211 D CarrierText: Getting plmn/spn/subId sticky brdcst  plmn : Emergency calls only, spn : , subId :-2
11-04 21:09:27.773  4211  4211 D CarrierText: plmn Of NetworkController Impl : Emergency calls only
11-04 21:09:27.774  4211  4211 D CarrierText: setText : No SIM card | Emergency calls only
11-04 21:09:27.774 19389 19389 W SELinux : SELinux selinux_android_compute_policy_index : Policy Index[2],  Con:u:r:zygote:s0 RAM:SEPF_SM-G955F_8.0.0_0016, [-1 -1 -1 -1 0 1]
11-04 21:09:27.775 19389 19389 I SELinux : SELinux: seapp_context_lookup: seinfo=platform, pkgname=com.android.settings:QuickSettingsTile 
11-04 21:09:27.777  3253  3253 D SurfaceFlinger:   Display[0] configurations (* current):
11-04 21:09:27.777  3253  3253 D SurfaceFlinger:     * 0: 1440x2960, xdpi=522.513977, ydpi=525.762024, refresh=16666666
11-04 21:09:27.777  3253  3253 D SurfaceFlinger:   numHwLayers=6, flags=00000000
11-04 21:09:27.777  3253  3253 D SurfaceFlinger:     type   |  handle  | hint | flag | tr | blnd |   format    |     source crop (l,t,r,b)      |          frame         | name 
11-04 21:09:27.777  3253  3253 D SurfaceFlinger: -----------+----------+------+------+----+------+-------------+--------------------------------+------------------------+------
11-04 21:09:27.777  3253  3253 D SurfaceFlinger:       GLES | 7f0ae58100 | 0000 | 0101 | 00 | 0105 | RGBA_8888   |    0.0,    0.0, 1080.0, 2220.0 |    0,    0, 1080, 2220 | ScreenshotSurface#0
11-04 21:09:27.777  3253  3253 D SurfaceFlinger:       GLES | 00000000 | 0000 | 0201 | 00 | 0105 | ? ffffffff  |   -0.4,   -0.9,   -0.9,   -1.0 |   27,    0, 1080,  232 | BlackSurface#0
11-04 21:09:27.777  3253  3253 D SurfaceFlinger:       GLES | 00000000 | 0000 | 0201 | 00 | 0105 | ? ffffffff  |   -0.9,   -0.0,   -1.0,   -0.6 |    0,    0,  199, 2093 | BlackSurface#0
11-04 21:09:27.777  3253  3253 D SurfaceFlinger:       GLES | 00000000 | 0000 | 0201 | 00 | 0105 | ? ffffffff  |   -0.1,    0.0,   -0.6,   -0.1 |    0, 1988, 1053, 2220 | BlackSurface#0
11-04 21:09:27.777  3253  3253 D SurfaceFlinger:       GLES | 00000000 | 0000 | 0201 | 00 | 0105 | ? ffffffff  |    0
11-04 21:09:27.777  3253  3253 D SurfaceFlinger: .0,   -0.4,   -0.1,   -1.0 |  881,  127, 1080, 2220 | BlackSurface#0
11-04 21:09:27.777  3253  3253 D SurfaceFlinger:  FB TARGET | 7f0ae558c0 | 0000 | 0000 | 00 | 0105 | RGBA_8888   |    0.0,    0.0, 1440.0, 2960.0 |    0,    0, 1440, 2960 | HWC_FRAMEBUFFER_TARGET
11-04 21:09:27.781  4211  4647 D Tile.MobileDataTile: handleUpdateState : state false
11-04 21:09:27.781  4211  4776 V SystemUIAnalytics: SAPreference : 2012 / 0
11-04 21:09:27.781  4211  4776 V SystemUIAnalytics: SAPreference : 2016 / 0
11-04 21:09:27.782  4211  4211 D KeyguardUpdateMonitor: handleStatusBarState( false )
11-04 21:09:27.786  4211  4647 D TileLifecycleManager: Binding service Intent { cmp=com.samsung.android.lool/com.samsung.android.sm.ui.booster.PerformanceTile (has extras) } UserHandle{0}
11-04 21:09:27.793  4211  4211 D KeyguardUpdateMonitor: handleStatusBarState( false )
11-04 21:09:27.793  4211  4211 D KeyguardUpdateMonitor: handleStatusBarState( false )
11-04 21:09:27.795  4211  4647 D TileLifecycleManager: onStartListening
11-04 21:09:27.796  4211  4211 D KeyguardUpdateMonitor: handleStatusBarState( false )
11-04 21:09:27.798  4211  4776 V SystemUIAnalytics: SAPreference : 2018 / 0
11-04 21:09:27.799  4211  4211 D KeyguardUpdateMonitor: handleStatusBarState( false )
11-04 21:09:27.800  4211  4647 D Tile.RotationLockTile:  handleUpdateState: true orientation = true
11-04 21:09:27.800  4211  4647 W Tile.CustomTile: handleUpdateState : hasPendingBind Power
11-04 21:09:27.800  4211  4647 W Tile.CustomTile: saving
11-04 21:09:27.801  4211  4647 W Tile.CustomTile: handleUpdateState : hasPendingBind Performance
11-04 21:09:27.801  4211  4647 W Tile.CustomTile: mode
11-04 21:09:27.801 19389 19389 D TimaKeyStoreProvider: TimaKeyStore is not enabled: cannot add TimaSignature Service and generateKeyPair Service
11-04 21:09:27.802 19389 19389 D ActivityThread: Added TimaKeyStore provider
11-04 21:09:27.803  3783  8476 I ActivityManager: DSS on for com.android.settings and scale is 1.0
11-04 21:09:27.808  4211  4211 D KeyguardUpdateMonitor: handleStatusBarState( false )
11-04 21:09:27.809 19249 19249 I PerformanceTile: onCreate, Performance0
11-04 21:09:27.810  3253  3253 D SurfaceFlinger:   Display[0] configurations (* current):
11-04 21:09:27.810  3253  3253 D SurfaceFlinger:     * 0: 1440x2960, xdpi=522.513977, ydpi=525.762024, refresh=16666666
11-04 21:09:27.810  3253  3253 D SurfaceFlinger:   numHwLayers=7, flags=00000000
11-04 21:09:27.810  3253  3253 D SurfaceFlinger:     type   |  handle  | hint | flag | tr | blnd |   format    |     source crop (l,t,r,b)      |          frame         | name 
11-04 21:09:27.810  3253  3253 D SurfaceFlinger: -----------+----------+------+------+----+------+-------------+--------------------------------+------------------------+------
11-04 21:09:27.810  3253  3253 D SurfaceFlinger:       GLES | 7f0ae55380 | 0000 | 0001 | 00 | 0105 | RGBA_8888   |    0.0,    0.0,  704.0,  126.0 |  875, 1814, 1080, 2220 | NavigationBar#0
11-04 21:09:27.810  3253  3253 D SurfaceFlinger:       GLES | 7f0ae58100 | 0000 | 0101 | 00 | 0105 | RGBA_8888   |    0.0,    0.0, 1080.0, 2220.0 |    0,    0, 1080, 2220 | ScreenshotSurface#0
11-04 21:09:27.810  3253  3253 D SurfaceFlinger:       GLES | 00000000 | 0000 | 0201 | 00 | 0105 | ? ffffffff  |   -0.4,   -0.8,   -0.9,   -1.0 |  281,    0, 1080,  763 | BlackSurface#0
11-04 21:09:27.810  3253  3253 D SurfaceFlinger:       GLES | 00000000 | 0000 | 0201 | 00 | 0105 | ? ffffffff  |   -0.8,   -0.0,   -1.0,   -0.6 |    0,    0,  499, 1391 | BlackSurface#0
11-04 21:09:27.810  3253  3253 D SurfaceFlinger:       GLES | 00000000 | 0000 | 0201 | 00 | 0105 | ? ffffffff  |  
11-04 21:09:27.810  3253  3253 D SurfaceFlinger:  -0.1,    0.0,   -0.6,   -0.2 |    0, 1457,  799, 2220 | BlackSurface#0
11-04 21:09:27.810  3253  3253 D SurfaceFlinger:       GLES | 00000000 | 0000 | 0201 | 00 | 0105 | ? ffffffff  |    0.0,   -0.4,   -0.2,   -1.0 |  581,  829, 1080, 2220 | BlackSurface#0
11-04 21:09:27.810  3253  3253 D SurfaceFlinger:  FB TARGET | 7f0ae55b60 | 0000 | 0000 | 00 | 0105 | RGBA_8888   |    0.0,    0.0, 1440.0, 2960.0 |    0,    0, 1440, 2960 | HWC_FRAMEBUFFER_TARGET
11-04 21:09:27.821  4211  4211 D TileLifecycleManager: onServiceConnected ComponentInfo{com.samsung.android.lool/com.samsung.android.sm.ui.booster.PerformanceTile}
11-04 21:09:27.821  4211  4211 D TileLifecycleManager: Handling pending onStartListening
11-04 21:09:27.821  4211  4211 D TileLifecycleManager: onStartListening
11-04 21:09:27.826  3783 14494 D SecContentProvider: query(), uri = 17 selection = isSettingsChangesAllowed
11-04 21:09:27.827  3783 14494 D SecContentProvider: called from android.uid.system:1000
11-04 21:09:27.827 19249 19249 I PerformanceTile: updateState, mode=0, state=1
11-04 21:09:27.829  4211 15311 D Tile.CustomTile: updateState : Label = Performance
11-04 21:09:27.829  4211 15311 D Tile.CustomTile: mode, State = 1, Icon = Icon(typ=RESOURCE pkg=com.samsung.android.lool id=0x7f02008e)
11-04 21:09:27.834 19389 19404 I vndksupport: sphal namespace is not configured for this process. Loading /vendor/lib64/egl/libGLES_mali.so from the current namespace instead.
11-04 21:09:27.853 19389 19404 D libEGL  : loaded /vendor/lib64/egl/libGLES_mali.so
11-04 21:09:27.881 19389 19389 W zygote64: Class com.samsung.context.sdk.samsunganalytics.SamsungAnalytics failed lock verification and will run slower.
11-04 21:09:27.881 19389 19389 W zygote64: Common causes for lock verification issues are non-optimized dex code
11-04 21:09:27.881 19389 19389 W zygote64: and incorrect proguard optimizations.
11-04 21:09:27.883 19389 19389 D SamsungAnalytics: cf feature is supported
11-04 21:09:27.885 19365 19365 D UE4     : In the JNI_OnLoad function
11-04 21:09:27.885 19365 19365 D UE4     : [JNI] - Failed to determine if app purchasing is enabled!
11-04 21:09:27.887  3783 14494 W StorageManager: getStorageLowBytes lowPercent : 5, lowBytes : 2898018304, maxLowBytes : 524288000
11-04 21:09:27.888 19365 19365 D UE4     : Path found as '/storage/emulated/0'
11-04 21:09:27.888 19365 19365 D UE4     : Font Path found as '/system/fonts/'
11-04 21:09:27.888 19365 19365 D UE4     : In the JNI_OnLoad function 5
11-04 21:09:27.889 19389 19389 D SamsungAnalytics: newThread on Executor
11-04 21:09:27.889 19389 19389 D SamsungAnalytics: [Tracker] Tracker start:1.8.15
11-04 21:09:27.890 19389 19389 I Bixby_SmartView: BixbyApi.createInstance
11-04 21:09:27.898  4211  4211 D TileLifecycleManager: onServiceConnected ComponentInfo{com.android.settings/com.samsung.android.settings.qstile.PowerSavingTile}
11-04 21:09:27.898  4211  4211 D TileLifecycleManager: Handling pending onStartListening
11-04 21:09:27.898  4211  4211 D TileLifecycleManager: onStartListening
11-04 21:09:27.899 19389 19389 D PSMUtils: getCurrentPowerSavingMode: 0
11-04 21:09:27.900  4211  4278 D Tile.CustomTile: updateState : Label = Power
11-04 21:09:27.900  4211  4278 D Tile.CustomTile: saving, State = 1, Icon = Icon(typ=RESOURCE pkg=com.android.settings id=0x7f0805a2)
11-04 21:09:27.903  3783  8476 W StorageManager: getStorageLowBytes lowPercent : 5, lowBytes : 2898018304, maxLowBytes : 524288000
11-04 21:09:27.905  3783 14494 W StorageManager: getStorageLowBytes lowPercent : 5, lowBytes : 2898018304, maxLowBytes : 524288000
11-04 21:09:27.907 19365 19365 V threaded_app: Creating: 0xdfffba80
11-04 21:09:27.907 19365 19410 V threaded_app: Config: mcc=0 mnc=0 lang=en cnt=GB orien=2 touch=3 dens=420 keys=1 nav=1 keysHid=3 navHid=0 sdk=26 size=2 long=2 modetype=1 modenight=1
11-04 21:09:27.907 19365 19410 D UE4     : Entering native app glue main function
11-04 21:09:27.908 19365 19410 D UE4     : Created event thread
11-04 21:09:27.908 19365 19410 D UE4     : Entered AndroidMain()
11-04 21:09:27.908 19365 19411 D UE4     : Entering event processing thread engine entry point
11-04 21:09:27.908 19365 19411 D UE4     : Prepared looper for event thread
11-04 21:09:27.908 19365 19411 D UE4     : Passed callback initialization
11-04 21:09:27.908 19365 19411 D UE4     : Passed sensor initialization
11-04 21:09:27.909 19365 19410 D UE4     : Controller interface supported
11-04 21:09:27.939 19365 19412 D OpenGLRenderer: HWUI GL Pipeline
11-04 21:09:27.948 19365 19365 D ViewRootImpl@ed22825[GameActivity]: setView = DecorView@9548dfa[] TM=true MM=false
11-04 21:09:27.951 19365 19365 D PermissionFragment: Creating PlayGamesFragment
11-04 21:09:27.958  3783 14494 I ActivityManager: START u0 {act=android.content.pm.action.REQUEST_PERMISSIONS typ=null flg=0x0 cmp=ComponentInfo{com.google.android.packageinstaller/com.android.packageinstaller.permission.ui.GrantPermissionsActivity}} from uid 10224
11-04 21:09:27.958  3783 14494 W ActivityManager: REQUEST_PERMISSIONS Action.
11-04 21:09:27.963  3783 14494 D CustomFrequencyManagerService: releaseDVFSLockLocked : Getting Lock type frm List : DVFS_MIN_LIMIT  frequency : 2314000  uid : 1000  pid : 3783  tag : AMS_APP_SWITCH@CPU_MIN@61
11-04 21:09:27.963  3783 14494 D CustomFrequencyManagerService: acquireDVFSLockLocked : type : DVFS_MIN_LIMIT  frequency : 2314000  uid : 1000  pid : 3783  pkgName : AMS_APP_SWITCH@CPU_MIN@61
11-04 21:09:27.963  3783 14494 D ActivityManagerPerformance: AMP_acquire() APP_SWITCH
11-04 21:09:27.963  3783  4994 D ActivityManagerPerformance: Received MSG_CFMS_HINT_AMS_SWITCH pkgName: com.google.android.packageinstaller
11-04 21:09:27.974 19365 19365 D UE4     : Vulkan version: 1.0.3
11-04 21:09:27.974 19365 19365 D UE4     : Vulkan level: 1
11-04 21:09:27.976 19365 19365 D UE4     : Found DepthBufferPreference = 0
11-04 21:09:27.976 19365 19365 D UE4     : Found bPackageDataInsideApk = 0
11-04 21:09:27.976 19365 19365 D UE4     : Found ProjectName = FlaminGo
11-04 21:09:27.976 19365 19365 D UE4     : Found AppType = 
11-04 21:09:27.977 19365 19365 D UE4     : Found bHasOBBFiles = 0
11-04 21:09:27.977 19365 19365 D UE4     : Found bVerifyOBBOnStartUp = false
11-04 21:09:27.977 19365 19365 D UE4     : UI hiding set to false
11-04 21:09:27.977 19365 19365 D UE4     : BuildConfiguration set to Development
11-04 21:09:27.977 19365 19365 D UE4     : UseExternalFilesDir set to false
11-04 21:09:27.977 19365 19365 D UE4     : AllowIMU set to true
11-04 21:09:27.977 19365 19365 D UE4     : No GearVR mode detected.
11-04 21:09:27.977 19365 19365 D UE4     : APK path: /data/app/com.YourCompany.FlaminGo-GPJPTI8NtjlGzWCwLdAaEg==/base.apk
11-04 21:09:27.977 19365 19365 D UE4     : OBB in APK: false
11-04 21:09:27.978  3783 14455 W StorageManager: getStorageLowBytes lowPercent : 5, lowBytes : 2898018304, maxLowBytes : 524288000
11-04 21:09:27.979 19365 19365 D UE4     : InternalFilePath found as '/data/user/0/com.YourCompany.FlaminGo/files'
11-04 21:09:27.979 19365 19365 D UE4     : ExternalFilePath found as '/storage/emulated/0/Android/data/com.YourCompany.FlaminGo/files'
11-04 21:09:27.979 19365 19365 D UE4     : App is running in Landscape
11-04 21:09:27.980 19365 19365 D UE4     : Android version is 8.0.0
11-04 21:09:27.980 19365 19365 D UE4     : Android manufacturer is samsung
11-04 21:09:27.980 19365 19365 D UE4     : Android model is SM-G955F
11-04 21:09:27.980 19365 19365 D UE4     : OS language is set to en_GB
11-04 21:09:27.980 19365 19365 D UE4     : Debugger attached is false
11-04 21:09:28.028 19365 19365 W PopupManager: You have not specified a View to use as content view for popups. Falling back to the Activity content view. Note that this may not work as expected in multi-screen environments
11-04 21:09:28.036 19365 19365 D UE4     : ==============> GameActive.onCreate complete!
11-04 21:09:28.037 19365 19365 V threaded_app: Start: 0xdfffba80
11-04 21:09:28.037 19365 19411 V threaded_app: activityState=10
11-04 21:09:28.038 19365 19365 D UE4     : Creating console command broadcast listener
11-04 21:09:28.038 19365 19411 D UE4     : LogAndroidEvents: EnqueueAppEvent : 9, 0, tid = 19411
11-04 21:09:28.039 19365 19365 D UE4     : ==================================> Inside onStart function in GameActivity
11-04 21:09:28.042 19365 19365 V threaded_app: Resume: 0xdfffba80
11-04 21:09:28.042 19365 19411 V threaded_app: activityState=11
11-04 21:09:28.042 19365 19411 D UE4     : Case APP_CMD_RESUME
11-04 21:09:28.042 19365 19365 D UE4     : Registering sensor listeners
11-04 21:09:28.042 19365 19411 D UE4     : LogAndroidEvents: EnqueueAppEvent : 7, 0, tid = 19411
11-04 21:09:28.043  3783  4589 I SensorService: createSensorEventConnection package name com.epicgames.ue4.GameActivity
11-04 21:09:28.043  3783  4589 D SensorService: Calling batch handle==6 flags=0 rate=20000000 timeout== 0
11-04 21:09:28.044  3240  3884 I Sensors : batch - accelerometer_sensor try to batching with 20000000
11-04 21:09:28.049 19365 19365 D SensorManager: registerListener :: 6, LSM6DSL Acceleration Sensor, 20000, 0,  
11-04 21:09:28.050  3783  4589 D SensorService: Calling batch handle==11 flags=0 rate=20000000 timeout== 0
11-04 21:09:28.050  3240  3884 I Sensors : batch - geomagnetic_sensor try to batching with 20000000
11-04 21:09:28.050  3240  3884 I Sensors : GeoMagneticSensor old sensor_state 16385, new sensor_state : 16401 en : 1
11-04 21:09:28.052 19365 19365 D SensorManager: registerListener :: 11, AK09916C Magnetic field Sensor, 20000, 0,  
11-04 21:09:28.052  3783  4589 D SensorService: Calling batch handle==7 flags=0 rate=20000000 timeout== 0
11-04 21:09:28.052  3240  3884 I Sensors : batch - gyro_sensor try to batching with 20000000
11-04 21:09:28.053  3240  3884 I Sensors : GyroSensor old sensor_state 16401, new sensor_state : 16403 en : 1
11-04 21:09:28.055 19365 19365 D SensorManager: registerListener :: 7, LSM6DSL Gyroscope Sensor, 20000, 0,  
11-04 21:09:28.055 19365 19365 D UE4     : App is running in Landscape
11-04 21:09:28.055 19365 19365 D UE4     : ==============> Resuming main init
11-04 21:09:28.059  3253  3253 D SurfaceFlinger:   Display[0] configurations (* current):
11-04 21:09:28.059  3253  3253 D SurfaceFlinger:     * 0: 1440x2960, xdpi=522.513977, ydpi=525.762024, refresh=16666666
11-04 21:09:28.059  3253  3253 D SurfaceFlinger:   numHwLayers=6, flags=00000000
11-04 21:09:28.059  3253  3253 D SurfaceFlinger:     type   |  handle  | hint | flag | tr | blnd |   format    |     source crop (l,t,r,b)      |          frame         | name 
11-04 21:09:28.059  3253  3253 D SurfaceFlinger: -----------+----------+------+------+----+------+-------------+--------------------------------+------------------------+------
11-04 21:09:28.059  3253  3253 D SurfaceFlinger:       GLES | 7f0ae55380 | 0000 | 0001 | 00 | 0105 | RGBA_8888   |    0.0,    0.0, 1077.0,  126.0 |    1, 2092, 1080, 2220 | NavigationBar#0
11-04 21:09:28.059  3253  3253 D SurfaceFlinger:       GLES | 00000000 | 0000 | 0201 | 00 | 0105 | ? ffffffff  |   -0.5,   -1.0,   -1.0,   -1.0 | 1079,    0, 1080, 2219 | BlackSurface#0
11-04 21:09:28.059  3253  3253 D SurfaceFlinger:       GLES | 00000000 | 0000 | 0201 | 00 | 0105 | ? ffffffff  |   -1.0,    0.0,   -1.0,   -0.5 |    0,    0, 1079,    1 | BlackSurface#0
11-04 21:09:28.059  3253  3253 D SurfaceFlinger:       GLES | 00000000 | 0000 | 0201 | 00 | 0105 | ? ffffffff  |    0.0,    0.0,   -0.5,   -0.0 |    0,    1,    1, 2220 | BlackSurface#0
11-04 21:09:28.059  3253  3253 D SurfaceFlinger:       GLES | 00000000 | 0000 | 0201 | 00 | 0105 | ? ffffffff  |    0.0, 
11-04 21:09:28.060  3253  3253 D SurfaceFlinger:   -0.5,   -0.0,   -1.0 |    1, 2219, 1080, 2220 | BlackSurface#0
11-04 21:09:28.060  3253  3253 D SurfaceFlinger:  FB TARGET | 7f0ae55b60 | 0000 | 0000 | 00 | 0105 | RGBA_8888   |    0.0,    0.0, 1440.0, 2960.0 |    0,    0, 1440, 2960 | HWC_FRAMEBUFFER_TARGET
11-04 21:09:28.061 19365 19410 D UE4     : APK Commandline: ../../../FlaminGo/FlaminGo.uproject  /Game/ThirdPersonBP/Maps/FirstMap -Messaging -SessionId=7EDDCE55407E0E070BF8A89A81A5B846 -SessionOwner="James" -SessionName="Launch On Device" -iterative
11-04 21:09:28.062 19365 19410 D UE4     : Override Commandline: ../../../FlaminGo/FlaminGo.uproject  /Game/ThirdPersonBP/Maps/FirstMap -Messaging -SessionId=8F1A7DC24BB0ECCCC519FAA4AE330A46 -SessionOwner="James" -SessionName="Launch On Device" -iterative
11-04 21:09:28.062 19365 19410 D UE4     : Final commandline: ../../../FlaminGo/FlaminGo.uproject  /Game/ThirdPersonBP/Maps/FirstMap -Messaging -SessionId=8F1A7DC24BB0ECCCC519FAA4AE330A46 -SessionOwner="James" -SessionName="Launch On Device" -iterative
11-04 21:09:28.062 19365 19410 D UE4     : Created sync event
11-04 21:09:28.066 19365 19365 D UE4     : ==============> GameActive.onResume complete!
11-04 21:09:28.073 19365 19365 V threaded_app: InputQueueCreated: 0xdfffba80 -- 0xdfffc0c0
11-04 21:09:28.073 19365 19411 V threaded_app: APP_CMD_INPUT_CHANGED
11-04 21:09:28.073 19365 19411 V threaded_app: Attaching input queue to looper
11-04 21:09:28.073 19365 19365 D ViewRootImpl@3a176fe[GameActivity]: setView = DecorView@4753e5f[GameActivity] TM=true MM=false
11-04 21:09:28.075  3783  4589 D ActivityManager: post active user change for 0 fullscreen true isHomeActivity() false
11-04 21:09:28.075  3240  3425 E Sensors : Sensor : Meta event
11-04 21:09:28.077 19365 19365 D ViewRootImpl@ed22825[GameActivity]: dispatchAttachedToWindow
11-04 21:09:28.079  3783  4589 V WindowManager: Relayout Window{ad5d767 u0 com.YourCompany.FlaminGo/com.epicgames.ue4.GameActivity}: viewVisibility=0 req=2092x1016 WM.LayoutParams{(0,0)(fillxfill) gr=#11 sim=#120 ty=2 fl=#1810508 pfl=0x1000000 wanim=0x1030001 vsysui=0x10 needsMenuKey=2 colorMode=0 naviIconColor=0}
11-04 21:09:28.079  3253  3253 I SurfaceFlinger: id=93 createSurf (2094x1080),1 flag=404, com.YourCompany.FlaminGo/com.epicgames.ue4.GameActivity#0
11-04 21:09:28.080  3783  4589 V Surface : sf_framedrop debug : 0x4f4c, game : false, logging : 0
11-04 21:09:28.085 19365 19365 V Surface : sf_framedrop debug : 0x4f4c, game : false, logging : 0
11-04 21:09:28.086 19365 19365 D ViewRootImpl@ed22825[GameActivity]: Relayout returned: old=[0,0][0,0] new=[0,0][2094,1080] result=0x7 surface={valid=true 3753752576} changed=true
11-04 21:09:28.089  3253  3253 D SurfaceFlinger:   Display[0] configurations (* current):
11-04 21:09:28.089  3253  3253 D SurfaceFlinger:     * 0: 1440x2960, xdpi=522.513977, ydpi=525.762024, refresh=16666666
11-04 21:09:28.089  3253  3253 D SurfaceFlinger:   numHwLayers=2, flags=00000000
11-04 21:09:28.089  3253  3253 D SurfaceFlinger:     type   |  handle  | hint | flag | tr | blnd |   format    |     source crop (l,t,r,b)      |          frame         | name 
11-04 21:09:28.089  3253  3253 D SurfaceFlinger: -----------+----------+------+------+----+------+-------------+--------------------------------+------------------------+------
11-04 21:09:28.089  3253  3253 D SurfaceFlinger:        HWC | 7f0ae55380 | 0000 | 0000 | 00 | 0105 | RGBA_8888   |    1.0,    0.0, 1079.0,  125.0 |    0, 2093, 1080, 2220 | NavigationBar#0
11-04 21:09:28.089  3253  3253 D SurfaceFlinger:  FB TARGET | 7f0ae558c0 | 0000 | 0000 | 00 | 0105 | RGBA_8888   |    0.0,    0.0, 1440.0, 2960.0 |    0,    0, 1440, 2960 | HWC_FRAMEBUFFER_TARGET
11-04 21:09:28.091 19365 19412 I OpenGLRenderer: Initialized EGL, version 1.4
11-04 21:09:28.091 19365 19412 D OpenGLRenderer: Swap behavior 2
11-04 21:09:28.095 19365 19412 D libGLESv1: STS_GLApi : DTS, ODTC are not allowed for Package : com.YourCompany.FlaminGo
11-04 21:09:28.096 19365 19412 D mali_winsys: EGLint new_window_surface(egl_winsys_display *, void *, EGLSurface, EGLConfig, egl_winsys_surface **, egl_color_buffer_format *, EGLBoolean) returns 0x3000,  [2094x1080]-format:1
11-04 21:09:28.096 19365 19412 D OpenGLRenderer: eglCreateWindowSurface = 0xe4da05e8
11-04 21:09:28.099 19365 19365 V InputMethodManager: Not IME target window, ignoring
11-04 21:09:28.104  3783  3792 I zygote64: Background concurrent copying GC freed 294546(16MB) AllocSpace objects, 313(6MB) LOS objects, 37% free, 40MB/64MB, paused 602us total 193.933ms
11-04 21:09:28.122 19365 19365 D ViewRootImpl@3a176fe[GameActivity]: dispatchAttachedToWindow
11-04 21:09:28.124  3783 14455 V WindowManager: Relayout Window{f03fcfe u0 com.YourCompany.FlaminGo/com.epicgames.ue4.GameActivity}: viewVisibility=0 req=2092x1016 WM.LayoutParams{(0,0)(fillxfill) sim=#10 ty=1 fl=#1810500 pfl=0x1000000 fmt=1 wanim=0x1030001 vsysui=0x10 needsMenuKey=2 colorMode=0 naviIconColor=0}
11-04 21:09:28.124  3253  3253 D SurfaceFlinger: duplicate layer name: changing com.YourCompany.FlaminGo/com.epicgames.ue4.GameActivity to com.YourCompany.FlaminGo/com.epicgames.ue4.GameActivity#1
11-04 21:09:28.124  3253  3253 I SurfaceFlinger: id=94 createSurf (2094x1080),1 flag=4, com.YourCompany.FlaminGo/com.epicgames.ue4.GameActivity#1
11-04 21:09:28.125  3783 14455 V Surface : sf_framedrop debug : 0x4f4c, game : false, logging : 0
11-04 21:09:28.125  3783  3806 D WindowManager: set systemUiVisibility : systemUiFlags= 0x18 fullscreenStackSysUiFlags= 0x0
11-04 21:09:28.125  4211  4211 D BarTransitions.PhoneStatusBarView: MODE_OPAQUE -> MODE_TRANSPARENT animate=false
11-04 21:09:28.127  3783 14455 D InputDispatcher: Focus entered window: 19365
11-04 21:09:28.128  3783  4589 D WindowManager: adjustSystemUiVisibilityLw : vis= 0x18
11-04 21:09:28.129 19365 19365 V Surface : sf_framedrop debug : 0x4f4c, game : false, logging : 0
11-04 21:09:28.130 19365 19365 D ViewRootImpl@3a176fe[GameActivity]: Relayout returned: old=[0,0][0,0] new=[0,0][2094,1080] result=0x7 surface={valid=true 3713896448} changed=true
11-04 21:09:28.137 19365 19412 D mali_winsys: EGLint new_window_surface(egl_winsys_display *, void *, EGLSurface, EGLConfig, egl_winsys_surface **, egl_color_buffer_format *, EGLBoolean) returns 0x3000,  [2094x1080]-format:1
11-04 21:09:28.137 19365 19412 D OpenGLRenderer: eglCreateWindowSurface = 0xe4da0868
11-04 21:09:28.140  3253  3253 I SurfaceFlinger: id=95 createSurf (2094x1080),4 flag=404, SurfaceView - com.YourCompany.FlaminGo/com.epicgames.ue4.GameActivity@6ff0ff1@0#0
11-04 21:09:28.141  3253  3253 I SurfaceFlinger: id=96 createSurf (2094x1080),-1 flag=20404, Background for - SurfaceView - com.YourCompany.FlaminGo/com.epicgames.ue4.GameActivity@6ff0ff1@0#0
11-04 21:09:28.142 19365 19365 D SurfaceView: BG show() Surface(name=Background for - SurfaceView - com.YourCompany.FlaminGo/com.epicgames.ue4.GameActivity@6ff0ff1@0) android.view.SurfaceView{6ff0ff1 V.E...... ......ID 0,0-2094,1080}
11-04 21:09:28.154  3253  3481 I SurfaceFlinger: id=88 Removed ScreenshotSurface#0 (8/12)
11-04 21:09:28.155  3253  3481 I SurfaceFlinger: id=88 Removed ScreenshotSurface#0 (-2/12)
11-04 21:09:28.155  3253  6520 I SurfaceFlinger: id=89 Removed BlackSurface#0 (8/11)
11-04 21:09:28.155  3253  6520 I SurfaceFlinger: id=89 Removed BlackSurface#0 (-2/11)
11-04 21:09:28.155 19365 19365 V Surface : sf_framedrop debug : 0x4f4c, game : false, logging : 0
11-04 21:09:28.155 19365 19365 V Surface : sf_framedrop debug : 0x4f4c, game : false, logging : 0
11-04 21:09:28.155  3253  3277 I SurfaceFlinger: id=90 Removed BlackSurface#0 (8/10)
11-04 21:09:28.155 19365 19365 D SurfaceView: surfaceCreated 1 android.view.SurfaceView{6ff0ff1 V.E...... ......ID 0,0-2094,1080}
11-04 21:09:28.155 19365 19365 V threaded_app: NativeWindowCreated: 0xdfffba80 -- 0xcda4c008
11-04 21:09:28.155  3253  3481 I SurfaceFlinger: id=90 Removed BlackSurface#0 (-2/10)
11-04 21:09:28.156  3253  6520 I SurfaceFlinger: id=91 Removed BlackSurface#0 (8/9)
11-04 21:09:28.156 19365 19411 V threaded_app: APP_CMD_INIT_WINDOW
11-04 21:09:28.156 19365 19411 D UE4     : Case APP_CMD_INIT_WINDOW
11-04 21:09:28.156  3253  6520 I SurfaceFlinger: id=91 Removed BlackSurface#0 (-2/9)
11-04 21:09:28.156  3253  3277 I SurfaceFlinger: id=92 Removed BlackSurface#0 (8/8)
11-04 21:09:28.156 19365 19365 D SurfaceView: surfaceChanged (2094,1080) 1 android.view.SurfaceView{6ff0ff1 V.E...... ......ID 0,0-2094,1080}
11-04 21:09:28.156  3253  3277 I SurfaceFlinger: id=92 Removed BlackSurface#0 (-2/8)
11-04 21:09:28.156 19365 19411 D UE4     : LogAndroidEvents: EnqueueAppEvent : 0, 3450126344, tid = 19411
11-04 21:09:28.158  3783  3881 V WindowManager: rotationForOrientationLw(orient=0, last=1); user=0  sensorRotation=-1 mLidState=-1 mDockMode=0 mHdmiPlugged=false
11-04 21:09:28.161 19365 19365 V threaded_app: Pause: 0xdfffba80
11-04 21:09:28.161 19365 19411 V threaded_app: activityState=13
11-04 21:09:28.161 19365 19411 D UE4     : Case APP_CMD_PAUSE
11-04 21:09:28.161 19365 19365 D UE4     : Unregistering sensor listeners
11-04 21:09:28.161 19365 19411 D UE4     : LogAndroidEvents: EnqueueAppEvent : 6, 0, tid = 19411
11-04 21:09:28.161  3783  4589 D SensorService: Calling activate off 6
11-04 21:09:28.161  3240  3884 I Sensors : batch - accelerometer_sensor try to batching with 200000000
11-04 21:09:28.166  3783  4589 D SensorService: Calling activate off 7
11-04 21:09:28.167  3240  3240 I Sensors : GyroSensor old sensor_state 16403, new sensor_state : 16401 en : 0
11-04 21:09:28.169  3783  4589 D SensorService: Calling activate off 11
11-04 21:09:28.169  3240  3240 I Sensors : GeoMagneticSensor old sensor_state 16401, new sensor_state : 16385 en : 0
11-04 21:09:28.171  3253  3253 I Layer   : id=90 onRemoved BlackSurface#0 
11-04 21:09:28.171  3253  3253 I Layer   : id=88 onRemoved ScreenshotSurface#0 
11-04 21:09:28.171  3253  3253 I Layer   : id=92 onRemoved BlackSurface#0 
11-04 21:09:28.172  3253  3253 I Layer   : id=89 onRemoved BlackSurface#0 
11-04 21:09:28.172  3253  3253 I Layer   : id=91 onRemoved BlackSurface#0 
11-04 21:09:28.172 19365 19365 D SensorManager: unregisterListener ::   
11-04 21:09:28.172 19365 19365 D UE4     : ==============> GameActive.onPause complete!
11-04 21:09:28.173  3783 14455 D ActivityManager: isScaleDownAnimationEnabled() : false
11-04 21:09:28.173  3783 14455 D StorageManagerService: getExternalStorageMountMode : 2
11-04 21:09:28.173  3783 14455 D StorageManagerService: getExternalStorageMountMode : 3
11-04 21:09:28.173  3783 14455 D StorageManagerService: getExternalStorageMountMode : final mountMode=2, uid : 10036, packageName : com.google.android.packageinstaller
11-04 21:09:28.174  3783 14455 I ApplicationPolicy: isApplicationExternalStorageWhitelisted:com.google.android.packageinstaller user:0
11-04 21:09:28.174  3783 14455 D ApplicationPolicy: isApplicationExternalStorageWhitelisted: DO is not enabled on user 0. Allowed.
11-04 21:09:28.174  3783 14455 D ActivityManager: package  com.google.android.packageinstaller, user - 0 is SDcard whitelisted
11-04 21:09:28.174  3783 14455 I ApplicationPolicy: isApplicationExternalStorageBlacklisted:com.google.android.packageinstaller user:0
11-04 21:09:28.174  3783 14455 D ApplicationPolicy: isApplicationExternalStorageBlacklisted: DO is not enabled on user 0. Allowed.
11-04 21:09:28.184  3783 14455 I ActivityManager: Start proc 19441:com.google.android.packageinstaller/u0a36 for activity com.google.android.packageinstaller/com.android.packageinstaller.permission.ui.GrantPermissionsActivity
11-04 21:09:28.186 19441 19441 E Zygote  : isWhitelistProcess - Process is Whitelisted
11-04 21:09:28.187 19441 19441 E libpersona: scanKnoxPersonas
11-04 21:09:28.187 19441 19441 E libpersona: Couldn't open the File - /data/system/users/0/personalist.xml - No such file or directory
11-04 21:09:28.188 19365 19365 D ViewRootImpl@ed22825[GameActivity]: MSG_RESIZED_REPORT: frame=Rect(0, 0 - 2094, 1080) ci=Rect(0, 0 - 0, 0) vi=Rect(0, 0 - 0, 0) or=2
