12-04 16:23:03.633  3785  3814 D CustomFrequencyManagerService: releaseDVFSLockLocked : Getting Lock type frm List : DVFS_MIN_LIMIT  frequency : 2314000  uid : 1000  pid : 3785  tag : AMS_APP_SWITCH@CPU_MIN@28
12-04 16:23:03.633 26283 26283 V threaded_app: WindowFocusChanged: 0xe43fba80 -- 1
12-04 16:23:03.633  3785  3814 D ActivityManagerPerformance: AMP_release() APP_SWITCH
12-04 16:23:03.633  4214  4214 D KeyguardCircleAffordanceView: setPreviewView: mRight=false,preview=null
12-04 16:23:03.633  4214  4214 D KeyguardCircleAffordanceView: setPreviewView: mRight=true,preview=null
12-04 16:23:03.633 26283 26325 D UE4     : LogAndroidEvents: EnqueueAppEvent : 11, 0, tid = 26325
12-04 16:23:03.641 26283 26323 D UE4     : VulkanRHI is available, Vulkan capable device detected.
12-04 16:23:03.647  3249  3249 D SurfaceFlinger:   Display[0] configurations (* current):
12-04 16:23:03.647  3249  3249 D SurfaceFlinger:     * 0: 1440x2960, xdpi=522.513977, ydpi=525.762024, refresh=16666666
12-04 16:23:03.647  3249  3249 D SurfaceFlinger:   numHwLayers=3, flags=00000000
12-04 16:23:03.647  3249  3249 D SurfaceFlinger:     type   |  handle  | hint | flag | tr | blnd |   format    |     source crop (l,t,r,b)      |          frame         | name 
12-04 16:23:03.647  3249  3249 D SurfaceFlinger: -----------+----------+------+------+----+------+-------------+--------------------------------+------------------------+------
12-04 16:23:03.647  3249  3249 D SurfaceFlinger:        HWC | 7392a2ba80 | 0000 | 0020 | 00 | 0100 | RGBA_8888   |    0.0,    0.0, 1080.0, 2094.0 |    0,    0, 1080, 2094 | com.YourCompany.FlaminGo/com.epicgames.ue4.GameActivity#0
12-04 16:23:03.647  3249  3249 D SurfaceFlinger:        HWC | 7392e567a0 | 0000 | 0000 | 00 | 0105 | RGBA_8888   |    0.0,    0.0, 1080.0,  126.0 |    0, 2094, 1080, 2220 | NavigationBar#0
12-04 16:23:03.647  3249  3249 D SurfaceFlinger:  FB TARGET | 7392e55d20 | 0000 | 0000 | 00 | 0105 | RGBA_8888   |    0.0,    0.0, 1440.0, 2960.0 |    0,    0, 1440, 2960 | HWC_FRAMEBUFFER_TARGET
12-04 16:23:03.650  4214  4214 D KeyguardUpdateMonitor: handleStatusBarState( false )
12-04 16:23:03.650  4214  4214 I chatty  : uid=10005(u0_a5) com.android.systemui identical 1 line
12-04 16:23:03.650  4214  4214 D KeyguardUpdateMonitor: handleStatusBarState( false )
12-04 16:23:03.655 26283 26283 V InputMethodManager: Starting input: tba=android.view.inputmethod.EditorInfo@a5519e8 nm : com.YourCompany.FlaminGo ic=null
12-04 16:23:03.655 26283 26283 I InputMethodManager: startInputInner - mService.startInputOrWindowGainedFocus
12-04 16:23:03.656  3785  3796 D InputMethodManagerService: startInputOrWindowGainedFocus : windowGainedFocus 
12-04 16:23:03.656  3785  3796 D InputMethodManagerService: windowGainedFocus: destinationUserId (getCallingUid) = 0
12-04 16:23:03.656  3785  3796 D InputMethodManagerService: windowGainedFocus: currentUserId=0
12-04 16:23:03.656  3785  3796 D InputMethodManagerService: windowGainedFocus: mCurrentFocusedUserId=0
12-04 16:23:03.656  3785  3796 D InputMethodManagerService: windowGainedFocus : lock - currentUserId = 0 destinationUserId = 0
12-04 16:23:03.656  3785  3796 D InputMethodManagerService: windowGainedFocus : mCurrentFocusedUserId - 0 and mSecureKeypadEnabled - false, userSwitched - false
12-04 16:23:03.656  3785  3796 W InputMethodManagerService: Focus gain on non-focused client com.android.internal.view.IInputMethodClient$Stub$Proxy@c940489 (uid=10228 pid=26283)
12-04 16:23:03.656  3785  3796 W InputMethodManagerService: calledFromValidUser : true, (mCurFocusedWindow == windowToken) : false, (attribute != null) : true
12-04 16:23:03.656  3785  3796 W InputMethodManagerService: (mCurClient != cs) : true, mCurFocusedWindow : android.os.BinderProxy@c255c6b, windowToken : android.os.BinderProxy@17b1c51
12-04 16:23:03.656  3785  3796 V InputMethodManagerService: Focus gain on non-focused client mCurClient info is ClientState{437c304 uid 10083 pid 5291}
12-04 16:23:03.656 26283 26283 D ViewRootImpl@95b93ff[GameActivity]: MSG_WINDOW_FOCUS_CHANGED 0
12-04 16:23:03.656 26283 26283 V threaded_app: WindowFocusChanged: 0xe43fba80 -- 0
12-04 16:23:03.657 26283 26325 D UE4     : LogAndroidEvents: EnqueueAppEvent : 10, 0, tid = 26325
12-04 16:23:03.657  3785  5230 D CustomFrequencyManagerService: acquireDVFSLockLocked : type : DVFS_MIN_LIMIT  frequency : 1703000  uid : 1000  pid : 3785  pkgName : AMS_ACT_RESUME@CPU_MIN@15
12-04 16:23:03.657  3785  5230 D ActivityManagerPerformance: AMP_acquire() ACT_RESUME
12-04 16:23:03.658  3785  5230 D ActivityManager: isScaleDownAnimationEnabled() : false
12-04 16:23:03.658  3785  5230 D PersonaManagerService: Current focused persona service handled id set to : 0
12-04 16:23:03.658  3785  5230 D InputDispatcher: Focused application set to: xxxx
12-04 16:23:03.659  3785  3806 D SamsungPhoneWindowManager: updateSystemUiVisibilityLw : setForceImmersiveBtnVisibility=true
12-04 16:23:03.659  3785  5230 D InputDispatcher: Focus entered window: 26283
12-04 16:23:03.664  3785  4067 D GameManagerService: handleForegroundChange(). pkgName: com.YourCompany.FlaminGo, clsName: com.epicgames.ue4.GameActivity,FgActivityName:com.YourCompany.FlaminGo/com.epicgames.ue4.GameActivity
12-04 16:23:03.664  3785  4067 D GameManagerService: sem_perfomance_mode: 0
12-04 16:23:03.664  3785  5230 D MARsPolicyManager: onPackageResumedFG pkgName = com.YourCompany.FlaminGo, userId = 0
12-04 16:23:03.664  3785  4067 D GameManagerService: notifyResumePause(). pkg: com.YourCompany.FlaminGo, type: 4, isMinimized: false, isTunableApp: false
12-04 16:23:03.664  3785  4067 D GameManagerService:   notifyResumePause(). unexpected mPrevNotiType: -1
12-04 16:23:03.665  4214  4214 D NavigationBar: setForceImmersiveBtnVisibility visible : true
12-04 16:23:03.665  4214  4214 D SecNavigationBarView: setPinButtonVisibility() shouldshow=true, leftRemoteVisible=false, mAllKeyDisabled=false, isBouncerShowing=false, isUltraPowerSaving=false, isEmergencyMode=false, isDeviceEncrypted=false, isUserSetupComplete : true
12-04 16:23:03.672 26283 26283 D ViewRootImpl@95b93ff[GameActivity]: MSG_RESIZED: frame=Rect(0, 0 - 2094, 1080) ci=Rect(0, 0 - 0, 0) vi=Rect(0, 0 - 0, 0) or=2
12-04 16:23:03.673 26283 26283 D ViewRootImpl@cc8401a[GameActivity]: MSG_RESIZED: frame=Rect(0, 0 - 2094, 1080) ci=Rect(0, 0 - 0, 0) vi=Rect(0, 0 - 0, 0) or=2
12-04 16:23:03.673 26283 26283 D ViewRootImpl@95b93ff[GameActivity]: MSG_WINDOW_FOCUS_CHANGED 1
12-04 16:23:03.674 26283 26283 V threaded_app: WindowFocusChanged: 0xe43fba80 -- 1
12-04 16:23:03.674 26283 26325 D UE4     : LogAndroidEvents: EnqueueAppEvent : 11, 0, tid = 26325
12-04 16:23:03.675 26283 26283 V InputMethodManager: Starting input: tba=android.view.inputmethod.EditorInfo@590e801 nm : com.YourCompany.FlaminGo ic=null
12-04 16:23:03.675 26283 26283 I InputMethodManager: startInputInner - mService.startInputOrWindowGainedFocus
12-04 16:23:03.676  3785  5230 D InputMethodManagerService: startInputOrWindowGainedFocus : windowGainedFocus 
12-04 16:23:03.676  3785  5230 D InputMethodManagerService: windowGainedFocus: destinationUserId (getCallingUid) = 0
12-04 16:23:03.676  3785  5230 D InputMethodManagerService: windowGainedFocus: currentUserId=0
12-04 16:23:03.676  3785  5230 D InputMethodManagerService: windowGainedFocus: mCurrentFocusedUserId=0
12-04 16:23:03.676  3785  5230 D InputMethodManagerService: windowGainedFocus : lock - currentUserId = 0 destinationUserId = 0
12-04 16:23:03.676  3785  5230 D InputMethodManagerService: windowGainedFocus : mCurrentFocusedUserId - 0 and mSecureKeypadEnabled - false, userSwitched - false
12-04 16:23:03.676  3785  5230 V InputMethodManagerService: windowGainedFocus : reason=WINDOW_FOCUS_GAIN client=android.os.BinderProxy@2d9821d inputContext=null missingMethods= attribute=android.view.inputmethod.EditorInfo@7fe5caf nm = com.YourCompany.FlaminGo controlFlags=#101 softInputMode=#10 windowFlags=#1810500
12-04 16:23:03.676  3785  5230 V InputMethodManagerService: hideCurrentInputLocked : shouldHideSoftInput is false
12-04 16:23:03.676  3785  5230 D InputMethodManagerService: isImeSwitcherDisabledPackage : false
12-04 16:23:03.677  3785  5230 V InputMethodManagerService: Creating new session for client ClientState{5e4f8bc uid 10228 pid 26283}
12-04 16:23:03.678  3785  5230 D InputMethodManagerService: setCurrentInputInfo - inputContext : null eidtorInfo : android.view.inputmethod.EditorInfo@7fe5caf missingMethods : 0
12-04 16:23:03.678 26283 26283 V threaded_app: Resume: 0xe43fba80
12-04 16:23:03.678 26283 26325 V threaded_app: activityState=11
12-04 16:23:03.678 26283 26325 D UE4     : Case APP_CMD_RESUME
12-04 16:23:03.678 26283 26283 D UE4     : Registering sensor listeners
12-04 16:23:03.678 26283 26325 D UE4     : LogAndroidEvents: EnqueueAppEvent : 7, 0, tid = 26325
12-04 16:23:03.679  3785  3796 I SensorService: createSensorEventConnection package name com.epicgames.ue4.GameActivity
12-04 16:23:03.680  3785  3796 D SensorService: Calling batch handle==6 flags=0 rate=20000000 timeout== 0
12-04 16:23:03.680  3236  3883 I Sensors : batch - accelerometer_sensor try to batching with 20000000
12-04 16:23:03.680  3236  3883 I Sensors : AccSensor old sensor_state 16384, new sensor_state : 16385 en : 1
12-04 16:23:03.681  4191  4191 I InputMethodWrapper:  call dispatchStartInputWithToken
12-04 16:23:03.681  4191  4191 I InputMethodService: dispatchStartInputWithToken
12-04 16:23:03.682  4191  4191 I SKBD    : SamsungKeypad [IMI] onStartInput - caller pid : 26283, caller uid : 10228
12-04 16:23:03.682  4191  4191 I SKBD    : SamsungKeypad  CACHEDIC onStartInput  isCachedICEnabled:  false
12-04 16:23:03.682  4191  4191 I SKBD    : atl getDefaultInputRange : UNKNOWN
12-04 16:23:03.683  4191  4191 I SKBD    : awo resetBinderManager()
12-04 16:23:03.683 26283 26283 D SensorManager: registerListener :: 6, LSM6DSL Acceleration Sensor, 20000, 0,  
12-04 16:23:03.683  4191  4191 I SKBD_SYNC: SamsungKeypad onStartInput: import DLM
12-04 16:23:03.683  3785  3796 D SensorService: Calling batch handle==11 flags=0 rate=20000000 timeout== 0
12-04 16:23:03.683  4191  4191 I SKBD    : atl setPrivateImeOptionsToTable privateImeOptions ( null )
12-04 16:23:03.683  4191  4191 I SKBD    : atl imeOptions is null
12-04 16:23:03.683  3236  3883 I Sensors : batch - geomagnetic_sensor try to batching with 20000000
12-04 16:23:03.684  3236  3883 I Sensors : GeoMagneticSensor old sensor_state 16385, new sensor_state : 16401 en : 1
12-04 16:23:03.685  4191  4191 I SKBD    : SamsungKeypad [PF_OP][onStartInput] 3107346
12-04 16:23:03.686  4191  4191 I SKBD    : putCacheDrawable inputModule=0 key =ICON_SETTING
12-04 16:23:03.686 26283 26283 D SensorManager: registerListener :: 11, AK09916C Magnetic field Sensor, 20000, 0,  
12-04 16:23:03.687  3785  3796 D SensorService: Calling batch handle==7 flags=0 rate=20000000 timeout== 0
12-04 16:23:03.687  3236  3883 I Sensors : batch - gyro_sensor try to batching with 20000000
12-04 16:23:03.687  3236  3883 I Sensors : GyroSensor old sensor_state 16401, new sensor_state : 16403 en : 1
12-04 16:23:03.691 26283 26283 D SensorManager: registerListener :: 7, LSM6DSL Gyroscope Sensor, 20000, 0,  
12-04 16:23:03.691 26283 26283 D UE4     : App is running in Landscape
12-04 16:23:03.691 26283 26283 D UE4     : ==============> Resuming main init
12-04 16:23:03.691 26283 26283 D UE4     : ==============> GameActive.onResume complete!
12-04 16:23:03.692  3785  3796 D ActivityManager: post active user change for 0 fullscreen true isHomeActivity() false
12-04 16:23:03.692 26283 26283 V InputMethodManager: Starting input: tba=android.view.inputmethod.EditorInfo@72946a6 nm : com.YourCompany.FlaminGo ic=null
12-04 16:23:03.694  3785  3796 V WindowManager: Relayout Window{bb1ecb6 u0 com.YourCompany.FlaminGo/com.epicgames.ue4.GameActivity}: viewVisibility=0 req=2094x1080 WM.LayoutParams{(0,0)(fillxfill) sim=#110 ty=1 fl=#1810500 pfl=0x1000000 fmt=1 wanim=0x1030001 vsysui=0x10 needsMenuKey=2 colorMode=0 naviIconColor=0}
12-04 16:23:03.699 26283 26283 D ViewRootImpl@95b93ff[GameActivity]: Relayout returned: old=[0,0][2094,1080] new=[0,0][2094,1080] result=0x1 surface={valid=true 3334414336} changed=false
12-04 16:23:03.705  4560 15847 D ForegroundUtils: could not check pending caller
12-04 16:23:03.706  5291  5291 D StageManager: saved stages : inStack [1] , outStack[2]
12-04 16:23:03.707 21622 21632 I SAMSUNGPAY: [Hint_ProcessStatusChange] fg Change, pid : 26358 , isNotify : true , isForeground : false , fg list : [5291, 26283]
12-04 16:23:03.709 21622 21622 I SAMSUNGPAY: [ServiceTypeTable] isSupportOperator : BTU, GB
12-04 16:23:03.710 21622 21622 D SAMSUNGPAY: [ServiceTypeTable] Upgrade - ServiceTypeTable - entryFromCountryIso - index is : 37, iso : GB
12-04 16:23:03.711 21622 21622 D SAMSUNGPAY: [Hint_SimpleIntroService] Hint Status - already invisible, skip hide : Landscape mode
12-04 16:23:03.714  3785  3796 I WindowManager: Destroying surface Surface(name=com.sec.android.app.launcher/com.sec.android.app.launcher.activities.LauncherActivity) called by com.android.server.wm.WindowStateAnimator.destroySurface:2465 com.android.server.wm.WindowStateAnimator.destroySurfaceLocked:967 com.android.server.wm.WindowState.destroyOrSaveSurfaceUnchecked:3661 com.android.server.wm.WindowState.destroySurface:3609 com.android.server.wm.AppWindowToken.destroySurfaces:722 com.android.server.wm.AppWindowToken.destroySurfaces:706 com.android.server.wm.AppWindowToken.notifyAppStopped:751 com.android.server.wm.AppWindowContainerController.notifyAppStopped:824 
12-04 16:23:03.714  3249  3276 I SurfaceFlinger: id=224 Removed com.sec.android.app.launcher/com.sec.android.app.launcher.activities.LauncherActivity#0 (1/7)
12-04 16:23:03.714  3249  3276 I SurfaceFlinger: id=224 Removed com.sec.android.app.launcher/com.sec.android.app.launcher.activities.LauncherActivity#0 (-2/7)
12-04 16:23:03.715  4560 15847 D ForegroundUtils: could not check pending caller
12-04 16:23:03.716 21622 21632 I SAMSUNGPAY: [Hint_ProcessStatusChange] fg Change, pid : 5291 , isNotify : true , isForeground : false , fg list : [26283]
12-04 16:23:03.718 21622 21622 I SAMSUNGPAY: [ServiceTypeTable] isSupportOperator : BTU, GB
12-04 16:23:03.719 21622 21622 D SAMSUNGPAY: [ServiceTypeTable] Upgrade - ServiceTypeTable - entryFromCountryIso - index is : 37, iso : GB
12-04 16:23:03.719 21622 21622 D SAMSUNGPAY: [Hint_SimpleIntroService] Hint Status - already invisible, skip hide : Landscape mode
12-04 16:23:03.729  3249  3249 I Layer   : id=224 onRemoved com.sec.android.app.launcher/com.sec.android.app.launcher.activities.LauncherActivity#0 
12-04 16:23:03.768  4214 25580 D SystemServicesProxy: updateOverviewLastStackActiveTimeAsync: newTime=1543940583660
12-04 16:23:03.768  3785  5230 D SecContentProvider: query(), uri = 17 selection = isSettingsChangesAllowed
12-04 16:23:03.769  3785  5230 D SecContentProvider: called from android.uid.systemui:10005
12-04 16:23:03.769  4214  4449 D SystemServicesProxy: updateOverviewLastStackActiveTimeAsync: done.
12-04 16:23:03.798  3785  3785 D AppWidgetServiceImpl: handleNotifyUpdateAppWidget, appWidgetId = 3
12-04 16:23:03.799  5291  5291 I LauncherAppWidgetHostView: updateLastInflationOrientation, orientation: 0,activityOrientation: 1, widget: ComponentInfo{com.google.android.googlequicksearchbox/com.google.android.googlequicksearchbox.SearchWidgetProvider}
12-04 16:23:03.846  3785  3936 D MdnieScenarioControlService:  packageName : com.YourCompany.FlaminGo    className : com.epicgames.ue4.GameActivity
12-04 16:23:03.846  3785  3936 V MdnieScenarioControlService: setUIMode from UI function(3)
12-04 16:23:03.847 26283 26323 D UE4     : LogStreaming: Display: Took  0.066s to configure plugins.
12-04 16:23:03.847 26283 26323 D UE4     : 
12-04 16:23:03.852 26283 26323 D UE4     : LogOnline: Display: OnlineSubsystemGooglePlayModule::StartupModule()
12-04 16:23:03.852 26283 26323 D UE4     : 
12-04 16:23:03.852 26283 26323 D UE4     : LogOnline: Warning: FOnlineSubsystemGooglePlayModule was disabled
12-04 16:23:03.852 26283 26323 D UE4     : 
12-04 16:23:03.853 26283 26323 D UE4     : LogOnline: Warning: FOnlineSubsystemGooglePlayModule was disabled
12-04 16:23:03.853 26283 26323 D UE4     : 
12-04 16:23:03.855 26283 26323 D UE4     : LogStreaming: Display: Took  0.001s to delete old logs.
12-04 16:23:03.855 26283 26323 D UE4     : 
12-04 16:23:03.879 26283 26323 D UE4     : LogStreaming: Display: Async Loading initialized: Event Driven Loader: true, Async Loading Thread: false, Async Post Load: true
12-04 16:23:03.879 26283 26323 D UE4     : 
12-04 16:23:03.905 26283 26323 D UE4     : ***** RequestedContentScaleFactor different 1.000000 != -1.000000, not using res cache
12-04 16:23:03.905 26283 26323 D UE4     : ***** Window different, not using res cache
12-04 16:23:03.905 26283 26323 D UE4     : ***** WindowWidth is -1, not using res cache
12-04 16:23:03.906 26283 26323 D UE4     : Vulkan not available as project packaged without bSupportsVulkan or bSupportsVulkanSM5.
12-04 16:23:03.932  3785  3785 D CustomFrequencyManagerService: releaseDVFSLockLocked : Getting Lock type frm List : DVFS_MIN_LIMIT  frequency : 1807000  uid : 1000  pid : 3785  tag : AMS_RESUME_TAIL@CPU_MIN@39
12-04 16:23:03.947 26283 26323 D UE4     : LogHAL: Display: Platform has ~ 4 GB [3619950592 / 4294967296 / 4], which maps to Default [LargestMinGB=8, LargerMinGB=6, DefaultMinGB=4, SmallerMinGB=3, SmallestMinGB=0)
12-04 16:23:03.947 26283 26323 D UE4     : 
12-04 16:23:03.966  3785  3937 D AllAroundSensingService: packageName : com.YourCompany.FlaminGo    className : com.epicgames.ue4.GameActivity
12-04 16:23:03.966  3785  3937 V AllAroundSensingService: setPlatformBrightnessValue 120
12-04 16:23:03.986  3376  3376 E adbd    : recv: OPEN 00002486 00000000 000c:73 68 65 6C 6C 2C 76 32 3A 70 73 00 
12-04 16:23:03.986  3376  3376 E adbd    : service_to_fd: shell,v2:ps
12-04 16:23:04.015  3785  7406 D GamePkgDataHelper: getGamePkgDataIncServer(). com.YourCompany.FlaminGo
12-04 16:23:04.016  3785  7406 D GameManagerService: identifyGamePackage. com.YourCompany.FlaminGo
12-04 16:23:04.016  3785  7406 D GamePkgDataHelper: getGamePkgData(). com.YourCompany.FlaminGo
12-04 16:23:04.017  3785  7406 D GamePkgDataHelper: getSosPolicy(). com.YourCompany.FlaminGo
12-04 16:23:04.018  3785  7406 D GameManagerService: identifyGamePackage. com.YourCompany.FlaminGo
12-04 16:23:04.018  3785  7406 D GamePkgDataHelper: getGamePkgData(). com.YourCompany.FlaminGo
12-04 16:23:04.020  3785  7406 D GameManagerService: identifyGamePackage. com.YourCompany.FlaminGo
12-04 16:23:04.020  3785  7406 D GamePkgDataHelper: getGamePkgData(). com.YourCompany.FlaminGo
12-04 16:23:04.022  3785  7406 D GameManagerService: identifyGamePackage. com.YourCompany.FlaminGo
12-04 16:23:04.022  3785  7406 D GamePkgDataHelper: getGamePkgData(). com.YourCompany.FlaminGo
12-04 16:23:04.024  3785  7406 D GameManagerService: identifyGamePackage. com.YourCompany.FlaminGo
12-04 16:23:04.024  3785  7406 D GamePkgDataHelper: getGamePkgData(). com.YourCompany.FlaminGo
12-04 16:23:04.033 26283 26323 D UE4     : LogStreaming: Display: Took  0.082s to InitEngineTextLocalization.
12-04 16:23:04.033 26283 26323 D UE4     : 
12-04 16:23:04.055 26283 26323 D UE4     : VulkanRHI will NOT be used:
12-04 16:23:04.055 26283 26323 D UE4     :  ** Vulkan support is not available (Driver, RHI or shaders are missing, or disabled by cmdline)
12-04 16:23:04.055 26283 26323 D UE4     : OpenGL ES will be used.
12-04 16:23:04.055 26283 26323 D UE4     : FPlatformOpenGLDevice:Init
12-04 16:23:04.055 26283 26323 D UE4     : AndroidEGL::InitSurface 0, 1
12-04 16:23:04.056 26283 26323 D UE4     : [JAVA] - SetDesiredViewSize width=1392 and height=720
12-04 16:23:04.056 26283 26323 D UE4     : AndroidEGL::CreateEGLSurface() Already initialized: 0xd043f4e0
12-04 16:23:04.061 26283 26323 D libGLESv2: STS_GLApi : DTS, ODTC are not allowed for Package : com.YourCompany.FlaminGo
12-04 16:23:04.066 26283 26323 D UE4     : LogRHI: Display: Testing for shader compiler compatibility
12-04 16:23:04.066 26283 26323 D UE4     : 
12-04 16:23:04.067 26283 26323 D UE4     : LogRHI: Display: Shaders compile fine no need to enable hacks
12-04 16:23:04.067 26283 26323 D UE4     : 
12-04 16:23:04.067 26283 26323 D UE4     : LogRHI: Display: Testing for round() function availability
12-04 16:23:04.067 26283 26323 D UE4     : 
12-04 16:23:04.067 26283 26323 D UE4     : LogRHI: Warning: Disabling the need for the round() function hack
12-04 16:23:04.067 26283 26323 D UE4     : 
12-04 16:23:04.067 26283 26323 D UE4     : LogShaderLibrary: Display: Failed to load Shared Shader Library: Global and no native library supported.
12-04 16:23:04.067 26283 26323 D UE4     : 
12-04 16:23:04.067 26283 26323 D UE4     : LogShaderLibrary: Display: Failed to load Shared Shader Library: Global_SC and no native library supported.
12-04 16:23:04.067 26283 26323 D UE4     : 
12-04 16:23:04.067 26283 26323 D UE4     : LogShaderLibrary: Display: Failed to load Shared Shader Library: Paper2D and no native library supported.
12-04 16:23:04.067 26283 26323 D UE4     : 
12-04 16:23:04.067 26283 26323 D UE4     : LogShaderLibrary: Display: Failed to load Shared Shader Library: Paper2D_SC and no native library supported.
12-04 16:23:04.067 26283 26323 D UE4     : 
12-04 16:23:04.067 26283 26323 D UE4     : LogShaderLibrary: Display: Failed to load Shared Shader Library: Paper2D and no native library supported.
12-04 16:23:04.067 26283 26323 D UE4     : 
12-04 16:23:04.068 26283 26323 D UE4     : LogShaderLibrary: Display: Failed to load Shared Shader Library: Paper2D_SC and no native library supported.
12-04 16:23:04.068 26283 26323 D UE4     : 
12-04 16:23:04.068 26283 26323 D UE4     : LogShaderLibrary: Display: Failed to load Shared Shader Library: CryptoKeys and no native library supported.
12-04 16:23:04.068 26283 26323 D UE4     : 
12-04 16:23:04.068 26283 26323 D UE4     : LogShaderLibrary: Display: Failed to load Shared Shader Library: CryptoKeys_SC and no native library supported.
12-04 16:23:04.068 26283 26323 D UE4     : 
12-04 16:23:04.068 26283 26323 D UE4     : LogShaderLibrary: Display: Failed to load Shared Shader Library: CryptoKeys and no native library supported.
12-04 16:23:04.068 26283 26323 D UE4     : 
12-04 16:23:04.068 26283 26323 D UE4     : LogShaderLibrary: Display: Failed to load Shared Shader Library: CryptoKeys_SC and no native library supported.
12-04 16:23:04.068 26283 26323 D UE4     : 
12-04 16:23:04.068 26283 26323 D UE4     : LogShaderLibrary: Display: Failed to load Shared Shader Library: MeshEditor and no native library supported.
12-04 16:23:04.068 26283 26323 D UE4     : 
12-04 16:23:04.068 26283 26323 D UE4     : LogShaderLibrary: Display: Failed to load Shared Shader Library: MeshEditor_SC and no native library supported.
12-04 16:23:04.068 26283 26323 D UE4     : 
12-04 16:23:04.069 26283 26323 D UE4     : LogShaderLibrary: Display: Failed to load Shared Shader Library: MeshEditor and no native library supported.
12-04 16:23:04.069 26283 26323 D UE4     : 
12-04 16:23:04.069 26283 26323 D UE4     : LogShaderLibrary: Display: Failed to load Shared Shader Library: MeshEditor_SC and no native library supported.
12-04 16:23:04.069 26283 26323 D UE4     : 
12-04 16:23:04.069 26283 26323 D UE4     : LogShaderLibrary: Display: Failed to load Shared Shader Library: DatasmithContent and no native library supported.
12-04 16:23:04.069 26283 26323 D UE4     : 
12-04 16:23:04.069 26283 26323 D UE4     : LogShaderLibrary: Display: Failed to load Shared Shader Library: DatasmithContent_SC and no native library supported.
12-04 16:23:04.069 26283 26323 D UE4     : 
12-04 16:23:04.069 26283 26323 D UE4     : LogShaderLibrary: Display: Failed to load Shared Shader Library: DatasmithContent and no native library supported.
12-04 16:23:04.069 26283 26323 D UE4     : 
12-04 16:23:04.069 26283 26323 D UE4     : LogShaderLibrary: Display: Failed to load Shared Shader Library: DatasmithContent_SC and no native library supported.
12-04 16:23:04.069 26283 26323 D UE4     : 
12-04 16:23:04.069 26283 26323 D UE4     : LogShaderLibrary: Display: Failed to load Shared Shader Library: MediaCompositing and no native library supported.
12-04 16:23:04.069 26283 26323 D UE4     : 
12-04 16:23:04.069 26283 26323 D UE4     : LogShaderLibrary: Display: Failed to load Shared Shader Library: MediaCompositing_SC and no native library supported.
12-04 16:23:04.069 26283 26323 D UE4     : 
12-04 16:23:04.070 26283 26323 D UE4     : LogShaderLibrary: Display: Failed to load Shared Shader Library: MediaCompositing and no native library supported.
12-04 16:23:04.070 26283 26323 D UE4     : 
12-04 16:23:04.070 26283 26323 D UE4     : LogShaderLibrary: Display: Failed to load Shared Shader Library: MediaCompositing_SC and no native library supported.
12-04 16:23:04.070 26283 26323 D UE4     : 
12-04 16:23:04.070 26283 26323 D UE4     : LogShaderLibrary: Display: Failed to load Shared Shader Library: OculusVR and no native library supported.
12-04 16:23:04.070 26283 26323 D UE4     : 
12-04 16:23:04.070 26283 26323 D UE4     : LogShaderLibrary: Display: Failed to load Shared Shader Library: OculusVR_SC and no native library supported.
12-04 16:23:04.070 26283 26323 D UE4     : 
12-04 16:23:04.070 26283 26323 D UE4     : LogShaderLibrary: Display: Failed to load Shared Shader Library: OculusVR and no native library supported.
12-04 16:23:04.070 26283 26323 D UE4     : 
12-04 16:23:04.070 26283 26323 D UE4     : LogShaderLibrary: Display: Failed to load Shared Shader Library: OculusVR_SC and no native library supported.
12-04 16:23:04.070 26283 26323 D UE4     : 
12-04 16:23:04.070 26283 26323 D UE4     : LogShaderLibrary: Display: Failed to load Shared Shader Library: SteamVR and no native library supported.
12-04 16:23:04.070 26283 26323 D UE4     : 
12-04 16:23:04.070 26283 26323 D UE4     : LogShaderLibrary: Display: Failed to load Shared Shader Library: SteamVR_SC and no native library supported.
12-04 16:23:04.070 26283 26323 D UE4     : 
12-04 16:23:04.071 26283 26323 D UE4     : LogShaderLibrary: Display: Failed to load Shared Shader Library: SteamVR and no native library supported.
12-04 16:23:04.071 26283 26323 D UE4     : 
12-04 16:23:04.071 26283 26323 D UE4     : LogShaderLibrary: Display: Failed to load Shared Shader Library: SteamVR_SC and no native library supported.
12-04 16:23:04.071 26283 26323 D UE4     : 
12-04 16:23:04.071 26283 26323 D UE4     : LogRHI: Display: Failed to open default shader pipeline cache for FlaminGo using shader platform 8.
12-04 16:23:04.071 26283 26323 D UE4     : 
12-04 16:23:04.071 26283 26323 D UE4     : LogRHI: Display: Failed to open default shader pipeline cache for FlaminGo using shader platform 8.
12-04 16:23:04.071 26283 26323 D UE4     : 
12-04 16:23:04.160  3785 26392 D TspStateManagerInternal: update cmd=set_grip_data,2,1,40,10
12-04 16:23:04.206 26283 26323 D UE4     : LogShaderLibrary: Display: Failed to load Shared Shader Library: FlaminGo and no native library supported.
12-04 16:23:04.206 26283 26323 D UE4     : 
12-04 16:23:04.206 26283 26323 D UE4     : LogShaderLibrary: Display: Failed to load Shared Shader Library: FlaminGo_SC and no native library supported.
12-04 16:23:04.206 26283 26323 D UE4     : 
12-04 16:23:04.206 26283 26323 D UE4     : LogRHI: Display: Failed to open default shader pipeline cache for FlaminGo using shader platform 8.
12-04 16:23:04.206 26283 26323 D UE4     : 
12-04 16:23:04.206 26283 26323 D UE4     : LogShaderLibrary: Display: Failed to load Shared Shader Library: FlaminGo and no native library supported.
12-04 16:23:04.206 26283 26323 D UE4     : 
12-04 16:23:04.207 26283 26323 D UE4     : LogShaderLibrary: Display: Failed to load Shared Shader Library: FlaminGo_SC and no native library supported.
12-04 16:23:04.207 26283 26323 D UE4     : 
12-04 16:23:04.207 26283 26323 D UE4     : LogRHI: Display: Failed to open default shader pipeline cache for FlaminGo using shader platform 8.
12-04 16:23:04.207 26283 26323 D UE4     : 
12-04 16:23:04.271 26283 26323 D UE4     : LogStreaming: Display: Took  0.064s to InitGameTextLocalization.
12-04 16:23:04.271 26283 26323 D UE4     : 
12-04 16:23:04.637 26283 26323 D UE4     : LogStreaming: Display: Flushing async loaders.
12-04 16:23:04.638 26283 26323 D UE4     : 
12-04 16:23:04.658  3785  4990 D CustomFrequencyManagerService: releaseDVFSLockLocked : Getting Lock type frm List : DVFS_MIN_LIMIT  frequency : 1703000  uid : 1000  pid : 3785  tag : AMS_ACT_RESUME@CPU_MIN@15
12-04 16:23:04.658  3785  4990 D ActivityManagerPerformance: AMP_release() ACT_RESUME
12-04 16:23:04.763  3785  3785 D PreBindingService: handleMessage : 1
12-04 16:23:04.797  3785  3785 D CustomFrequencyManagerService: releaseDVFSLockLocked : Getting Lock type frm List : DVFS_MIN_LIMIT  frequency : 2314000  uid : 1000  pid : 3785  tag : PWM_ROTATION@CPU_MIN@33
12-04 16:23:04.962 26283 26323 I MediaPlayer: Need to enable context aware info
12-04 16:23:04.963 26283 26323 V MediaPlayer-JNI: native_setup
12-04 16:23:04.963 26283 26323 V MediaPlayerNative: constructor
12-04 16:23:04.967 26283 26323 V MediaPlayerNative: setListener
12-04 16:23:04.975  3785  3785 D PreBindingService: handleMessage : 1
12-04 16:23:04.978 26283 26323 D UE4     : [2018.12.04-16.23.04:978][  0]LogAndroid: Display: Android Version Make Model Language: 8.0.0 samsung SM-G955F en_GB
12-04 16:23:04.979 26283 26323 D UE4     : [2018.12.04-16.23.04:979][  0]LogAndroid: Case APP_CMD_START
12-04 16:23:04.979 26283 26323 D UE4     : [2018.12.04-16.23.04:979][  0]LogAndroid: Case APP_CMD_RESUME
12-04 16:23:04.979 26283 26323 D UE4     : [2018.12.04-16.23.04:979][  0]LogAndroid: Case APP_CMD_INPUT_CHANGED
12-04 16:23:04.979 26283 26323 D UE4     : [2018.12.04-16.23.04:979][  0]LogAndroid: Case APP_CMD_INIT_WINDOW
12-04 16:23:04.979 26283 26323 D UE4     : [2018.12.04-16.23.04:979][  0]LogAndroid: Case APP_CMD_PAUSE
12-04 16:23:04.979 26283 26323 D UE4     : [2018.12.04-16.23.04:979][  0]LogInit: Display: Running engine for game: FlaminGo
12-04 16:23:04.979 26283 26323 D UE4     : [2018.12.04-16.23.04:979][  0]LogTemp: 8 cores and 8 assignable cores
12-04 16:23:04.979 26283 26323 D UE4     : [2018.12.04-16.23.04:979][  0]LogTaskGraph: Started task graph with 5 named threads and 17 total threads with 3 sets of task threads.
12-04 16:23:04.979 26283 26323 D UE4     : [2018.12.04-16.23.04:979][  0]LogStats: Stats thread started at 0.408801
12-04 16:23:04.979 26283 26323 D UE4     : [2018.12.04-16.23.04:979][  0]LogICUInternationalization: Display: ICU TimeZone Detection - Raw Offset: +0:00, Platform Override: ''
12-04 16:23:04.979 26283 26323 D UE4     : [2018.12.04-16.23.04:979][  0]LogAndroid: Case APP_CMD_GAINED_FOCUS
12-04 16:23:04.979 26283 26323 D UE4     : [2018.12.04-16.23.04:979][  0]LogAndroid: Case APP_CMD_LOST_FOCUS
12-04 16:23:04.980 26283 26323 D UE4     : [2018.12.04-16.23.04:980][  0]LogAndroid: Case APP_CMD_GAINED_FOCUS
12-04 16:23:04.980 26283 26323 D UE4     : [2018.12.04-16.23.04:980][  0]LogAndroid: Case APP_CMD_RESUME
12-04 16:23:04.980 26283 26323 D UE4     : [2018.12.04-16.23.04:980][  0]LogPluginManager: Mounting plugin Paper2D
12-04 16:23:04.980 26283 26323 D UE4     : [2018.12.04-16.23.04:980][  0]LogPluginManager: Mounting plugin AISupport
12-04 16:23:04.980 26283 26323 D UE4     : [2018.12.04-16.23.04:980][  0]LogPluginManager: Mounting plugin LightPropagationVolume
12-04 16:23:04.980 26283 26323 D UE4     : [2018.12.04-16.23.04:980][  0]LogPluginManager: Mounting plugin AssetManagerEditor
12-04 16:23:04.980 26283 26323 D UE4     : [2018.12.04-16.23.04:980][  0]LogPluginManager: Mounting plugin CryptoKeys
12-04 16:23:04.980 26283 26323 D UE4     : [2018.12.04-16.23.04:980][  0]LogPluginManager: Mounting plugin FacialAnimation
12-04 16:23:04.980 26283 26323 D UE4     : [2018.12.04-16.23.04:980][  0]LogPluginManager: Mounting plugin MeshEditor
12-04 16:23:04.980 26283 26323 D UE4     : [2018.12.04-16.23.04:980][  0]LogPluginManager: Mounting plugin DatasmithContent
12-04 16:23:04.980 26283 26323 D UE4     : [2018.12.04-16.23.04:980][  0]LogPluginManager: Mounting plugin AlembicImporter
12-04 16:23:04.980 26283 26323 D UE4     : [2018.12.04-16.23.04:980][  0]LogPluginManager: Mounting plugin AppleImageUtils
12-04 16:23:04.980 26283 26323 D UE4     : [2018.12.04-16.23.04:980][  0]LogPluginManager: Mounting plugin AppleVision
12-04 16:23:04.981 26283 26323 D UE4     : [2018.12.04-16.23.04:981][  0]LogPluginManager: Mounting plugin BackChannel
12-04 16:23:04.981 26283 26323 D UE4     : [2018.12.04-16.23.04:981][  0]LogPluginManager: Mounting plugin CharacterAI
12-04 16:23:04.981 26283 26323 D UE4     : [2018.12.04-16.23.04:981][  0]LogPluginManager: Mounting plugin GeometryCache
12-04 16:23:04.981 26283 26323 D UE4     : [2018.12.04-16.23.04:981][  0]LogPluginManager: Mounting plugin AndroidMedia
12-04 16:23:04.981 26283 26323 D UE4     : [2018.12.04-16.23.04:981][  0]LogPluginManager: Mounting plugin ImgMedia
12-04 16:23:04.981 26283 26323 D UE4     : [2018.12.04-16.23.04:981][  0]LogPluginManager: Mounting plugin LinearTimecode
12-04 16:23:04.981 26283 26323 D UE4     : [2018.12.04-16.23.04:981][  0]LogPluginManager: Mounting plugin MediaCompositing
12-04 16:23:04.981 26283 26323 D UE4     : [2018.12.04-16.23.04:981][  0]LogPluginManager: Mounting plugin TcpMessaging
12-04 16:23:04.981 26283 26323 D UE4     : [2018.12.04-16.23.04:981][  0]LogPluginManager: Mounting plugin UdpMessaging
12-04 16:23:04.981 26283 26323 D UE4     : [2018.12.04-16.23.04:981][  0]LogPluginManager: Mounting plugin ActorSequence
12-04 16:23:04.981 26283 26323 D UE4     : [2018.12.04-16.23.04:981][  0]LogPluginManager: Mounting plugin NetcodeUnitTest
12-04 16:23:04.981 26283 26323 D UE4     : [2018.12.04-16.23.04:981][  0]LogPluginManager: Mounting plugin NUTUnrealEngine4
12-04 16:23:04.981 26283 26323 D UE4     : [2018.12.04-16.23.04:981][  0]LogPluginManager: Mounting plugin OnlineSubsystemGooglePlay
12-04 16:23:04.981 26283 26323 D UE4     : [2018.12.04-16.23.04:981][  0]LogPluginManager: Mounting plugin OnlineSubsystem
12-04 16:23:04.982 26283 26323 D UE4     : [2018.12.04-16.23.04:982][  0]LogPluginManager: Mounting plugin OnlineSubsystemNull
12-04 16:23:04.982 26283 26323 D UE4     : [2018.12.04-16.23.04:982][  0]LogPluginManager: Mounting plugin OnlineSubsystemUtils
12-04 16:23:04.982 26283 26323 D UE4     : [2018.12.04-16.23.04:982][  0]LogPluginManager: Mounting plugin AndroidDeviceProfileSelector
12-04 16:23:04.982 26283 26323 D UE4     : [2018.12.04-16.23.04:982][  0]LogPluginManager: Mounting plugin AndroidMoviePlayer
12-04 16:23:04.982 26283 26323 D UE4     : [2018.12.04-16.23.04:982][  0]LogPluginManager: Mounting plugin AndroidPermission
12-04 16:23:04.982 26283 26323 D UE4     : [2018.12.04-16.23.04:982][  0]LogPluginManager: Mounting plugin ArchVisCharacter
12-04 16:23:04.982 26283 26323 D UE4     : [2018.12.04-16.23.04:982][  0]LogPluginManager: Mounting plugin CableComponent
12-04 16:23:04.982 26283 26323 D UE4     : [2018.12.04-16.23.04:982][  0]LogPluginManager: Mounting plugin CustomMeshComponent
12-04 16:23:04.982 26283 26323 D UE4     : [2018.12.04-16.23.04:982][  0]LogPluginManager: Mounting plugin EditableMesh
12-04 16:23:04.982 26283 26323 D UE4     : [2018.12.04-16.23.04:982][  0]LogPluginManager: Mounting plugin ExampleDeviceProfileSelector
12-04 16:23:04.982 26283 26323 D UE4     : [2018.12.04-16.23.04:982][  0]LogPluginManager: Mounting plugin GoogleCloudMessaging
12-04 16:23:04.982 26283 26323 D UE4     : [2018.12.04-16.23.04:982][  0]LogPluginManager: Mounting plugin ImmediatePhysics
12-04 16:23:04.982 26283 26323 D UE4     : [2018.12.04-16.23.04:982][  0]LogPluginManager: Mounting plugin LocationServicesBPLibrary
12-04 16:23:04.983 26283 26323 D UE4     : [2018.12.04-16.23.04:983][  0]LogPluginManager: Mounting plugin MobilePatchingUtils
12-04 16:23:04.983 26283 26323 D UE4     : [2018.12.04-16.23.04:983][  0]LogPluginManager: Mounting plugin OculusVR
12-04 16:23:04.983 26283 26323 D UE4     : [2018.12.04-16.23.04:983][  0]LogPluginManager: Mounting plugin PhysXVehicles
12-04 16:23:04.983 26283 26323 D UE4     : [2018.12.04-16.23.04:983][  0]LogPluginManager: Mounting plugin ProceduralMeshComponent
12-04 16:23:04.983 26283 26323 D UE4     : [2018.12.04-16.23.04:983][  0]LogPluginManager: Mounting plugin RuntimePhysXCooking
12-04 16:23:04.983 26283 26323 D UE4     : [2018.12.04-16.23.04:983][  0]LogPluginManager: Mounting plugin SteamVR
12-04 16:23:04.983 26283 26323 D UE4     : [2018.12.04-16.23.04:983][  0]LogStreaming: Display: Took  0.066s to configure plugins.
12-04 16:23:04.983 26283 26323 D UE4     : [2018.12.04-16.23.04:983][  0]LogInit: Using libcurl 7.46.0
12-04 16:23:04.983 26283 26323 D UE4     : [2018.12.04-16.23.04:983][  0]LogInit:  - built for arm-unknown-linux-androideabi
12-04 16:23:04.983 26283 26323 D UE4     : [2018.12.04-16.23.04:983][  0]LogInit:  - supports SSL with OpenSSL/1.0.1s
12-04 16:23:04.983 26283 26323 D UE4     : [2018.12.04-16.23.04:983][  0]LogInit:  - supports HTTP deflate (compression) using libz 1.2.8
12-04 16:23:04.983 26283 26323 D UE4     : [2018.12.04-16.23.04:983][  0]LogInit:  - other features:
12-04 16:23:04.984 26283 26323 D UE4     : [2018.12.04-16.23.04:983][  0]LogInit:      CURL_VERSION_SSL
12-04 16:23:04.984 26283 26323 D UE4     : [2018.12.04-16.23.04:984][  0]LogInit:      CURL_VERSION_LIBZ
12-04 16:23:04.984 26283 26323 D UE4     : [2018.12.04-16.23.04:984][  0]LogInit:      CURL_VERSION_IPV6
12-04 16:23:04.984 26283 26323 D UE4     : [2018.12.04-16.23.04:984][  0]LogInit:      CURL_VERSION_ASYNCHDNS
12-04 16:23:04.984 26283 26323 D UE4     : [2018.12.04-16.23.04:984][  0]LogInit:      CURL_VERSION_TLSAUTH_SRP
12-04 16:23:04.984 26283 26323 D UE4     : [2018.12.04-16.23.04:984][  0]LogInit:  Libcurl: using existing PEM file: '/storage/emulated/0/Android/data/com.YourCompany.FlaminGo/files/ca-bundle.pem'
12-04 16:23:04.984 26283 26323 D UE4     : [2018.12.04-16.23.04:984][  0]LogInit:  CurlRequestOptions (configurable via config and command line):
12-04 16:23:04.984 26283 26323 D UE4     : [2018.12.04-16.23.04:984][  0]LogInit:  - bVerifyPeer = true  - Libcurl will verify peer certificate
12-04 16:23:04.984 26283 26323 D UE4     : [2018.12.04-16.23.04:984][  0]LogInit:  - bUseHttpProxy = false  - Libcurl will NOT use HTTP proxy
12-04 16:23:04.984 26283 26323 D UE4     : [2018.12.04-16.23.04:984][  0]LogInit:  - bDontReuseConnections = false  - Libcurl will reuse connections
12-04 16:23:04.984 26283 26323 D UE4     : [2018.12.04-16.23.04:984][  0]LogInit:  - CertBundlePath = /storage/emulated/0/Android/data/com.YourCompany.FlaminGo/files/ca-bundle.pem  - Libcurl will set CURLOPT_CAINFO to it
12-04 16:23:04.984 26283 26323 D UE4     : [2018.12.04-16.23.04:984][  0]LogInit:  - MaxHostConnections = 16  - Libcurl will limit the number of connections to a host
12-04 16:23:04.985 26283 26323 D UE4     : [2018.12.04-16.23.04:984][  0]LogInit:  - LocalHostAddr = Default
12-04 16:23:04.985 26283 26323 D UE4     : [2018.12.04-16.23.04:985][  0]LogInit:  - BufferSize = 65536
12-04 16:23:04.985 26283 26323 D UE4     : [2018.12.04-16.23.04:985][  0]LogOnline: Display: OnlineSubsystemGooglePlayModule::StartupModule()
12-04 16:23:04.985 26283 26323 D UE4     : [2018.12.04-16.23.04:985][  0]LogOnline: Warning: FOnlineSubsystemGooglePlayModule was disabled
12-04 16:23:04.985 26283 26323 D UE4     : [2018.12.04-16.23.04:985][  0]LogOnline: Warning: FOnlineSubsystemGooglePlayModule was disabled
12-04 16:23:04.985 26283 26323 D UE4     : [2018.12.04-16.23.04:985][  0]LogHMD: App is not packaged for Gear VR
12-04 16:23:04.985 26283 26323 D UE4     : [2018.12.04-16.23.04:985][  0]LogInit: Build: ++UE4+Release-4.20-CL-4369336
12-04 16:23:04.985 26283 26323 D UE4     : [2018.12.04-16.23.04:985][  0]LogInit: Engine Version: 4.20.3-4369336+++UE4+Release-4.20
12-04 16:23:04.985 26283 26323 D UE4     : [2018.12.04-16.23.04:985][  0]LogInit: Compatible Engine Version: 4.20.0-4212847+++UE4+Release-4.20
12-04 16:23:04.985 26283 26323 D UE4     : [2018.12.04-16.23.04:985][  0]LogInit: Net CL: 4212847
12-04 16:23:04.985 26283 26323 D UE4     : [2018.12.04-16.23.04:985][  0]LogInit: OS: Android (8.0.0), CPU: SM-G955F, GPU: Mali-G71
12-04 16:23:04.985 26283 26323 D UE4     : [2018.12.04-16.23.04:985][  0]LogInit: Compiled (32-bit): Sep 17 2018 13:07:02
12-04 16:23:04.986 26283 26323 D UE4     : [2018.12.04-16.23.04:986][  0]LogInit: Compiled with Clang: 3.8.256229 
12-04 16:23:04.986 26283 26323 D UE4     : [2018.12.04-16.23.04:986][  0]LogInit: Build Configuration: Development
12-04 16:23:04.986 26283 26323 D UE4     : [2018.12.04-16.23.04:986][  0]LogInit: Branch Name: ++UE4+Release-4.20
12-04 16:23:04.986 26283 26323 D UE4     : [2018.12.04-16.23.04:986][  0]LogInit: Command Line:   /Game/ThirdPersonBP/Maps/FirstMap -Messaging -SessionId=4D8C5FCB4CA5A76B92EA13BC2B11D8EF -SessionOwner="James" -SessionName="Launch On Device" -iterative
12-04 16:23:04.986 26283 26323 D UE4     : [2018.12.04-16.23.04:986][  0]LogInit: Base Directory: 
12-04 16:23:04.986 26283 26323 D UE4     : [2018.12.04-16.23.04:986][  0]LogInit: Installed Engine Build: 0
12-04 16:23:04.986 26283 26323 D UE4     : [2018.12.04-16.23.04:986][  0]LogDevObjectVersion: Number of dev versions registered: 20
12-04 16:23:04.986 26283 26323 D UE4     : [2018.12.04-16.23.04:986][  0]LogDevObjectVersion:   Dev-Blueprints (B0D832E4-1F89-4F0D-ACCF-7EB736FD4AA2): 10
12-04 16:23:04.986 26283 26323 D UE4     : [2018.12.04-16.23.04:986][  0]LogDevObjectVersion:   Dev-Build (E1C64328-A22C-4D53-A36C-8E866417BD8C): 0
12-04 16:23:04.986 26283 26323 D UE4     : [2018.12.04-16.23.04:986][  0]LogDevObjectVersion:   Dev-Core (375EC13C-06E4-48FB-B500-84F0262A717E): 2
12-04 16:23:04.987 26283 26323 D UE4     : [2018.12.04-16.23.04:986][  0]LogDevObjectVersion:   Dev-Editor (E4B068ED-F494-42E9-A231-DA0B2E46BB41): 24
12-04 16:23:04.987 26283 26323 D UE4     : [2018.12.04-16.23.04:987][  0]LogDevObjectVersion:   Dev-Framework (CFFC743F-43B0-4480-9391-14DF171D2073): 34
12-04 16:23:04.987 26283 26323 D UE4     : [2018.12.04-16.23.04:987][  0]LogDevObjectVersion:   Dev-Mobile (B02B49B5-BB20-44E9-A304-32B752E40360): 2
12-04 16:23:04.987 26283 26323 D UE4     : [2018.12.04-16.23.04:987][  0]LogDevObjectVersion:   Dev-Networking (A4E4105C-59A1-49B5-A7C5-40C4547EDFEE): 0
12-04 16:23:04.987 26283 26323 D UE4     : [2018.12.04-16.23.04:987][  0]LogDevObjectVersion:   Dev-Online (39C831C9-5AE6-47DC-9A44-9C173E1C8E7C): 0
12-04 16:23:04.987 26283 26323 D UE4     : [2018.12.04-16.23.04:987][  0]LogDevObjectVersion:   Dev-Physics (78F01B33-EBEA-4F98-B9B4-84EACCB95AA2): 0
12-04 16:23:04.987 26283 26323 D UE4     : [2018.12.04-16.23.04:987][  0]LogDevObjectVersion:   Dev-Platform (6631380F-2D4D-43E0-8009-CF276956A95A): 0
12-04 16:23:04.987 26283 26323 D UE4     : [2018.12.04-16.23.04:987][  0]LogDevObjectVersion:   Dev-Rendering (12F88B9F-8875-4AFC-A67C-D90C383ABD29): 26
12-04 16:23:04.987 26283 26323 D UE4     : [2018.12.04-16.23.04:987][  0]LogDevObjectVersion:   Dev-Sequencer (7B5AE74C-D270-4C10-A958-57980B212A5A): 9
12-04 16:23:04.987 26283 26323 D UE4     : [2018.12.04-16.23.04:987][  0]LogDevObjectVersion:   Dev-VR (D7296918-1DD6-4BDD-9DE2-64A83CC13884): 2
12-04 16:23:04.988 26283 26323 D UE4     : [2018.12.04-16.23.04:987][  0]LogDevObjectVersion:   Dev-LoadTimes (C2A15278-BFE7-4AFE-6C17-90FF531DF755): 1
12-04 16:23:04.988 26283 26323 D UE4     : [2018.12.04-16.23.04:988][  0]LogDevObjectVersion:   Private-Geometry (6EACA3D4-40EC-4CC1-B786-8BED09428FC5): 3
12-04 16:23:04.988 26283 26323 D UE4     : [2018.12.04-16.23.04:988][  0]LogDevObjectVersion:   Dev-AnimPhys (29E575DD-E0A3-4627-9D10-D276232CDCEA): 17
12-04 16:23:04.988 26283 26323 D UE4     : [2018.12.04-16.23.04:988][  0]LogDevObjectVersion:   Dev-ReflectionCapture (6B266CEC-1EC7-4B8F-A30B-E4D90942FC07): 1
12-04 16:23:04.988 26283 26323 D UE4     : [2018.12.04-16.23.04:988][  0]LogDevObjectVersion:   Dev-Automation (0DF73D61-A23F-47EA-B727-89E90C41499A): 1
12-04 16:23:04.988 26283 26323 D UE4     : [2018.12.04-16.23.04:988][  0]LogDevObjectVersion:   FortniteMain (601D1886-AC64-4F84-AA16-D3DE0DEAC7D6): 12
12-04 16:23:04.988 26283 26323 D UE4     : [2018.12.04-16.23.04:988][  0]LogDevObjectVersion:   Dev-Enterprise (9DFFBCD6-494F-0158-E221-12823C92A888): 1
12-04 16:23:04.988 26283 26323 D UE4     : [2018.12.04-16.23.04:988][  0]LogStreaming: Display: Took  0.001s to delete old logs.
12-04 16:23:04.988 26283 26323 D UE4     : [2018.12.04-16.23.04:988][  0]LogInit: Presizing for max 131072 objects, including 0 objects not considered by GC, pre-allocating 0 bytes for permanent pool.
12-04 16:23:04.988 26283 26323 D UE4     : [2018.12.04-16.23.04:988][  0]LogStreaming: Display: Async Loading initialized: Event Driven Loader: true, Async Loading Thread: false, Async Post Load: true
12-04 16:23:04.988 26283 26323 D UE4     : [2018.12.04-16.23.04:988][  0]LogInit: Object subsystem initialized
12-04 16:23:04.988 26283 26323 D UE4     : [2018.12.04-16.23.04:988][  0]LogAndroid: Mobile HDR: YES
12-04 16:23:04.988 26283 26323 D UE4     : [2018.12.04-16.23.04:988][  0]LogAndroid: Device requires 32BPP mode : no
12-04 16:23:04.988 26283 26323 D UE4     : [2018.12.04-16.23.04:988][  0]LogAndroid: Device requires mosaic: no
12-04 16:23:04.988 26283 26323 D UE4     : [2018.12.04-16.23.04:988][  0]LogAndroid: Setting Width=1392 and Height=720 (requested scale = 1.000000)
12-04 16:23:04.988 26283 26323 D UE4     : [2018.12.04-16.23.04:988][  0]LogAndroid: Checking 31 rules from DeviceProfile ini file.
12-04 16:23:04.989 26283 26323 D UE4     : [2018.12.04-16.23.04:989][  0]LogAndroid:   Default profile: Android_Default
12-04 16:23:04.989 26283 26323 D UE4     : [2018.12.04-16.23.04:989][  0]LogAndroid:   GpuFamily: Mali-G71
12-04 16:23:04.989 26283 26323 D UE4     : [2018.12.04-16.23.04:989][  0]LogAndroid:   GlVersion: OpenGL ES 3.2 v1.r9p0-01rel0.2498e584901afb9257be0d365ada85fa
12-04 16:23:04.989 26283 26323 D UE4     : [2018.12.04-16.23.04:989][  0]LogAndroid:   VulkanAvailable: false
12-04 16:23:04.989 26283 26323 D UE4     : [2018.12.04-16.23.04:989][  0]LogAndroid:   VulkanVersion: 1.0.65
12-04 16:23:04.989 26283 26323 D UE4     : [2018.12.04-16.23.04:989][  0]LogAndroid:   AndroidVersion: 8.0.0
12-04 16:23:04.989 26283 26323 D UE4     : [2018.12.04-16.23.04:989][  0]LogAndroid:   DeviceMake: samsung
12-04 16:23:04.989 26283 26323 D UE4     : [2018.12.04-16.23.04:989][  0]LogAndroid:   DeviceModel: SM-G955F
12-04 16:23:04.989 26283 26323 D UE4     : [2018.12.04-16.23.04:989][  0]LogAndroid:   UsingHoudini: false
12-04 16:23:04.989 26283 26323 D UE4     : [2018.12.04-16.23.04:989][  0]LogAndroid: Selected Device Profile: [Android_Mali_G71]
12-04 16:23:04.989 26283 26323 D UE4     : [2018.12.04-16.23.04:989][  0]LogInit: Applying CVar settings loaded from the selected device profile: [Android_Mali_G71]
12-04 16:23:04.989 26283 26323 D UE4     : [2018.12.04-16.23.04:989][  0]LogHAL: Display: Platform has ~ 4 GB [3619950592 / 4294967296 / 4], which maps to Default [LargestMinGB=8, LargerMinGB=6, DefaultMinGB=4, SmallerMinGB=3, SmallestMinGB=0)
12-04 16:23:04.989 26283 26323 D UE4     : [2018.12.04-16.23.04:989][  0]LogInit: Going up to parent DeviceProfile [Android_High]
12-04 16:23:04.989 26283 26323 D UE4     : [2018.12.04-16.23.04:989][  0]LogInit: Setting Device Profile CVar: [[r.BloomQuality:1]]
12-04 16:23:04.989 26283 26323 D UE4     : [2018.12.04-16.23.04:989][  0]LogInit: Setting Device Profile CVar: [[r.DepthOfFieldQuality:1]]
12-04 16:23:04.990 26283 26323 D UE4     : [2018.12.04-16.23.04:989][  0]LogInit: Setting Device Profile CVar: [[r.LightShaftQuality:1]]
12-04 16:23:04.990 26283 26323 D UE4     : [2018.12.04-16.23.04:990][  0]LogInit: Setting Device Profile CVar: [[r.RefractionQuality:1]]
12-04 16:23:04.990 26283 26323 D UE4     : [2018.12.04-16.23.04:990][  0]LogInit: Setting Device Profile CVar: [[r.MobileContentScaleFactor:1.0]]
12-04 16:23:04.990 26283 26323 D UE4     : [2018.12.04-16.23.04:990][  0]LogInit: Going up to parent DeviceProfile [Android]
12-04 16:23:04.990 26283 26323 D UE4     : [2018.12.04-16.23.04:990][  0]LogInit: Setting Device Profile CVar: [[r.ShadowQuality:2]]
12-04 16:23:04.990 26283 26323 D UE4     : [2018.12.04-16.23.04:990][  0]LogInit: Setting Device Profile CVar: [[slate.AbsoluteIndices:1]]
12-04 16:23:04.990 26283 26323 D UE4     : [2018.12.04-16.23.04:990][  0]LogInit: Setting Device Profile CVar: [[r.Vulkan.DelayAcquireBackBuffer:0]]
12-04 16:23:04.990 26283 26323 D UE4     : [2018.12.04-16.23.04:990][  0]LogInit: Going up to parent DeviceProfile []
12-04 16:23:04.990 26283 26323 D UE4     : [2018.12.04-16.23.04:990][  0]LogInit: Memory total: Physical=3452.25MB (4GB approx) Available=1790.88MB PageSize=4.0KB
12-04 16:23:04.990 26283 26323 D UE4     : [2018.12.04-16.23.04:990][  0]LogInit: Using OS detected language (en-GB).
12-04 16:23:04.990 26283 26323 D UE4     : [2018.12.04-16.23.04:990][  0]LogInit: Using OS detected locale (en-GB).
12-04 16:23:04.990 26283 26323 D UE4     : [2018.12.04-16.23.04:990][  0]LogTextLocalizationManager: No specific localization for 'en-GB' exists, so the 'en' localization will be used.
12-04 16:23:04.990 26283 26323 D UE4     : [2018.12.04-16.23.04:990][  0]LogStreaming: Display: Took  0.082s to InitEngineTextLocalization.
12-04 16:23:04.990 26283 26323 D UE4     : [2018.12.04-16.23.04:990][  0]LogSlate: New Slate User Created.  User Index 0, Is Virtual User: 0
12-04 16:23:04.990 26283 26323 D UE4     : [2018.12.04-16.23.04:990][  0]LogSlate: Slate User Registered.  User Index 0, Is Virtual User: 0
12-04 16:23:04.990 26283 26323 D UE4     : [2018.12.04-16.23.04:990][  0]LogRHI: Initializing OpenGL RHI
