11-04 20:31:48.252  3783  3805 D StorageManagerService: getExternalStorageMountMode : final mountMode=1, uid : 10053, packageName : com.sec.spp.push
11-04 20:31:48.254  3783  3805 I ApplicationPolicy: isApplicationExternalStorageWhitelisted:com.sec.spp.push user:0
11-04 20:31:48.255  3783  3805 D ApplicationPolicy: isApplicationExternalStorageWhitelisted: DO is not enabled on user 0. Allowed.
11-04 20:31:48.255  3783  3805 D ActivityManager: package  com.sec.spp.push, user - 0 is SDcard whitelisted
11-04 20:31:48.255  3783  3805 I ApplicationPolicy: isApplicationExternalStorageBlacklisted:com.sec.spp.push user:0
11-04 20:31:48.255  3783  3805 D ApplicationPolicy: isApplicationExternalStorageBlacklisted: DO is not enabled on user 0. Allowed.
11-04 20:31:48.255 17300 17340 D libEGL  : loaded /vendor/lib64/egl/libGLES_mali.so
11-04 20:31:48.269  3783  3805 I ActivityManager: Start proc 17359:com.sec.spp.push:RemoteNotiProcess/u0a53 for broadcast com.sec.spp.push/.notisvc.registration.PackageChangeEventReceiver
11-04 20:31:48.270  3783  3796 I ActivityManager: KPU : put [com.microsoft.office.word] : 0 K
11-04 20:31:48.270  3783  3796 I ActivityManager: Killing 16592:com.microsoft.office.word/u0a22 (adj 906): DHA:empty #25
11-04 20:31:48.272 17320 17356 D libEGL  : loaded /vendor/lib64/egl/libGLES_mali.so
11-04 20:31:48.272 17359 17359 E Zygote  : isWhitelistProcess - Process is Whitelisted
11-04 20:31:48.273 17359 17359 E libpersona: scanKnoxPersonas
11-04 20:31:48.273 17359 17359 E libpersona: Couldn't open the File - /data/system/users/0/personalist.xml - No such file or directory
11-04 20:31:48.275 17359 17359 W SELinux : SELinux selinux_android_compute_policy_index : Policy Index[2],  Con:u:r:zygote:s0 RAM:SEPF_SM-G955F_8.0.0_0016, [-1 -1 -1 -1 0 1]
11-04 20:31:48.276 17359 17359 I SELinux : SELinux: seapp_context_lookup: seinfo=samsung, level=s0:c512,c768, pkgname=com.sec.spp.push:RemoteNotiProcess 
11-04 20:31:48.279  3381  3381 E audit   : type=1400 audit(1541363508.275:457): avc:  denied  { write } for  pid=17334 comm="ng.android.lool" name="com.samsung.android.lool-gB1OmmyfSZpFFo5ZxJus3A==" dev="dm-1" ino=1149 scontext=u:r:system_app:s0 tcontext=u:object_r:apk_data_file:s0 tclass=dir permissive=0 SEPF_SM-G955F_8.0.0_0016 audit_filtered
11-04 20:31:48.279  3381  3381 E audit   : type=1400 audit(1541363508.275:458): avc:  denied  { write } for  pid=17334 comm="ng.android.lool" name="com.samsung.android.lool-gB1OmmyfSZpFFo5ZxJus3A==" dev="dm-1" ino=1149 scontext=u:r:system_app:s0 tcontext=u:object_r:apk_data_file:s0 tclass=dir permissive=0 SEPF_SM-G955F_8.0.0_0016 audit_filtered
11-04 20:31:48.301  3253  3253 D SurfaceFlinger:   Display[0] configurations (* current):
11-04 20:31:48.301  3253  3253 D SurfaceFlinger:     * 0: 1440x2960, xdpi=522.513977, ydpi=525.762024, refresh=16666666
11-04 20:31:48.301  3253  3253 D SurfaceFlinger:   numHwLayers=6, flags=00000000
11-04 20:31:48.301  3253  3253 D SurfaceFlinger:     type   |  handle  | hint | flag | tr | blnd |   format    |     source crop (l,t,r,b)      |          frame         | name 
11-04 20:31:48.301  3253  3253 D SurfaceFlinger: -----------+----------+------+------+----+------+-------------+--------------------------------+------------------------+------
11-04 20:31:48.301  3253  3253 D SurfaceFlinger:       GLES | 7f0ae58aa0 | 0000 | 0001 | 00 | 0105 | RGBA_8888   |    0.0,    0.0, 1077.0,  126.0 |    1, 2092, 1080, 2220 | NavigationBar#0
11-04 20:31:48.301  3253  3253 D SurfaceFlinger:       GLES | 00000000 | 0000 | 0201 | 00 | 0105 | ? ffffffff  |   -0.5,   -1.0,   -1.0,   -1.0 | 1079,    0, 1080, 2219 | BlackSurface#0
11-04 20:31:48.301  3253  3253 D SurfaceFlinger:       GLES | 00000000 | 0000 | 0201 | 00 | 0105 | ? ffffffff  |   -1.0,    0.0,   -1.0,   -0.5 |    0,    0, 1079,    1 | BlackSurface#0
11-04 20:31:48.301  3253  3253 D SurfaceFlinger:       GLES | 00000000 | 0000 | 0201 | 00 | 0105 | ? ffffffff  |    0.0,    0.0,   -0.5,   -0.0 |    0,    1,    1, 2220 | BlackSurface#0
11-04 20:31:48.301  3253  3253 D SurfaceFlinger:       GLES | 00000000 | 0000 | 0201 | 00 | 0105 | ? ffffffff  |    0.0, 
11-04 20:31:48.301  3253  3253 D SurfaceFlinger:   -0.5,   -0.0,   -1.0 |    1, 2219, 1080, 2220 | BlackSurface#0
11-04 20:31:48.301  3253  3253 D SurfaceFlinger:  FB TARGET | 7f0ae55b60 | 0000 | 0000 | 00 | 0105 | RGBA_8888   |    0.0,    0.0, 1440.0, 2960.0 |    0,    0, 1440, 2960 | HWC_FRAMEBUFFER_TARGET
11-04 20:31:48.308 17320 17320 W zygote64: Class com.samsung.context.sdk.samsunganalytics.SamsungAnalytics failed lock verification and will run slower.
11-04 20:31:48.308 17320 17320 W zygote64: Common causes for lock verification issues are non-optimized dex code
11-04 20:31:48.308 17320 17320 W zygote64: and incorrect proguard optimizations.
11-04 20:31:48.309 17320 17320 D SamsungAnalytics: cf feature is supported
11-04 20:31:48.314 17334 17378 I vndksupport: sphal namespace is not configured for this process. Loading /vendor/lib64/egl/libGLES_mali.so from the current namespace instead.
11-04 20:31:48.314 17359 17359 D TimaKeyStoreProvider: TimaKeyStore is not enabled: cannot add TimaSignature Service and generateKeyPair Service
11-04 20:31:48.314 17359 17359 D ActivityThread: Added TimaKeyStore provider
11-04 20:31:48.319 17351 17351 D TimaKeyStoreProvider: TimaKeyStore is not enabled: cannot add TimaSignature Service and generateKeyPair Service
11-04 20:31:48.319 17351 17351 D ActivityThread: Added TimaKeyStore provider
11-04 20:31:48.319  3783  4250 I ActivityManager: DSS on for com.sec.spp.push and scale is 1.0
11-04 20:31:48.320 17334 17334 D CapsuleProvider_1.0.1: onCreate
11-04 20:31:48.320 17259 17259 W PopupManager: You have not specified a View to use as content view for popups. Falling back to the Activity content view. Note that this may not work as expected in multi-screen environments
11-04 20:31:48.326  3783  9560 I ActivityManager: DSS on for com.google.android.packageinstaller and scale is 1.0
11-04 20:31:48.328  3783  9560 I ActivityManager: KPU : put [com.samsung.android.app.sbrowseredge] : 0 K
11-04 20:31:48.329  3783  9560 I ActivityManager: Killing 16665:com.samsung.android.app.sbrowseredge/u0a147 (adj 906): DHA:empty #25
11-04 20:31:48.330 17334 17378 D libEGL  : loaded /vendor/lib64/egl/libGLES_mali.so
11-04 20:31:48.331 17259 17259 D UE4     : ==============> GameActive.onCreate complete!
11-04 20:31:48.332  3253  3253 D SurfaceFlinger:   Display[0] configurations (* current):
11-04 20:31:48.332  3253  3253 D SurfaceFlinger:     * 0: 1440x2960, xdpi=522.513977, ydpi=525.762024, refresh=16666666
11-04 20:31:48.332  3253  3253 D SurfaceFlinger:   numHwLayers=2, flags=00000000
11-04 20:31:48.332  3253  3253 D SurfaceFlinger:     type   |  handle  | hint | flag | tr | blnd |   format    |     source crop (l,t,r,b)      |          frame         | name 
11-04 20:31:48.332  3253  3253 D SurfaceFlinger: -----------+----------+------+------+----+------+-------------+--------------------------------+------------------------+------
11-04 20:31:48.332  3253  3253 D SurfaceFlinger:        HWC | 7f0ae58aa0 | 0000 | 0000 | 00 | 0105 | RGBA_8888   |    1.0,    0.0, 1079.0,  125.0 |    0, 2093, 1080, 2220 | NavigationBar#0
11-04 20:31:48.332  3253  3253 D SurfaceFlinger:  FB TARGET | 7f0ae558c0 | 0000 | 0000 | 00 | 0105 | RGBA_8888   |    0.0,    0.0, 1440.0, 2960.0 |    0,    0, 1440, 2960 | HWC_FRAMEBUFFER_TARGET
11-04 20:31:48.332  4536  4616 D ForegroundUtils: could not check pending caller
11-04 20:31:48.333 17259 17259 V threaded_app: Start: 0xdfffba80
11-04 20:31:48.333 17259 17319 V threaded_app: activityState=10
11-04 20:31:48.333 17259 17259 D UE4     : Creating console command broadcast listener
11-04 20:31:48.333 17259 17319 D UE4     : LogAndroidEvents: EnqueueAppEvent : 9, 0, tid = 17319
11-04 20:31:48.335 17259 17259 D UE4     : ==================================> Inside onStart function in GameActivity
11-04 20:31:48.335 17320 17320 D SamsungAnalytics: newThread on Executor
11-04 20:31:48.335 17320 17320 D SamsungAnalytics: [Tracker] Tracker start:1.8.15
11-04 20:31:48.336 17320 17320 I Bixby_SmartView: BixbyApi.createInstance
11-04 20:31:48.338 17259 17259 V threaded_app: Resume: 0xdfffba80
11-04 20:31:48.338 17259 17319 V threaded_app: activityState=11
11-04 20:31:48.338 17259 17319 D UE4     : Case APP_CMD_RESUME
11-04 20:31:48.338 17259 17259 D UE4     : Registering sensor listeners
11-04 20:31:48.338 17259 17319 D UE4     : LogAndroidEvents: EnqueueAppEvent : 7, 0, tid = 17319
11-04 20:31:48.338  3783  9560 I SensorService: createSensorEventConnection package name com.epicgames.ue4.GameActivity
11-04 20:31:48.340  3783  9560 D SensorService: Calling batch handle==6 flags=0 rate=20000000 timeout== 0
11-04 20:31:48.340  3240  3884 I Sensors : batch - accelerometer_sensor try to batching with 20000000
11-04 20:31:48.344 17259 17259 D SensorManager: registerListener :: 6, LSM6DSL Acceleration Sensor, 20000, 0,  
11-04 20:31:48.345  3783  5148 D SensorService: Calling batch handle==11 flags=0 rate=20000000 timeout== 0
11-04 20:31:48.345  3240  3884 I Sensors : batch - geomagnetic_sensor try to batching with 20000000
11-04 20:31:48.346  3240  3884 I Sensors : GeoMagneticSensor old sensor_state 16385, new sensor_state : 16401 en : 1
11-04 20:31:48.349  4211  4211 D TileLifecycleManager: onServiceConnected ComponentInfo{com.android.settings/com.samsung.android.settings.qstile.PowerSavingTile}
11-04 20:31:48.349  4211  4211 D TileLifecycleManager: Handling pending onStartListening
11-04 20:31:48.349  4211  4211 D TileLifecycleManager: onStartListening
11-04 20:31:48.349 17259 17259 D SensorManager: registerListener :: 11, AK09916C Magnetic field Sensor, 20000, 0,  
11-04 20:31:48.350  3783  5148 D SensorService: Calling batch handle==7 flags=0 rate=20000000 timeout== 0
11-04 20:31:48.350  3240  3884 I Sensors : batch - gyro_sensor try to batching with 20000000
11-04 20:31:48.351  3240  3884 I Sensors : GyroSensor old sensor_state 16401, new sensor_state : 16403 en : 1
11-04 20:31:48.355 17259 17259 D SensorManager: registerListener :: 7, LSM6DSL Gyroscope Sensor, 20000, 0,  
11-04 20:31:48.355 17259 17259 D UE4     : App is running in Landscape
11-04 20:31:48.355 17259 17259 D UE4     : ==============> Resuming main init
11-04 20:31:48.358  3783  9560 W StorageManager: getStorageLowBytes lowPercent : 5, lowBytes : 2898018304, maxLowBytes : 524288000
11-04 20:31:48.358 17320 17320 D PSMUtils: getCurrentPowerSavingMode: 0
11-04 20:31:48.359  4211  4235 D Tile.CustomTile: updateState : Label = Power
11-04 20:31:48.359  4211  4235 D Tile.CustomTile: saving, State = 1, Icon = Icon(typ=RESOURCE pkg=com.android.settings id=0x7f0805a2)
11-04 20:31:48.363 17259 17318 D UE4     : APK Commandline: ../../../FlaminGo/FlaminGo.uproject  /Game/ThirdPersonBP/Maps/FirstMap -Messaging -SessionId=7EDDCE55407E0E070BF8A89A81A5B846 -SessionOwner="James" -SessionName="Launch On Device" -iterative
11-04 20:31:48.364 17259 17318 D UE4     : Override Commandline: ../../../FlaminGo/FlaminGo.uproject  /Game/ThirdPersonBP/Maps/FirstMap -Messaging -SessionId=8F1A7DC24BB0ECCCC519FAA4AE330A46 -SessionOwner="James" -SessionName="Launch On Device" -iterative
11-04 20:31:48.364 17259 17318 D UE4     : Final commandline: ../../../FlaminGo/FlaminGo.uproject  /Game/ThirdPersonBP/Maps/FirstMap -Messaging -SessionId=8F1A7DC24BB0ECCCC519FAA4AE330A46 -SessionOwner="James" -SessionName="Launch On Device" -iterative
11-04 20:31:48.364 17259 17318 D UE4     : Created sync event
11-04 20:31:48.365  3783  5148 W StorageManager: getStorageLowBytes lowPercent : 5, lowBytes : 2898018304, maxLowBytes : 524288000
11-04 20:31:48.365 17259 17259 D UE4     : ==============> GameActive.onResume complete!
11-04 20:31:48.367  3783  4598 W StorageManager: getStorageLowBytes lowPercent : 5, lowBytes : 2898018304, maxLowBytes : 524288000
11-04 20:31:48.370  3240  3425 E Sensors : Sensor : Meta event
11-04 20:31:48.373 17334 17334 I CapsuleProvider_1.0.1: releasing initialize wait lock.
11-04 20:31:48.374 17334 17334 D b_1.0.1 : initialized in package com.samsung.android.lool
11-04 20:31:48.374 17334 17334 D b_1.0.1 :  getInstance()
11-04 20:31:48.374 17334 17334 D b_1.0.1 :  addActionHandler: action Id --> viv.deviceMaintenanceApp.OneClickOptimization
11-04 20:31:48.374 17334 17334 D b_1.0.1 :  getInstance()
11-04 20:31:48.374 17334 17334 D b_1.0.1 :  addActionHandler: action Id --> viv.deviceMaintenanceApp.OptimizeItem
11-04 20:31:48.374 17334 17334 D b_1.0.1 :  getInstance()
11-04 20:31:48.374 17334 17334 D b_1.0.1 :  addActionHandler: action Id --> viv.deviceMaintenanceApp.ShowDeviceStatus
11-04 20:31:48.374 17334 17334 D b_1.0.1 :  getInstance()
11-04 20:31:48.374 17334 17334 D b_1.0.1 :  addActionHandler: action Id --> viv.deviceMaintenanceApp.ShowItem
11-04 20:31:48.374 17334 17334 D b_1.0.1 :  getInstance()
11-04 20:31:48.374 17334 17334 D b_1.0.1 :  addActionHandler: action Id --> viv.deviceMaintenanceApp.TurnOffPerformanceMode
11-04 20:31:48.374 17334 17334 D b_1.0.1 :  getInstance()
11-04 20:31:48.374 17334 17334 D b_1.0.1 :  addActionHandler: action Id --> viv.deviceMaintenanceApp.TurnOnPerformanceMode
11-04 20:31:48.374 17334 17334 D b_1.0.1 :  getInstance()
11-04 20:31:48.374 17334 17334 D b_1.0.1 :  addActionHandler: action Id --> viv.deviceMaintenanceApp.TurnOffPowerSavingMode
11-04 20:31:48.374 17334 17334 D b_1.0.1 :  getInstance()
11-04 20:31:48.374 17334 17334 D b_1.0.1 :  addActionHandler: action Id --> viv.deviceMaintenanceApp.TurnOnPowerSavingMode
11-04 20:31:48.374 17334 17334 D b_1.0.1 :  getInstance()
11-04 20:31:48.374 17334 17334 D b_1.0.1 :  addActionHandler: action Id --> viv.deviceMaintenanceApp.IsFeatureSupported
11-04 20:31:48.379 17259 17259 V threaded_app: InputQueueCreated: 0xdfffba80 -- 0xdfffc2a0
11-04 20:31:48.380 17259 17319 V threaded_app: APP_CMD_INPUT_CHANGED
11-04 20:31:48.380 17259 17319 V threaded_app: Attaching input queue to looper
11-04 20:31:48.380 17334 17334 D SamsungAnalytics111040: cf feature is supported
11-04 20:31:48.380 17259 17259 D ViewRootImpl@3a176fe[GameActivity]: setView = DecorView@4753e5f[GameActivity] TM=true MM=false
11-04 20:31:48.382  3783  5148 D ActivityManager: post active user change for 0 fullscreen true isHomeActivity() false
11-04 20:31:48.384 17334 17334 D SamsungAnalytics111040: newThread on Executor
11-04 20:31:48.385 17334 17334 D SamsungAnalytics111040: [Tracker] Tracker start:1.11.040
11-04 20:31:48.386 17259 17259 D ViewRootImpl@ed22825[GameActivity]: dispatchAttachedToWindow
11-04 20:31:48.387 17334 17334 I PerformanceTile: onCreate, Performance0
11-04 20:31:48.387  3783  4598 V WindowManager: Relayout Window{532c030 u0 com.YourCompany.FlaminGo/com.epicgames.ue4.GameActivity}: viewVisibility=0 req=2092x1016 WM.LayoutParams{(0,0)(fillxfill) gr=#11 sim=#120 ty=2 fl=#1810508 pfl=0x1000000 wanim=0x1030001 vsysui=0x10 needsMenuKey=2 colorMode=0 naviIconColor=0}
11-04 20:31:48.388  3253  3253 I SurfaceFlinger: id=68 createSurf (2094x1080),1 flag=404, com.YourCompany.FlaminGo/com.epicgames.ue4.GameActivity#0
11-04 20:31:48.389  3783  4598 V Surface : sf_framedrop debug : 0x4f4c, game : false, logging : 0
11-04 20:31:48.389  4211  4211 D TileLifecycleManager: onServiceConnected ComponentInfo{com.samsung.android.lool/com.samsung.android.sm.ui.booster.PerformanceTile}
11-04 20:31:48.390  4211  4211 D TileLifecycleManager: Handling pending onStartListening
11-04 20:31:48.390  4211  4211 D TileLifecycleManager: onStartListening
11-04 20:31:48.391  3783  5148 D SecContentProvider: query(), uri = 17 selection = isSettingsChangesAllowed
11-04 20:31:48.392  3783  5148 D SecContentProvider: called from android.uid.system:1000
11-04 20:31:48.392 17334 17334 I PerformanceTile: updateState, mode=0, state=1
11-04 20:31:48.393  4211  4235 D Tile.CustomTile: updateState : Label = Performance
11-04 20:31:48.393  4211  4235 D Tile.CustomTile: mode, State = 1, Icon = Icon(typ=RESOURCE pkg=com.samsung.android.lool id=0x7f02008e)
11-04 20:31:48.394 17259 17259 V Surface : sf_framedrop debug : 0x4f4c, game : false, logging : 0
11-04 20:31:48.396 17359 17397 I vndksupport: sphal namespace is not configured for this process. Loading /vendor/lib64/egl/libGLES_mali.so from the current namespace instead.
11-04 20:31:48.398 17259 17259 D ViewRootImpl@ed22825[GameActivity]: Relayout returned: old=[0,0][0,0] new=[0,0][2094,1080] result=0x7 surface={valid=true 3514824704} changed=true
11-04 20:31:48.398  3253  6520 I SurfaceFlinger: id=63 Removed ScreenshotSurface#0 (7/11)
11-04 20:31:48.398  3253  6520 I SurfaceFlinger: id=63 Removed ScreenshotSurface#0 (-2/11)
11-04 20:31:48.399  3253  3481 I SurfaceFlinger: id=64 Removed BlackSurface#0 (7/10)
11-04 20:31:48.399 17351 17398 I vndksupport: sphal namespace is not configured for this process. Loading /vendor/lib64/egl/libGLES_mali.so from the current namespace instead.
11-04 20:31:48.399  3253  3278 I SurfaceFlinger: id=64 Removed BlackSurface#0 (-2/10)
11-04 20:31:48.399  3253  4914 I SurfaceFlinger: id=65 Removed BlackSurface#0 (7/9)
11-04 20:31:48.399  3253  4914 I SurfaceFlinger: id=65 Removed BlackSurface#0 (-2/9)
11-04 20:31:48.399  3253  3278 I SurfaceFlinger: id=66 Removed BlackSurface#0 (7/8)
11-04 20:31:48.400  3253  6520 I SurfaceFlinger: id=66 Removed BlackSurface#0 (-2/8)
11-04 20:31:48.400  3253  3481 I SurfaceFlinger: id=67 Removed BlackSurface#0 (7/7)
11-04 20:31:48.400  3253  3481 I SurfaceFlinger: id=67 Removed BlackSurface#0 (-2/7)
11-04 20:31:48.407  3783  3881 V WindowManager: rotationForOrientationLw(orient=0, last=1); user=0  sensorRotation=-1 mLidState=-1 mDockMode=0 mHdmiPlugged=false
11-04 20:31:48.407 17259 17332 I OpenGLRenderer: Initialized EGL, version 1.4
11-04 20:31:48.407 17259 17332 D OpenGLRenderer: Swap behavior 2
11-04 20:31:48.409 17359 17359 D SPPClientService: Create
11-04 20:31:48.410 17259 17259 V InputMethodManager: Not IME target window, ignoring
11-04 20:31:48.411 17259 17332 D libGLESv1: STS_GLApi : DTS, ODTC are not allowed for Package : com.YourCompany.FlaminGo
11-04 20:31:48.412 17259 17332 D mali_winsys: EGLint new_window_surface(egl_winsys_display *, void *, EGLSurface, EGLConfig, egl_winsys_surface **, egl_color_buffer_format *, EGLBoolean) returns 0x3000,  [2094x1080]-format:1
11-04 20:31:48.412 17259 17332 D OpenGLRenderer: eglCreateWindowSurface = 0xcd9f8890
11-04 20:31:48.414  3253  3253 I Layer   : id=66 onRemoved BlackSurface#0 
11-04 20:31:48.414  3253  3253 I Layer   : id=63 onRemoved ScreenshotSurface#0 
11-04 20:31:48.414  3253  3253 I Layer   : id=67 onRemoved BlackSurface#0 
11-04 20:31:48.414  3253  3253 I Layer   : id=64 onRemoved BlackSurface#0 
11-04 20:31:48.414  3253  3253 I Layer   : id=65 onRemoved BlackSurface#0 
11-04 20:31:48.435 17259 17259 D ViewRootImpl@3a176fe[GameActivity]: dispatchAttachedToWindow
11-04 20:31:48.436 17359 17411 D SPPClientService: Create
11-04 20:31:48.437 17359 17411 E SPPClientService: ShipBuild Binary : True
11-04 20:31:48.437  3783  4598 V WindowManager: Relayout Window{9f7a78c u0 com.YourCompany.FlaminGo/com.epicgames.ue4.GameActivity}: viewVisibility=0 req=2092x1016 WM.LayoutParams{(0,0)(fillxfill) sim=#10 ty=1 fl=#1810500 pfl=0x1000000 fmt=1 wanim=0x1030001 vsysui=0x10 needsMenuKey=2 colorMode=0 naviIconColor=0}
11-04 20:31:48.437  3253  3253 D SurfaceFlinger: duplicate layer name: changing com.YourCompany.FlaminGo/com.epicgames.ue4.GameActivity to com.YourCompany.FlaminGo/com.epicgames.ue4.GameActivity#1
11-04 20:31:48.438  3253  3253 I SurfaceFlinger: id=69 createSurf (2094x1080),1 flag=4, com.YourCompany.FlaminGo/com.epicgames.ue4.GameActivity#1
11-04 20:31:48.439  3783  4598 V Surface : sf_framedrop debug : 0x4f4c, game : false, logging : 0
11-04 20:31:48.439  3783  3806 D WindowManager: set systemUiVisibility : systemUiFlags= 0x18 fullscreenStackSysUiFlags= 0x0
11-04 20:31:48.440  4211  4211 D BarTransitions.PhoneStatusBarView: MODE_OPAQUE -> MODE_TRANSPARENT animate=false
11-04 20:31:48.443  3783  4598 D InputDispatcher: Focus entered window: 17259
11-04 20:31:48.443  3783 14347 D WindowManager: adjustSystemUiVisibilityLw : vis= 0x18
11-04 20:31:48.445 17259 17259 V Surface : sf_framedrop debug : 0x4f4c, game : false, logging : 0
11-04 20:31:48.446 17259 17259 D ViewRootImpl@3a176fe[GameActivity]: Relayout returned: old=[0,0][0,0] new=[0,0][2094,1080] result=0x7 surface={valid=true 3449540608} changed=true
11-04 20:31:48.449  3783  5148 W BroadcastQueue: Background execution not allowed: receiving Intent { act=android.intent.action.PACKAGE_ADDED dat=package:com.YourCompany.FlaminGo flg=0x4000010 (has extras) } to com.wssnps/.stubdownload.smlNpsPackageReceiver
11-04 20:31:48.450  3783  5148 I ActivityManager: KPU : put [com.microsoft.office.excel] : 0 K
11-04 20:31:48.450  3783  5148 I ActivityManager: Killing 16468:com.microsoft.office.excel/u0a22 (adj 906): DHA:empty #25
11-04 20:31:48.451  3783  3805 W BroadcastQueue: Background execution not allowed: receiving Intent { act=android.intent.action.PACKAGE_ADDED dat=package:com.YourCompany.FlaminGo flg=0x4000010 (has extras) } to com.sec.android.app.sbrowser/.webcontentsprovider.WebContentsProviderReceiver
11-04 20:31:48.454 17259 17332 D mali_winsys: EGLint new_window_surface(egl_winsys_display *, void *, EGLSurface, EGLConfig, egl_winsys_surface **, egl_color_buffer_format *, EGLBoolean) returns 0x3000,  [2094x1080]-format:1
11-04 20:31:48.454 17259 17332 D OpenGLRenderer: eglCreateWindowSurface = 0xcd9f8bb0
11-04 20:31:48.458  3253  3253 I SurfaceFlinger: id=70 createSurf (2094x1080),4 flag=404, SurfaceView - com.YourCompany.FlaminGo/com.epicgames.ue4.GameActivity@6ff0ff1@0#0
11-04 20:31:48.459  3253  3253 I SurfaceFlinger: id=71 createSurf (2094x1080),-1 flag=20404, Background for - SurfaceView - com.YourCompany.FlaminGo/com.epicgames.ue4.GameActivity@6ff0ff1@0#0
11-04 20:31:48.459 17259 17259 D SurfaceView: BG show() Surface(name=Background for - SurfaceView - com.YourCompany.FlaminGo/com.epicgames.ue4.GameActivity@6ff0ff1@0) android.view.SurfaceView{6ff0ff1 V.E...... ......ID 0,0-2094,1080}
11-04 20:31:48.464 17259 17259 V Surface : sf_framedrop debug : 0x4f4c, game : false, logging : 0
11-04 20:31:48.464 17259 17259 V Surface : sf_framedrop debug : 0x4f4c, game : false, logging : 0
11-04 20:31:48.465 17259 17259 D SurfaceView: surfaceCreated 1 android.view.SurfaceView{6ff0ff1 V.E...... ......ID 0,0-2094,1080}
11-04 20:31:48.465 17259 17259 V threaded_app: NativeWindowCreated: 0xdfffba80 -- 0xcd9be008
11-04 20:31:48.465 17259 17319 V threaded_app: APP_CMD_INIT_WINDOW
11-04 20:31:48.465 17259 17319 D UE4     : Case APP_CMD_INIT_WINDOW
11-04 20:31:48.465 17259 17259 D SurfaceView: surfaceChanged (2094,1080) 1 android.view.SurfaceView{6ff0ff1 V.E...... ......ID 0,0-2094,1080}
11-04 20:31:48.465 17259 17319 D UE4     : LogAndroidEvents: EnqueueAppEvent : 0, 3449544712, tid = 17319
11-04 20:31:48.472 17259 17259 V threaded_app: Pause: 0xdfffba80
11-04 20:31:48.473 17259 17319 V threaded_app: activityState=13
11-04 20:31:48.473 17259 17319 D UE4     : Case APP_CMD_PAUSE
11-04 20:31:48.473 17259 17259 D UE4     : Unregistering sensor listeners
11-04 20:31:48.473 17259 17319 D UE4     : LogAndroidEvents: EnqueueAppEvent : 6, 0, tid = 17319
11-04 20:31:48.473  3783  4598 D SensorService: Calling activate off 6
11-04 20:31:48.473  3240  3884 I Sensors : batch - accelerometer_sensor try to batching with 200000000
11-04 20:31:48.477  3783  4598 D SensorService: Calling activate off 7
11-04 20:31:48.478  3240  3240 I Sensors : GyroSensor old sensor_state 16403, new sensor_state : 16401 en : 0
11-04 20:31:48.481  3783  4598 D SensorService: Calling activate off 11
11-04 20:31:48.481  3240  3240 I Sensors : GeoMagneticSensor old sensor_state 16401, new sensor_state : 16385 en : 0
11-04 20:31:48.484 17259 17259 D SensorManager: unregisterListener ::   
11-04 20:31:48.484 17259 17259 D UE4     : ==============> GameActive.onPause complete!
11-04 20:31:48.485  3783  4598 D ActivityManager: isScaleDownAnimationEnabled() : false
11-04 20:31:48.485 17351 17398 D libEGL  : loaded /vendor/lib64/egl/libGLES_mali.so
11-04 20:31:48.490  3783  4598 D PersonaManagerService: Current focused persona service handled id set to : 0
11-04 20:31:48.490  3783  4598 D InputDispatcher: Focused application set to: xxxx
11-04 20:31:48.490  3783  4598 D InputDispatcher: Focus left window: 17259
11-04 20:31:48.492  3783  4598 D MARsPolicyManager: onPackageResumedFG pkgName = com.google.android.packageinstaller, userId = 0
11-04 20:31:48.493  3783  4067 D GameManagerService: handleForegroundChange(). pkgName: com.google.android.packageinstaller, clsName: com.android.packageinstaller.permission.ui.GrantPermissionsActivity,FgActivityName:com.google.android.packageinstaller/com.android.packageinstaller.permission.ui.GrantPermissionsActivity
11-04 20:31:48.494  3783  4067 D GameManagerService: sem_perfomance_mode: 0
11-04 20:31:48.494  3783  4067 D GameManagerService: notifyResumePause(). pkg: com.google.android.packageinstaller, type: 4, isMinimized: false, isTunableApp: false
11-04 20:31:48.494  3783  4067 D GameManagerService:   notifyResumePause(). unexpected mPrevNotiType: -1
11-04 20:31:48.498 17259 17259 D ViewRootImpl@ed22825[GameActivity]: MSG_RESIZED_REPORT: frame=Rect(0, 0 - 2094, 1080) ci=Rect(0, 0 - 0, 0) vi=Rect(0, 0 - 0, 0) or=2
11-04 20:31:48.499  3783  7224 D GamePkgDataHelper: getGamePkgDataIncServer(). com.google.android.packageinstaller
11-04 20:31:48.499  3783  7224 D GamePkgDataHelper: getSosPolicy(). com.google.android.packageinstaller
11-04 20:31:48.500  4536  4616 D ForegroundUtils: could not check pending caller
11-04 20:31:48.501  3783  7224 D GameManagerService: identifyGamePackage. com.google.android.packageinstaller
11-04 20:31:48.501  3783  7224 D GamePkgDataHelper: getGamePkgData(). com.google.android.packageinstaller
11-04 20:31:48.502 14481 14492 I SAMSUNGPAY: [Hint_ProcessStatusChange] fg Change, pid : 17351 , isNotify : true , isForeground : true , fg list : [17351, 5208, 17259]
11-04 20:31:48.502  3783  7224 D GameManagerService: identifyGamePackage. com.google.android.packageinstaller
11-04 20:31:48.503  3783  7224 D GamePkgDataHelper: getGamePkgData(). com.google.android.packageinstaller
11-04 20:31:48.503  3376  3376 E adbd    : recv: OPEN 000019df 00000000 004d:73 68 65 6C 6C 3A 65 78 70 6F 72 74 20 41 4E 44 52 4F 49 44 5F 4C 4F 47 5F 54 41 47 53 3D 22 27 27 22 3B 20 65 78 65 63 20 6C 6F 67 63 61 74 20 27 2D 64 27 20 27 2D 73 27 20 27 55 45 34 27 20 27 2D 73 27 20 27 44 65 62 75 67 27 00 
11-04 20:31:48.503  3376  3376 E adbd    : service_to_fd: shell:export ANDROID_LOG_TAGS="''"; exec logcat '-d' '-s' 'UE4' '-s' 'Debug'
11-04 20:31:48.504  3783  7224 D GameManagerService: identifyGamePackage. com.google.android.packageinstaller
11-04 20:31:48.504  3783  7224 D GamePkgDataHelper: getGamePkgData(). com.google.android.packageinstaller
11-04 20:31:48.504 14481 14481 I SAMSUNGPAY: [ServiceTypeTable] isSupportOperator : BTU, GB
11-04 20:31:48.506  3783  7224 D GameManagerService: identifyGamePackage. com.google.android.packageinstaller
11-04 20:31:48.506  3783  7224 D GamePkgDataHelper: getGamePkgData(). com.google.android.packageinstaller
11-04 20:31:48.509 14481 14481 D SAMSUNGPAY: [ServiceTypeTable] Upgrade - ServiceTypeTable - entryFromCountryIso - index is : 37, iso : GB
11-04 20:31:48.510 14481 14481 D SAMSUNGPAY: [Hint_SimpleIntroService] Hint Status - already invisible, skip hide : Landscape mode
11-04 20:31:48.511 16912 16947 I zygote64: Waiting for a blocking GC ProfileSaver
11-04 20:31:48.522 17359 17397 D libEGL  : loaded /vendor/lib64/egl/libGLES_mali.so
11-04 20:31:48.553  3783  9560 D CustomFrequencyManagerService: releaseDVFSLockLocked : Getting Lock type frm List : DVFS_MIN_LIMIT  frequency : 2314000  uid : 1000  pid : 3783  tag : AMS_APP_SWITCH@CPU_MIN@61
11-04 20:31:48.553  3783  9560 D CustomFrequencyManagerService: acquireDVFSLockLocked : type : DVFS_MIN_LIMIT  frequency : 2314000  uid : 1000  pid : 3783  pkgName : AMS_APP_SWITCH@CPU_MIN@61
11-04 20:31:48.553  3783  9560 D ActivityManagerPerformance: AMP_acquire() APP_SWITCH
11-04 20:31:48.554  3783  4994 D ActivityManagerPerformance: Received MSG_CFMS_HINT_AMS_SWITCH pkgName: com.YourCompany.FlaminGo
11-04 20:31:48.554  3783  9560 D ActivityManager: isScaleDownAnimationEnabled() : false
11-04 20:31:48.554  3783  3792 I zygote64: Background concurrent copying GC freed 78853(5MB) AllocSpace objects, 9(180KB) LOS objects, 37% free, 40MB/64MB, paused 2.532ms total 158.992ms
11-04 20:31:48.554  3783  9560 D PersonaManagerService: Current focused persona service handled id set to : 0
11-04 20:31:48.554  3783  9560 D InputDispatcher: Focused application set to: xxxx
11-04 20:31:48.555  3783  9560 D InputDispatcher: Focus entered window: 17259
11-04 20:31:48.559  3783  3807 E zygote64: failed to kill 1 processes for processgroup 16665
11-04 20:31:48.560  3783  9560 D MARsPolicyManager: onPackageResumedFG pkgName = com.YourCompany.FlaminGo, userId = 0
11-04 20:31:48.560  3783  4067 D GameManagerService: handleForegroundChange(). pkgName: com.YourCompany.FlaminGo, clsName: com.epicgames.ue4.GameActivity,FgActivityName:com.YourCompany.FlaminGo/com.epicgames.ue4.GameActivity
11-04 20:31:48.561  3783  4067 D GameManagerService: sem_perfomance_mode: 0
11-04 20:31:48.561  3783  4067 D GameManagerService: notifyResumePause(). pkg: com.YourCompany.FlaminGo, type: 4, isMinimized: false, isTunableApp: false
11-04 20:31:48.561  3783  4067 D GameManagerService:   notifyResumePause(). unexpected mPrevNotiType: -1
11-04 20:31:48.571  4536  4616 D ForegroundUtils: could not check pending caller
11-04 20:31:48.578  3783  5148 V WindowManager: finishDrawingLocked: mDrawState=COMMIT_DRAW_PENDING Window{532c030 u0 com.YourCompany.FlaminGo/com.epicgames.ue4.GameActivity} in Surface(name=com.YourCompany.FlaminGo/com.epicgames.ue4.GameActivity)
11-04 20:31:48.581  3783  5148 V WindowManager: Relayout Window{9f7a78c u0 com.YourCompany.FlaminGo/com.epicgames.ue4.GameActivity}: viewVisibility=0 req=2094x1080 WM.LayoutParams{(0,0)(fillxfill) sim=#10 ty=1 fl=#1810500 pfl=0x1000000 fmt=1 wanim=0x1030001 vsysui=0x10 needsMenuKey=2 colorMode=0 naviIconColor=0}
11-04 20:31:48.585 17259 17259 D ViewRootImpl@3a176fe[GameActivity]: Relayout returned: old=[0,0][2094,1080] new=[0,0][2094,1080] result=0x3 surface={valid=true 3449540608} changed=false
11-04 20:31:48.587  3783  3783 D AppWidgetServiceImpl: handleNotifyUpdateAppWidget, appWidgetId = 3
11-04 20:31:48.588  5208  5208 I LauncherAppWidgetHostView: updateLastInflationOrientation, orientation: 0,activityOrientation: 1, widget: ComponentInfo{com.google.android.googlequicksearchbox/com.google.android.googlequicksearchbox.SearchWidgetProvider}
11-04 20:31:48.593 16912 16947 I zygote64: WaitForGcToComplete blocked for 82.128ms for cause ProfileSaver
11-04 20:31:48.596  3783  4072 D UcmService: onReceive android.intent.action.PACKAGE_CHANGED
11-04 20:31:48.596  3783  4072 D UcmService: Package update in userId-0 and uid-10057
11-04 20:31:48.596  3783  4072 D UcmService: isUCMPlugin pkgName-com.microsoft.skydrive
11-04 20:31:48.596  3783  4072 D UcmService: enforcePermission : com.microsoft.skydrive
11-04 20:31:48.596  3783  4072 D UcmService: isPCSCService pkgName-com.microsoft.skydrive
11-04 20:31:48.596  3783  4072 D UcmService: Updated app is not valid UCM plugin so ignoring refresh agent list....
11-04 20:31:48.598  5208  5208 D DragLayer: DragLayer onMeasure, mIsNaviBarPositionChanged = false, mWillOrientationChange = false
11-04 20:31:48.599  5208  5208 D LauncherAppWidgetHostView: setResizeScaleResult() 1292/ 370 scaleToResize = 0.7987616(widget id = 3)
11-04 20:31:48.599  4211  4211 D KeyguardUpdateMonitor: received broadcast android.intent.action.PACKAGE_CHANGED
11-04 20:31:48.599  4211  4211 D MetadataParser: onPackageUpdated() key = com.microsoft.skydrive
11-04 20:31:48.600  5208  5208 D LauncherAppWidgetHostView: setResizeScaleResult() 772/ 1132 scaleToResize = 0.79792744(widget id = 2)
11-04 20:31:48.604  4567  4567 D ImsResolver: maybeAddedImsService, packageName: com.microsoft.skydrive
11-04 20:31:48.607  3783  4598 V WindowManager: finishDrawingLocked: mDrawState=COMMIT_DRAW_PENDING Window{9f7a78c u0 com.YourCompany.FlaminGo/com.epicgames.ue4.GameActivity} in Surface(name=com.YourCompany.FlaminGo/com.epicgames.ue4.GameActivity)
11-04 20:31:48.610 17259 17259 D ViewRootImpl@3a176fe[GameActivity]: MSG_RESIZED_REPORT: frame=Rect(0, 0 - 2094, 1080) ci=Rect(0, 0 - 0, 0) vi=Rect(0, 0 - 0, 0) or=2
11-04 20:31:48.611 17259 17259 D ViewRootImpl@3a176fe[GameActivity]: MSG_WINDOW_FOCUS_CHANGED 1
11-04 20:31:48.612  3783  3805 W BroadcastQueue: Skipping deliver [background] BroadcastRecord{2250e9f u0 android.intent.action.PACKAGE_CHANGED} to ReceiverList{aa1a945 16416 com.microsoft.skydrive/10057/u0 remote:d7ec5bc}: process gone or crashing
11-04 20:31:48.614 14481 14481 I SAMSUNGPAY: [Hint_cek] PackageChangedReceiver action = android.intent.action.PACKAGE_CHANGED
11-04 20:31:48.615 14481 14481 I SAMSUNGPAY: [Hint_cek] ensureHomePackagesLoaded - already update, isHomePackageEmpty : false, isKnoxRunning : false
11-04 20:31:48.616  3783  3935 I InputReader: Reconfiguring input devices.  changes=0x00000010
11-04 20:31:48.616  3783  3806 D SamsungPhoneWindowManager: updateSystemUiVisibilityLw : setForceImmersiveBtnVisibility=true
11-04 20:31:48.616  3783  3806 D WindowManager: set systemUiVisibility : systemUiFlags= 0x10 fullscreenStackSysUiFlags= 0x0
11-04 20:31:48.616  4211  4211 D NavigationBar: setForceImmersiveBtnVisibility visible : true
11-04 20:31:48.617  4211  4211 D SecNavigationBarView: setPinButtonVisibility() shouldshow=true, leftRemoteVisible=false, mAllKeyDisabled=false, isBouncerShowing=false, isUltraPowerSaving=false, isEmergencyMode=false, isDeviceEncrypted=false, isUserSetupComplete : true
11-04 20:31:48.618 17259 17259 V threaded_app: WindowFocusChanged: 0xdfffba80 -- 1
11-04 20:31:48.619 17259 17319 D UE4     : LogAndroidEvents: EnqueueAppEvent : 11, 0, tid = 17319
11-04 20:31:48.620  3783  3814 D CustomFrequencyManagerService: acquireDVFSLockLocked : type : DVFS_MIN_LIMIT  frequency : 1807000  uid : 1000  pid : 3783  pkgName : AMS_RESUME_TAIL@CPU_MIN@72
11-04 20:31:48.620  3783  3814 D ActivityManagerPerformance: AMP_acquire() TAIL
11-04 20:31:48.620  3783  3814 D CustomFrequencyManagerService: releaseDVFSLockLocked : Getting Lock type frm List : DVFS_MIN_LIMIT  frequency : 2314000  uid : 1000  pid : 3783  tag : AMS_APP_SWITCH@CPU_MIN@61
11-04 20:31:48.620  3783  3814 D ActivityManagerPerformance: AMP_release() APP_SWITCH
11-04 20:31:48.621  4536  4536 D RegisteredServicesCache: invalidate#1, attribute#1
11-04 20:31:48.622  4536  4536 D RoutingNotificationHelper: set : (( 4536true , false)
11-04 20:31:48.622  4536  4536 D RegisteredServicesCache: invalidateCache
11-04 20:31:48.623 16291 16884 W fb4a.ServiceInfoParser: X.4T6: Service com.facebook.analytics2.logger.LollipopUploadService is missing meta key com.facebook.common.jobscheduler.compat.jobIds
11-04 20:31:48.623 16291 16884 W fb4a.ServiceInfoParser: X.4T6: Service com.facebook.backgroundlocation.reporting.periodic.PeriodicSignalCollectorJobService is missing meta key com.facebook.common.jobscheduler.compat.jobIds
11-04 20:31:48.632  3783  3811 D MARsDBManager: onChange - mSmartManagerObserver! Uri = content://com.samsung.android.sm/AppFreezer?MARs-self=true&MARs=true
11-04 20:31:48.636  3783  3783 D PackageManager: Shame on you for calling the hidden API queryBroadcastReceivers(). Shame!
11-04 20:31:48.638 17259 17318 D UE4     : LogICUInternationalization: Display: ICU TimeZone Detection - Raw Offset: +0:00, Platform Override: ''
11-04 20:31:48.638 17259 17318 D UE4     : 
11-04 20:31:48.639  3783  3783 V ApplicationPolicy: refresh widget status with providers for user 0
11-04 20:31:48.639  3253  3253 D SurfaceFlinger:   Display[0] configurations (* current):
11-04 20:31:48.639  3253  3253 D SurfaceFlinger:     * 0: 1440x2960, xdpi=522.513977, ydpi=525.762024, refresh=16666666
11-04 20:31:48.639  3253  3253 D SurfaceFlinger:   numHwLayers=3, flags=00000000
11-04 20:31:48.639  3253  3253 D SurfaceFlinger:     type   |  handle  | hint | flag | tr | blnd |   format    |     source crop (l,t,r,b)      |          frame         | name 
11-04 20:31:48.639  3253  3253 D SurfaceFlinger: -----------+----------+------+------+----+------+-------------+--------------------------------+------------------------+------
11-04 20:31:48.639  3253  3253 D SurfaceFlinger:        HWC | 7f0ae57920 | 0000 | 0020 | 00 | 0100 | RGBA_8888   |    0.0,    0.0, 1080.0, 2094.0 |    0,    0, 1080, 2094 | com.YourCompany.FlaminGo/com.epicgames.ue4.GameActivity#0
11-04 20:31:48.639  3253  3253 D SurfaceFlinger:        HWC | 7f0ae58aa0 | 0000 | 0000 | 00 | 0105 | RGBA_8888   |    0.0,    0.0, 1080.0,  126.0 |    0, 2094, 1080, 2220 | NavigationBar#0
11-04 20:31:48.639  3253  3253 D SurfaceFlinger:  FB TARGET | 7f0ae558c0 | 0000 | 0000 | 00 | 0105 | RGBA_8888   |    0.0,    0.0, 1440.0, 2960.0 |    0,    0, 1440, 2960 | HWC_FRAMEBUFFER_TARGET
11-04 20:31:48.639 17259 17259 V InputMethodManager: Starting input: tba=android.view.inputmethod.EditorInfo@4019f6b nm : com.YourCompany.FlaminGo ic=null
11-04 20:31:48.639 17259 17259 I InputMethodManager: startInputInner - mService.startInputOrWindowGainedFocus
11-04 20:31:48.641  3783  3948 D InputMethodManagerService: startInputOrWindowGainedFocus : windowGainedFocus 
11-04 20:31:48.641  3783  3948 D InputMethodManagerService: windowGainedFocus: destinationUserId (getCallingUid) = 0
11-04 20:31:48.641  3783  3948 D InputMethodManagerService: windowGainedFocus: currentUserId=0
11-04 20:31:48.641  3783  3948 D InputMethodManagerService: windowGainedFocus: mCurrentFocusedUserId=0
11-04 20:31:48.642  3783  3948 D InputMethodManagerService: windowGainedFocus : lock - currentUserId = 0 destinationUserId = 0
11-04 20:31:48.642  3783  3948 D InputMethodManagerService: windowGainedFocus : mCurrentFocusedUserId - 0 and mSecureKeypadEnabled - false, userSwitched - false
11-04 20:31:48.642 17259 17318 D UE4     : EGL Extensions: 
11-04 20:31:48.642 17259 17318 D UE4     : EGL_KHR_get_all_proc_addresses EGL_ANDROID_presentation_time EGL_KHR_swap_buffers_with_damage EGL_ANDROID_get_native_client_buffer EGL_ANDROID_front_buffer_auto_refresh EGL_ANDROID_get_frame_timestamps EGL_KHR_image EGL_KHR_image_base EGL_KHR_gl_colorspace EGL_KHR_gl_texture_2D_image EGL_KHR_gl_texture_cubemap_image EGL_KHR_gl_renderbuffer_image EGL_KHR_fence_sync EGL_KHR_create_context EGL_KHR_config_attribs EGL_KHR_surfaceless_context EGL_EXT_create_context_robustness EGL_ANDROID_image_native_buffer EGL_KHR_wait_sync EGL_ANDROID_recordable EGL_KHR_partial_update EGL_KHR_mutable_render_buffer EGL_EXT_protected_content EGL_IMG_context_priority EGL_KHR_no_config_context 
11-04 20:31:48.642  3783  3948 V InputMethodManagerService: windowGainedFocus : reason=WINDOW_FOCUS_GAIN client=android.os.BinderProxy@51056d7 inputContext=null missingMethods= attribute=android.view.inputmethod.EditorInfo@a10fc25 nm = com.YourCompany.FlaminGo controlFlags=#105 softInputMode=#10 windowFlags=#1810500
11-04 20:31:48.642  3783  3783 I GameManagerService: PkgInstallationReceiver, onReceive(),  begin, action: android.intent.action.PACKAGE_CHANGED
11-04 20:31:48.643  3783  3948 V InputMethodManagerService: hideCurrentInputLocked : shouldHideSoftInput is false
11-04 20:31:48.644  3783  3948 D InputMethodManagerService: isImeSwitcherDisabledPackage : false
11-04 20:31:48.644  3783  3948 V InputMethodManagerService: Creating new session for client ClientState{5ebc3ab uid 10224 pid 17259}
11-04 20:31:48.645 17259 17318 D UE4     : FAndroidGPUInfo
11-04 20:31:48.645 17259 17318 D UE4     : AndroidEGL::InitSurface 1, 1
11-04 20:31:48.646 17259 17259 D ViewRootImpl@3a176fe[GameActivity]: MSG_WINDOW_FOCUS_CHANGED 0
11-04 20:31:48.646 17259 17259 V threaded_app: WindowFocusChanged: 0xdfffba80 -- 0
11-04 20:31:48.646 17259 17319 D UE4     : LogAndroidEvents: EnqueueAppEvent : 10, 0, tid = 17319
11-04 20:31:48.647 17259 17318 D mali_winsys: EGLint new_window_surface(egl_winsys_display *, void *, EGLSurface, EGLConfig, egl_winsys_surface **, egl_color_buffer_format *, EGLBoolean) returns 0x3000,  [8x8]-format:2
11-04 20:31:48.647 17259 17318 D UE4     : AndroidEGL::CreateEGLSurface() 0xce121670
11-04 20:31:48.647 17259 17318 D UE4     : AndroidEGL::CreateEGLSurface(1), auxSurface = eglCreatePbufferSurface(), 8x8
11-04 20:31:48.647  3783  3938 D MdnieScenarioControlService:  packageName : com.YourCompany.FlaminGo    className : com.epicgames.ue4.GameActivity
11-04 20:31:48.648  3783  3938 V MdnieScenarioControlService: setUIMode from UI function(3)
11-04 20:31:48.648  3783  5148 D InputMethodManagerService: setCurrentInputInfo - inputContext : null eidtorInfo : android.view.inputmethod.EditorInfo@a10fc25 missingMethods : 0
11-04 20:31:48.649 17259 17259 D ViewRootImpl@3a176fe[GameActivity]: MSG_WINDOW_FOCUS_CHANGED 1
11-04 20:31:48.649 17259 17259 V threaded_app: WindowFocusChanged: 0xdfffba80 -- 1
11-04 20:31:48.649 17259 17319 D UE4     : LogAndroidEvents: EnqueueAppEvent : 11, 0, tid = 17319
11-04 20:31:48.651  4189  4189 I InputMethodWrapper:  call dispatchStartInputWithToken
11-04 20:31:48.651  4189  4189 I InputMethodService: dispatchStartInputWithToken
11-04 20:31:48.652  3783  3948 D InputMethodManagerService: startInputOrWindowGainedFocus : windowGainedFocus 
11-04 20:31:48.652  3783  3948 D InputMethodManagerService: windowGainedFocus: destinationUserId (getCallingUid) = 0
11-04 20:31:48.652  3783  3948 D InputMethodManagerService: windowGainedFocus: currentUserId=0
11-04 20:31:48.652  3783  3948 D InputMethodManagerService: windowGainedFocus: mCurrentFocusedUserId=0
11-04 20:31:48.652  3783  3948 D InputMethodManagerService: windowGainedFocus : lock - currentUserId = 0 destinationUserId = 0
11-04 20:31:48.652  3783  3948 D InputMethodManagerService: windowGainedFocus : mCurrentFocusedUserId - 0 and mSecureKeypadEnabled - false, userSwitched - false
11-04 20:31:48.652  3783  3948 W InputMethodManagerService: Window already focused, ignoring focus gain of: com.android.internal.view.IInputMethodClient$Stub$Proxy@ee5c04c attribute=null, token = android.os.BinderProxy@e2644bf
11-04 20:31:48.652  3376  3376 E adbd    : recv: OPEN 000019e1 00000000 0035:73 68 65 6C 6C 3A 65 78 70 6F 72 74 20 41 4E 44 52 4F 49 44 5F 4C 4F 47 5F 54 41 47 53 3D 22 27 27 22 3B 20 65 78 65 63 20 6C 6F 67 63 61 74 20 27 2D 64 27 00 
11-04 20:31:48.652  4189  4189 I SKBD    : SamsungKeypad [IMI] onStartInput - caller pid : 17259, caller uid : 10224
11-04 20:31:48.652  3376  3376 E adbd    : service_to_fd: shell:export ANDROID_LOG_TAGS="''"; exec logcat '-d'
11-04 20:31:48.653  4189  4189 I SKBD    : SamsungKeypad  CACHEDIC onStartInput  isCachedICEnabled:  false
11-04 20:31:48.653  4189  4189 I SKBD    : atl getDefaultInputRange : UNKNOWN
11-04 20:31:48.653  4189  4189 I SKBD    : awo resetBinderManager()
11-04 20:31:48.653  4189  4189 I SKBD_SYNC: SamsungKeypad onStartInput: import DLM
11-04 20:31:48.653 17259 17259 V threaded_app: Resume: 0xdfffba80
11-04 20:31:48.653 17259 17319 V threaded_app: activityState=11
11-04 20:31:48.653 17259 17319 D UE4     : Case APP_CMD_RESUME
11-04 20:31:48.653 17259 17319 D UE4     : LogAndroidEvents: EnqueueAppEvent : 7, 0, tid = 17319
11-04 20:31:48.653 17259 17259 D UE4     : Registering sensor listeners
11-04 20:31:48.654  4189  4189 I SKBD    : atl setPrivateImeOptionsToTable privateImeOptions ( null )
11-04 20:31:48.654  4189  4189 I SKBD    : atl imeOptions is null
11-04 20:31:48.654  3783  3948 I SensorService: createSensorEventConnection package name com.epicgames.ue4.GameActivity
11-04 20:31:48.655  3783  3948 D SensorService: Calling batch handle==6 flags=0 rate=20000000 timeout== 0
11-04 20:31:48.655  3240  3240 I Sensors : batch - accelerometer_sensor try to batching with 20000000
11-04 20:31:48.659  4536  4616 D ForegroundUtils: could not check pending caller
11-04 20:31:48.660  4211  7459 D SystemServicesProxy: updateOverviewLastStackActiveTimeAsync: newTime=1540204754719
11-04 20:31:48.661  4189  4189 I SKBD    : SamsungKeypad [PF_OP][onStartInput] 9065193
11-04 20:31:48.661 17259 17259 D SensorManager: registerListener :: 6, LSM6DSL Acceleration Sensor, 20000, 0,  
11-04 20:31:48.662  3783  3948 D SensorService: Calling batch handle==11 flags=0 rate=20000000 timeout== 0
11-04 20:31:48.662  3240  3240 I Sensors : batch - geomagnetic_sensor try to batching with 20000000
11-04 20:31:48.663  3240  3240 I Sensors : GeoMagneticSensor old sensor_state 16385, new sensor_state : 16401 en : 1
11-04 20:31:48.663  3783 15989 D SecContentProvider: query(), uri = 17 selection = isSettingsChangesAllowed
11-04 20:31:48.664 17259 17259 D SensorManager: registerListener :: 11, AK09916C Magnetic field Sensor, 20000, 0,  
11-04 20:31:48.664  3783  3948 D SensorService: Calling batch handle==7 flags=0 rate=20000000 timeout== 0
11-04 20:31:48.665  3240  3240 I Sensors : batch - gyro_sensor try to batching with 20000000
11-04 20:31:48.665  3240  3240 I Sensors : GyroSensor old sensor_state 16401, new sensor_state : 16403 en : 1
11-04 20:31:48.667  3783 15989 D SecContentProvider: called from android.uid.systemui:10005
11-04 20:31:48.668  4536  4536 D ApduServiceInfo: seId: 0
11-04 20:31:48.668 17259 17259 D SensorManager: registerListener :: 7, LSM6DSL Gyroscope Sensor, 20000, 0,  
11-04 20:31:48.668 17259 17259 D UE4     : App is running in Landscape
11-04 20:31:48.668  4211  4481 D SystemServicesProxy: updateOverviewLastStackActiveTimeAsync: done.
11-04 20:31:48.668 17259 17259 D UE4     : ==============> Resuming main init
11-04 20:31:48.668 17259 17259 D UE4     : ==============> GameActive.onResume complete!
11-04 20:31:48.670  4536  4536 D ApduServiceInfo: seId: 0
11-04 20:31:48.674  4536  4536 D ApduServiceInfo: No com.gsma.services.nfc.extensions meta-data
11-04 20:31:48.674  4536  4536 D ApduServiceInfo: seId: 1
11-04 20:31:48.675  4536  4536 D RegisteredOthersCache: start invalidate
11-04 20:31:48.675  4536  4536 D RegisteredOthersCache: Existed other service
11-04 20:31:48.675  4536  4536 D RegisteredPoliciesCache: invalidate
11-04 20:31:48.675  4536  4536 D RegisteredAidCache: onServicePolicyUpdated
11-04 20:31:48.675  4536  4536 D RegisteredAidCache: generateAidPolicyMapLocked
11-04 20:31:48.675  4536  4536 D AidPolicyManager: print policy
11-04 20:31:48.675  4536  4536 D AidPolicyManager: table size : 0
11-04 20:31:48.675  4536  4536 D CardEmulationManager: Not Allow!!!
11-04 20:31:48.676 17259 17318 D UE4     : Vulkan library detected, checking for available driver
11-04 20:31:48.678  3783  8657 V WindowManager: Relayout Window{ea8c5af u0 InputMethod}: viewVisibility=8 req=2220x126 WM.LayoutParams{(0,0)(fillxwrap) gr=#50 sim=#20 ty=2011 fl=#800108 pfl=0x1000000 fmt=-2 wanim=0x7f0e00e1 vsysui=0x310 needsMenuKey=2 colorMode=0 naviIconColor=0 sfl=0x800}
11-04 20:31:48.679  3783  3948 D ActivityManager: post active user change for 0 fullscreen true isHomeActivity() false
11-04 20:31:48.679 17259 17318 I vndksupport: sphal namespace is not configured for this process. Loading /vendor/lib/hw/vulkan.exynos5.so from the current namespace instead.
11-04 20:31:48.680 17259 17318 D vulkan  : searching for layers in '/data/app/com.YourCompany.FlaminGo-GPJPTI8NtjlGzWCwLdAaEg==/lib/arm'
11-04 20:31:48.680 17259 17318 D vulkan  : searching for layers in '/system/fake-libs'
11-04 20:31:48.681 17259 17318 D vulkan  : searching for layers in '/data/app/com.YourCompany.FlaminGo-GPJPTI8NtjlGzWCwLdAaEg==/base.apk!/lib/armeabi-v7a'
11-04 20:31:48.681 17259 17318 D vulkan  : vulkan api version_1_0 1.0.0
11-04 20:31:48.681 17259 17318 D vulkan  : vulkan header version 46
11-04 20:31:48.687  3240  3425 E Sensors : Sensor : Meta event
11-04 20:31:48.688  3783 14347 V WindowManager: Relayout Window{9f7a78c u0 com.YourCompany.FlaminGo/com.epicgames.ue4.GameActivity}: viewVisibility=0 req=2094x1080 WM.LayoutParams{(0,0)(fillxfill) sim=#110 ty=1 fl=#1810500 pfl=0x1000000 fmt=1 wanim=0x1030001 vsysui=0x10 needsMenuKey=2 colorMode=0 naviIconColor=0}
11-04 20:31:48.688  4189  4189 D ViewRootImpl@6769103[InputMethod]: Relayout returned: old=[0,819][1080,2220] new=[0,819][1080,2220] result=0x1 surface={valid=false 0} changed=false
11-04 20:31:48.693  4536  4616 D ForegroundUtils: could not check pending caller
11-04 20:31:48.694 17259 17259 D ViewRootImpl@3a176fe[GameActivity]: Relayout returned: old=[0,0][2094,1080] new=[0,0][2094,1080] result=0x1 surface={valid=true 3449540608} changed=false
11-04 20:31:48.695  4189  4189 I SKBD    : putCacheDrawable inputModule=0 key =ICON_SETTING
11-04 20:31:48.701  3783  3783 I PersonaManagerService::Proxy: newPackage is com.microsoft.skydrive
11-04 20:31:48.703  3783  3783 I DefaultDialerCache: Refreshing default dialer for user 0: now com.samsung.android.contacts
11-04 20:31:48.704  3783  3783 D CocktailBarManagerServiceContainer: onReceive : android.intent.action.PACKAGE_CHANGED
11-04 20:31:48.705  4536  4536 D AidPolicyManager: There are not service policy for this aid
11-04 20:31:48.705 10369 17167 I DiscoveryManager: Filter criteria(null) scannerFlags(0)
11-04 20:31:48.705  4536  4536 I chatty  : uid=1027(nfc) com.android.nfc expire 12 lines
11-04 20:31:48.705  4536  4536 D AidPolicyManager: There are not service policy for this aid
11-04 20:31:48.705  4536  4536 D AidPolicyManager: There are not service policy for this aid
11-04 20:31:48.705  4536  4536 I chatty  : uid=1027(nfc) com.android.nfc identical 12 lines
11-04 20:31:48.705  4536  4536 D AidPolicyManager: There are not service policy for this aid
11-04 20:31:48.705  4536  4536 D AidRoutingManager: Override power table is not changed
