11-03 23:53:21.330  1786  1786 I PBSessionCacheImpl: Deleted sessionId[7856451145832138] from persistence.
11-03 23:53:21.330  4209  4209 I MetadataParser: updateMetadataInfo() key = com.sec.android.daemonapp, bInfo = MetadataInfo[pkgName=com.sec.android.daemonapp, dbKey=add_info_com_sec_android_daemonapp, titleRes = 2131100116, title=null], mInfo = MetadataInfo[pkgName=com.sec.android.daemonapp, dbKey=add_info_com_sec_android_daemonapp, titleRes = 2131100116, title=null]
11-03 23:53:21.331  9338 10064 D OpenGLRenderer: eglDestroySurface = 0xdd4346d8
11-03 23:53:21.332  3790  3947 V WindowManager: Relayout Window{d40ccb0 u0 com.samsung.android.spay.simple.SimpleIntroHintService}: viewVisibility=8 req=566x63 WM.LayoutParams{(0,0)(566x63) gr=#51 sim=#20 ty=2024 fl=#1800308 fmt=-3 vsysui=0x2000 colorMode=0 naviIconColor=0}
11-03 23:53:21.332  3790  3947 I WindowManager: Destroying surface Surface(name=com.samsung.android.spay.simple.SimpleIntroHintService) called by com.android.server.wm.WindowStateAnimator.destroySurface:2465 com.android.server.wm.WindowStateAnimator.destroySurfaceLocked:967 com.android.server.wm.WindowState.destroyOrSaveSurfaceUnchecked:3661 com.android.server.wm.WindowState.destroySurface:3609 com.android.server.wm.WindowManagerService.tryStartExitingAnimation:2676 com.android.server.wm.WindowManagerService.relayoutWindow:2460 com.android.server.wm.Session.relayout:249 android.view.IWindowSession$Stub.onTransact:288 
11-03 23:53:21.332  3250  4684 I SurfaceFlinger: id=853 Removed com.samsung.android.spay.simple.SimpleIntroHintService#0 (6/7)
11-03 23:53:21.332  3250  4684 I SurfaceFlinger: id=853 Removed com.samsung.android.spay.simple.SimpleIntroHintService#0 (-2/7)
11-03 23:53:21.335  9338  9338 D ViewRootImpl@41790c8[SimpleIntroHintService]: Relayout returned: old=[827,1017][1393,1080] new=[827,1017][1393,1080] result=0x5 surface={valid=false 0} changed=true
11-03 23:53:21.338  3790  3947 D SecContentProvider: query(), uri = 17 selection = isSettingsChangesAllowed
11-03 23:53:21.338  3790  3947 D SecContentProvider: called from android.uid.systemui:10005
11-03 23:53:21.339  3790  3947 I chatty  : uid=1000(system) Binder:3790_3 identical 1 line
11-03 23:53:21.339  3790  3947 I chatty  : uid=1000(system) Binder:3790_3 identical 1 line
11-03 23:53:21.342  3790  3947 D SecContentProvider: query(), uri = 17 selection = isSettingsChangesAllowed
11-03 23:53:21.343  3790  3947 D SecContentProvider: called from android.uid.systemui:10005
11-03 23:53:21.343  3250  3250 I Layer   : id=853 onRemoved com.samsung.android.spay.simple.SimpleIntroHintService#0 
11-03 23:53:21.345  3250  3250 D SurfaceFlinger:   Display[0] configurations (* current):
11-03 23:53:21.345  3250  3250 D SurfaceFlinger:     * 0: 1440x2960, xdpi=522.513977, ydpi=525.762024, refresh=16666666
11-03 23:53:21.345  3250  3250 D SurfaceFlinger:   numHwLayers=3, flags=00000000
11-03 23:53:21.345  3250  3250 D SurfaceFlinger:     type   |  handle  | hint | flag | tr | blnd |   format    |     source crop (l,t,r,b)      |          frame         | name 
11-03 23:53:21.345  3250  3250 D SurfaceFlinger: -----------+----------+------+------+----+------+-------------+--------------------------------+------------------------+------
11-03 23:53:21.345  3250  3250 D SurfaceFlinger:        HWC | 7239a55fc0 | 0000 | 0000 | 00 | 0105 | RGBA_8888   |    0.0,    0.0, 1080.0,  126.0 |    0, 2094, 1080, 2220 | NavigationBar#0
11-03 23:53:21.345  3250  3250 D SurfaceFlinger:        HWC | 7239639180 | 0000 | 0100 | 00 | 0105 | RGBA_8888   |    0.0,    0.0, 1080.0, 2220.0 |    0,    0, 1080, 2220 | ScreenshotSurface#0
11-03 23:53:21.345  3250  3250 D SurfaceFlinger:  FB TARGET | 7239a55d20 | 0000 | 0000 | 00 | 0105 | RGBA_8888   |    0.0,    0.0, 1440.0, 2960.0 |    0,    0, 1440, 2960 | HWC_FRAMEBUFFER_TARGET
11-03 23:53:21.348  1786  1786 W SearchServiceCore: Abort, client detached.
11-03 23:53:21.356  3790  3936 D MdnieScenarioControlService:  packageName : com.YourCompany.FlaminGo    className : com.epicgames.ue4.GameActivity
11-03 23:53:21.357  3790  3936 V MdnieScenarioControlService: setUIMode from UI function(3)
11-03 23:53:21.366  4209  4209 D ViewRootImpl@2b1c8a1[NavBarTouchConsumer]: MSG_RESIZED_REPORT: frame=Rect(1108, 1076 - 1112, 1080) ci=Rect(0, 0 - 0, 0) vi=Rect(0, 0 - 0, 0) or=2
11-03 23:53:21.368  4209  4209 D ViewRootImpl@dba86b7[NavigationBar]: MSG_RESIZED_REPORT: frame=Rect(2094, 0 - 2220, 1080) ci=Rect(0, 0 - 0, 0) vi=Rect(0, 0 - 0, 0) or=2
11-03 23:53:21.369  4209  4209 D KeyguardUpdateMonitor: received broadcast android.intent.action.CONFIGURATION_CHANGED
11-03 23:53:21.371  3790  3947 D ActivityManager: isScaleDownAnimationEnabled() : false
11-03 23:53:21.373  3790  3947 D PersonaManagerService: Current focused persona service handled id set to : 0
11-03 23:53:21.373  3790  3947 D InputDispatcher: Focused application set to: xxxx
11-03 23:53:21.375  3790  4068 D GameManagerService: handleForegroundChange(). pkgName: com.YourCompany.FlaminGo, clsName: com.epicgames.ue4.GameActivity,FgActivityName:com.YourCompany.FlaminGo/com.epicgames.ue4.GameActivity
11-03 23:53:21.375  3790  4068 D GameManagerService:   handleForegroundChange(). same package with Prev KILL_YOURSELF. ignore
11-03 23:53:21.375  3790  3947 D MARsPolicyManager: onPackageResumedFG pkgName = com.YourCompany.FlaminGo, userId = 0
11-03 23:53:21.378  4190  4190 I SKBD    : awo checkCocktailBar() first use took : 1
11-03 23:53:21.388 10667 10667 W linker  : /data/app/com.YourCompany.FlaminGo--quH7qS5MQjaMptgUYiAoA==/lib/arm/libOVRPlugin.so: is missing DT_SONAME will use basename as a replacement: "libOVRPlugin.so"
11-03 23:53:21.390 10667 10667 D OVRPlugin: JNI_OnLoad
11-03 23:53:21.394  4209  4209 D ViewRootImpl@dba86b7[NavigationBar]: MSG_RESIZED_REPORT: frame=Rect(2094, 0 - 2220, 1080) ci=Rect(0, 0 - 0, 0) vi=Rect(0, 0 - 0, 0) or=2
11-03 23:53:21.394  4209  4209 D BarTransitions.PhoneStatusBarView: MODE_TRANSPARENT -> MODE_OPAQUE animate=true
11-03 23:53:21.395  3790  4594 D WindowManager: adjustSystemUiVisibilityLw : vis= 0x10
11-03 23:53:21.395  4209  4209 D BarTransitions.SecNavigationBarView: MODE_TRANSPARENT -> MODE_OPAQUE animate=false
11-03 23:53:21.399  4209  4209 D ViewRootImpl@ef30bff[AssistPreviewPanel]: dispatchAttachedToWindow
11-03 23:53:21.400  3790  4594 V WindowManager: Relayout Window{77ee27d u0 AssistPreviewPanel}: viewVisibility=8 req=2092x656 WM.LayoutParams{(0,0)(fillx656) gr=#800053 sim=#31 ty=2033 fl=#1000118 fmt=-3 vsysui=0x700 colorMode=0 naviIconColor=0}
11-03 23:53:21.404  4209  4209 D ViewRootImpl@ef30bff[AssistPreviewPanel]: Relayout returned: old=[0,0][0,0] new=[0,1080][2094,1080] result=0x1 surface={valid=false 0} changed=false
11-03 23:53:21.439  3790  4594 V WindowManager: Relayout Window{8dafb1f u0 StatusBar}: viewVisibility=0 req=2220x63 WM.LayoutParams{(0,0)(fillx63) gr=#30 sim=#10 ty=2000 fl=#81840048 fmt=-3 vsysui=0x600 colorMode=0 naviIconColor=0}
11-03 23:53:21.445 10667 10667 D UE4     : Used memory before allocating anything was 121.79MB
11-03 23:53:21.448  4209  4209 D ViewRootImpl@64b00a8[StatusBar]: Relayout returned: old=[0,0][2220,63] new=[0,0][2220,63] result=0x23 surface={valid=true 489398247424} changed=false
11-03 23:53:21.454  4209  4649 D OpenGLRenderer: eglDestroySurface = 0x720981ef90
11-03 23:53:21.455  4209  4649 D mali_winsys: EGLint new_window_surface(egl_winsys_display *, void *, EGLSurface, EGLConfig, egl_winsys_surface **, egl_color_buffer_format *, EGLBoolean) returns 0x3000,  [2220x63]-format:1
11-03 23:53:21.456  4209  4649 D OpenGLRenderer: eglCreateWindowSurface = 0x720981ef90
11-03 23:53:21.477  3790  3937 D AllAroundSensingService: packageName : com.YourCompany.FlaminGo    className : com.epicgames.ue4.GameActivity
11-03 23:53:21.478  3790  3937 V AllAroundSensingService: setPlatformBrightnessValue 120
11-03 23:53:21.480  4209 29266 D SystemServicesProxy: updateOverviewLastStackActiveTimeAsync: newTime=1540204754719
11-03 23:53:21.481  3790  4594 D SecContentProvider: query(), uri = 17 selection = isSettingsChangesAllowed
11-03 23:53:21.481  4209  4209 D ScrollView:  onsize change changed 
11-03 23:53:21.482  3790  4594 D SecContentProvider: called from android.uid.systemui:10005
11-03 23:53:21.482  4209  4480 D SystemServicesProxy: updateOverviewLastStackActiveTimeAsync: done.
11-03 23:53:21.503  3790  4594 V WindowManager: finishDrawingLocked: mDrawState=COMMIT_DRAW_PENDING Window{8dafb1f u0 StatusBar} in Surface(name=StatusBar)
11-03 23:53:21.503  4209  4209 D ViewRootImpl@71b4bf6[DockedStackDivider]: dispatchAttachedToWindow
11-03 23:53:21.505  3790  4594 V WindowManager: Relayout Window{5ede31f u0 DockedStackDivider}: viewVisibility=4 req=126x1016 WM.LayoutParams{(0,0)(126xfill) sim=#20 ty=2034 fl=#21840028 pfl=0x40 fmt=-3 vsysui=0x700 colorMode=0 naviIconColor=0}
11-03 23:53:21.507  4209  4209 D ViewRootImpl@71b4bf6[DockedStackDivider]: Relayout returned: old=[0,0][0,0] new=[0,0][0,0] result=0x1 surface={valid=false 0} changed=false
11-03 23:53:21.510  4209  4209 D ViewRootImpl@c2be3ce[DividerButtonsGroup]: dispatchAttachedToWindow
11-03 23:53:21.511  3790  4594 V WindowManager: Relayout Window{12380ca u0 DividerButtonsGroup}: viewVisibility=4 req=131x458 WM.LayoutParams{(0,0)(131x458) sim=#20 ty=2302 fl=#1040020 fmt=-3 vsysui=0x700 surfaceInsets=Rect(32, 32 - 32, 32) colorMode=0 naviIconColor=0}
11-03 23:53:21.513  3790  4594 I WindowManager: Screen frozen for +464ms due to Window{8dafb1f u0 StatusBar}
11-03 23:53:21.514  3250  3250 I SurfaceFlinger: id=856 createSurf (2160x2220),-1 flag=20004, BlackSurface#0
11-03 23:53:21.515  3250  3250 I SurfaceFlinger: id=857 createSurf (1080x4440),-1 flag=20004, BlackSurface#0
11-03 23:53:21.516  3250  3250 I SurfaceFlinger: id=858 createSurf (2160x2220),-1 flag=20004, BlackSurface#0
11-03 23:53:21.516  3250  3250 I SurfaceFlinger: id=859 createSurf (1080x4440),-1 flag=20004, BlackSurface#0
11-03 23:53:21.517  3790  4594 D InputDispatcher: setInputDispatchMode: enabled=1, frozen=0
11-03 23:53:21.518  4209  4209 D ViewRootImpl@c2be3ce[DividerButtonsGroup]: Relayout returned: old=[0,0][0,0] new=[0,0][0,0] result=0x1 surface={valid=false 0} changed=false
11-03 23:53:21.520  3790  4594 V WindowManager: Relayout Window{c90d8c9 u0 NavBarTouchConsumer}: viewVisibility=0 req=4x4 WM.LayoutParams{(0,0)(4x4) gr=#5 sim=#20 ty=2273 fl=#1080108 fmt=-3 alpha=0.0 colorMode=0 naviIconColor=0 sfl=0x20000}
11-03 23:53:21.520  3227  3667 D audio_hw_primary_abox: device-adev_set_parameters: enter with key(display_rotation=1)
11-03 23:53:21.521  3227  3667 D audio_hw_primary_abox: device-adev_set_parameters: exit
11-03 23:53:21.521  3398  3577 V MultiRecordManager: setParameters(): io 0, keyvalue display_rotation=1, calling pid 3790
11-03 23:53:21.522  4209  4209 D ViewRootImpl@2b1c8a1[NavBarTouchConsumer]: Relayout returned: old=[1108,1076][1112,1080] new=[2216,538][2220,542] result=0x1 surface={valid=true 489322921984} changed=false
11-03 23:53:21.523  4209  4649 D OpenGLRenderer: eglDestroySurface = 0x72098219c0
11-03 23:53:21.524  4209  4649 D mali_winsys: EGLint new_window_surface(egl_winsys_display *, void *, EGLSurface, EGLConfig, egl_winsys_surface **, egl_color_buffer_format *, EGLBoolean) returns 0x3000,  [4x4]-format:1
11-03 23:53:21.524  4209  4649 D OpenGLRenderer: eglCreateWindowSurface = 0x72098219c0
11-03 23:53:21.526  4209  4209 D ViewRootImpl@2b1c8a1[NavBarTouchConsumer]: MSG_RESIZED_REPORT: frame=Rect(2216, 538 - 2220, 542) ci=Rect(0, 0 - 0, 0) vi=Rect(0, 0 - 126, 0) or=2
11-03 23:53:21.526  4209  4209 D ViewRootImpl@dbcf2f2[AssistPreviewPanel]: dispatchDetachedFromWindow
11-03 23:53:21.526  4209  4209 D InputEventReceiver: channel '1a3b73c AssistPreviewPanel (client)' ~ Disposing input event receiver.
11-03 23:53:21.526  4209  4209 D InputEventReceiver: channel '1a3b73c AssistPreviewPanel (client)' ~NativeInputEventReceiver.
11-03 23:53:21.526  3790  4594 W AppOps  : Finishing op nesting under-run: uid 10005 pkg com.android.systemui code 70 time=0 duration=0 nesting=0
11-03 23:53:21.530  4209  4209 D SecNavigationBarView: setNavigationIconHints showImeButton : false
11-03 23:53:21.530  4209  4209 D SecNavigationBarView: updateImmersivePinIcon() isImmersiveMode=false
11-03 23:53:21.531  4209  4209 D NetworkController: dynamicallyReduceTextSize : mDisplayMetrics.densityDpi420
11-03 23:53:21.531  4209  4209 D KeyguardUpdateMonitor: updateCarrierTextInfo
11-03 23:53:21.531  4209  4209 D ViewRootImpl@c850884[DockedStackDivider]: dispatchDetachedFromWindow
11-03 23:53:21.531  4209  4209 D InputEventReceiver: channel '2a0c54b DockedStackDivider (client)' ~ Disposing input event receiver.
11-03 23:53:21.531  4209  4209 D InputEventReceiver: channel '2a0c54b DockedStackDivider (client)' ~NativeInputEventReceiver.
11-03 23:53:21.532  3790  4594 W AppOps  : Finishing op nesting under-run: uid 10005 pkg com.android.systemui code 70 time=0 duration=0 nesting=0
11-03 23:53:21.538  4209  4507 D Tile.WifiTile: handleUpdateState enabledChanging
11-03 23:53:21.539  4209  4746 V SystemUIAnalytics: SAPreference : 1104 / 1
11-03 23:53:21.539  4209  4746 V SystemUIAnalytics: SAPreference : 1105 / 2
11-03 23:53:21.539  4209  4507 D Tile.BluetoothTile: handleUpdateState enabled = true connected = false bluetoothState = 12
11-03 23:53:21.540  4209  4209 D KeyguardUpdateMonitor: handleConfigurationChanged
11-03 23:53:21.542  4209  4507 D Tile.RotationLockTile:  handleUpdateState: true orientation = true
11-03 23:53:21.545  4209  4507 D FlashlightController: updateTorchCallback for mCameraId 0
11-03 23:53:21.545  3250  3250 D SurfaceFlinger:   Display[0] configurations (* current):
11-03 23:53:21.545  3250  3250 D SurfaceFlinger:     * 0: 1440x2960, xdpi=522.513977, ydpi=525.762024, refresh=16666666
11-03 23:53:21.545  3250  3250 D SurfaceFlinger:   numHwLayers=2, flags=00000000
11-03 23:53:21.545  3250  3250 D SurfaceFlinger:     type   |  handle  | hint | flag | tr | blnd |   format    |     source crop (l,t,r,b)      |          frame         | name 
11-03 23:53:21.545  3250  3250 D SurfaceFlinger: -----------+----------+------+------+----+------+-------------+--------------------------------+------------------------+------
11-03 23:53:21.545  3250  3250 D SurfaceFlinger:        HWC | 7239639180 | 0000 | 0100 | 00 | 0105 | RGBA_8888   |    0.0,    0.0, 1080.0, 2220.0 |    0,    0, 1080, 2220 | ScreenshotSurface#0
11-03 23:53:21.545  3250  3250 D SurfaceFlinger:  FB TARGET | 7239a55d20 | 0000 | 0000 | 00 | 0105 | RGBA_8888   |    0.0,    0.0, 1440.0, 2960.0 |    0,    0, 1440, 2960 | HWC_FRAMEBUFFER_TARGET
11-03 23:53:21.545  4209  4507 D Tile.AirplaneModeTile:  handleUpdateState:  value false  state.dim false
11-03 23:53:21.545  4209  4746 V SystemUIAnalytics: SAPreference : 1108 / 0
11-03 23:53:21.545  4209  4746 V SystemUIAnalytics: SAPreference : 2014 / 0
11-03 23:53:21.547  4209  4746 V SystemUIAnalytics: SAPreference : 1109 / 0
11-03 23:53:21.550  3790  4594 V WindowManager: Relayout Window{f99ad90 u0 NavigationBar}: viewVisibility=0 req=126x1080 WM.LayoutParams{(0,0)(fillxfill) sim=#20 ty=2019 fl=#21840068 fmt=-3 colorMode=0 naviIconColor=0}
11-03 23:53:21.550  4209  4507 D TileLifecycleManager: Binding service Intent { cmp=com.android.settings/com.samsung.android.settings.qstile.PowerSavingTile (has extras) } UserHandle{0}
11-03 23:53:21.552  3790  3947 D StorageManagerService: getExternalStorageMountMode : 1
11-03 23:53:21.552  3790  3947 D StorageManagerService: getExternalStorageMountMode : 3
11-03 23:53:21.552  3790  3947 D StorageManagerService: getExternalStorageMountMode : final mountMode=1, uid : 1000, packageName : com.android.settings
11-03 23:53:21.552  3790  3947 I ApplicationPolicy: isApplicationExternalStorageWhitelisted:com.android.settings user:0
11-03 23:53:21.552  4209  4209 D ViewRootImpl@dba86b7[NavigationBar]: Relayout returned: old=[2094,0][2220,1080] new=[2094,0][2220,1080] result=0x1 surface={valid=true 488655261696} changed=false
11-03 23:53:21.553  3790  3947 D ApplicationPolicy: isApplicationExternalStorageWhitelisted: DO is not enabled on user 0. Allowed.
11-03 23:53:21.553  3790  3947 D ActivityManager: package  com.android.settings, user - 0 is SDcard whitelisted
11-03 23:53:21.553  3790  3947 I ApplicationPolicy: isApplicationExternalStorageBlacklisted:com.android.settings user:0
11-03 23:53:21.553  3790  3947 D ApplicationPolicy: isApplicationExternalStorageBlacklisted: DO is not enabled on user 0. Allowed.
11-03 23:53:21.553  4209  4209 D ViewRootImpl@64b00a8[StatusBar]: MSG_RESIZED_REPORT: frame=Rect(0, 0 - 2220, 63) ci=Rect(0, 0 - 126, 0) vi=Rect(0, 0 - 126, 0) or=2
11-03 23:53:21.554  4209  4209 D KeyguardUpdateMonitor: handleStatusBarState( false )
11-03 23:53:21.559  4209  4209 D KeyguardClockPage: onRefreshCarrierInfo(pre, now): false, false
11-03 23:53:21.559  4209  4209 D CarrierText: updateCarrierText(): subscriptionInfo Size = 0, DefaultText = No service
11-03 23:53:21.559  4209  4209 D MultiSimUtils: isSimStateReadyorNotReady() : simSlot = 0, simState = ABSENT
11-03 23:53:21.566  3790  3947 I ActivityManager: Start proc 10691:com.android.settings:QuickSettingsTile/1000 for service com.android.settings/com.samsung.android.settings.qstile.PowerSavingTile
11-03 23:53:21.566  3250  3250 D SurfaceFlinger:   Display[0] configurations (* current):
11-03 23:53:21.566  3250  3250 D SurfaceFlinger:     * 0: 1440x2960, xdpi=522.513977, ydpi=525.762024, refresh=16666666
11-03 23:53:21.566  3250  3250 D SurfaceFlinger:   numHwLayers=6, flags=00000000
11-03 23:53:21.566  3250  3250 D SurfaceFlinger:     type   |  handle  | hint | flag | tr | blnd |   format    |     source crop (l,t,r,b)      |          frame         | name 
11-03 23:53:21.566  3250  3250 D SurfaceFlinger: -----------+----------+------+------+----+------+-------------+--------------------------------+------------------------+------
11-03 23:53:21.566  3250  3250 D SurfaceFlinger:       GLES | 7239639180 | 0000 | 0101 | 00 | 0105 | RGBA_8888   |    0.0,    0.0, 1080.0, 2220.0 |    0,    0, 1080, 2220 | ScreenshotSurface#0
11-03 23:53:21.566  3250  3250 D SurfaceFlinger:       GLES | 00000000 | 0000 | 0201 | 00 | 0105 | ? ffffffff  |   -0.4,   -0.9,   -0.9,   -1.0 |   31,    0, 1080,  244 | BlackSurface#0
11-03 23:53:21.566  3250  3250 D SurfaceFlinger:       GLES | 00000000 | 0000 | 0201 | 00 | 0105 | ? ffffffff  |   -0.8,   -0.0,   -1.0,   -0.6 |    0,    0,  209, 2077 | BlackSurface#0
11-03 23:53:21.566  3250  3250 D SurfaceFlinger:       GLES | 00000000 | 0000 | 0201 | 00 | 0105 | ? ffffffff  |   -0.1,    0.0,   -0.6,   -0.1 |    0, 1976, 1049, 2220 | BlackSurface#0
11-03 23:53:21.566  3250  3250 D SurfaceFlinger:       GLES | 00000000 | 0000 | 0201 | 00 | 0105 | ? ffffffff  |    0
11-03 23:53:21.566  4209  4507 D TileLifecycleManager: onStartListening
11-03 23:53:21.566  4209  4209 D CarrierText: Getting plmn/spn/subId sticky brdcst  plmn : Emergency calls only, spn : , subId :-2
11-03 23:53:21.566  3250  3250 D SurfaceFlinger: .0,   -0.4,   -0.2,   -1.0 |  871,  143, 1080, 2220 | BlackSurface#0
11-03 23:53:21.566  3250  3250 D SurfaceFlinger:  FB TARGET | 7239a55b60 | 0000 | 0000 | 00 | 0105 | RGBA_8888   |    0.0,    0.0, 1440.0, 2960.0 |    0,    0, 1440, 2960 | HWC_FRAMEBUFFER_TARGET
11-03 23:53:21.566  4209  4209 D CarrierText: plmn Of NetworkController Impl : Emergency calls only
11-03 23:53:21.566  4209  4209 D CarrierText: setText : No SIM card | Emergency calls only
11-03 23:53:21.567  4209  4209 D CarrierText: updateCarrierText(): subscriptionInfo Size = 0, DefaultText = No service
11-03 23:53:21.567  4209  4209 D MultiSimUtils: isSimStateReadyorNotReady() : simSlot = 0, simState = ABSENT
11-03 23:53:21.567 10691 10691 E Zygote  : isWhitelistProcess - Process is Whitelisted
11-03 23:53:21.567  4209  4209 D CarrierText: Getting plmn/spn/subId sticky brdcst  plmn : Emergency calls only, spn : , subId :-2
11-03 23:53:21.567  4209  4209 D CarrierText: plmn Of NetworkController Impl : Emergency calls only
11-03 23:53:21.568  4209  4209 D CarrierText: setText : No SIM card | Emergency calls only
11-03 23:53:21.568 10691 10691 E libpersona: scanKnoxPersonas
11-03 23:53:21.568 10691 10691 E libpersona: Couldn't open the File - /data/system/users/0/personalist.xml - No such file or directory
11-03 23:53:21.570 10691 10691 W SELinux : SELinux selinux_android_compute_policy_index : Policy Index[2],  Con:u:r:zygote:s0 RAM:SEPF_SM-G955F_8.0.0_0016, [-1 -1 -1 -1 0 1]
11-03 23:53:21.571  4209  4507 D Tile.MobileDataTile: handleUpdateState : state false
11-03 23:53:21.571 10691 10691 I SELinux : SELinux: seapp_context_lookup: seinfo=platform, pkgname=com.android.settings:QuickSettingsTile 
11-03 23:53:21.571  4209  4746 V SystemUIAnalytics: SAPreference : 2012 / 0
11-03 23:53:21.572  4209  4746 V SystemUIAnalytics: SAPreference : 2016 / 0
11-03 23:53:21.575  4209  4507 D TileLifecycleManager: Binding service Intent { cmp=com.samsung.android.lool/com.samsung.android.sm.ui.booster.PerformanceTile (has extras) } UserHandle{0}
11-03 23:53:21.577  4209  4209 D KeyguardUpdateMonitor: handleStatusBarState( false )
11-03 23:53:21.578  3790  3801 D StorageManagerService: getExternalStorageMountMode : 1
11-03 23:53:21.578  3790  3801 D StorageManagerService: getExternalStorageMountMode : 3
11-03 23:53:21.578  3790  3801 D StorageManagerService: getExternalStorageMountMode : final mountMode=1, uid : 1000, packageName : com.samsung.android.lool
11-03 23:53:21.578  3790  3801 I ApplicationPolicy: isApplicationExternalStorageWhitelisted:com.samsung.android.lool user:0
11-03 23:53:21.578  3790  3801 D ApplicationPolicy: isApplicationExternalStorageWhitelisted: DO is not enabled on user 0. Allowed.
11-03 23:53:21.578  3790  3801 D ActivityManager: package  com.samsung.android.lool, user - 0 is SDcard whitelisted
11-03 23:53:21.578  3790  3801 I ApplicationPolicy: isApplicationExternalStorageBlacklisted:com.samsung.android.lool user:0
11-03 23:53:21.578  3790  3801 D ApplicationPolicy: isApplicationExternalStorageBlacklisted: DO is not enabled on user 0. Allowed.
11-03 23:53:21.580  4209  4209 D KeyguardUpdateMonitor: handleStatusBarState( false )
11-03 23:53:21.582  4209  4209 I chatty  : uid=10005(u0_a5) com.android.systemui identical 2 lines
11-03 23:53:21.586  4209  4209 D KeyguardUpdateMonitor: handleStatusBarState( false )
11-03 23:53:21.591  3790  3801 I ActivityManager: Start proc 10702:com.samsung.android.lool/1000 for service com.samsung.android.lool/com.samsung.android.sm.ui.booster.PerformanceTile
11-03 23:53:21.591  4209  4507 D TileLifecycleManager: onStartListening
11-03 23:53:21.592  4209  4746 V SystemUIAnalytics: SAPreference : 2018 / 0
11-03 23:53:21.594 10702 10702 E Zygote  : isWhitelistProcess - Process is Whitelisted
11-03 23:53:21.595 10702 10702 E libpersona: scanKnoxPersonas
11-03 23:53:21.595 10702 10702 E libpersona: Couldn't open the File - /data/system/users/0/personalist.xml - No such file or directory
11-03 23:53:21.597 10702 10702 W SELinux : SELinux selinux_android_compute_policy_index : Policy Index[2],  Con:u:r:zygote:s0 RAM:SEPF_SM-G955F_8.0.0_0016, [-1 -1 -1 -1 0 1]
11-03 23:53:21.598 10702 10702 I SELinux : SELinux: seapp_context_lookup: seinfo=platform, pkgname=com.samsung.android.lool 
11-03 23:53:21.601  3250  3250 D SurfaceFlinger:   Display[0] configurations (* current):
11-03 23:53:21.601  3250  3250 D SurfaceFlinger:     * 0: 1440x2960, xdpi=522.513977, ydpi=525.762024, refresh=16666666
11-03 23:53:21.601  3250  3250 D SurfaceFlinger:   numHwLayers=7, flags=00000000
11-03 23:53:21.601  3250  3250 D SurfaceFlinger:     type   |  handle  | hint | flag | tr | blnd |   format    |     source crop (l,t,r,b)      |          frame         | name 
11-03 23:53:21.601  3250  3250 D SurfaceFlinger: -----------+----------+------+------+----+------+-------------+--------------------------------+------------------------+------
11-03 23:53:21.601  3250  3250 D SurfaceFlinger:       GLES | 7239a55fc0 | 0000 | 0001 | 00 | 0105 | RGBA_8888   |    0.0,    0.0,  704.0,  126.0 |  875, 1814, 1080, 2220 | NavigationBar#0
11-03 23:53:21.601  3250  3250 D SurfaceFlinger:       GLES | 7239639180 | 0000 | 0101 | 00 | 0105 | RGBA_8888   |    0.0,    0.0, 1080.0, 2220.0 |    0,    0, 1080, 2220 | ScreenshotSurface#0
11-03 23:53:21.601  3250  3250 D SurfaceFlinger:       GLES | 00000000 | 0000 | 0201 | 00 | 0105 | ? ffffffff  |   -0.4,   -0.8,   -0.9,   -1.0 |  281,    0, 1080,  763 | BlackSurface#0
11-03 23:53:21.601  3250  3250 D SurfaceFlinger:       GLES | 00000000 | 0000 | 0201 | 00 | 0105 | ? ffffffff  |   -0.8,   -0.0,   -1.0,   -0.6 |    0,    0,  499, 1391 | BlackSurface#0
11-03 23:53:21.601  3250  3250 D SurfaceFlinger:       GLES | 00000000 | 0000 | 0201 | 00 | 0105 | ? ffffffff  |  
11-03 23:53:21.601  3250  3250 D SurfaceFlinger:  -0.1,    0.0,   -0.6,   -0.2 |    0, 1457,  799, 2220 | BlackSurface#0
11-03 23:53:21.601  3250  3250 D SurfaceFlinger:       GLES | 00000000 | 0000 | 0201 | 00 | 0105 | ? ffffffff  |    0.0,   -0.4,   -0.2,   -1.0 |  581,  829, 1080, 2220 | BlackSurface#0
11-03 23:53:21.601  3250  3250 D SurfaceFlinger:  FB TARGET | 7239a55d20 | 0000 | 0000 | 00 | 0105 | RGBA_8888   |    0.0,    0.0, 1440.0, 2960.0 |    0,    0, 1440, 2960 | HWC_FRAMEBUFFER_TARGET
11-03 23:53:21.605  4209  4507 D Tile.RotationLockTile:  handleUpdateState: true orientation = true
11-03 23:53:21.605  4209  4507 W Tile.CustomTile: handleUpdateState : hasPendingBind Power
11-03 23:53:21.605  4209  4507 W Tile.CustomTile: saving
11-03 23:53:21.606 10691 10691 D TimaKeyStoreProvider: TimaKeyStore is not enabled: cannot add TimaSignature Service and generateKeyPair Service
11-03 23:53:21.607  4209  4507 W Tile.CustomTile: handleUpdateState : hasPendingBind Performance
11-03 23:53:21.607  4209  4507 W Tile.CustomTile: mode
11-03 23:53:21.607 10691 10691 D ActivityThread: Added TimaKeyStore provider
11-03 23:53:21.611  3790  3801 I ActivityManager: DSS on for com.android.settings and scale is 1.0
11-03 23:53:21.613 10702 10702 D TimaKeyStoreProvider: TimaKeyStore is not enabled: cannot add TimaSignature Service and generateKeyPair Service
11-03 23:53:21.613 10702 10702 D ActivityThread: Added TimaKeyStore provider
11-03 23:53:21.617  3790  3801 I ActivityManager: DSS on for com.samsung.android.lool and scale is 1.0
11-03 23:53:21.618  4209  4209 D KeyguardUpdateMonitor: handleStatusBarState( false )
11-03 23:53:21.634  3374  3374 E audit   : type=1400 audit(1541289201.631:95431): avc:  denied  { write } for  pid=10702 comm="ng.android.lool" name="com.samsung.android.lool-gB1OmmyfSZpFFo5ZxJus3A==" dev="dm-1" ino=1149 scontext=u:r:system_app:s0 tcontext=u:object_r:apk_data_file:s0 tclass=dir permissive=0 SEPF_SM-G955F_8.0.0_0016 audit_filtered
11-03 23:53:21.634  3374  3374 E audit   : type=1400 audit(1541289201.631:95432): avc:  denied  { write } for  pid=10702 comm="ng.android.lool" name="com.samsung.android.lool-gB1OmmyfSZpFFo5ZxJus3A==" dev="dm-1" ino=1149 scontext=u:r:system_app:s0 tcontext=u:object_r:apk_data_file:s0 tclass=dir permissive=0 SEPF_SM-G955F_8.0.0_0016 audit_filtered
11-03 23:53:21.640 10667 10667 D UE4     : In the JNI_OnLoad function
11-03 23:53:21.641 10667 10667 D UE4     : [JNI] - Failed to determine if app purchasing is enabled!
11-03 23:53:21.643  3790  3801 W StorageManager: getStorageLowBytes lowPercent : 5, lowBytes : 2898018304, maxLowBytes : 524288000
11-03 23:53:21.644 10667 10667 D UE4     : Path found as '/storage/emulated/0'
11-03 23:53:21.644 10667 10667 D UE4     : Font Path found as '/system/fonts/'
11-03 23:53:21.644 10667 10667 D UE4     : In the JNI_OnLoad function 5
11-03 23:53:21.654 10702 10720 I vndksupport: sphal namespace is not configured for this process. Loading /vendor/lib64/egl/libGLES_mali.so from the current namespace instead.
11-03 23:53:21.657 10691 10721 I vndksupport: sphal namespace is not configured for this process. Loading /vendor/lib64/egl/libGLES_mali.so from the current namespace instead.
11-03 23:53:21.658 10702 10702 D CapsuleProvider_1.0.1: onCreate
11-03 23:53:21.665  3790  3947 W StorageManager: getStorageLowBytes lowPercent : 5, lowBytes : 2898018304, maxLowBytes : 524288000
11-03 23:53:21.670  3790  3947 W StorageManager: getStorageLowBytes lowPercent : 5, lowBytes : 2898018304, maxLowBytes : 524288000
11-03 23:53:21.673 10667 10667 V threaded_app: Creating: 0xda97ba80
11-03 23:53:21.673 10667 10724 V threaded_app: Config: mcc=0 mnc=0 lang=en cnt=GB orien=2 touch=3 dens=420 keys=1 nav=1 keysHid=3 navHid=0 sdk=26 size=2 long=2 modetype=1 modenight=1
11-03 23:53:21.673 10667 10724 D UE4     : Entering native app glue main function
11-03 23:53:21.673 10667 10724 D UE4     : Created event thread
11-03 23:53:21.673 10667 10724 D UE4     : Entered AndroidMain()
11-03 23:53:21.674 10667 10725 D UE4     : Entering event processing thread engine entry point
11-03 23:53:21.675 10667 10725 D UE4     : Prepared looper for event thread
11-03 23:53:21.675 10667 10725 D UE4     : Passed callback initialization
11-03 23:53:21.675 10667 10725 D UE4     : Passed sensor initialization
11-03 23:53:21.675 10667 10724 D UE4     : Controller interface supported
11-03 23:53:21.678 10702 10720 D libEGL  : loaded /vendor/lib64/egl/libGLES_mali.so
11-03 23:53:21.693  3790  3801 W StorageManager: getStorageLowBytes lowPercent : 5, lowBytes : 2898018304, maxLowBytes : 524288000
11-03 23:53:21.701 10691 10721 D libEGL  : loaded /vendor/lib64/egl/libGLES_mali.so
11-03 23:53:21.703  3790  3801 I chatty  : uid=1000(system) Binder:3790_2 identical 1 line
11-03 23:53:21.705  3790  3801 W StorageManager: getStorageLowBytes lowPercent : 5, lowBytes : 2898018304, maxLowBytes : 524288000
11-03 23:53:21.714 10667 10729 D OpenGLRenderer: HWUI GL Pipeline
11-03 23:53:21.715 10702 10702 I CapsuleProvider_1.0.1: releasing initialize wait lock.
11-03 23:53:21.716 10702 10702 D b_1.0.1 : initialized in package com.samsung.android.lool
11-03 23:53:21.716 10702 10702 D b_1.0.1 :  getInstance()
11-03 23:53:21.716 10702 10702 D b_1.0.1 :  addActionHandler: action Id --> viv.deviceMaintenanceApp.OneClickOptimization
11-03 23:53:21.716 10702 10702 D b_1.0.1 :  getInstance()
11-03 23:53:21.716 10702 10702 D b_1.0.1 :  addActionHandler: action Id --> viv.deviceMaintenanceApp.OptimizeItem
11-03 23:53:21.716 10702 10702 D b_1.0.1 :  getInstance()
11-03 23:53:21.716 10702 10702 D b_1.0.1 :  addActionHandler: action Id --> viv.deviceMaintenanceApp.ShowDeviceStatus
11-03 23:53:21.716 10702 10702 D b_1.0.1 :  getInstance()
11-03 23:53:21.716 10702 10702 D b_1.0.1 :  addActionHandler: action Id --> viv.deviceMaintenanceApp.ShowItem
11-03 23:53:21.716 10702 10702 D b_1.0.1 :  getInstance()
11-03 23:53:21.716 10702 10702 D b_1.0.1 :  addActionHandler: action Id --> viv.deviceMaintenanceApp.TurnOffPerformanceMode
11-03 23:53:21.716 10702 10702 D b_1.0.1 :  getInstance()
11-03 23:53:21.717 10702 10702 D b_1.0.1 :  addActionHandler: action Id --> viv.deviceMaintenanceApp.TurnOnPerformanceMode
11-03 23:53:21.717 10702 10702 D b_1.0.1 :  getInstance()
11-03 23:53:21.717 10702 10702 D b_1.0.1 :  addActionHandler: action Id --> viv.deviceMaintenanceApp.TurnOffPowerSavingMode
11-03 23:53:21.717 10702 10702 D b_1.0.1 :  getInstance()
11-03 23:53:21.717 10702 10702 D b_1.0.1 :  addActionHandler: action Id --> viv.deviceMaintenanceApp.TurnOnPowerSavingMode
11-03 23:53:21.717 10702 10702 D b_1.0.1 :  getInstance()
11-03 23:53:21.717 10702 10702 D b_1.0.1 :  addActionHandler: action Id --> viv.deviceMaintenanceApp.IsFeatureSupported
11-03 23:53:21.718 10702 10702 D SamsungAnalytics111040: cf feature is supported
11-03 23:53:21.722 10667 10667 D ViewRootImpl@4e28dab[GameActivity]: setView = DecorView@8e29c08[] TM=true MM=false
11-03 23:53:21.724 10702 10702 D SamsungAnalytics111040: newThread on Executor
11-03 23:53:21.725 10702 10702 D SamsungAnalytics111040: [Tracker] Tracker start:1.11.040
11-03 23:53:21.725 10667 10667 D PermissionFragment: Creating PlayGamesFragment
11-03 23:53:21.729 10702 10702 I PerformanceTile: onCreate, Performance0
11-03 23:53:21.733  4209  4209 D TileLifecycleManager: onServiceConnected ComponentInfo{com.samsung.android.lool/com.samsung.android.sm.ui.booster.PerformanceTile}
11-03 23:53:21.734  4209  4209 D TileLifecycleManager: Handling pending onStartListening
11-03 23:53:21.734  4209  4209 D TileLifecycleManager: onStartListening
11-03 23:53:21.737  3790  3801 I ActivityManager: START u0 {act=android.content.pm.action.REQUEST_PERMISSIONS typ=null flg=0x0 cmp=ComponentInfo{com.google.android.packageinstaller/com.android.packageinstaller.permission.ui.GrantPermissionsActivity}} from uid 10223
11-03 23:53:21.737  3790  3801 W ActivityManager: REQUEST_PERMISSIONS Action.
11-03 23:53:21.751  3790  3801 D CustomFrequencyManagerService: releaseDVFSLockLocked : Getting Lock type frm List : DVFS_MIN_LIMIT  frequency : 2314000  uid : 1000  pid : 3790  tag : AMS_APP_SWITCH@CPU_MIN@10
11-03 23:53:21.751  3790  3801 D CustomFrequencyManagerService: acquireDVFSLockLocked : type : DVFS_MIN_LIMIT  frequency : 2314000  uid : 1000  pid : 3790  pkgName : AMS_APP_SWITCH@CPU_MIN@10
11-03 23:53:21.751  3790  3801 D ActivityManagerPerformance: AMP_acquire() APP_SWITCH
11-03 23:53:21.751  3790  5029 D ActivityManagerPerformance: Received MSG_CFMS_HINT_AMS_SWITCH pkgName: com.google.android.packageinstaller
11-03 23:53:21.758  3790  4594 D SecContentProvider: query(), uri = 17 selection = isSettingsChangesAllowed
11-03 23:53:21.759  3790  4594 D SecContentProvider: called from android.uid.system:1000
11-03 23:53:21.759 10702 10702 I PerformanceTile: updateState, mode=0, state=1
11-03 23:53:21.761  4209  4897 D Tile.CustomTile: updateState : Label = Performance
11-03 23:53:21.761  4209  4897 D Tile.CustomTile: mode, State = 1, Icon = Icon(typ=RESOURCE pkg=com.samsung.android.lool id=0x7f02008e)
11-03 23:53:21.761 10667 10667 D UE4     : Vulkan version: 1.0.3
11-03 23:53:21.761 10667 10667 D UE4     : Vulkan level: 1
11-03 23:53:21.763 10667 10667 D UE4     : Found DepthBufferPreference = 0
11-03 23:53:21.763 10667 10667 D UE4     : Found bPackageDataInsideApk = 0
11-03 23:53:21.763 10667 10667 D UE4     : Found ProjectName = FlaminGo
11-03 23:53:21.763 10667 10667 D UE4     : Found AppType = 
11-03 23:53:21.763 10667 10667 D UE4     : Found bHasOBBFiles = 0
11-03 23:53:21.763 10667 10667 D UE4     : Found bVerifyOBBOnStartUp = false
11-03 23:53:21.764 10667 10667 D UE4     : UI hiding set to false
11-03 23:53:21.764 10667 10667 D UE4     : BuildConfiguration set to Development
11-03 23:53:21.764 10667 10667 D UE4     : UseExternalFilesDir set to false
11-03 23:53:21.764 10667 10667 D UE4     : AllowIMU set to true
11-03 23:53:21.764 10667 10667 D UE4     : No GearVR mode detected.
11-03 23:53:21.764 10667 10667 D UE4     : APK path: /data/app/com.YourCompany.FlaminGo--quH7qS5MQjaMptgUYiAoA==/base.apk
11-03 23:53:21.764 10667 10667 D UE4     : OBB in APK: false
11-03 23:53:21.766  3790  3801 W StorageManager: getStorageLowBytes lowPercent : 5, lowBytes : 2898018304, maxLowBytes : 524288000
11-03 23:53:21.767 10667 10667 D UE4     : InternalFilePath found as '/data/user/0/com.YourCompany.FlaminGo/files'
11-03 23:53:21.767 10667 10667 D UE4     : ExternalFilePath found as '/storage/emulated/0/Android/data/com.YourCompany.FlaminGo/files'
11-03 23:53:21.767 10667 10667 D UE4     : App is running in Landscape
11-03 23:53:21.767 10667 10667 D UE4     : Android version is 8.0.0
11-03 23:53:21.767 10667 10667 D UE4     : Android manufacturer is samsung
11-03 23:53:21.767 10667 10667 D UE4     : Android model is SM-G955F
11-03 23:53:21.767 10667 10667 D UE4     : OS language is set to en_GB
11-03 23:53:21.767 10667 10667 D UE4     : Debugger attached is false
11-03 23:53:21.812 10691 10691 W zygote64: Class com.samsung.context.sdk.samsunganalytics.SamsungAnalytics failed lock verification and will run slower.
11-03 23:53:21.812 10691 10691 W zygote64: Common causes for lock verification issues are non-optimized dex code
11-03 23:53:21.812 10691 10691 W zygote64: and incorrect proguard optimizations.
11-03 23:53:21.814 10691 10691 D SamsungAnalytics: cf feature is supported
11-03 23:53:21.818 10691 10691 D SamsungAnalytics: newThread on Executor
11-03 23:53:21.818 10691 10691 D SamsungAnalytics: [Tracker] Tracker start:1.8.15
11-03 23:53:21.818 10691 10691 I Bixby_SmartView: BixbyApi.createInstance
11-03 23:53:21.822 10667 10667 W PopupManager: You have not specified a View to use as content view for popups. Falling back to the Activity content view. Note that this may not work as expected in multi-screen environments
11-03 23:53:21.828  4209  4209 D TileLifecycleManager: onServiceConnected ComponentInfo{com.android.settings/com.samsung.android.settings.qstile.PowerSavingTile}
11-03 23:53:21.828  4209  4209 D TileLifecycleManager: Handling pending onStartListening
11-03 23:53:21.828  4209  4209 D TileLifecycleManager: onStartListening
11-03 23:53:21.830 10691 10691 D PSMUtils: getCurrentPowerSavingMode: 0
11-03 23:53:21.830  4209  4897 D Tile.CustomTile: updateState : Label = Power
11-03 23:53:21.830  4209  4897 D Tile.CustomTile: saving, State = 1, Icon = Icon(typ=RESOURCE pkg=com.android.settings id=0x7f0805a2)
11-03 23:53:21.833 10667 10667 D UE4     : ==============> GameActive.onCreate complete!
11-03 23:53:21.837 10667 10667 V threaded_app: Start: 0xda97ba80
11-03 23:53:21.837 10667 10725 V threaded_app: activityState=10
11-03 23:53:21.837 10667 10667 D UE4     : Creating console command broadcast listener
11-03 23:53:21.837 10667 10725 D UE4     : LogAndroidEvents: EnqueueAppEvent : 9, 0, tid = 10725
11-03 23:53:21.839 10667 10667 D UE4     : ==================================> Inside onStart function in GameActivity
11-03 23:53:21.842 10667 10667 V threaded_app: Resume: 0xda97ba80
11-03 23:53:21.842 10667 10725 V threaded_app: activityState=11
11-03 23:53:21.842 10667 10725 D UE4     : Case APP_CMD_RESUME
11-03 23:53:21.842 10667 10667 D UE4     : Registering sensor listeners
11-03 23:53:21.842 10667 10725 D UE4     : LogAndroidEvents: EnqueueAppEvent : 7, 0, tid = 10725
11-03 23:53:21.842  3790  3947 I SensorService: createSensorEventConnection package name com.epicgames.ue4.GameActivity
11-03 23:53:21.843  3790  3947 D SensorService: Calling batch handle==6 flags=0 rate=20000000 timeout== 0
11-03 23:53:21.843  3237  3883 I Sensors : batch - accelerometer_sensor try to batching with 20000000
11-03 23:53:21.844  3237  3883 I Sensors : AccSensor old sensor_state 16384, new sensor_state : 16385 en : 1
11-03 23:53:21.846 10667 10667 D SensorManager: registerListener :: 6, LSM6DSL Acceleration Sensor, 20000, 0,  
11-03 23:53:21.847  3790  3801 D SensorService: Calling batch handle==11 flags=0 rate=20000000 timeout== 0
11-03 23:53:21.847  3237  3883 I Sensors : batch - geomagnetic_sensor try to batching with 20000000
11-03 23:53:21.847  3237  3883 I Sensors : GeoMagneticSensor old sensor_state 16385, new sensor_state : 16401 en : 1
11-03 23:53:21.847  3250  3250 D SurfaceFlinger:   Display[0] configurations (* current):
11-03 23:53:21.847  3250  3250 D SurfaceFlinger:     * 0: 1440x2960, xdpi=522.513977, ydpi=525.762024, refresh=16666666
11-03 23:53:21.847  3250  3250 D SurfaceFlinger:   numHwLayers=6, flags=00000000
11-03 23:53:21.847  3250  3250 D SurfaceFlinger:     type   |  handle  | hint | flag | tr | blnd |   format    |     source crop (l,t,r,b)      |          frame         | name 
11-03 23:53:21.847  3250  3250 D SurfaceFlinger: -----------+----------+------+------+----+------+-------------+--------------------------------+------------------------+------
11-03 23:53:21.847  3250  3250 D SurfaceFlinger:       GLES | 7239a55fc0 | 0000 | 0001 | 00 | 0105 | RGBA_8888   |    0.0,    0.0, 1077.0,  126.0 |    1, 2092, 1080, 2220 | NavigationBar#0
11-03 23:53:21.847  3250  3250 D SurfaceFlinger:       GLES | 00000000 | 0000 | 0201 | 00 | 0105 | ? ffffffff  |   -0.5,   -1.0,   -1.0,   -1.0 | 1079,    0, 1080, 2219 | BlackSurface#0
11-03 23:53:21.847  3250  3250 D SurfaceFlinger:       GLES | 00000000 | 0000 | 0201 | 00 | 0105 | ? ffffffff  |   -1.0,    0.0,   -1.0,   -0.5 |    0,    0, 1079,    1 | BlackSurface#0
11-03 23:53:21.847  3250  3250 D SurfaceFlinger:       GLES | 00000000 | 0000 | 0201 | 00 | 0105 | ? ffffffff  |    0.0,    0.0,   -0.5,   -0.0 |    0,    1,    1, 2220 | BlackSurface#0
11-03 23:53:21.847  3250  3250 D SurfaceFlinger:       GLES | 00000000 | 0000 | 0201 | 00 | 0105 | ? ffffffff  |    0.0, 
11-03 23:53:21.847  3250  3250 D SurfaceFlinger:   -0.5,   -0.0,   -1.0 |    1, 2219, 1080, 2220 | BlackSurface#0
11-03 23:53:21.847  3250  3250 D SurfaceFlinger:  FB TARGET | 7239a55d20 | 0000 | 0000 | 00 | 0105 | RGBA_8888   |    0.0,    0.0, 1440.0, 2960.0 |    0,    0, 1440, 2960 | HWC_FRAMEBUFFER_TARGET
11-03 23:53:21.849 10667 10667 D SensorManager: registerListener :: 11, AK09916C Magnetic field Sensor, 20000, 0,  
11-03 23:53:21.849  3790  3801 D SensorService: Calling batch handle==7 flags=0 rate=20000000 timeout== 0
11-03 23:53:21.849  3237  3883 I Sensors : batch - gyro_sensor try to batching with 20000000
11-03 23:53:21.849  3237  3883 I Sensors : GyroSensor old sensor_state 16401, new sensor_state : 16403 en : 1
11-03 23:53:21.852 10667 10667 D SensorManager: registerListener :: 7, LSM6DSL Gyroscope Sensor, 20000, 0,  
11-03 23:53:21.853 10667 10667 D UE4     : App is running in Landscape
11-03 23:53:21.853 10667 10667 D UE4     : ==============> Resuming main init
11-03 23:53:21.858 10667 10724 D UE4     : APK Commandline: ../../../FlaminGo/FlaminGo.uproject  /Game/ThirdPersonBP/Maps/FirstMap -Messaging -SessionId=7EDDCE55407E0E070BF8A89A81A5B846 -SessionOwner="James" -SessionName="Launch On Device" -iterative
11-03 23:53:21.858 10667 10724 D UE4     : Override Commandline: ../../../FlaminGo/FlaminGo.uproject  /Game/ThirdPersonBP/Maps/FirstMap -Messaging -SessionId=B58B70C54F66CA19BCA52C968DB25F77 -SessionOwner="James" -SessionName="Launch On Device" -iterative
11-03 23:53:21.858 10667 10724 D UE4     : Final commandline: ../../../FlaminGo/FlaminGo.uproject  /Game/ThirdPersonBP/Maps/FirstMap -Messaging -SessionId=B58B70C54F66CA19BCA52C968DB25F77 -SessionOwner="James" -SessionName="Launch On Device" -iterative
11-03 23:53:21.858 10667 10724 D UE4     : Created sync event
11-03 23:53:21.863 10667 10667 D UE4     : ==============> GameActive.onResume complete!
11-03 23:53:21.870 10667 10667 V threaded_app: InputQueueCreated: 0xda97ba80 -- 0xda97c0c0
11-03 23:53:21.870 10667 10725 V threaded_app: APP_CMD_INPUT_CHANGED
11-03 23:53:21.870 10667 10725 V threaded_app: Attaching input queue to looper
11-03 23:53:21.870 10667 10667 D ViewRootImpl@f78b6ac[GameActivity]: setView = DecorView@3165f75[GameActivity] TM=true MM=false
11-03 23:53:21.871  3790  3947 D ActivityManager: post active user change for 0 fullscreen true isHomeActivity() false
11-03 23:53:21.874 10667 10667 D ViewRootImpl@4e28dab[GameActivity]: dispatchAttachedToWindow
11-03 23:53:21.875  3790  3947 V WindowManager: Relayout Window{643635d u0 com.YourCompany.FlaminGo/com.epicgames.ue4.GameActivity}: viewVisibility=0 req=2092x1016 WM.LayoutParams{(0,0)(fillxfill) gr=#11 sim=#120 ty=2 fl=#1810508 pfl=0x1000000 wanim=0x1030001 vsysui=0x10 needsMenuKey=2 colorMode=0 naviIconColor=0}
11-03 23:53:21.876  3250  3250 I SurfaceFlinger: id=860 createSurf (2094x1080),1 flag=404, com.YourCompany.FlaminGo/com.epicgames.ue4.GameActivity#0
11-03 23:53:21.877  3790  3947 V Surface : sf_framedrop debug : 0x4f4c, game : false, logging : 0
11-03 23:53:21.878  3250  3250 D SurfaceFlinger:   Display[0] configurations (* current):
11-03 23:53:21.878  3250  3250 D SurfaceFlinger:     * 0: 1440x2960, xdpi=522.513977, ydpi=525.762024, refresh=16666666
11-03 23:53:21.878  3250  3250 D SurfaceFlinger:   numHwLayers=2, flags=00000000
11-03 23:53:21.878  3250  3250 D SurfaceFlinger:     type   |  handle  | hint | flag | tr | blnd |   format    |     source crop (l,t,r,b)      |          frame         | name 
11-03 23:53:21.878  3250  3250 D SurfaceFlinger: -----------+----------+------+------+----+------+-------------+--------------------------------+------------------------+------
11-03 23:53:21.878  3250  3250 D SurfaceFlinger:        HWC | 7239a55fc0 | 0000 | 0000 | 00 | 0105 | RGBA_8888   |    1.0,    0.0, 1079.0,  125.0 |    0, 2093, 1080, 2220 | NavigationBar#0
11-03 23:53:21.878  3250  3250 D SurfaceFlinger:  FB TARGET | 7239a55b60 | 0000 | 0000 | 00 | 0105 | RGBA_8888   |    0.0,    0.0, 1440.0, 2960.0 |    0,    0, 1440, 2960 | HWC_FRAMEBUFFER_TARGET
11-03 23:53:21.881 10667 10667 V Surface : sf_framedrop debug : 0x4f4c, game : false, logging : 0
11-03 23:53:21.882 10667 10667 D ViewRootImpl@4e28dab[GameActivity]: Relayout returned: old=[0,0][0,0] new=[0,0][2094,1080] result=0x7 surface={valid=true 3388991488} changed=true
11-03 23:53:21.886 10667 10729 I OpenGLRenderer: Initialized EGL, version 1.4
11-03 23:53:21.886 10667 10729 D OpenGLRenderer: Swap behavior 2
11-03 23:53:21.890 10667 10729 D libGLESv1: STS_GLApi : DTS, ODTC are not allowed for Package : com.YourCompany.FlaminGo
11-03 23:53:21.891 10667 10729 D mali_winsys: EGLint new_window_surface(egl_winsys_display *, void *, EGLSurface, EGLConfig, egl_winsys_surface **, egl_color_buffer_format *, EGLBoolean) returns 0x3000,  [2094x1080]-format:1
11-03 23:53:21.891 10667 10729 D OpenGLRenderer: eglCreateWindowSurface = 0xdd4345e8
11-03 23:53:21.894 10667 10667 V InputMethodManager: Not IME target window, ignoring
11-03 23:53:21.902 10667 10667 D ViewRootImpl@f78b6ac[GameActivity]: dispatchAttachedToWindow
11-03 23:53:21.904  3790  4594 V WindowManager: Relayout Window{c67e0f6 u0 com.YourCompany.FlaminGo/com.epicgames.ue4.GameActivity}: viewVisibility=0 req=2092x1016 WM.LayoutParams{(0,0)(fillxfill) sim=#10 ty=1 fl=#1810500 pfl=0x1000000 fmt=1 wanim=0x1030001 vsysui=0x10 needsMenuKey=2 colorMode=0 naviIconColor=0}
11-03 23:53:21.904  3250  3250 D SurfaceFlinger: duplicate layer name: changing com.YourCompany.FlaminGo/com.epicgames.ue4.GameActivity to com.YourCompany.FlaminGo/com.epicgames.ue4.GameActivity#1
11-03 23:53:21.905  3250  3250 I SurfaceFlinger: id=861 createSurf (2094x1080),1 flag=4, com.YourCompany.FlaminGo/com.epicgames.ue4.GameActivity#1
11-03 23:53:21.905  3790  4594 V Surface : sf_framedrop debug : 0x4f4c, game : false, logging : 0
11-03 23:53:21.906  3790  3807 D WindowManager: set systemUiVisibility : systemUiFlags= 0x18 fullscreenStackSysUiFlags= 0x0
11-03 23:53:21.906  4209  4209 D BarTransitions.PhoneStatusBarView: MODE_OPAQUE -> MODE_TRANSPARENT animate=false
11-03 23:53:21.910  3790  4594 D InputDispatcher: Focus entered window: 10667
11-03 23:53:21.911  3790  3801 D WindowManager: adjustSystemUiVisibilityLw : vis= 0x18
11-03 23:53:21.912 10667 10667 V Surface : sf_framedrop debug : 0x4f4c, game : false, logging : 0
11-03 23:53:21.913 10667 10667 D ViewRootImpl@f78b6ac[GameActivity]: Relayout returned: old=[0,0][0,0] new=[0,0][2094,1080] result=0x7 surface={valid=true 3324772352} changed=true
11-03 23:53:21.923 10667 10729 D mali_winsys: EGLint new_window_surface(egl_winsys_display *, void *, EGLSurface, EGLConfig, egl_winsys_surface **, egl_color_buffer_format *, EGLBoolean) returns 0x3000,  [2094x1080]-format:1
11-03 23:53:21.923 10667 10729 D OpenGLRenderer: eglCreateWindowSurface = 0xdd434868
11-03 23:53:21.926  3250  3250 I SurfaceFlinger: id=862 createSurf (2094x1080),4 flag=404, SurfaceView - com.YourCompany.FlaminGo/com.epicgames.ue4.GameActivity@9492f44@0#0
11-03 23:53:21.928  3250  3250 I SurfaceFlinger: id=863 createSurf (2094x1080),-1 flag=20404, Background for - SurfaceView - com.YourCompany.FlaminGo/com.epicgames.ue4.GameActivity@9492f44@0#0
11-03 23:53:21.929 10667 10667 D SurfaceView: BG show() Surface(name=Background for - SurfaceView - com.YourCompany.FlaminGo/com.epicgames.ue4.GameActivity@9492f44@0) android.view.SurfaceView{9492f44 V.E...... ......ID 0,0-2094,1080}
11-03 23:53:21.944  3250  3279 I SurfaceFlinger: id=855 Removed ScreenshotSurface#0 (8/12)
11-03 23:53:21.944  3250  3279 I SurfaceFlinger: id=855 Removed ScreenshotSurface#0 (-2/12)
11-03 23:53:21.944 10667 10667 V Surface : sf_framedrop debug : 0x4f4c, game : false, logging : 0
11-03 23:53:21.944  3250  4684 I SurfaceFlinger: id=856 Removed BlackSurface#0 (8/11)
11-03 23:53:21.944 10667 10667 V Surface : sf_framedrop debug : 0x4f4c, game : false, logging : 0
11-03 23:53:21.944  3250  4684 I SurfaceFlinger: id=856 Removed BlackSurface#0 (-2/11)
11-03 23:53:21.944  3250  3279 I SurfaceFlinger: id=857 Removed BlackSurface#0 (8/10)
11-03 23:53:21.944  3250  3279 I SurfaceFlinger: id=857 Removed BlackSurface#0 (-2/10)
11-03 23:53:21.944  3250  4684 I SurfaceFlinger: id=858 Removed BlackSurface#0 (8/9)
11-03 23:53:21.944 10667 10667 D SurfaceView: surfaceCreated 1 android.view.SurfaceView{9492f44 V.E...... ......ID 0,0-2094,1080}
11-03 23:53:21.944  3250  4684 I SurfaceFlinger: id=858 Removed BlackSurface#0 (-2/9)
11-03 23:53:21.944  3250  3279 I SurfaceFlinger: id=859 Removed BlackSurface#0 (8/8)
11-03 23:53:21.944 10667 10667 V threaded_app: NativeWindowCreated: 0xda97ba80 -- 0xc62c7008
11-03 23:53:21.944 10667 10725 V threaded_app: APP_CMD_INIT_WINDOW
11-03 23:53:21.944  3250  3279 I SurfaceFlinger: id=859 Removed BlackSurface#0 (-2/8)
11-03 23:53:21.944 10667 10725 D UE4     : Case APP_CMD_INIT_WINDOW
11-03 23:53:21.945 10667 10667 D SurfaceView: surfaceChanged (2094,1080) 1 android.view.SurfaceView{9492f44 V.E...... ......ID 0,0-2094,1080}
11-03 23:53:21.945 10667 10725 D UE4     : LogAndroidEvents: EnqueueAppEvent : 0, 3324801032, tid = 10725
11-03 23:53:21.947  3790  3880 V WindowManager: rotationForOrientationLw(orient=0, last=1); user=0  sensorRotation=-1 mLidState=-1 mDockMode=0 mHdmiPlugged=false
11-03 23:53:21.958 10667 10667 V threaded_app: Pause: 0xda97ba80
11-03 23:53:21.959 10667 10725 V threaded_app: activityState=13
