11-05 13:15:42.884  4189  4189 I SKBD    : SamsungKeypad [IMI] onStartInput - caller pid : 5208, caller uid : 10083
11-05 13:15:42.885   983  1078 D OpenGLRenderer: eglDestroySurface = 0xef2de5b0
11-05 13:15:42.889  4211  4211 D ViewRootImpl@409e841[DividerButtonsGroup]: Relayout returned: old=[0,0][0,0] new=[0,0][0,0] result=0x1 surface={valid=false 0} changed=false
11-05 13:15:42.889  3783  3797 V WindowManager: Relayout Window{8c297d3 u0 com.samsung.android.spay.simple.SimpleIntroHintService}: viewVisibility=8 req=566x63 WM.LayoutParams{(0,0)(566x63) gr=#51 sim=#20 ty=2024 fl=#1800308 fmt=-3 vsysui=0x2000 colorMode=0 naviIconColor=0}
11-05 13:15:42.890  3783  3797 I WindowManager: Destroying surface Surface(name=com.samsung.android.spay.simple.SimpleIntroHintService) called by com.android.server.wm.WindowStateAnimator.destroySurface:2465 com.android.server.wm.WindowStateAnimator.destroySurfaceLocked:967 com.android.server.wm.WindowState.destroyOrSaveSurfaceUnchecked:3661 com.android.server.wm.WindowState.destroySurface:3609 com.android.server.wm.WindowManagerService.tryStartExitingAnimation:2676 com.android.server.wm.WindowManagerService.relayoutWindow:2460 com.android.server.wm.Session.relayout:249 android.view.IWindowSession$Stub.onTransact:288 
11-05 13:15:42.890  3253  6520 I SurfaceFlinger: id=233 Removed com.samsung.android.spay.simple.SimpleIntroHintService#0 (7/8)
11-05 13:15:42.890  3253  6520 I SurfaceFlinger: id=233 Removed com.samsung.android.spay.simple.SimpleIntroHintService#0 (-2/8)
11-05 13:15:42.893  3783  4705 V WindowManager: Relayout Window{e75ce4a u0 NavBarTouchConsumer}: viewVisibility=0 req=4x4 WM.LayoutParams{(0,0)(4x4) gr=#5 sim=#20 ty=2273 fl=#1080108 fmt=-3 alpha=0.0 colorMode=0 naviIconColor=0 sfl=0x20000}
11-05 13:15:42.894   983   983 D ViewRootImpl@1cd9cdc[SimpleIntroHintService]: Relayout returned: old=[827,1017][1393,1080] new=[827,1017][1393,1080] result=0x5 surface={valid=false 0} changed=true
11-05 13:15:42.895  3253  3253 I Layer   : id=233 onRemoved com.samsung.android.spay.simple.SimpleIntroHintService#0 
11-05 13:15:42.897  4211  4211 D ViewRootImpl@99336fc[NavBarTouchConsumer]: Relayout returned: old=[1108,1076][1112,1080] new=[2216,538][2220,542] result=0x1 surface={valid=true 489376280576} changed=false
11-05 13:15:42.898  3783  3797 V WindowManager: Relayout Window{ea8c5af u0 InputMethod}: viewVisibility=8 req=2220x126 WM.LayoutParams{(0,0)(fillxwrap) gr=#50 sim=#20 ty=2011 fl=#800108 pfl=0x1000000 fmt=-2 wanim=0x7f0e00e1 vsysui=0x310 needsMenuKey=2 colorMode=0 naviIconColor=0 sfl=0x800}
11-05 13:15:42.898  4211  4669 D OpenGLRenderer: eglDestroySurface = 0x71f0f3b260
11-05 13:15:42.899  4211  4669 D mali_winsys: EGLint new_window_surface(egl_winsys_display *, void *, EGLSurface, EGLConfig, egl_winsys_surface **, egl_color_buffer_format *, EGLBoolean) returns 0x3000,  [4x4]-format:1
11-05 13:15:42.899  4211  4669 D OpenGLRenderer: eglCreateWindowSurface = 0x71f0f3b260
11-05 13:15:42.900  3783  3797 I WindowManager: Screen frozen for +419ms due to Window{8c297d3 u0 com.samsung.android.spay.simple.SimpleIntroHintService}
11-05 13:15:42.902  3253  3253 D SurfaceFlinger:   Display[0] configurations (* current):
11-05 13:15:42.902  3253  3253 D SurfaceFlinger:     * 0: 1440x2960, xdpi=522.513977, ydpi=525.762024, refresh=16666666
11-05 13:15:42.902  3253  3253 D SurfaceFlinger:   numHwLayers=3, flags=00000000
11-05 13:15:42.902  3253  3253 D SurfaceFlinger:     type   |  handle  | hint | flag | tr | blnd |   format    |     source crop (l,t,r,b)      |          frame         | name 
11-05 13:15:42.902  3253  3253 D SurfaceFlinger: -----------+----------+------+------+----+------+-------------+--------------------------------+------------------------+------
11-05 13:15:42.902  3253  3253 D SurfaceFlinger:        HWC | 7f0ae57680 | 0000 | 0000 | 00 | 0105 | RGBA_8888   |    0.0,    0.0, 1080.0,  126.0 |    0, 2094, 1080, 2220 | NavigationBar#0
11-05 13:15:42.902  3253  3253 D SurfaceFlinger:        HWC | 7f0ae59fa0 | 0000 | 0100 | 00 | 0105 | RGBA_8888   |    0.0,    0.0, 1080.0, 2220.0 |    0,    0, 1080, 2220 | ScreenshotSurface#0
11-05 13:15:42.902  3253  3253 D SurfaceFlinger:  FB TARGET | 7f0ae55d20 | 0000 | 0000 | 00 | 0105 | RGBA_8888   |    0.0,    0.0, 1440.0, 2960.0 |    0,    0, 1440, 2960 | HWC_FRAMEBUFFER_TARGET
11-05 13:15:42.903  3253  3253 I SurfaceFlinger: id=241 createSurf (2160x2220),-1 flag=20004, BlackSurface#0
11-05 13:15:42.903  3783  3939 D AllAroundSensingService: packageName : com.YourCompany.FlaminGo    className : com.epicgames.ue4.GameActivity
11-05 13:15:42.903  3783  3939 V AllAroundSensingService: setPlatformBrightnessValue 120
11-05 13:15:42.904  3253  3253 I SurfaceFlinger: id=242 createSurf (1080x4440),-1 flag=20004, BlackSurface#0
11-05 13:15:42.905  3253  3253 I SurfaceFlinger: id=243 createSurf (2160x2220),-1 flag=20004, BlackSurface#0
11-05 13:15:42.905  3253  3253 I SurfaceFlinger: id=244 createSurf (1080x4440),-1 flag=20004, BlackSurface#0
11-05 13:15:42.906  3783  3797 D InputDispatcher: setInputDispatchMode: enabled=1, frozen=0
11-05 13:15:42.909  4189  4189 D ViewRootImpl@6769103[InputMethod]: Relayout returned: old=[0,819][1080,2220] new=[0,819][1080,2220] result=0x1 surface={valid=false 0} changed=false
11-05 13:15:42.910  4211  4211 D ViewRootImpl@99336fc[NavBarTouchConsumer]: MSG_RESIZED_REPORT: frame=Rect(2216, 538 - 2220, 542) ci=Rect(0, 0 - 0, 0) vi=Rect(0, 0 - 126, 0) or=2
11-05 13:15:42.910  3230  3663 D audio_hw_primary_abox: device-adev_set_parameters: enter with key(display_rotation=1)
11-05 13:15:42.910  3230  3663 D audio_hw_primary_abox: device-adev_set_parameters: exit
11-05 13:15:42.911  3405  8408 V MultiRecordManager: setParameters(): io 0, keyvalue display_rotation=1, calling pid 3783
11-05 13:15:42.914  4211  4211 D SecNavigationBarView: setNavigationIconHints showImeButton : false
11-05 13:15:42.914  4211  4211 D SecNavigationBarView: updateImmersivePinIcon() isImmersiveMode=false
11-05 13:15:42.916  4211  4211 D ViewRootImpl@1e377c8[AssistPreviewPanel]: dispatchDetachedFromWindow
11-05 13:15:42.916  4211  4211 D InputEventReceiver: channel '3df1172 AssistPreviewPanel (client)' ~ Disposing input event receiver.
11-05 13:15:42.917  4211  4211 D InputEventReceiver: channel '3df1172 AssistPreviewPanel (client)' ~NativeInputEventReceiver.
11-05 13:15:42.917  3783  4705 W AppOps  : Finishing op nesting under-run: uid 10005 pkg com.android.systemui code 70 time=0 duration=0 nesting=0
11-05 13:15:42.918  4211  4278 D SystemServicesProxy: updateOverviewLastStackActiveTimeAsync: newTime=1540204754719
11-05 13:15:42.919  3783  7275 D SecContentProvider: query(), uri = 17 selection = isSettingsChangesAllowed
11-05 13:15:42.919  3783  7275 D SecContentProvider: called from android.uid.systemui:10005
11-05 13:15:42.920  4211  4481 D SystemServicesProxy: updateOverviewLastStackActiveTimeAsync: done.
11-05 13:15:42.920  4211  4211 D ViewRootImpl@4c7d56a[DockedStackDivider]: dispatchDetachedFromWindow
11-05 13:15:42.920  4211  4211 D InputEventReceiver: channel '8fcd26c DockedStackDivider (client)' ~ Disposing input event receiver.
11-05 13:15:42.920  4211  4211 D InputEventReceiver: channel '8fcd26c DockedStackDivider (client)' ~NativeInputEventReceiver.
11-05 13:15:42.921  3783  4705 W AppOps  : Finishing op nesting under-run: uid 10005 pkg com.android.systemui code 70 time=0 duration=0 nesting=0
11-05 13:15:42.925  4211  4211 D NetworkController: dynamicallyReduceTextSize : mDisplayMetrics.densityDpi420
11-05 13:15:42.925  4211  4211 D KeyguardUpdateMonitor: updateCarrierTextInfo
11-05 13:15:42.929  3253  3253 D SurfaceFlinger:   Display[0] configurations (* current):
11-05 13:15:42.929  3253  3253 D SurfaceFlinger:     * 0: 1440x2960, xdpi=522.513977, ydpi=525.762024, refresh=16666666
11-05 13:15:42.929  3253  3253 D SurfaceFlinger:   numHwLayers=2, flags=00000000
11-05 13:15:42.929  3253  3253 D SurfaceFlinger:     type   |  handle  | hint | flag | tr | blnd |   format    |     source crop (l,t,r,b)      |          frame         | name 
11-05 13:15:42.929  3253  3253 D SurfaceFlinger: -----------+----------+------+------+----+------+-------------+--------------------------------+------------------------+------
11-05 13:15:42.929  3253  3253 D SurfaceFlinger:        HWC | 7f0ae59fa0 | 0000 | 0100 | 00 | 0105 | RGBA_8888   |    0.0,    0.0, 1080.0, 2220.0 |    0,    0, 1080, 2220 | ScreenshotSurface#0
11-05 13:15:42.929  3253  3253 D SurfaceFlinger:  FB TARGET | 7f0ae55d20 | 0000 | 0000 | 00 | 0105 | RGBA_8888   |    0.0,    0.0, 1440.0, 2960.0 |    0,    0, 1440, 2960 | HWC_FRAMEBUFFER_TARGET
11-05 13:15:42.931  4211  4647 D Tile.WifiTile: handleUpdateState enabledChanging
11-05 13:15:42.931  4211  4647 D Tile.BluetoothTile: handleUpdateState enabled = true connected = false bluetoothState = 12
11-05 13:15:42.932  4211  4647 D Tile.RotationLockTile:  handleUpdateState: true orientation = true
11-05 13:15:42.932  4211  4776 V SystemUIAnalytics: SAPreference : 1104 / 1
11-05 13:15:42.932  4211  4647 D FlashlightController: updateTorchCallback for mCameraId 0
11-05 13:15:42.932  4211  4776 V SystemUIAnalytics: SAPreference : 1105 / 2
11-05 13:15:42.932  4211  4776 V SystemUIAnalytics: SAPreference : 1108 / 0
11-05 13:15:42.932  4211  4647 D Tile.AirplaneModeTile:  handleUpdateState:  value false  state.dim false
11-05 13:15:42.932  4211  4776 V SystemUIAnalytics: SAPreference : 2014 / 0
11-05 13:15:42.933  4211  4211 D KeyguardUpdateMonitor: handleConfigurationChanged
11-05 13:15:42.934  4211  4776 V SystemUIAnalytics: SAPreference : 1109 / 0
11-05 13:15:42.936  4211  4647 D Tile.MobileDataTile: handleUpdateState : state false
11-05 13:15:42.936  4211  4776 V SystemUIAnalytics: SAPreference : 2012 / 0
11-05 13:15:42.938  4211  4776 V SystemUIAnalytics: SAPreference : 2016 / 0
11-05 13:15:42.938  4211  4776 V SystemUIAnalytics: SAPreference : 2018 / 0
11-05 13:15:42.940  3783  8476 V WindowManager: Relayout Window{70a4286 u0 NavigationBar}: viewVisibility=0 req=126x1080 WM.LayoutParams{(0,0)(fillxfill) sim=#20 ty=2019 fl=#21840068 fmt=-3 colorMode=0 naviIconColor=0}
11-05 13:15:42.943  4211  4211 D ViewRootImpl@6438528[NavigationBar]: Relayout returned: old=[2094,0][2220,1080] new=[2094,0][2220,1080] result=0x1 surface={valid=true 488772796416} changed=false
11-05 13:15:42.944  4211  4211 D ViewRootImpl@f2e5c0f[StatusBar]: MSG_RESIZED_REPORT: frame=Rect(0, 0 - 2220, 63) ci=Rect(0, 0 - 126, 0) vi=Rect(0, 0 - 126, 0) or=2
11-05 13:15:42.944  4211  4211 D KeyguardUpdateMonitor: handleStatusBarState( false )
11-05 13:15:42.948  4211  4211 D KeyguardClockPage: onRefreshCarrierInfo(pre, now): false, false
11-05 13:15:42.948  4211  4211 D CarrierText: updateCarrierText(): subscriptionInfo Size = 0, DefaultText = No service
11-05 13:15:42.948  4211  4211 D MultiSimUtils: isSimStateReadyorNotReady() : simSlot = 0, simState = ABSENT
11-05 13:15:42.948  4211  4211 D CarrierText: Getting plmn/spn/subId sticky brdcst  plmn : Emergency calls only, spn : , subId :-2
11-05 13:15:42.948  4211  4211 D CarrierText: plmn Of NetworkController Impl : Emergency calls only
11-05 13:15:42.948  4211  4211 D CarrierText: setText : No SIM card | Emergency calls only
11-05 13:15:42.948  4211  4211 D CarrierText: updateCarrierText(): subscriptionInfo Size = 0, DefaultText = No service
11-05 13:15:42.948  4211  4211 D MultiSimUtils: isSimStateReadyorNotReady() : simSlot = 0, simState = ABSENT
11-05 13:15:42.949  4211  4211 D CarrierText: Getting plmn/spn/subId sticky brdcst  plmn : Emergency calls only, spn : , subId :-2
11-05 13:15:42.949  4211  4211 D CarrierText: plmn Of NetworkController Impl : Emergency calls only
11-05 13:15:42.949  4211  4211 D CarrierText: setText : No SIM card | Emergency calls only
11-05 13:15:42.949  3253  3253 D SurfaceFlinger:   Display[0] configurations (* current):
11-05 13:15:42.949  3253  3253 D SurfaceFlinger:     * 0: 1440x2960, xdpi=522.513977, ydpi=525.762024, refresh=16666666
11-05 13:15:42.949  3253  3253 D SurfaceFlinger:   numHwLayers=6, flags=00000000
11-05 13:15:42.949  3253  3253 D SurfaceFlinger:     type   |  handle  | hint | flag | tr | blnd |   format    |     source crop (l,t,r,b)      |          frame         | name 
11-05 13:15:42.949  3253  3253 D SurfaceFlinger: -----------+----------+------+------+----+------+-------------+--------------------------------+------------------------+------
11-05 13:15:42.949  3253  3253 D SurfaceFlinger:       GLES | 7f0ae59fa0 | 0000 | 0101 | 00 | 0105 | RGBA_8888   |    0.0,    0.0, 1080.0, 2220.0 |    0,    0, 1080, 2220 | ScreenshotSurface#0
11-05 13:15:42.949  3253  3253 D SurfaceFlinger:       GLES | 00000000 | 0000 | 0201 | 00 | 0105 | ? ffffffff  |   -0.4,   -0.9,   -0.9,   -1.0 |   27,    0, 1080,  232 | BlackSurface#0
11-05 13:15:42.949  3253  3253 D SurfaceFlinger:       GLES | 00000000 | 0000 | 0201 | 00 | 0105 | ? ffffffff  |   -0.9,   -0.0,   -1.0,   -0.6 |    0,    0,  199, 2093 | BlackSurface#0
11-05 13:15:42.949  3253  3253 D SurfaceFlinger:       GLES | 00000000 | 0000 | 0201 | 00 | 0105 | ? ffffffff  |   -0.1,    0.0,   -0.6,   -0.1 |    0, 1988, 1053, 2220 | BlackSurface#0
11-05 13:15:42.949  3253  3253 D SurfaceFlinger:       GLES | 00000000 | 0000 | 0201 | 00 | 0105 | ? ffffffff  |    0
11-05 13:15:42.950  3253  3253 D SurfaceFlinger: .0,   -0.4,   -0.1,   -1.0 |  881,  127, 1080, 2220 | BlackSurface#0
11-05 13:15:42.950  3253  3253 D SurfaceFlinger:  FB TARGET | 7f0ae55b60 | 0000 | 0000 | 00 | 0105 | RGBA_8888   |    0.0,    0.0, 1440.0, 2960.0 |    0,    0, 1440, 2960 | HWC_FRAMEBUFFER_TARGET
11-05 13:15:42.955  4211  4211 D KeyguardUpdateMonitor: handleStatusBarState( false )
11-05 13:15:42.962  4211  4211 I chatty  : uid=10005(u0_a5) com.android.systemui identical 3 lines
11-05 13:15:42.964  4211  4211 D KeyguardUpdateMonitor: handleStatusBarState( false )
11-05 13:15:42.986  3253  3253 D SurfaceFlinger:   Display[0] configurations (* current):
11-05 13:15:42.986  3253  3253 D SurfaceFlinger:     * 0: 1440x2960, xdpi=522.513977, ydpi=525.762024, refresh=16666666
11-05 13:15:42.986  3253  3253 D SurfaceFlinger:   numHwLayers=7, flags=00000000
11-05 13:15:42.986  3253  3253 D SurfaceFlinger:     type   |  handle  | hint | flag | tr | blnd |   format    |     source crop (l,t,r,b)      |          frame         | name 
11-05 13:15:42.986  3253  3253 D SurfaceFlinger: -----------+----------+------+------+----+------+-------------+--------------------------------+------------------------+------
11-05 13:15:42.986  3253  3253 D SurfaceFlinger:       GLES | 7f0ae58100 | 0000 | 0001 | 00 | 0105 | RGBA_8888   |    0.0,    0.0,  704.0,  126.0 |  875, 1814, 1080, 2220 | NavigationBar#0
11-05 13:15:42.986  3253  3253 D SurfaceFlinger:       GLES | 7f0ae59fa0 | 0000 | 0101 | 00 | 0105 | RGBA_8888   |    0.0,    0.0, 1080.0, 2220.0 |    0,    0, 1080, 2220 | ScreenshotSurface#0
11-05 13:15:42.986  3253  3253 D SurfaceFlinger:       GLES | 00000000 | 0000 | 0201 | 00 | 0105 | ? ffffffff  |   -0.4,   -0.8,   -0.9,   -1.0 |  281,    0, 1080,  763 | BlackSurface#0
11-05 13:15:42.986  3253  3253 D SurfaceFlinger:       GLES | 00000000 | 0000 | 0201 | 00 | 0105 | ? ffffffff  |   -0.8,   -0.0,   -1.0,   -0.6 |    0,    0,  499, 1391 | BlackSurface#0
11-05 13:15:42.986  3253  3253 D SurfaceFlinger:       GLES | 00000000 | 0000 | 0201 | 00 | 0105 | ? ffffffff  |  
11-05 13:15:42.986  3253  3253 D SurfaceFlinger:  -0.1,    0.0,   -0.6,   -0.2 |    0, 1457,  799, 2220 | BlackSurface#0
11-05 13:15:42.986  3253  3253 D SurfaceFlinger:       GLES | 00000000 | 0000 | 0201 | 00 | 0105 | ? ffffffff  |    0.0,   -0.4,   -0.2,   -1.0 |  581,  829, 1080, 2220 | BlackSurface#0
11-05 13:15:42.986  3253  3253 D SurfaceFlinger:  FB TARGET | 7f0ae55d20 | 0000 | 0000 | 00 | 0105 | RGBA_8888   |    0.0,    0.0, 1440.0, 2960.0 |    0,    0, 1440, 2960 | HWC_FRAMEBUFFER_TARGET
11-05 13:15:43.046  3559  3559 D UE4     : Used memory before allocating anything was 129.83MB
11-05 13:15:43.233  3253  3253 D SurfaceFlinger:   Display[0] configurations (* current):
11-05 13:15:43.233  3253  3253 D SurfaceFlinger:     * 0: 1440x2960, xdpi=522.513977, ydpi=525.762024, refresh=16666666
11-05 13:15:43.233  3253  3253 D SurfaceFlinger:   numHwLayers=6, flags=00000000
11-05 13:15:43.233  3253  3253 D SurfaceFlinger:     type   |  handle  | hint | flag | tr | blnd |   format    |     source crop (l,t,r,b)      |          frame         | name 
11-05 13:15:43.233  3253  3253 D SurfaceFlinger: -----------+----------+------+------+----+------+-------------+--------------------------------+------------------------+------
11-05 13:15:43.233  3253  3253 D SurfaceFlinger:       GLES | 7f0ae58100 | 0000 | 0001 | 00 | 0105 | RGBA_8888   |    0.0,    0.0, 1077.0,  126.0 |    1, 2092, 1080, 2220 | NavigationBar#0
11-05 13:15:43.233  3253  3253 D SurfaceFlinger:       GLES | 00000000 | 0000 | 0201 | 00 | 0105 | ? ffffffff  |   -0.5,   -1.0,   -1.0,   -1.0 | 1079,    0, 1080, 2219 | BlackSurface#0
11-05 13:15:43.233  3253  3253 D SurfaceFlinger:       GLES | 00000000 | 0000 | 0201 | 00 | 0105 | ? ffffffff  |   -1.0,    0.0,   -1.0,   -0.5 |    0,    0, 1079,    1 | BlackSurface#0
11-05 13:15:43.233  3253  3253 D SurfaceFlinger:       GLES | 00000000 | 0000 | 0201 | 00 | 0105 | ? ffffffff  |    0.0,    0.0,   -0.5,   -0.0 |    0,    1,    1, 2220 | BlackSurface#0
11-05 13:15:43.233  3253  3253 D SurfaceFlinger:       GLES | 00000000 | 0000 | 0201 | 00 | 0105 | ? ffffffff  |    0.0, 
11-05 13:15:43.233  3253  3253 D SurfaceFlinger:   -0.5,   -0.0,   -1.0 |    1, 2219, 1080, 2220 | BlackSurface#0
11-05 13:15:43.233  3253  3253 D SurfaceFlinger:  FB TARGET | 7f0ae55d20 | 0000 | 0000 | 00 | 0105 | RGBA_8888   |    0.0,    0.0, 1440.0, 2960.0 |    0,    0, 1440, 2960 | HWC_FRAMEBUFFER_TARGET
11-05 13:15:43.256  3559  3559 D UE4     : In the JNI_OnLoad function
11-05 13:15:43.257  3559  3559 D UE4     : [JNI] - Failed to determine if app purchasing is enabled!
11-05 13:15:43.259  3783  8476 W StorageManager: getStorageLowBytes lowPercent : 5, lowBytes : 2898018304, maxLowBytes : 524288000
11-05 13:15:43.259  3559  3559 D UE4     : Path found as '/storage/emulated/0'
11-05 13:15:43.260  3559  3559 D UE4     : Font Path found as '/system/fonts/'
11-05 13:15:43.260  3559  3559 D UE4     : In the JNI_OnLoad function 5
11-05 13:15:43.263  3253  3253 D SurfaceFlinger:   Display[0] configurations (* current):
11-05 13:15:43.263  3253  3253 D SurfaceFlinger:     * 0: 1440x2960, xdpi=522.513977, ydpi=525.762024, refresh=16666666
11-05 13:15:43.263  3253  3253 D SurfaceFlinger:   numHwLayers=2, flags=00000000
11-05 13:15:43.263  3253  3253 D SurfaceFlinger:     type   |  handle  | hint | flag | tr | blnd |   format    |     source crop (l,t,r,b)      |          frame         | name 
11-05 13:15:43.263  3253  3253 D SurfaceFlinger: -----------+----------+------+------+----+------+-------------+--------------------------------+------------------------+------
11-05 13:15:43.263  3253  3253 D SurfaceFlinger:        HWC | 7f0ae58100 | 0000 | 0000 | 00 | 0105 | RGBA_8888   |    1.0,    0.0, 1079.0,  125.0 |    0, 2093, 1080, 2220 | NavigationBar#0
11-05 13:15:43.263  3253  3253 D SurfaceFlinger:  FB TARGET | 7f0ae55b60 | 0000 | 0000 | 00 | 0105 | RGBA_8888   |    0.0,    0.0, 1440.0, 2960.0 |    0,    0, 1440, 2960 | HWC_FRAMEBUFFER_TARGET
11-05 13:15:43.272  3783  8476 I chatty  : uid=1000(system) Binder:3783_16 identical 1 line
11-05 13:15:43.273  3783  8476 W StorageManager: getStorageLowBytes lowPercent : 5, lowBytes : 2898018304, maxLowBytes : 524288000
11-05 13:15:43.277  3559  3559 V threaded_app: Creating: 0xdfffba80
11-05 13:15:43.277  3559  3587 V threaded_app: Config: mcc=0 mnc=0 lang=en cnt=GB orien=2 touch=3 dens=420 keys=1 nav=1 keysHid=3 navHid=0 sdk=26 size=2 long=2 modetype=1 modenight=1
11-05 13:15:43.277  3559  3587 D UE4     : Entering native app glue main function
11-05 13:15:43.277  3559  3587 D UE4     : Created event thread
11-05 13:15:43.277  3559  3588 D UE4     : Entering event processing thread engine entry point
11-05 13:15:43.277  3559  3587 D UE4     : Entered AndroidMain()
11-05 13:15:43.277  3559  3588 D UE4     : Prepared looper for event thread
11-05 13:15:43.277  3559  3588 D UE4     : Passed callback initialization
11-05 13:15:43.277  3559  3588 D UE4     : Passed sensor initialization
11-05 13:15:43.279  3559  3587 D UE4     : Controller interface supported
11-05 13:15:43.305  3559  3589 D OpenGLRenderer: HWUI GL Pipeline
11-05 13:15:43.310  3559  3559 D ViewRootImpl@ed22825[GameActivity]: setView = DecorView@9548dfa[] TM=true MM=false
11-05 13:15:43.313  3559  3559 D PermissionFragment: Creating PlayGamesFragment
11-05 13:15:43.322  3783  8476 I ActivityManager: START u0 {act=android.content.pm.action.REQUEST_PERMISSIONS typ=null flg=0x0 cmp=ComponentInfo{com.google.android.packageinstaller/com.android.packageinstaller.permission.ui.GrantPermissionsActivity}} from uid 10225
11-05 13:15:43.322  3783  8476 W ActivityManager: REQUEST_PERMISSIONS Action.
11-05 13:15:43.328  3253  6520 I SurfaceFlinger: id=240 Removed ScreenshotSurface#0 (7/11)
11-05 13:15:43.329  3253  6520 I SurfaceFlinger: id=240 Removed ScreenshotSurface#0 (-2/11)
11-05 13:15:43.329  3253  3481 I SurfaceFlinger: id=241 Removed BlackSurface#0 (7/10)
11-05 13:15:43.329  3253  6520 I SurfaceFlinger: id=242 Removed BlackSurface#0 (7/9)
11-05 13:15:43.329  3253  3481 I SurfaceFlinger: id=241 Removed BlackSurface#0 (-2/9)
11-05 13:15:43.329  3253  6520 I SurfaceFlinger: id=242 Removed BlackSurface#0 (-2/9)
11-05 13:15:43.329  3253  4914 I SurfaceFlinger: id=243 Removed BlackSurface#0 (7/8)
11-05 13:15:43.329  3253  4914 I SurfaceFlinger: id=243 Removed BlackSurface#0 (-2/8)
11-05 13:15:43.329  3253  3277 I SurfaceFlinger: id=244 Removed BlackSurface#0 (7/7)
11-05 13:15:43.330  3253  3277 I SurfaceFlinger: id=244 Removed BlackSurface#0 (-2/7)
11-05 13:15:43.332  3783  3881 V WindowManager: rotationForOrientationLw(orient=0, last=1); user=0  sensorRotation=-1 mLidState=-1 mDockMode=0 mHdmiPlugged=false
11-05 13:15:43.335  3783  8476 D CustomFrequencyManagerService: releaseDVFSLockLocked : Getting Lock type frm List : DVFS_MIN_LIMIT  frequency : 2314000  uid : 1000  pid : 3783  tag : AMS_APP_SWITCH@CPU_MIN@61
11-05 13:15:43.335  3783  8476 D CustomFrequencyManagerService: acquireDVFSLockLocked : type : DVFS_MIN_LIMIT  frequency : 2314000  uid : 1000  pid : 3783  pkgName : AMS_APP_SWITCH@CPU_MIN@61
11-05 13:15:43.335  3783  8476 D ActivityManagerPerformance: AMP_acquire() APP_SWITCH
11-05 13:15:43.335  3783  4994 D ActivityManagerPerformance: Received MSG_CFMS_HINT_AMS_SWITCH pkgName: com.google.android.packageinstaller
11-05 13:15:43.344  3559  3559 D UE4     : Vulkan version: 1.0.3
11-05 13:15:43.345  3559  3559 D UE4     : Vulkan level: 1
11-05 13:15:43.345  3253  3253 I Layer   : id=240 onRemoved ScreenshotSurface#0 
11-05 13:15:43.345  3253  3253 I Layer   : id=242 onRemoved BlackSurface#0 
11-05 13:15:43.345  3253  3253 I Layer   : id=241 onRemoved BlackSurface#0 
11-05 13:15:43.345  3253  3253 I Layer   : id=243 onRemoved BlackSurface#0 
11-05 13:15:43.345  3253  3253 I Layer   : id=244 onRemoved BlackSurface#0 
11-05 13:15:43.347  3559  3559 D UE4     : Found DepthBufferPreference = 0
11-05 13:15:43.347  3559  3559 D UE4     : Found bPackageDataInsideApk = 0
11-05 13:15:43.347  3559  3559 D UE4     : Found ProjectName = FlaminGo
11-05 13:15:43.347  3559  3559 D UE4     : Found AppType = 
11-05 13:15:43.347  3559  3559 D UE4     : Found bHasOBBFiles = 0
11-05 13:15:43.347  3559  3559 D UE4     : Found bVerifyOBBOnStartUp = false
11-05 13:15:43.347  3559  3559 D UE4     : UI hiding set to false
11-05 13:15:43.347  3559  3559 D UE4     : BuildConfiguration set to Development
11-05 13:15:43.347  3559  3559 D UE4     : UseExternalFilesDir set to false
11-05 13:15:43.347  3559  3559 D UE4     : AllowIMU set to true
11-05 13:15:43.347  3559  3559 D UE4     : No GearVR mode detected.
11-05 13:15:43.347  3559  3559 D UE4     : APK path: /data/app/com.YourCompany.FlaminGo-aagQQlyb9oU_y618wTiZaA==/base.apk
11-05 13:15:43.347  3559  3559 D UE4     : OBB in APK: false
11-05 13:15:43.349  3783  8476 W StorageManager: getStorageLowBytes lowPercent : 5, lowBytes : 2898018304, maxLowBytes : 524288000
11-05 13:15:43.349  3559  3559 D UE4     : InternalFilePath found as '/data/user/0/com.YourCompany.FlaminGo/files'
11-05 13:15:43.349  3559  3559 D UE4     : ExternalFilePath found as '/storage/emulated/0/Android/data/com.YourCompany.FlaminGo/files'
11-05 13:15:43.350  3559  3559 D UE4     : App is running in Landscape
11-05 13:15:43.350  3559  3559 D UE4     : Android version is 8.0.0
11-05 13:15:43.350  3559  3559 D UE4     : Android manufacturer is samsung
11-05 13:15:43.350  3559  3559 D UE4     : Android model is SM-G955F
11-05 13:15:43.350  3559  3559 D UE4     : OS language is set to en_GB
11-05 13:15:43.350  3559  3559 D UE4     : Debugger attached is false
11-05 13:15:43.408  3559  3559 W PopupManager: You have not specified a View to use as content view for popups. Falling back to the Activity content view. Note that this may not work as expected in multi-screen environments
11-05 13:15:43.416  3559  3559 D UE4     : ==============> GameActive.onCreate complete!
11-05 13:15:43.417  3559  3559 V threaded_app: Start: 0xdfffba80
11-05 13:15:43.417  3559  3588 V threaded_app: activityState=10
11-05 13:15:43.417  3559  3559 D UE4     : Creating console command broadcast listener
11-05 13:15:43.417  3559  3588 D UE4     : LogAndroidEvents: EnqueueAppEvent : 9, 0, tid = 3588
11-05 13:15:43.419  3559  3559 D UE4     : ==================================> Inside onStart function in GameActivity
11-05 13:15:43.421  3559  3559 V threaded_app: Resume: 0xdfffba80
11-05 13:15:43.421  3559  3588 V threaded_app: activityState=11
11-05 13:15:43.421  3559  3588 D UE4     : Case APP_CMD_RESUME
11-05 13:15:43.421  3559  3559 D UE4     : Registering sensor listeners
11-05 13:15:43.421  3559  3588 D UE4     : LogAndroidEvents: EnqueueAppEvent : 7, 0, tid = 3588
11-05 13:15:43.422  3783  8476 I SensorService: createSensorEventConnection package name com.epicgames.ue4.GameActivity
11-05 13:15:43.422  3783  8476 D SensorService: Calling batch handle==6 flags=0 rate=20000000 timeout== 0
11-05 13:15:43.422  3240  3240 I Sensors : batch - accelerometer_sensor try to batching with 20000000
11-05 13:15:43.428  3559  3559 D SensorManager: registerListener :: 6, LSM6DSL Acceleration Sensor, 20000, 0,  
11-05 13:15:43.428  3783  8476 D SensorService: Calling batch handle==11 flags=0 rate=20000000 timeout== 0
11-05 13:15:43.428  3240  3240 I Sensors : batch - geomagnetic_sensor try to batching with 20000000
11-05 13:15:43.428  3240  3240 I Sensors : GeoMagneticSensor old sensor_state 1, new sensor_state : 17 en : 1
11-05 13:15:43.430  3559  3559 D SensorManager: registerListener :: 11, AK09916C Magnetic field Sensor, 20000, 0,  
11-05 13:15:43.430  3783  8476 D SensorService: Calling batch handle==7 flags=0 rate=20000000 timeout== 0
11-05 13:15:43.430  3240  3884 I Sensors : batch - gyro_sensor try to batching with 20000000
11-05 13:15:43.431  3240  3884 I Sensors : GyroSensor old sensor_state 17, new sensor_state : 19 en : 1
11-05 13:15:43.433  3559  3559 D SensorManager: registerListener :: 7, LSM6DSL Gyroscope Sensor, 20000, 0,  
11-05 13:15:43.433  3559  3559 D UE4     : App is running in Landscape
11-05 13:15:43.433  3559  3559 D UE4     : ==============> Resuming main init
11-05 13:15:43.441  3559  3587 D UE4     : APK Commandline: ../../../FlaminGo/FlaminGo.uproject  /Game/ThirdPersonBP/Maps/FirstMap -Messaging -SessionId=7EDDCE55407E0E070BF8A89A81A5B846 -SessionOwner="James" -SessionName="Launch On Device" -iterative
11-05 13:15:43.441  3559  3587 D UE4     : Override Commandline: ../../../FlaminGo/FlaminGo.uproject  /Game/ThirdPersonBP/Maps/FirstMap -Messaging -SessionId=D11A20C64AADB13FD07949922E9A561B -SessionOwner="James" -SessionName="Launch On Device" -iterative
11-05 13:15:43.441  3559  3587 D UE4     : Final commandline: ../../../FlaminGo/FlaminGo.uproject  /Game/ThirdPersonBP/Maps/FirstMap -Messaging -SessionId=D11A20C64AADB13FD07949922E9A561B -SessionOwner="James" -SessionName="Launch On Device" -iterative
11-05 13:15:43.441  3559  3587 D UE4     : Created sync event
11-05 13:15:43.443  3559  3559 D UE4     : ==============> GameActive.onResume complete!
11-05 13:15:43.450  3559  3559 V threaded_app: InputQueueCreated: 0xdfffba80 -- 0xdfffc0c0
11-05 13:15:43.450  3559  3588 V threaded_app: APP_CMD_INPUT_CHANGED
11-05 13:15:43.450  3559  3588 V threaded_app: Attaching input queue to looper
11-05 13:15:43.451  3559  3559 D ViewRootImpl@3a176fe[GameActivity]: setView = DecorView@4753e5f[GameActivity] TM=true MM=false
11-05 13:15:43.452  3783  8476 D ActivityManager: post active user change for 0 fullscreen true isHomeActivity() false
11-05 13:15:43.454  3559  3559 D ViewRootImpl@ed22825[GameActivity]: dispatchAttachedToWindow
11-05 13:15:43.454  3240  3425 E Sensors : Sensor : Meta event
11-05 13:15:43.455  3783  8476 V WindowManager: Relayout Window{2e23872 u0 com.YourCompany.FlaminGo/com.epicgames.ue4.GameActivity}: viewVisibility=0 req=2092x1016 WM.LayoutParams{(0,0)(fillxfill) gr=#11 sim=#120 ty=2 fl=#1810508 pfl=0x1000000 wanim=0x1030001 vsysui=0x10 needsMenuKey=2 colorMode=0 naviIconColor=0}
11-05 13:15:43.456  3253  3253 I SurfaceFlinger: id=245 createSurf (2094x1080),1 flag=404, com.YourCompany.FlaminGo/com.epicgames.ue4.GameActivity#0
11-05 13:15:43.457  3783  8476 V Surface : sf_framedrop debug : 0x4f4c, game : false, logging : 0
11-05 13:15:43.461  3559  3559 V Surface : sf_framedrop debug : 0x4f4c, game : false, logging : 0
11-05 13:15:43.462  3559  3559 D ViewRootImpl@ed22825[GameActivity]: Relayout returned: old=[0,0][0,0] new=[0,0][2094,1080] result=0x7 surface={valid=true 3474450432} changed=true
11-05 13:15:43.466  3559  3589 I OpenGLRenderer: Initialized EGL, version 1.4
11-05 13:15:43.466  3559  3589 D OpenGLRenderer: Swap behavior 2
11-05 13:15:43.469  3559  3589 D libGLESv1: STS_GLApi : DTS, ODTC are not allowed for Package : com.YourCompany.FlaminGo
11-05 13:15:43.471  3559  3589 D mali_winsys: EGLint new_window_surface(egl_winsys_display *, void *, EGLSurface, EGLConfig, egl_winsys_surface **, egl_color_buffer_format *, EGLBoolean) returns 0x3000,  [2094x1080]-format:1
11-05 13:15:43.471  3559  3589 D OpenGLRenderer: eglCreateWindowSurface = 0xe4da05e8
11-05 13:15:43.473  3559  3559 V InputMethodManager: Not IME target window, ignoring
11-05 13:15:43.482  3559  3559 D ViewRootImpl@3a176fe[GameActivity]: dispatchAttachedToWindow
11-05 13:15:43.484  3783  8476 V WindowManager: Relayout Window{aff7335 u0 com.YourCompany.FlaminGo/com.epicgames.ue4.GameActivity}: viewVisibility=0 req=2092x1016 WM.LayoutParams{(0,0)(fillxfill) sim=#10 ty=1 fl=#1810500 pfl=0x1000000 fmt=1 wanim=0x1030001 vsysui=0x10 needsMenuKey=2 colorMode=0 naviIconColor=0}
11-05 13:15:43.484  3253  3253 D SurfaceFlinger: duplicate layer name: changing com.YourCompany.FlaminGo/com.epicgames.ue4.GameActivity to com.YourCompany.FlaminGo/com.epicgames.ue4.GameActivity#1
11-05 13:15:43.484  3253  3253 I SurfaceFlinger: id=246 createSurf (2094x1080),1 flag=4, com.YourCompany.FlaminGo/com.epicgames.ue4.GameActivity#1
11-05 13:15:43.485  3783  8476 V Surface : sf_framedrop debug : 0x4f4c, game : false, logging : 0
11-05 13:15:43.486  3783  3806 D WindowManager: set systemUiVisibility : systemUiFlags= 0x18 fullscreenStackSysUiFlags= 0x0
11-05 13:15:43.486  4211  4211 D BarTransitions.PhoneStatusBarView: MODE_OPAQUE -> MODE_TRANSPARENT animate=false
11-05 13:15:43.488  3783  8476 D InputDispatcher: Focus entered window: 3559
11-05 13:15:43.489  3783  4705 D WindowManager: adjustSystemUiVisibilityLw : vis= 0x18
11-05 13:15:43.490  3559  3559 V Surface : sf_framedrop debug : 0x4f4c, game : false, logging : 0
11-05 13:15:43.491  3559  3559 D ViewRootImpl@3a176fe[GameActivity]: Relayout returned: old=[0,0][0,0] new=[0,0][2094,1080] result=0x7 surface={valid=true 3450109952} changed=true
11-05 13:15:43.498  3559  3589 D mali_winsys: EGLint new_window_surface(egl_winsys_display *, void *, EGLSurface, EGLConfig, egl_winsys_surface **, egl_color_buffer_format *, EGLBoolean) returns 0x3000,  [2094x1080]-format:1
11-05 13:15:43.498  3559  3589 D OpenGLRenderer: eglCreateWindowSurface = 0xe4da0868
11-05 13:15:43.502  3253  3253 I SurfaceFlinger: id=247 createSurf (2094x1080),4 flag=404, SurfaceView - com.YourCompany.FlaminGo/com.epicgames.ue4.GameActivity@6db67d6@0#0
11-05 13:15:43.502  3253  3253 I SurfaceFlinger: id=248 createSurf (2094x1080),-1 flag=20404, Background for - SurfaceView - com.YourCompany.FlaminGo/com.epicgames.ue4.GameActivity@6db67d6@0#0
11-05 13:15:43.503  3559  3559 D SurfaceView: BG show() Surface(name=Background for - SurfaceView - com.YourCompany.FlaminGo/com.epicgames.ue4.GameActivity@6db67d6@0) android.view.SurfaceView{6db67d6 V.E...... ......ID 0,0-2094,1080}
11-05 13:15:43.512  3559  3559 V Surface : sf_framedrop debug : 0x4f4c, game : false, logging : 0
11-05 13:15:43.512  3559  3559 V Surface : sf_framedrop debug : 0x4f4c, game : false, logging : 0
11-05 13:15:43.512  3559  3559 D SurfaceView: surfaceCreated 1 android.view.SurfaceView{6db67d6 V.E...... ......ID 0,0-2094,1080}
11-05 13:15:43.513  3559  3559 V threaded_app: NativeWindowCreated: 0xdfffba80 -- 0xcda4f008
11-05 13:15:43.513  3559  3588 V threaded_app: APP_CMD_INIT_WINDOW
11-05 13:15:43.513  3559  3588 D UE4     : Case APP_CMD_INIT_WINDOW
11-05 13:15:43.513  3559  3559 D SurfaceView: surfaceChanged (2094,1080) 1 android.view.SurfaceView{6db67d6 V.E...... ......ID 0,0-2094,1080}
11-05 13:15:43.513  3559  3588 D UE4     : LogAndroidEvents: EnqueueAppEvent : 0, 3450138632, tid = 3588
11-05 13:15:43.523  3559  3559 V threaded_app: Pause: 0xdfffba80
11-05 13:15:43.523  3559  3588 V threaded_app: activityState=13
11-05 13:15:43.523  3559  3588 D UE4     : Case APP_CMD_PAUSE
11-05 13:15:43.523  3559  3559 D UE4     : Unregistering sensor listeners
11-05 13:15:43.523  3559  3588 D UE4     : LogAndroidEvents: EnqueueAppEvent : 6, 0, tid = 3588
11-05 13:15:43.523  3783  4705 D SensorService: Calling activate off 6
11-05 13:15:43.524  3240  3884 I Sensors : batch - accelerometer_sensor try to batching with 20000000
11-05 13:15:43.526  3783  4705 D SensorService: Calling activate off 7
11-05 13:15:43.526  3240  3884 I Sensors : GyroSensor old sensor_state 19, new sensor_state : 17 en : 0
11-05 13:15:43.532  3783  4705 D SensorService: Calling activate off 11
11-05 13:15:43.532  3240  3240 I Sensors : GeoMagneticSensor old sensor_state 17, new sensor_state : 1 en : 0
11-05 13:15:43.534  3559  3559 D SensorManager: unregisterListener ::   
11-05 13:15:43.534  3559  3559 D UE4     : ==============> GameActive.onPause complete!
11-05 13:15:43.534  3783  8476 D ActivityManager: isScaleDownAnimationEnabled() : false
11-05 13:15:43.535  3783  8476 D StorageManagerService: getExternalStorageMountMode : 2
11-05 13:15:43.535  3783  8476 D StorageManagerService: getExternalStorageMountMode : 3
11-05 13:15:43.535  3783  8476 D StorageManagerService: getExternalStorageMountMode : final mountMode=2, uid : 10036, packageName : com.google.android.packageinstaller
11-05 13:15:43.535  3783  8476 I ApplicationPolicy: isApplicationExternalStorageWhitelisted:com.google.android.packageinstaller user:0
11-05 13:15:43.535  3783  8476 D ApplicationPolicy: isApplicationExternalStorageWhitelisted: DO is not enabled on user 0. Allowed.
11-05 13:15:43.535  3783  8476 D ActivityManager: package  com.google.android.packageinstaller, user - 0 is SDcard whitelisted
11-05 13:15:43.535  3783  8476 I ApplicationPolicy: isApplicationExternalStorageBlacklisted:com.google.android.packageinstaller user:0
11-05 13:15:43.535  3783  8476 D ApplicationPolicy: isApplicationExternalStorageBlacklisted: DO is not enabled on user 0. Allowed.
11-05 13:15:43.546  3783  8476 I ActivityManager: Start proc 3617:com.google.android.packageinstaller/u0a36 for activity com.google.android.packageinstaller/com.android.packageinstaller.permission.ui.GrantPermissionsActivity
11-05 13:15:43.548  3617  3617 E Zygote  : isWhitelistProcess - Process is Whitelisted
11-05 13:15:43.549  3617  3617 E libpersona: scanKnoxPersonas
11-05 13:15:43.549  3617  3617 E libpersona: Couldn't open the File - /data/system/users/0/personalist.xml - No such file or directory
11-05 13:15:43.550  3559  3559 D ViewRootImpl@ed22825[GameActivity]: MSG_RESIZED_REPORT: frame=Rect(0, 0 - 2094, 1080) ci=Rect(0, 0 - 0, 0) vi=Rect(0, 0 - 0, 0) or=2
11-05 13:15:43.551  3617  3617 W SELinux : SELinux selinux_android_compute_policy_index : Policy Index[2],  Con:u:r:zygote:s0 RAM:SEPF_SM-G955F_8.0.0_0016, [-1 -1 -1 -1 0 1]
11-05 13:15:43.552  3783  3783 D AppWidgetServiceImpl: handleNotifyUpdateAppWidget, appWidgetId = 3
11-05 13:15:43.552  3617  3617 I SELinux : SELinux: seapp_context_lookup: seinfo=apm, level=s0:c512,c768, pkgname=com.google.android.packageinstaller 
11-05 13:15:43.553  5208  5208 I LauncherAppWidgetHostView: updateLastInflationOrientation, orientation: 0,activityOrientation: 1, widget: ComponentInfo{com.google.android.googlequicksearchbox/com.google.android.googlequicksearchbox.SearchWidgetProvider}
11-05 13:15:43.555  3783  7275 I ActivityManager: KPU : put [com.samsung.android.lool] : 11978 K
11-05 13:15:43.555  3783  7275 I ActivityManager: Killing 1760:com.samsung.android.lool/1000 (adj 906): DHA:empty #25
11-05 13:15:43.562  5208  5208 D DragLayer: DragLayer onMeasure, mIsNaviBarPositionChanged = false, mWillOrientationChange = false
11-05 13:15:43.562  5208  5208 D LauncherAppWidgetHostView: setResizeScaleResult() 1292/ 370 scaleToResize = 0.7987616(widget id = 3)
11-05 13:15:43.562  5208  5208 D LauncherAppWidgetHostView: setResizeScaleResult() 772/ 1132 scaleToResize = 0.79792744(widget id = 2)
11-05 13:15:43.573  3617  3617 D TimaKeyStoreProvider: TimaKeyStore is not enabled: cannot add TimaSignature Service and generateKeyPair Service
11-05 13:15:43.573  3617  3617 D ActivityThread: Added TimaKeyStore provider
11-05 13:15:43.575  3783  8476 I ActivityManager: DSS on for com.google.android.packageinstaller and scale is 1.0
11-05 13:15:43.583  3783  8476 D PersonaManagerService: Current focused persona service handled id set to : 0
11-05 13:15:43.583  3783  8476 D InputDispatcher: Focused application set to: xxxx
11-05 13:15:43.583  3783  8476 D InputDispatcher: Focus left window: 3559
11-05 13:15:43.585  3783  4067 D GameManagerService: handleForegroundChange(). pkgName: com.google.android.packageinstaller, clsName: com.android.packageinstaller.permission.ui.GrantPermissionsActivity,FgActivityName:com.google.android.packageinstaller/com.android.packageinstaller.permission.ui.GrantPermissionsActivity
11-05 13:15:43.585  3783  8476 D MARsPolicyManager: onPackageResumedFG pkgName = com.google.android.packageinstaller, userId = 0
11-05 13:15:43.585  3783  4067 D GameManagerService: sem_perfomance_mode: 0
11-05 13:15:43.585  3783  4067 D GameManagerService: notifyResumePause(). pkg: com.google.android.packageinstaller, type: 4, isMinimized: false, isTunableApp: false
11-05 13:15:43.586  3783  4067 D GameManagerService:   notifyResumePause(). unexpected mPrevNotiType: -1
11-05 13:15:43.588  3783  7275 V WindowManager: finishDrawingLocked: mDrawState=COMMIT_DRAW_PENDING Window{2e23872 u0 com.YourCompany.FlaminGo/com.epicgames.ue4.GameActivity} in Surface(name=com.YourCompany.FlaminGo/com.epicgames.ue4.GameActivity)
11-05 13:15:43.591  3783  7275 V WindowManager: Relayout Window{aff7335 u0 com.YourCompany.FlaminGo/com.epicgames.ue4.GameActivity}: viewVisibility=0 req=2094x1080 WM.LayoutParams{(0,0)(fillxfill) sim=#10 ty=1 fl=#1810500 pfl=0x1000000 fmt=1 wanim=0x1030001 vsysui=0x10 needsMenuKey=2 colorMode=0 naviIconColor=0}
11-05 13:15:43.595  3559  3559 D ViewRootImpl@3a176fe[GameActivity]: Relayout returned: old=[0,0][2094,1080] new=[0,0][2094,1080] result=0x3 surface={valid=true 3450109952} changed=false
11-05 13:15:43.601  3783  7224 D GamePkgDataHelper: getGamePkgDataIncServer(). com.google.android.packageinstaller
11-05 13:15:43.601  3783  7224 D GamePkgDataHelper: getSosPolicy(). com.google.android.packageinstaller
11-05 13:15:43.601   983   994 I SAMSUNGPAY: [Hint_ProcessStatusChange] fg Change, pid : 3617 , isNotify : true , isForeground : true , fg list : [3617, 3559, 5208]
11-05 13:15:43.602  4536 16815 D ForegroundUtils: could not check pending caller
11-05 13:15:43.603  3783  7224 D GameManagerService: identifyGamePackage. com.google.android.packageinstaller
11-05 13:15:43.603  3783  7224 D GamePkgDataHelper: getGamePkgData(). com.google.android.packageinstaller
11-05 13:15:43.604   983   983 I SAMSUNGPAY: [ServiceTypeTable] isSupportOperator : BTU, GB
11-05 13:15:43.605  4536 16815 D ForegroundUtils: could not check pending caller
11-05 13:15:43.605   983   983 D SAMSUNGPAY: [ServiceTypeTable] Upgrade - ServiceTypeTable - entryFromCountryIso - index is : 37, iso : GB
11-05 13:15:43.606   983   983 D SAMSUNGPAY: [Hint_SimpleIntroService] Hint Status - already invisible, skip hide : Landscape mode
11-05 13:15:43.607  3783  7224 D GameManagerService: identifyGamePackage. com.google.android.packageinstaller
11-05 13:15:43.607  3783  7224 D GamePkgDataHelper: getGamePkgData(). com.google.android.packageinstaller
11-05 13:15:43.609  3783  7224 D GameManagerService: identifyGamePackage. com.google.android.packageinstaller
11-05 13:15:43.609  3783  7224 D GamePkgDataHelper: getGamePkgData(). com.google.android.packageinstaller
11-05 13:15:43.610  3783 12436 V WindowManager: finishDrawingLocked: mDrawState=COMMIT_DRAW_PENDING Window{aff7335 u0 com.YourCompany.FlaminGo/com.epicgames.ue4.GameActivity} in Surface(name=com.YourCompany.FlaminGo/com.epicgames.ue4.GameActivity)
11-05 13:15:43.610  3783  7224 D GameManagerService: identifyGamePackage. com.google.android.packageinstaller
11-05 13:15:43.610  3783  7224 D GamePkgDataHelper: getGamePkgData(). com.google.android.packageinstaller
11-05 13:15:43.613  3617  3651 I vndksupport: sphal namespace is not configured for this process. Loading /vendor/lib64/egl/libGLES_mali.so from the current namespace instead.
11-05 13:15:43.613  3559  3559 D ViewRootImpl@3a176fe[GameActivity]: MSG_RESIZED_REPORT: frame=Rect(0, 0 - 2094, 1080) ci=Rect(0, 0 - 0, 0) vi=Rect(0, 0 - 0, 0) or=2
11-05 13:15:43.614  3559  3559 D ViewRootImpl@3a176fe[GameActivity]: MSG_WINDOW_FOCUS_CHANGED 1
11-05 13:15:43.617  3559  3559 V threaded_app: WindowFocusChanged: 0xdfffba80 -- 1
11-05 13:15:43.617  3559  3588 D UE4     : LogAndroidEvents: EnqueueAppEvent : 11, 0, tid = 3588
11-05 13:15:43.620  3783  3814 D CustomFrequencyManagerService: acquireDVFSLockLocked : type : DVFS_MIN_LIMIT  frequency : 1807000  uid : 1000  pid : 3783  pkgName : AMS_RESUME_TAIL@CPU_MIN@72
11-05 13:15:43.620  3783  3814 D ActivityManagerPerformance: AMP_acquire() TAIL
11-05 13:15:43.620  3783  3814 D CustomFrequencyManagerService: releaseDVFSLockLocked : Getting Lock type frm List : DVFS_MIN_LIMIT  frequency : 2314000  uid : 1000  pid : 3783  tag : AMS_APP_SWITCH@CPU_MIN@61
11-05 13:15:43.620  3783  3814 D ActivityManagerPerformance: AMP_release() APP_SWITCH
11-05 13:15:43.621  3783  3806 D WindowManager: set systemUiVisibility : systemUiFlags= 0x10 fullscreenStackSysUiFlags= 0x0
11-05 13:15:43.622  4211  4211 D BarTransitions.PhoneStatusBarView: MODE_TRANSPARENT -> MODE_OPAQUE animate=false
11-05 13:15:43.624  3783 12436 D WindowManager: adjustSystemUiVisibilityLw : vis= 0x10
11-05 13:15:43.630  3559  3587 D UE4     : LogICUInternationalization: Display: ICU TimeZone Detection - Raw Offset: +0:00, Platform Override: ''
11-05 13:15:43.630  3559  3587 D UE4     : 
11-05 13:15:43.632  3617  3651 D libEGL  : loaded /vendor/lib64/egl/libGLES_mali.so
11-05 13:15:43.635  3559  3587 D UE4     : EGL Extensions: 
11-05 13:15:43.635  3559  3587 D UE4     : EGL_KHR_get_all_proc_addresses EGL_ANDROID_presentation_time EGL_KHR_swap_buffers_with_damage EGL_ANDROID_get_native_client_buffer EGL_ANDROID_front_buffer_auto_refresh EGL_ANDROID_get_frame_timestamps EGL_KHR_image EGL_KHR_image_base EGL_KHR_gl_colorspace EGL_KHR_gl_texture_2D_image EGL_KHR_gl_texture_cubemap_image EGL_KHR_gl_renderbuffer_image EGL_KHR_fence_sync EGL_KHR_create_context EGL_KHR_config_attribs EGL_KHR_surfaceless_context EGL_EXT_create_context_robustness EGL_ANDROID_image_native_buffer EGL_KHR_wait_sync EGL_ANDROID_recordable EGL_KHR_partial_update EGL_KHR_mutable_render_buffer EGL_EXT_protected_content EGL_IMG_context_priority EGL_KHR_no_config_context 
11-05 13:15:43.637  3253  3253 D SurfaceFlinger:   Display[0] configurations (* current):
11-05 13:15:43.637  3253  3253 D SurfaceFlinger:     * 0: 1440x2960, xdpi=522.513977, ydpi=525.762024, refresh=16666666
11-05 13:15:43.637  3253  3253 D SurfaceFlinger:   numHwLayers=3, flags=00000000
11-05 13:15:43.637  3253  3253 D SurfaceFlinger:     type   |  handle  | hint | flag | tr | blnd |   format    |     source crop (l,t,r,b)      |          frame         | name 
11-05 13:15:43.637  3253  3253 D SurfaceFlinger: -----------+----------+------+------+----+------+-------------+--------------------------------+------------------------+------
11-05 13:15:43.637  3253  3253 D SurfaceFlinger:        HWC | 7f0ae57bc0 | 0000 | 0020 | 00 | 0100 | RGBA_8888   |    0.0,    0.0, 1080.0, 2094.0 |    0,    0, 1080, 2094 | com.YourCompany.FlaminGo/com.epicgames.ue4.GameActivity#0
11-05 13:15:43.637  3253  3253 D SurfaceFlinger:        HWC | 7f0ae58100 | 0000 | 0000 | 00 | 0105 | RGBA_8888   |    0.0,    0.0, 1080.0,  126.0 |    0, 2094, 1080, 2220 | NavigationBar#0
11-05 13:15:43.637  3253  3253 D SurfaceFlinger:  FB TARGET | 7f0ae55b60 | 0000 | 0000 | 00 | 0105 | RGBA_8888   |    0.0,    0.0, 1440.0, 2960.0 |    0,    0, 1440, 2960 | HWC_FRAMEBUFFER_TARGET
11-05 13:15:43.638  3559  3587 D UE4     : FAndroidGPUInfo
11-05 13:15:43.638  3559  3587 D UE4     : AndroidEGL::InitSurface 1, 1
11-05 13:15:43.640  3559  3587 D mali_winsys: EGLint new_window_surface(egl_winsys_display *, void *, EGLSurface, EGLConfig, egl_winsys_surface **, egl_color_buffer_format *, EGLBoolean) returns 0x3000,  [8x8]-format:2
11-05 13:15:43.640  3559  3587 D UE4     : AndroidEGL::CreateEGLSurface() 0xc2a490f8
11-05 13:15:43.641  3559  3587 D UE4     : AndroidEGL::CreateEGLSurface(1), auxSurface = eglCreatePbufferSurface(), 8x8
11-05 13:15:43.643  3559  3587 D UE4     : Vulkan library detected, checking for available driver
11-05 13:15:43.645  3559  3587 I vndksupport: sphal namespace is not configured for this process. Loading /vendor/lib/hw/vulkan.exynos5.so from the current namespace instead.
11-05 13:15:43.645  3559  3587 D vulkan  : searching for layers in '/data/app/com.YourCompany.FlaminGo-aagQQlyb9oU_y618wTiZaA==/lib/arm'
11-05 13:15:43.645  3559  3587 D vulkan  : searching for layers in '/system/fake-libs'
11-05 13:15:43.646  3559  3587 D vulkan  : searching for layers in '/data/app/com.YourCompany.FlaminGo-aagQQlyb9oU_y618wTiZaA==/base.apk!/lib/armeabi-v7a'
11-05 13:15:43.646  3559  3559 V InputMethodManager: Starting input: tba=android.view.inputmethod.EditorInfo@b05aac8 nm : com.YourCompany.FlaminGo ic=null
11-05 13:15:43.646  3559  3559 I InputMethodManager: startInputInner - mService.startInputOrWindowGainedFocus
11-05 13:15:43.647  3783  4705 D InputMethodManagerService: startInputOrWindowGainedFocus : windowGainedFocus 
11-05 13:15:43.648  3783  4705 D InputMethodManagerService: windowGainedFocus: destinationUserId (getCallingUid) = 0
11-05 13:15:43.648  3783  4705 D InputMethodManagerService: windowGainedFocus: currentUserId=0
11-05 13:15:43.648  3783  4705 D InputMethodManagerService: windowGainedFocus: mCurrentFocusedUserId=0
11-05 13:15:43.648  3783  4705 D InputMethodManagerService: windowGainedFocus : lock - currentUserId = 0 destinationUserId = 0
11-05 13:15:43.648  3783  4705 D InputMethodManagerService: windowGainedFocus : mCurrentFocusedUserId - 0 and mSecureKeypadEnabled - false, userSwitched - false
11-05 13:15:43.648  3783  4705 W InputMethodManagerService: Focus gain on non-focused client com.android.internal.view.IInputMethodClient$Stub$Proxy@63fc521 (uid=10225 pid=3559)
11-05 13:15:43.648  3783  4705 W InputMethodManagerService: calledFromValidUser : true, (mCurFocusedWindow == windowToken) : false, (attribute != null) : true
11-05 13:15:43.648  3783  4705 W InputMethodManagerService: (mCurClient != cs) : true, mCurFocusedWindow : android.os.BinderProxy@d6b5887, windowToken : android.os.BinderProxy@94ec16c
11-05 13:15:43.648  3783  4705 V InputMethodManagerService: Focus gain on non-focused client mCurClient info is ClientState{54e3160 uid 10083 pid 5208}
11-05 13:15:43.648  3559  3587 D vulkan  : vulkan api version_1_0 1.0.0
11-05 13:15:43.648  3559  3587 D vulkan  : vulkan header version 46
11-05 13:15:43.648  3559  3559 D ViewRootImpl@3a176fe[GameActivity]: MSG_WINDOW_FOCUS_CHANGED 0
11-05 13:15:43.648  3559  3559 V threaded_app: WindowFocusChanged: 0xdfffba80 -- 0
11-05 13:15:43.649  3559  3588 D UE4     : LogAndroidEvents: EnqueueAppEvent : 10, 0, tid = 3588
11-05 13:15:43.662  3783  4705 D CustomFrequencyManagerService: acquireDVFSLockLocked : type : DVFS_MIN_LIMIT  frequency : 1703000  uid : 1000  pid : 3783  pkgName : AMS_ACT_RESUME@CPU_MIN@80
11-05 13:15:43.663  3783  4705 D ActivityManagerPerformance: AMP_acquire() ACT_RESUME
11-05 13:15:43.663  3783  4705 D ActivityManager: isScaleDownAnimationEnabled() : false
11-05 13:15:43.663  3783  4705 D PersonaManagerService: Current focused persona service handled id set to : 0
11-05 13:15:43.663  3783  4705 D InputDispatcher: Focused application set to: xxxx
11-05 13:15:43.664  3783  3806 D SamsungPhoneWindowManager: updateSystemUiVisibilityLw : setForceImmersiveBtnVisibility=true
