--------- beginning of main
12-04 14:55:24.686  3376  3376 E adbd    : recv: OPEN 00001e11 00000000 004f:73 68 65 6C 6C 2C 76 32 3A 61 6D 20 73 74 61 72 74 20 2D 6E 20 63 6F 6D 2E 59 6F 75 72 43 6F 6D 70 61 6E 79 2E 46 6C 61 6D 69 6E 47 6F 2F 63 6F 6D 2E 65 70 69 63 67 61 6D 65 73 2E 75 65 34 2E 53 70 6C 61 73 68 41 63 74 69 76 69 74 79 00 
12-04 14:55:24.686  3376  3376 E adbd    : service_to_fd: shell,v2:am start -n com.YourCompany.FlaminGo/com.epicgames.ue4.SplashActivity
--------- beginning of system
12-04 14:55:24.779  3785  5162 I ActivityManager: START u0 {act=null typ=null flg=0x10000000 cmp=ComponentInfo{com.YourCompany.FlaminGo/com.epicgames.ue4.SplashActivity}} from uid 2000
12-04 14:55:24.786  3785  5162 D CustomFrequencyManagerService: acquireDVFSLockLocked : type : DVFS_MIN_LIMIT  frequency : 2314000  uid : 1000  pid : 3785  pkgName : AMS_APP_SWITCH@CPU_MIN@28
12-04 14:55:24.787  3785  5162 D ActivityManagerPerformance: AMP_acquire() APP_SWITCH
12-04 14:55:24.787  3785  4990 D ActivityManagerPerformance: Received MSG_CFMS_HINT_AMS_SWITCH pkgName: com.YourCompany.FlaminGo
12-04 14:55:24.788  3785  7406 D TelephonyManager: getAllCellInfo : Caller (PID / UID / TID): 3785 / 1000 / 7406
12-04 14:55:24.792  5291  5291 V Launcher: Launcher.onPause()
12-04 14:55:24.792  5291  5291 D Launcher: setHotWordDetection : call requestHotWordDetection false
12-04 14:55:24.794  3785  3785 D MdnieScenarioControlService: Listener Real Multi Window State : false
12-04 14:55:24.794  3785  3785 D CodecSolution: MultiWindowEventListener::onMultiWindowFocusChanged(1)
12-04 14:55:24.795  3785  3785 D CS_HdrController: MultiWindowEventListener::onFocusStackChanged(1)
12-04 14:55:24.795  3785  3785 D CS_HdrController: updateMultiWindowState : 0
12-04 14:55:24.795  3785  3880 D ViewRootImpl@7bcc1e3[FlaminGo]: setView = DecorView@4902a99[FlaminGo] TM=true MM=false
12-04 14:55:24.797  3226  7251 I soundtrigger_hw_primary: stdev_stop_recognition Handle 0
12-04 14:55:24.797  3226  7251 V soundtrigger_hw_primary: stdev_stop_recognition Handle 0 Trylock acquired successfully
12-04 14:55:24.797  3226  7251 V soundtrigger_hw_primary: stdev_stop_recognition_l
12-04 14:55:24.797  3226  7251 V soundtrigger_hw_primary: stdev_active_callback_bitmask
12-04 14:55:24.797  3226  7251 V soundtrigger_hw_primary: stdev_join_callback_thread
12-04 14:55:24.798  3226 23228 I soundtrigger_hw_primary: callback_thread_loop: Termination message
12-04 14:55:24.798  3226 23228 V soundtrigger_hw_primary: stdev_vts_set_power enabled: 0
12-04 14:55:24.798  3226 23228 V soundtrigger_hw_primary: set_mixer_ctrls, path: VTS Active Keyphrase
12-04 14:55:24.798  3226 23228 V soundtrigger_hw_primary: set_mixer_ctrls: VTS Active Keyphrase configured value: 1
12-04 14:55:24.798  3226 23228 V soundtrigger_hw_primary: set_mixer_ctrls: VTS VoiceTrigger Value configured value: 0
12-04 14:55:24.799  3226 23228 V soundtrigger_hw_primary: set_mixer_ctrls: VTS VoiceRecognization Mode configured value: 9
12-04 14:55:24.799  3226 23228 D audio_hw_primary_abox: device-notify_sthal_status: Ok-Google Model Recognition [STOPPED]
12-04 14:55:24.799  3226 23228 D soundtrigger_hw_primary: stdev_vts_set_power: Google Model recognization stopped & Notified to AudioHAL
12-04 14:55:24.799  3226 23228 V soundtrigger_hw_primary: set_mixer_ctrls, path: VTS DMIC SEL
12-04 14:55:24.800  3226 23228 V soundtrigger_hw_primary: set_mixer_ctrls: VTS Virtual Output Mux configured value: 0
12-04 14:55:24.802  3785  3880 D ViewRootImpl@7bcc1e3[FlaminGo]: dispatchAttachedToWindow
12-04 14:55:24.803  3785  3880 V WindowManager: Relayout Window{703e7e0 u0 Splash Screen com.YourCompany.FlaminGo}: viewVisibility=0 req=1079x2029 WM.LayoutParams{(0,0)(fillxfill) sim=#20 ty=3 fl=#1830518 pfl=0x1000011 wanim=0x1030001 vsysui=0x10 needsMenuKey=2 colorMode=0 naviIconColor=0}
12-04 14:55:24.803  3226 23228 V soundtrigger_hw_primary: set_mixer_ctrls: DMIC1 Switch configured value: 0
12-04 14:55:24.803  3226 23228 V soundtrigger_hw_primary: set_mixer_ctrls: VTS HPF SEL configured value: 0
12-04 14:55:24.803  3226 23228 V soundtrigger_hw_primary: set_mixer_ctrls: VTS HPF EN configured value: 0
12-04 14:55:24.803  3226 23228 V soundtrigger_hw_primary: set_mixer_ctrls: VTS SYS SEL configured value: 0
12-04 14:55:24.805  3226 23228 V soundtrigger_hw_primary: set_mixer_ctrls: VTS DMIC IF LCH EN configured value: 0
12-04 14:55:24.805  3226 23228 V soundtrigger_hw_primary: set_mixer_ctrls: VTS DMIC IF RCH EN configured value: 0
12-04 14:55:24.805  3249  3249 I SurfaceFlinger: id=166 createSurf (1080x2094),1 flag=404, Splash Screen com.YourCompany.FlaminGo#0
12-04 14:55:24.805  3226 23228 V soundtrigger_hw_primary: set_mixer_ctrls: VTS DMIC SEL configured value: 0
12-04 14:55:24.805  3226 23228 D soundtrigger_hw_primary: stdev_vts_set_mic: Disable MIC Controls 
12-04 14:55:24.806  3226  7251 V soundtrigger_hw_primary: stdev_vts_set_power enabled: 0
12-04 14:55:24.806  3226  7251 V soundtrigger_hw_primary: stdev_close_callback_thread_sockets
12-04 14:55:24.806  3226  7251 I soundtrigger_hw_primary: stdev_stop_recognition Handle Exit 0
12-04 14:55:24.807  3785  3880 V Surface : sf_framedrop debug : 0x4f4c, game : false, logging : 0
12-04 14:55:24.809  3785  3880 D ViewRootImpl@7bcc1e3[FlaminGo]: Relayout returned: old=[0,0][0,0] new=[0,0][1080,2094] result=0x7 surface={valid=true 494140698624} changed=true
12-04 14:55:24.810  3785  5230 D ActivityManager: isScaleDownAnimationEnabled() : false
12-04 14:55:24.810  3785  5230 D StorageManagerService: getExternalStorageMountMode : 3
12-04 14:55:24.810  3785  5230 D StorageManagerService: getExternalStorageMountMode : 3
12-04 14:55:24.810  3785  5230 D StorageManagerService: getExternalStorageMountMode : final mountMode=3, uid : 10228, packageName : com.YourCompany.FlaminGo
12-04 14:55:24.811  3785  5230 I ApplicationPolicy: isApplicationExternalStorageWhitelisted:com.YourCompany.FlaminGo user:0
12-04 14:55:24.811  3785  5230 D ApplicationPolicy: isApplicationExternalStorageWhitelisted: DO is not enabled on user 0. Allowed.
12-04 14:55:24.811  3785  5230 D ActivityManager: package  com.YourCompany.FlaminGo, user - 0 is SDcard whitelisted
12-04 14:55:24.811  3785  5230 I ApplicationPolicy: isApplicationExternalStorageBlacklisted:com.YourCompany.FlaminGo user:0
12-04 14:55:24.811  3785  5230 D ApplicationPolicy: isApplicationExternalStorageBlacklisted: DO is not enabled on user 0. Allowed.
12-04 14:55:24.819  3785  5230 I ActivityManager: Start proc 23418:com.YourCompany.FlaminGo/u0a228 for activity com.YourCompany.FlaminGo/com.epicgames.ue4.SplashActivity
12-04 14:55:24.821 23418 23418 E Zygote  : isWhitelistProcess - Process is Whitelisted
12-04 14:55:24.821 23418 23418 E libpersona: scanKnoxPersonas
12-04 14:55:24.821 23418 23418 E libpersona: Couldn't open the File - /data/system/users/0/personalist.xml - No such file or directory
12-04 14:55:24.824 23418 23418 W SELinux : SELinux selinux_android_compute_policy_index : Policy Index[2],  Con:u:r:zygote:s0 RAM:SEPF_SM-G955F_8.0.0_0016, [-1 -1 -1 -1 0 1]
12-04 14:55:24.824  5105  5105 I GsaVoiceInteractionSrv: Stop Hotword Recognition status: true
12-04 14:55:24.825 23418 23418 I SELinux : SELinux: seapp_context_lookup: seinfo=untrusted, level=s0:c512,c768, pkgname=com.YourCompany.FlaminGo 
12-04 14:55:24.828 23418 23418 I zygote  : Late-enabling -Xcheck:jni
12-04 14:55:24.832  3785  3880 V WindowManager: finishDrawingLocked: mDrawState=COMMIT_DRAW_PENDING Window{703e7e0 u0 Splash Screen com.YourCompany.FlaminGo} in Surface(name=Splash Screen com.YourCompany.FlaminGo)
12-04 14:55:24.834  4384  4384 D WallpaperService: updateSurface forceRelayout=true redrawNeeded=false myWidth=-1 myHeight=-1 fixedSize=false x = 0 y = 0 mWidth=-1 mHeight=-1 mIsSleepMode=false
12-04 14:55:24.836  3785  5255 V WindowManager: Relayout Window{a798635 u0 com.android.systemui.infinity.InfinityWallpaperBlack}: viewVisibility=0 req=-1x-1 WM.LayoutParams{(0,0)(fillxfill) gr=#800033 ty=2013 fl=#10318 pfl=0x4 fmt=2 wanim=0x103030e colorMode=0 naviIconColor=0 sfl=0x8}
12-04 14:55:24.837  3785  5255 V WindowManager: rotationForOrientationLw(orient=0, last=0); user=0  sensorRotation=-1 mLidState=-1 mDockMode=0 mHdmiPlugged=false
12-04 14:55:24.837  3785  5255 D SamsungPhoneWindowManager: setRotationLw() : rotation=1
12-04 14:55:24.837  3785  5255 D SamsungPhoneWindowManager: semDvfsWakeupBooster.acquire()
12-04 14:55:24.837  3785  5255 D CustomFrequencyManagerService: acquireDVFSLockLocked : type : DVFS_MIN_LIMIT  frequency : 2314000  uid : 1000  pid : 3785  pkgName : PWM_ROTATION@CPU_MIN@33
12-04 14:55:24.837  3785 23423 D TspStateManagerInternal: update cmd=set_grip_data,2,1,60,10
12-04 14:55:24.838  3785  5255 D InputDispatcher: setInputDispatchMode: enabled=1, frozen=1
12-04 14:55:24.838  3249  3249 I SurfaceFlinger: id=167 createSurf (1080x2220),2 flag=4, ScreenshotSurface#0
12-04 14:55:24.839  3785  5255 V Surface : sf_framedrop debug : 0x4f4c, game : false, logging : 0
12-04 14:55:24.839  3249  3249 V Surface : sf_framedrop debug : 0x4f4c, game : false, logging : 0
12-04 14:55:24.851  3249  3249 I SurfaceFlinger: Disp[0] Orientation 0=>1
12-04 14:55:24.852  3785  3814 D PointerController: mLocked.displayWidth 1080, mLocked.displayHeight 2220
12-04 14:55:24.852  3785  3933 I InputReader: Reconfiguring input devices.  changes=0x00000004
12-04 14:55:24.852  3785  3933 I InputReader: Device reconfigured: id=4, name='sec_touchpad', size 1080x2220, orientation 1, mode 4, display id 0
12-04 14:55:24.852  3785  3933 I InputReader: Device reconfigured: id=5, name='sec_touchscreen', size 1080x2220, orientation 1, mode 1, display id 0
12-04 14:55:24.853  4560  4560 D NfcService: PROXIMITY SCREEN ON
12-04 14:55:24.853  4384  6490 D WallpaperService: dispatchAppVisibility onVisibilityChanged(): false
12-04 14:55:24.855  3785  5255 I ActivityManager: Config changes=480 {0 1.1 themeSeq = 0 showBtnBg = 0 ?mcc?mnc [en_GB] ldltr sw411dp w797dp h387dp 420dpi nrml long land finger -keyb/v/h -nav/h appBounds=Rect(0, 0 - 2094, 1080) s.26 mkbd/h desktop/d ?dc}
12-04 14:55:24.856  4560 23425 D NfcService: call the applyRouting
12-04 14:55:24.856  4560 23425 D NfcService: Screen Cmd value : 3
12-04 14:55:24.856  4560 23425 D NfcService: Discovery configuration equal, not updating.
12-04 14:55:24.857  3376  3376 E adbd    : recv: OPEN 00001e15 00000000 000c:73 68 65 6C 6C 2C 76 32 3A 70 73 00 
12-04 14:55:24.857  3376  3376 E adbd    : service_to_fd: shell,v2:ps
12-04 14:55:24.858  3785  3785 D GameManagerService: onDisplayChanged. displyId: 0, state: 2
12-04 14:55:24.860  3785  3785 D GameManagerService: dpi: 420, longPixel: 2094, shortPixel: 1080
12-04 14:55:24.861  3785  3785 I CAE     : handleMessage(CaPowerManager.java:173) - AP_WAKEUP_Already_Delivered
12-04 14:55:24.862  3249  3249 D SurfaceFlinger:   Display[0] configurations (* current):
12-04 14:55:24.862  3249  3249 D SurfaceFlinger:     * 0: 1440x2960, xdpi=522.513977, ydpi=525.762024, refresh=16666666
12-04 14:55:24.862  3249  3249 D SurfaceFlinger:   numHwLayers=6, flags=00000000
12-04 14:55:24.862  3249  3249 D SurfaceFlinger:     type   |  handle  | hint | flag | tr | blnd |   format    |     source crop (l,t,r,b)      |          frame         | name 
12-04 14:55:24.862  3249  3249 D SurfaceFlinger: -----------+----------+------+------+----+------+-------------+--------------------------------+------------------------+------
12-04 14:55:24.862  3249  3249 D SurfaceFlinger:        HWC | 7392e581e0 | 0000 | 0020 | 00 | 0100 | RGBx_8888   |    0.0,    0.0, 1080.0, 2220.0 |    0,    0, 1080, 2220 | com.android.systemui.infinity.InfinityWallpaperBlack#0
12-04 14:55:24.862  3249  3249 D SurfaceFlinger:        HWC | 7392e583a0 | 0000 | 0000 | 04 | 0105 | RGBA_8888   |    0.0,    0.0, 1080.0, 1080.0 |    0,    0, 1080, 1080 | com.sec.android.app.launcher/com.sec.android.app.launcher.activities.LauncherActivity#0
12-04 14:55:24.862  3249  3249 D SurfaceFlinger:       GLES | 7392a2c7a0 | 0000 | 0000 | 04 | 0105 | RGBA_8888   |    0.0,    0.0, 1080.0,   63.0 | 1017,    0, 1080, 1080 | StatusBar#0
12-04 14:55:24.862  3249  3249 D SurfaceFlinger:       GLES | 7392e56340 | 0000 | 0000 | 04 | 0105 | RGBA_8888   |    0.0,    0.0,   67.0,  455.0
12-04 14:55:24.862  3785  5255 I ActivityManager: Override config changes=480 {0 1.1 themeSeq = 0 showBtnBg = 0 ?mcc?mnc [en_GB] ldltr sw411dp w797dp h387dp 420dpi nrml long land finger -keyb/v/h -nav/h appBounds=Rect(0, 0 - 2094, 1080) s.26 mkbd/h desktop/d ?dc} for displayId=0
12-04 14:55:24.862  3249  3249 D SurfaceFlinger:  |   20, 1013,  475, 1080 | com.samsung.android.app.cocktailbarservice/com.samsung.android.app.cocktailbarservice.CocktailBarService#0
12-04 14:55:24.862  3249  3249 D SurfaceFlinger:        HWC | 7392a2be00 | 0000 | 0100 | 00 | 0105 | RGBA_8888   |    0.0,    0.0, 1080.0, 2220.0 |    0,    0, 1080, 2220 | ScreenshotSurface#0
12-04 14:55:24.862  3249  3249 D SurfaceFlinger:  FB TARGET | 7392e55b60 | 0000 | 0000 | 00 | 0105 | RGBA_8888   |    0.0,    0.0, 1440.0, 2960.0 |    0,    0, 1440, 2960 | HWC_FRAMEBUFFER_TARGET
12-04 14:55:24.862  3785  3785 D TelecomService: onConfigurationChanged {0 1.1 themeSeq = 0 showBtnBg = 0 ?mcc?mnc [en_GB] ldltr sw411dp w797dp h387dp 420dpi nrml long land finger -keyb/v/h -nav/h appBounds=Rect(0, 0 - 2094, 1080) s.26 mkbd/h desktop/d ?dc}
12-04 14:55:24.863  3785  5255 I SamsungPhoneWindowManager: setInitialDisplaySize() width=1080, height=2220, density=420, initWidth=1440, initHeight=2960, initDensity=560
12-04 14:55:24.863  3785  5255 D TspStateManagerInternal: updateDefaultValue customSetting=null
12-04 14:55:24.867  3785  5255 I SamsungPhoneWindowManager: setInitialDisplaySize() width=1080, height=2220, density=420, initWidth=1440, initHeight=2960, initDensity=560
12-04 14:55:24.867  3785  5255 D TspStateManagerInternal: updateDefaultValue customSetting=null
12-04 14:55:24.871  3785  3806 D WindowManager: set systemUiVisibility : systemUiFlags= 0x8708 fullscreenStackSysUiFlags= 0x0
12-04 14:55:24.874  3249  3249 D SurfaceFlinger:   Display[0] configurations (* current):
12-04 14:55:24.874  3249  3249 D SurfaceFlinger:     * 0: 1440x2960, xdpi=522.513977, ydpi=525.762024, refresh=16666666
12-04 14:55:24.874  3249  3249 D SurfaceFlinger:   numHwLayers=4, flags=00000000
12-04 14:55:24.874  3249  3249 D SurfaceFlinger:     type   |  handle  | hint | flag | tr | blnd |   format    |     source crop (l,t,r,b)      |          frame         | name 
12-04 14:55:24.874  3249  3249 D SurfaceFlinger: -----------+----------+------+------+----+------+-------------+--------------------------------+------------------------+------
12-04 14:55:24.874  3249  3249 D SurfaceFlinger:        HWC | 7392a2c7a0 | 0000 | 0000 | 04 | 0105 | RGBA_8888   |    0.0,    0.0, 1080.0,   63.0 | 1017,    0, 1080, 1080 | StatusBar#0
12-04 14:55:24.874  3249  3249 D SurfaceFlinger:       GLES | 7392e56340 | 0000 | 0000 | 04 | 0105 | RGBA_8888   |    0.0,    0.0,   67.0,  455.0 |   20, 1013,  475, 1080 | com.samsung.android.app.cocktailbarservice/com.samsung.android.app.cocktailbarservice.CocktailBarService#0
12-04 14:55:24.874  3249  3249 D SurfaceFlinger:        HWC | 7392a2be00 | 0000 | 0100 | 00 | 0105 | RGBA_8888   |    0.0,    0.0, 1080.0, 2220.0 |    0,    0, 1080, 2220 | ScreenshotSurface#0
12-04 14:55:24.874  3249  3249 D SurfaceFlinger:  FB TARGET | 7392e558c0 | 0000 | 0000 | 00 | 0105 | RGBA_8888   |    0.0,    0.0, 1440.0, 2960.0 |    0,    0, 1
12-04 14:55:24.874  3249  3249 D SurfaceFlinger: 440, 2960 | HWC_FRAMEBUFFER_TARGET
12-04 14:55:24.875  3785  5255 D InputDispatcher: Focus left window: 5291
12-04 14:55:24.877  3785  3880 D ViewRootImpl@7bcc1e3[FlaminGo]: MSG_RESIZED_REPORT: frame=Rect(0, 0 - 2094, 1080) ci=Rect(0, 0 - 0, 0) vi=Rect(0, 63 - 0, 0) or=2
12-04 14:55:24.881  6947  6947 V Configuration:  needToUpdateOverlays
12-04 14:55:24.883  4560  4560 V Configuration:  needToUpdateOverlays
12-04 14:55:24.883 21140 21140 V Configuration:  needToUpdateOverlays
12-04 14:55:24.883 21140 21140 V Configuration:  needToUpdateOverlays
12-04 14:55:24.887  4191  4191 V Configuration:  needToUpdateOverlays
12-04 14:55:24.887  4191  4191 V Configuration:  needToUpdateOverlays
12-04 14:55:24.888  3785  3880 V WindowManager: Relayout Window{703e7e0 u0 Splash Screen com.YourCompany.FlaminGo}: viewVisibility=0 req=2094x1080 WM.LayoutParams{(0,0)(fillxfill) sim=#20 ty=3 fl=#1830518 pfl=0x1000011 wanim=0x1030001 vsysui=0x10 needsMenuKey=2 colorMode=0 naviIconColor=0}
12-04 14:55:24.889  3249  3249 D SurfaceFlinger:   Display[0] configurations (* current):
12-04 14:55:24.889  3249  3249 D SurfaceFlinger:     * 0: 1440x2960, xdpi=522.513977, ydpi=525.762024, refresh=16666666
12-04 14:55:24.889  3249  3249 D SurfaceFlinger:   numHwLayers=6, flags=00000000
12-04 14:55:24.889  3249  3249 D SurfaceFlinger:     type   |  handle  | hint | flag | tr | blnd |   format    |     source crop (l,t,r,b)      |          frame         | name 
12-04 14:55:24.889  3249  3249 D SurfaceFlinger: -----------+----------+------+------+----+------+-------------+--------------------------------+------------------------+------
12-04 14:55:24.889  3249  3249 D SurfaceFlinger:        HWC | 7392a2c7a0 | 0000 | 0000 | 04 | 0105 | RGBA_8888   |    0.0,    0.0, 1080.0,   63.0 | 1017,    0, 1080, 1080 | StatusBar#0
12-04 14:55:24.889  3249  3249 D SurfaceFlinger:       GLES | 7392e56340 | 0000 | 0000 | 04 | 0105 | RGBA_8888   |    0.0,    0.0,   67.0,  455.0 |   20, 2153,  475, 2220 | com.samsung.android.app.cocktailbarservice/com.samsung.android.app.cocktailbarservice.CocktailBarService#0
12-04 14:55:24.889  3249  3249 D SurfaceFlinger:       GLES | 7392e55540 | 0000 | 0000 | 04 | 0105 | RGBA_8888   |    0.0,    0.0,  126.0,  126.0 |  954, 2094, 1080, 2220 | NavigationBar#0
12-04 14:55:24.889  3249  3249 D SurfaceFlinger:       GLES | 7392a2b620 | 0000 | 0000 | 04 | 0105 | RGBA_8888   |    0.0,    0.0,  566.0,   63.0 |    0,  827,   63,
12-04 14:55:24.889  3249  3249 D SurfaceFlinger:  1393 | com.samsung.android.spay.simple.SimpleIntroHintService#0
12-04 14:55:24.889  3249  3249 D SurfaceFlinger:        HWC | 7392a2be00 | 0000 | 0100 | 00 | 0105 | RGBA_8888   |    0.0,    0.0, 1080.0, 2220.0 |    0,    0, 1080, 2220 | ScreenshotSurface#0
12-04 14:55:24.889  3249  3249 D SurfaceFlinger:  FB TARGET | 7392e55d20 | 0000 | 0000 | 00 | 0105 | RGBA_8888   |    0.0,    0.0, 1440.0, 2960.0 |    0,    0, 1440, 2960 | HWC_FRAMEBUFFER_TARGET
12-04 14:55:24.889  4384  4384 D GLAnimatorManager: doFrame
12-04 14:55:24.892  4560  4560 I NfcP2pEventManager: changeConfiguration() in NfcService
12-04 14:55:24.894  4214  4214 D SecNavigationBarView: setNavigationIconHints showImeButton : false
12-04 14:55:24.894  4214  4214 D SecNavigationBarView: updateImmersivePinIcon() isImmersiveMode=false
12-04 14:55:24.896  4214  4214 D NavBarHideController: adjustConsumeWindowLp() enabled=false, mWindowAdded=true, rot=1
12-04 14:55:24.900  6947  6947 V Configuration:  needToUpdateOverlays
12-04 14:55:24.900  6947  6947 I chatty  : uid=10013(u0_a13) com.samsung.android.app.cocktailbarservice identical 1 line
12-04 14:55:24.900  6947  6947 V Configuration:  needToUpdateOverlays
12-04 14:55:24.902  5291  5291 V Configuration:  needToUpdateOverlays
12-04 14:55:24.903  5291  5291 I chatty  : uid=10083(u0_a83) com.sec.android.app.launcher identical 6 lines
12-04 14:55:24.903  5291  5291 V Configuration:  needToUpdateOverlays
12-04 14:55:24.903 22209 22209 V Configuration:  needToUpdateOverlays
12-04 14:55:24.903 22209 22209 V Configuration:  needToUpdateOverlays
12-04 14:55:24.904  5291  5291 V Configuration:  needToUpdateOverlays
12-04 14:55:24.904  5291  5291 V Configuration:  needToUpdateOverlays
12-04 14:55:24.904  3785  3880 D ViewRootImpl@7bcc1e3[FlaminGo]: Relayout returned: old=[0,0][2094,1080] new=[0,0][2094,1080] result=0x23 surface={valid=true 494140698624} changed=false
12-04 14:55:24.912  3785  3813 D TetheringConfiguration: NAP is enabled by CSCfeature
12-04 14:55:24.913  4214  4512 D vol.VolumeDialogControl: onReceive ACTION_CONFIGURATION_CHANGED
12-04 14:55:24.914  4214  4229 D vol.VolumeDialogControl.VC: setLayoutDirection
12-04 14:55:24.915  3785  3880 V WindowManager: finishDrawingLocked: mDrawState=COMMIT_DRAW_PENDING Window{703e7e0 u0 Splash Screen com.YourCompany.FlaminGo} in Surface(name=Splash Screen com.YourCompany.FlaminGo)
12-04 14:55:24.916  3785  3813 E TetheringConfiguration: No numeric data
12-04 14:55:24.916  3785  3880 D ViewRootImpl@7bcc1e3[FlaminGo]: MSG_RESIZED_REPORT: frame=Rect(0, 0 - 2094, 1080) ci=Rect(0, 0 - 0, 0) vi=Rect(0, 63 - 0, 0) or=1
12-04 14:55:24.922  4572  4572 D DeviceLocale: onReceive
12-04 14:55:24.923  6947  6947 V Configuration:  needToUpdateOverlays
12-04 14:55:24.923  4572  4795 D EucModule: onLocaleChanged, languageCode=en
12-04 14:55:24.923 21742 21742 V Configuration:  needToUpdateOverlays
12-04 14:55:24.923  6947  6947 V Configuration:  needToUpdateOverlays
12-04 14:55:24.925  6947  6947 I chatty  : uid=10013(u0_a13) com.samsung.android.app.cocktailbarservice identical 58 lines
12-04 14:55:24.925  6947  6947 V Configuration:  needToUpdateOverlays
12-04 14:55:24.926  4384  4384 D GalaxyWallpaper: onVisibilityChanged = false, mCurrentMode = HOME
12-04 14:55:24.926  6947  6947 V Configuration:  needToUpdateOverlays
12-04 14:55:24.926  4384  4384 D GyroRender: pauseSensing
12-04 14:55:24.926  6947  6947 V Configuration:  needToUpdateOverlays
12-04 14:55:24.926  3785  5262 D SensorService: Calling activate off 10
12-04 14:55:24.926  6947  6947 I chatty  : uid=10013(u0_a13) com.samsung.android.app.cocktailbarservice expire 28 lines
12-04 14:55:24.926  6947  6947 V Configuration:  needToUpdateOverlays
12-04 14:55:24.927  6947  6947 V Configuration:  needToUpdateOverlays
12-04 14:55:24.927  6947  6947 I CocktailBarPositionManager: onOrientationChanged position not dirty
12-04 14:55:24.927  3236  3236 I Sensors : InterruptGyroSensor old sensor_state 33570816, new sensor_state : 16384 en : 0
12-04 14:55:24.929  4191  4191 I chatty  : uid=10166(u0_a166) com.sec.android.inputmethod expire 25 lines
12-04 14:55:24.930  4191  4191 V Configuration:  needToUpdateOverlays
12-04 14:55:24.931  4384  4384 D SensorManager: unregisterListener ::   
12-04 14:55:24.931  4384  4384 D GyroRender: unregisterListener
12-04 14:55:24.931  4384  4384 D WallpaperService: reportVisibility onVisibilityChanged visible: false
12-04 14:55:24.932  6947  6947 D PanelDescriptionView: updateHelpView: Apps edge2130968577 --> 2130968577 helpview reapplied0
12-04 14:55:24.932  5291  5291 V Configuration:  needToUpdateOverlays
12-04 14:55:24.932  3785  5190 V WindowManager: Relayout Window{8f15fc0 u0 NavigationBar}: viewVisibility=0 req=1080x126 WM.LayoutParams{(0,0)(fillxfill) sim=#20 ty=2019 fl=#21840068 fmt=-3 colorMode=0 naviIconColor=0}
12-04 14:55:24.932  6947  6947 D AbstractCocktailPanelView: setPanelVisible: CocktailPortraitRemotePanelView2 will be hidden: 5
12-04 14:55:24.932  6947  6947 D CocktailBarPanelVisibilityManager: updateActivePanelView:  vis=false screenOn=true onTransit=false -hide: 5 current Active: 5
12-04 14:55:24.932  6947  6947 E CocktailBarContainerView: updateContainerVisibility: 0
12-04 14:55:24.932  4191  4191 I SKBD    : SamsungKeypad onConfigurationChanged2
12-04 14:55:24.933  6947  6947 D CocktailBarUiController: onConfigurationChanged : orientation = true densityDpi = false
12-04 14:55:24.933  6947  6947 D CocktailBarTriggerContainerView: setContainerGravityState: 1 --> 1
12-04 14:55:24.934  3785  3806 D WindowManager: set systemUiVisibility : systemUiFlags= 0x10 fullscreenStackSysUiFlags= 0x0
12-04 14:55:24.935  6947  6947 D TrayStateController: putInputRect mDynamicInputRegion=154602516@LastEvent=t=1543935233338Rect(25, 0 - 67, 455),Rect=Rect(0, 0 - 0, 0)
12-04 14:55:24.936  6947  6947 D TrayStateController: putInputRect mDynamicInputRegion=154602516@LastEvent=t=1543935233338Rect(25, 0 - 67, 455),Rect=Rect(25, 0 - 67, 455)
12-04 14:55:24.936 21140 21140 D AOD_CONFIG@AODConfigurationController: updateMonitor MONITOR_CONFIGURATION
12-04 14:55:24.937  6947  6947 D TrayStateTrigger: getTriggerMarginOnTop retY=605 halfHandleSize=228 getTriggerPosition=33.800007
12-04 14:55:24.938 22857 22857 I [WeatherWidget(157738@8)] : {[6F553C0FFEEBC8921C1DE372C0B7801AE73AF692B4D34AF07BA7747CBD8AFEE966523F972648F19F09857001A7CE9016BC545B7C29E22C195F7029BAD1E51092]}
12-04 14:55:24.938 22857 22857 I [WeatherWidget(157738@8)] : {[6F553C0FFEEBC8921C1DE372C0B7801AA01BB0C39F82763FF4509115D82B8D6E8F7548AAF31890FA7B9038662072A9AC6855E26A2CE06A09029A117D4CCE27C2FAC9F80DAE31FBAB897D7D86BA1DFC9F]}
12-04 14:55:24.939 22857 22857 D [WeatherWidget(157738@8)] : {[1E664422AD52943CBB2A3A8093981A53214B59EF8336756F3A53C3AED4C7D819445FBF54BA5ADF9159760DDE7965C454FED52E802B23DA62F149C23CCEAC3AA8BC25E3B73843615E29CC9356DC3F194514387D6D5742449D7EB28EBA4ED68111432D166C1822C4B37947D4DDECEC855773C9D0896144A89D16ABE7A0055995D6F059CCF9589FD03A61A9E6B657DA003A38F0D718A406C0A8FD63D7DB51F0D791A86547DE7D48E9E001F29EC92D5A4470328F6F391C1BFA8B467835FA8515D3228337B3BC24922B384AFE30143F2059ECE6DEB22B91969F7E8863C21C78E59922C1464359EC6CEAED2EEA0EDC0CDD94CA]}
12-04 14:55:24.939  5291  5291 V Configuration:  needToUpdateOverlays
12-04 14:55:24.939  5291  5291 V Configuration:  needToUpdateOverlays
12-04 14:55:24.940  6947  6947 D PanelDescriptionView: updateHelpView: Apps edge2130968577 --> 2130968577 helpview reapplied0
12-04 14:55:24.940  6947  6947 D AbstractCocktailPanelView: setPanelVisible: CocktailPortraitRemotePanelView2 will be hidden: 5
12-04 14:55:24.940  4214  4229 D SystemServicesProxy: updateOverviewLastStackActiveTimeAsync: newTime=1543935231182
12-04 14:55:24.941  6947  6947 D CocktailBarPanelVisibilityManager: updateActivePanelView:  vis=false screenOn=true onTransit=false -hide: 5 current Active: 5
12-04 14:55:24.941  6947  6947 E CocktailBarContainerView: updateContainerVisibility: 0
12-04 14:55:24.941  6947  6947 D AbstractCocktailPanelView: setPanelVisible: CocktailPortraitRemotePanelView2 will be hidden: 5
12-04 14:55:24.941  6947  6947 D CocktailBarPanelVisibilityManager: updateActivePanelView:  vis=false screenOn=true onTransit=false -hide: 5 current Active: 5
12-04 14:55:24.941  6947  6947 E CocktailBarContainerView: updateContainerVisibility: 0
12-04 14:55:24.941  6947  6947 I Utils   : isCurrentUser current = 0, ownerId = 0
12-04 14:55:24.941  6947  6947 I TrayVisibilityController: updateTrayVisible: State=257 visible=2 mCurrentVisible=1 specificMode=0
12-04 14:55:24.941  3785  6485 D SecContentProvider: query(), uri = 17 selection = isSettingsChangesAllowed
12-04 14:55:24.941  3249  3249 D SurfaceFlinger:   Display[0] configurations (* current):
12-04 14:55:24.941  3249  3249 D SurfaceFlinger:     * 0: 1440x2960, xdpi=522.513977, ydpi=525.762024, refresh=16666666
12-04 14:55:24.941  3249  3249 D SurfaceFlinger:   numHwLayers=7, flags=00000000
12-04 14:55:24.941  3249  3249 D SurfaceFlinger:     type   |  handle  | hint | flag | tr | blnd |   format    |     source crop (l,t,r,b)      |          frame         | name 
12-04 14:55:24.941  3249  3249 D SurfaceFlinger: -----------+----------+------+------+----+------+-------------+--------------------------------+------------------------+------
12-04 14:55:24.941  3249  3249 D SurfaceFlinger:        HWC | 7392a2c180 | 0000 | 0020 | 04 | 0100 | RGBA_8888   |    0.0,    0.0, 2094.0, 1080.0 |    0,    0, 1080, 2094 | Splash Screen com.YourCompany.FlaminGo#0
12-04 14:55:24.941  3249  3249 D SurfaceFlinger:       GLES | 7392a2c7a0 | 0000 | 0000 | 04 | 0105 | RGBA_8888   |    0.0,    0.0, 1080.0,   63.0 | 1017,    0, 1080, 1080 | StatusBar#0
12-04 14:55:24.941  3249  3249 D SurfaceFlinger:       GLES | 7392e56340 | 0000 | 0000 | 04 | 0105 | RGBA_8888   |    0.0,    0.0,   67.0,  455.0 |   20, 2153,  475, 2220 | com.samsung.android.app.cocktailbarservice/com.samsung.android.app.cocktailbarservice.CocktailBarService#0
12-04 14:55:24.941  3249  3249 D SurfaceFlinger:       GLES | 7392e55540 | 0000 | 0000 | 04 | 0105 | RGBA_8888   |    0.0,    0.0,  126.0,  
12-04 14:55:24.941  6947  6947 D TrayStateController: putInputRect mDynamicInputRegion=154602516@LastEvent=t=1543935233338Rect(25, 0 - 67, 455),Rect=Rect(0, 0 - 0, 0)
12-04 14:55:24.941  3249  3249 D SurfaceFlinger: 126.0 |  954, 2094, 1080, 2220 | NavigationBar#0
12-04 14:55:24.941  3249  3249 D SurfaceFlinger:       GLES | 7392a2b620 | 0000 | 0000 | 04 | 0105 | RGBA_8888   |    0.0,    0.0,  566.0,   63.0 |    0,  827,   63, 1393 | com.samsung.android.spay.simple.SimpleIntroHintService#0
12-04 14:55:24.941  3249  3249 D SurfaceFlinger:        HWC | 7392a2be00 | 0000 | 0100 | 00 | 0105 | RGBA_8888   |    0.0,    0.0, 1080.0, 2220.0 |    0,    0, 1080, 2220 | ScreenshotSurface#0
12-04 14:55:24.941  3249  3249 D SurfaceFlinger:  FB TARGET | 7392e55b60 | 0000 | 0000 | 00 | 0105 | RGBA_8888   |    0.0,    0.0, 1440.0, 2960.0 |    0,    0, 1440, 2960 | HWC_FRAMEBUFFER_TARGET
12-04 14:55:24.942  3785  6485 D SecContentProvider: called from android.uid.systemui:10005
12-04 14:55:24.943  4214  4449 D SystemServicesProxy: updateOverviewLastStackActiveTimeAsync: done.
12-04 14:55:24.943  6947  6947 D TrayStateController: setUiState 2 : -isHideByOrientationPolicy 0 --> 2
12-04 14:55:24.944  5291  5291 V Configuration:  needToUpdateOverlays
12-04 14:55:24.945  5291  5291 I chatty  : uid=10083(u0_a83) com.sec.android.app.launcher identical 5 lines
12-04 14:55:24.945  5291  5291 V Configuration:  needToUpdateOverlays
12-04 14:55:24.945  5005  5005 V Configuration:  needToUpdateOverlays
12-04 14:55:24.945  5005  5005 I chatty  : uid=10094(u0_a94) com.google.android.googlequicksearchbox:search identical 8 lines
12-04 14:55:24.945  5005  5005 V Configuration:  needToUpdateOverlays
12-04 14:55:24.945  4191  4191 I SKBD    : SamsungKeypad [IMI] onStartInput - caller pid : 20244, caller uid : 10228
12-04 14:55:24.946  5291  5291 V Configuration:  needToUpdateOverlays
12-04 14:55:24.946 21622 21622 V Configuration:  needToUpdateOverlays
12-04 14:55:24.946 21622 21622 I chatty  : uid=10194(u0_a194) com.samsung.android.spay identical 3 lines
12-04 14:55:24.946 21622 21622 V Configuration:  needToUpdateOverlays
12-04 14:55:24.947  6947  6947 D PanelDescriptionView: updateHelpView: Apps edge-1 --> 2130968577 helpview applied:1, help scroll view applied.
12-04 14:55:24.948  6947  6947 D TrayStateController: setUiState 2 : -isHideByOrientationPolicy  already 2
12-04 14:55:24.948  5291  5291 V Configuration:  needToUpdateOverlays
12-04 14:55:24.948  6947  6947 D ViewRootImpl@282d580[CocktailBarService]: MSG_RESIZED_REPORT: frame=Rect(2153, 605 - 2220, 1060) ci=Rect(0, 0 - 126, 0) vi=Rect(0, 0 - 126, 0) or=2
12-04 14:55:24.949 21622 21622 D ViewRootImpl@f1f4885[SimpleIntroHintService]: MSG_RESIZED_REPORT: frame=Rect(827, 1017 - 1393, 1080) ci=Rect(0, 0 - 0, 0) vi=Rect(0, 0 - 0, 0) or=2
12-04 14:55:24.950  5291  5291 D ViewRootImpl@6f11468[LauncherActivity]: MSG_WINDOW_FOCUS_CHANGED 0
12-04 14:55:24.950 21574 21574 D TuiService: onConfigurationChanged, old dpi=420, new dpi=420
12-04 14:55:24.952 21622 21622 I SAMSUNGPAY: [ServiceTypeTable] isSupportOperator : BTU, GB
12-04 14:55:24.953  6947  7020 D OpenGLRenderer: eglDestroySurface = 0x733f042ba0
12-04 14:55:24.953 21622 21622 D SAMSUNGPAY: [ServiceTypeTable] Upgrade - ServiceTypeTable - entryFromCountryIso - index is : 37, iso : GB
12-04 14:55:24.953  6947  6947 D CocktailBarTriggerContainerView: onApplyWindowInsets bottom =0
12-04 14:55:24.954 21622 21622 D SAMSUNGPAY: [Hint_SimpleIntroService] Hint Status - HIDE : Landscape mode
12-04 14:55:24.954 21622 21622 I SemUiSupportService: getWindowAttributes()
12-04 14:55:24.956  5291  5291 I Launcher: onWindowVisibilityChanged : false
12-04 14:55:24.956  4214  4214 D ViewRootImpl@8c5732[NavigationBar]: Relayout returned: old=[0,2094][1080,2220] new=[2094,0][2220,1080] result=0x23 surface={valid=true 494444523520} changed=false
12-04 14:55:24.958  3785  3880 V WindowManager: finishDrawingLocked: mDrawState=COMMIT_DRAW_PENDING Window{703e7e0 u0 Splash Screen com.YourCompany.FlaminGo} in Surface(name=Splash Screen com.YourCompany.FlaminGo)
12-04 14:55:24.958  3785  3880 D ViewRootImpl@7bcc1e3[FlaminGo]: MSG_RESIZED_REPORT: frame=Rect(0, 0 - 2094, 1080) ci=Rect(0, 0 - 0, 0) vi=Rect(0, 0 - 0, 0) or=1
12-04 14:55:24.958  3785  5276 V WindowManager: Relayout Window{125799d u0 com.samsung.android.app.cocktailbarservice/com.samsung.android.app.cocktailbarservice.CocktailBarService}: viewVisibility=8 req=67x455 WM.LayoutParams{(0,605)(67x455) gr=#35 sim=#20 ty=2226 fl=#1800148 pfl=0x50 fmt=-2 vsysui=0x2000 colorMode=0 naviIconColor=0}
12-04 14:55:24.959  3785  5276 I WindowManager: Destroying surface Surface(name=com.samsung.android.app.cocktailbarservice/com.samsung.android.app.cocktailbarservice.CocktailBarService) called by com.android.server.wm.WindowStateAnimator.destroySurface:2465 com.android.server.wm.WindowStateAnimator.destroySurfaceLocked:967 com.android.server.wm.WindowState.destroyOrSaveSurfaceUnchecked:3661 com.android.server.wm.WindowState.destroySurface:3609 com.android.server.wm.WindowManagerService.tryStartExitingAnimation:2676 com.android.server.wm.WindowManagerService.relayoutWindow:2460 com.android.server.wm.Session.relayout:249 android.view.IWindowSession$Stub.onTransact:288 
12-04 14:55:24.959  3249  4925 I SurfaceFlinger: id=159 Removed com.samsung.android.app.cocktailbarservice/com.samsung.android.app.cocktailbarservice.CocktailBarService#0 (6/9)
12-04 14:55:24.959  4214  4649 D OpenGLRenderer: eglDestroySurface = 0x7314140960
12-04 14:55:24.959  3249  4925 I SurfaceFlinger: id=159 Removed com.samsung.android.app.cocktailbarservice/com.samsung.android.app.cocktailbarservice.CocktailBarService#0 (-2/9)
12-04 14:55:24.961  4214  4649 D mali_winsys: EGLint new_window_surface(egl_winsys_display *, void *, EGLSurface, EGLConfig, egl_winsys_surface **, egl_color_buffer_format *, EGLBoolean) returns 0x3000,  [126x1080]-format:1
12-04 14:55:24.961  4214  4649 D OpenGLRenderer: eglCreateWindowSurface = 0x7314140960
12-04 14:55:24.961  5005  5005 I PBSessionCacheImpl: Deleted sessionId[22013766717509068] from persistence.
12-04 14:55:24.962  6947  6947 D ViewRootImpl@282d580[CocktailBarService]: Relayout returned: old=[2153,605][2220,1060] new=[2153,605][2220,1060] result=0x5 surface={valid=false 0} changed=true
12-04 14:55:24.962  6947  6947 D CocktailBarTriggerContainerView: onApplyWindowInsets bottom =0
12-04 14:55:24.963 21622 21721 D OpenGLRenderer: eglDestroySurface = 0xf13de510
12-04 14:55:24.966  6947  6947 I AbstractCocktailPanelView: notifyPanelVisibilityChanged: visibility not changed 2 id: 5
12-04 14:55:24.966  6947  6947 D CocktailBarUiController: onCocktailBarStateChanged: flag=0x1 vis=2 bgType=0 showTimeout=-1 activate=true
12-04 14:55:24.966  3785  5230 V WindowManager: Relayout Window{892fa83 u0 com.samsung.android.spay.simple.SimpleIntroHintService}: viewVisibility=8 req=566x63 WM.LayoutParams{(0,0)(566x63) gr=#51 sim=#20 ty=2024 fl=#1800308 fmt=-3 vsysui=0x2000 colorMode=0 naviIconColor=0}
12-04 14:55:24.967  3785  5230 I WindowManager: Destroying surface Surface(name=com.samsung.android.spay.simple.SimpleIntroHintService) called by com.android.server.wm.WindowStateAnimator.destroySurface:2465 com.android.server.wm.WindowStateAnimator.destroySurfaceLocked:967 com.android.server.wm.WindowState.destroyOrSaveSurfaceUnchecked:3661 com.android.server.wm.WindowState.destroySurface:3609 com.android.server.wm.WindowManagerService.tryStartExitingAnimation:2676 com.android.server.wm.WindowManagerService.relayoutWindow:2460 com.android.server.wm.Session.relayout:249 android.view.IWindowSession$Stub.onTransact:288 
12-04 14:55:24.967  3249  4925 I SurfaceFlinger: id=160 Removed com.samsung.android.spay.simple.SimpleIntroHintService#0 (7/8)
12-04 14:55:24.967  3249  3277 I SurfaceFlinger: id=160 Removed com.samsung.android.spay.simple.SimpleIntroHintService#0 (-2/8)
12-04 14:55:24.967  5291  5652 D OpenGLRenderer: eglDestroySurface = 0x73214e7ac0
12-04 14:55:24.968  3249  3249 I Layer   : id=159 onRemoved com.samsung.android.app.cocktailbarservice/com.samsung.android.app.cocktailbarservice.CocktailBarService#0 
12-04 14:55:24.968  3249  3249 I Layer   : id=160 onRemoved com.samsung.android.spay.simple.SimpleIntroHintService#0 
12-04 14:55:24.969  4214  4214 D SecNavigationBarView: setNavigationIconHints showImeButton : false
12-04 14:55:24.970  4214  4214 D SecNavigationBarView: updateImmersivePinIcon() isImmersiveMode=false
12-04 14:55:24.970 23418 23418 D TimaKeyStoreProvider: TimaKeyStore is not enabled: cannot add TimaSignature Service and generateKeyPair Service
12-04 14:55:24.970 23418 23418 D ActivityThread: Added TimaKeyStore provider
12-04 14:55:24.972  3249  3249 D SurfaceFlinger:   Display[0] configurations (* current):
12-04 14:55:24.972  3249  3249 D SurfaceFlinger:     * 0: 1440x2960, xdpi=522.513977, ydpi=525.762024, refresh=16666666
12-04 14:55:24.972  3249  3249 D SurfaceFlinger:   numHwLayers=4, flags=00000000
12-04 14:55:24.972  3249  3249 D SurfaceFlinger:     type   |  handle  | hint | flag | tr | blnd |   format    |     source crop (l,t,r,b)      |          frame         | name 
12-04 14:55:24.972  3249  3249 D SurfaceFlinger: -----------+----------+------+------+----+------+-------------+--------------------------------+------------------------+------
12-04 14:55:24.972  3249  3249 D SurfaceFlinger:        HWC | 7392a2c180 | 0000 | 0020 | 04 | 0100 | RGBA_8888   |    0.0,    0.0, 2094.0, 1080.0 |    0,    0, 1080, 2094 | Splash Screen com.YourCompany.FlaminGo#0
12-04 14:55:24.972  3249  3249 D SurfaceFlinger:       GLES | 7392e55540 | 0000 | 0000 | 04 | 0105 | RGBA_8888   |    0.0,    0.0,  126.0,  126.0 |  954, 2094, 1080, 2220 | NavigationBar#0
12-04 14:55:24.972  3249  3249 D SurfaceFlinger:        HWC | 7392a2be00 | 0000 | 0100 | 00 | 0105 | RGBA_8888   |    0.0,    0.0, 1080.0, 2220.0 |    0,    0, 1080, 2220 | ScreenshotSurface#0
12-04 14:55:24.972  3249  3249 D SurfaceFlinger:  FB TARGET | 7392e55d20 | 0000 | 0000 | 00 | 0105 | RGBA_8888   |    0.0,    0.0, 1440.0, 2960.0 |    0,    0, 1440, 2960 | HWC_FRAMEBUFFER_TARGET
12-04 14:55:24.974  3785  5262 I ActivityManager: DSS on for com.YourCompany.FlaminGo and scale is 1.0
12-04 14:55:24.975  3785  5276 V WindowManager: Relayout Window{3d323c8 u0 com.sec.android.app.launcher/com.sec.android.app.launcher.activities.LauncherActivity}: viewVisibility=8 req=1080x2220 WM.LayoutParams{(0,0)(fillxfill) sim=#30 ty=1 fl=#81910d00 pfl=0x20000 fmt=-2 wanim=0x10302ea vsysui=0x700 needsMenuKey=2 colorMode=0 dimDuration=333 naviIconColor=0}
12-04 14:55:24.975 21622 21622 D ViewRootImpl@f1f4885[SimpleIntroHintService]: Relayout returned: old=[827,1017][1393,1080] new=[827,1017][1393,1080] result=0x5 surface={valid=false 0} changed=true
12-04 14:55:24.978  5291  5291 D ViewRootImpl@6f11468[LauncherActivity]: Relayout returned: old=[0,0][1080,2220] new=[0,0][1080,2220] result=0x5 surface={valid=false 0} changed=true
12-04 14:55:24.979  3785  6485 V WindowManager: Relayout Window{125799d u0 com.samsung.android.app.cocktailbarservice/com.samsung.android.app.cocktailbarservice.CocktailBarService}: viewVisibility=8 req=67x455 WM.LayoutParams{(0,605)(67x455) gr=#35 sim=#20 ty=2226 fl=#1800148 pfl=0x50 fmt=-2 vsysui=0x2000 colorMode=0 naviIconColor=0}
12-04 14:55:24.981  3785  5276 V WindowManager: finishDrawingLocked: mDrawState=COMMIT_DRAW_PENDING Window{8f15fc0 u0 NavigationBar} in Surface(name=NavigationBar)
12-04 14:55:24.982  6947  6947 D ViewRootImpl@282d580[CocktailBarService]: Relayout returned: old=[2153,605][2220,1060] new=[2153,605][2220,1060] result=0x1 surface={valid=false 0} changed=false
12-04 14:55:24.982  5005  5005 W SearchServiceCore: Abort, client detached.
12-04 14:55:24.983  3785  5276 V WindowManager: Relayout Window{42c9573 u0 NavBarTouchConsumer}: viewVisibility=0 req=4x4 WM.LayoutParams{(0,0)(4x4) gr=#5 sim=#20 ty=2273 fl=#1080108 fmt=-3 alpha=0.0 colorMode=0 naviIconColor=0 sfl=0x20000}
12-04 14:55:24.986  4214  4214 D ViewRootImpl@c4cfa54[NavBarTouchConsumer]: Relayout returned: old=[538,2216][542,2220] new=[2216,538][2220,542] result=0x3 surface={valid=true 494270455808} changed=false
12-04 14:55:24.987  3785  5276 V WindowManager: finishDrawingLocked: mDrawState=COMMIT_DRAW_PENDING Window{42c9573 u0 NavBarTouchConsumer} in Surface(name=NavBarTouchConsumer)
12-04 14:55:24.988  4214  4214 V Configuration:  needToUpdateOverlays
12-04 14:55:24.990  4214  4214 I chatty  : uid=10005(u0_a5) com.android.systemui identical 73 lines
12-04 14:55:24.990  4214  4214 V Configuration:  needToUpdateOverlays
12-04 14:55:24.991  3785  5262 D PersonaManagerService: Current focused persona service handled id set to : 0
12-04 14:55:24.991  3785  5262 D InputDispatcher: Focused application set to: xxxx
12-04 14:55:24.991  4214  4214 V Configuration:  needToUpdateOverlays
12-04 14:55:24.992  3785  4067 D GameManagerService: handleForegroundChange(). pkgName: com.YourCompany.FlaminGo, clsName: com.epicgames.ue4.SplashActivity,FgActivityName:com.YourCompany.FlaminGo/com.epicgames.ue4.SplashActivity
12-04 14:55:24.993  3785  4067 D GameManagerService: sem_perfomance_mode: 0
12-04 14:55:24.993  3785  4067 D GameManagerService: notifyResumePause(). pkg: com.YourCompany.FlaminGo, type: 4, isMinimized: false, isTunableApp: false
12-04 14:55:24.993  3785  4067 D GameManagerService:   notifyResumePause(). unexpected mPrevNotiType: -1
12-04 14:55:24.993  3785  5262 D MARsPolicyManager: onPackageResumedFG pkgName = com.YourCompany.FlaminGo, userId = 0
12-04 14:55:24.994  4214  4214 I chatty  : uid=10005(u0_a5) com.android.systemui identical 3 lines
12-04 14:55:24.994  4214  4214 V Configuration:  needToUpdateOverlays
12-04 14:55:24.995  4214  4510 D NetworkController.MobileSignalController(0/-2): getMobileIconGroup(): 0
12-04 14:55:24.997  4560 15847 D ForegroundUtils: could not check pending caller
12-04 14:55:25.000  3785  7406 D GamePkgDataHelper: getGamePkgDataIncServer(). com.YourCompany.FlaminGo
12-04 14:55:25.000  3785  7406 D GameManagerService: identifyGamePackage. com.YourCompany.FlaminGo
12-04 14:55:25.000  3785  7406 D GamePkgDataHelper: getGamePkgData(). com.YourCompany.FlaminGo
12-04 14:55:25.001  3785  7406 D GamePkgDataHelper: getSosPolicy(). com.YourCompany.FlaminGo
12-04 14:55:25.002  3785  7406 D GameManagerService: identifyGamePackage. com.YourCompany.FlaminGo
12-04 14:55:25.002  3785  7406 D GamePkgDataHelper: getGamePkgData(). com.YourCompany.FlaminGo
12-04 14:55:25.003 21622 23438 I SAMSUNGPAY: [Hint_ProcessStatusChange] fg Change, pid : 23418 , isNotify : true , isForeground : true , fg list : [23418, 5291]
12-04 14:55:25.004 21622 21622 I SAMSUNGPAY: [ServiceTypeTable] isSupportOperator : BTU, GB
12-04 14:55:25.005 21622 21622 D SAMSUNGPAY: [ServiceTypeTable] Upgrade - ServiceTypeTable - entryFromCountryIso - index is : 37, iso : GB
12-04 14:55:25.006 21622 21622 D SAMSUNGPAY: [Hint_SimpleIntroService] Hint Status - already invisible, skip hide : Landscape mode
12-04 14:55:25.006  3785  7406 D GameManagerService: identifyGamePackage. com.YourCompany.FlaminGo
12-04 14:55:25.006  3785  7406 D GamePkgDataHelper: getGamePkgData(). com.YourCompany.FlaminGo
12-04 14:55:25.007  3785  7406 D GameManagerService: identifyGamePackage. com.YourCompany.FlaminGo
12-04 14:55:25.007  3785  7406 D GamePkgDataHelper: getGamePkgData(). com.YourCompany.FlaminGo
12-04 14:55:25.009  3785  7406 D GameManagerService: identifyGamePackage. com.YourCompany.FlaminGo
12-04 14:55:25.010  4214  4510 D NetworkController: updateCarrierText : Emergency calls only
12-04 14:55:25.011  3785  7406 D GamePkgDataHelper: getGamePkgData(). com.YourCompany.FlaminGo
12-04 14:55:25.012  4214  4214 D ViewRootImpl@455cf1c[AssistPreviewPanel]: setView = com.android.systemui.assist.AssistOrbContainer{94be725 G.E...... ......I. 0,0-0,0} TM=true MM=false
12-04 14:55:25.022 23418 23440 I vndksupport: sphal namespace is not configured for this process. Loading /vendor/lib/egl/libGLES_mali.so from the current namespace instead.
12-04 14:55:25.030  4214  4214 D ViewRootImpl@496f702[DockedStackDivider]: setView = com.android.systemui.stackdivider.DividerView{115f813 I.E...... ......I. 0,0-0,0} TM=true MM=false
12-04 14:55:25.031  4214  4214 D ViewRootImpl@c5ff006[DividerButtonsGroup]: dispatchDetachedFromWindow
12-04 14:55:25.031  4214  4214 D InputEventReceiver: channel '7dab5ee DividerButtonsGroup (client)' ~ Disposing input event receiver.
12-04 14:55:25.032  4214  4214 D InputEventReceiver: channel '7dab5ee DividerButtonsGroup (client)' ~NativeInputEventReceiver.
12-04 14:55:25.032  3785  6485 W AppOps  : Finishing op nesting under-run: uid 10005 pkg com.android.systemui code 70 time=0 duration=0 nesting=0
12-04 14:55:25.042 23418 23440 D libEGL  : loaded /vendor/lib/egl/libGLES_mali.so
12-04 14:55:25.045  4214  4214 D ViewRootImpl@705d1b9[DividerButtonsGroup]: setView = com.android.systemui.stackdivider.DividerButtonsGroup{176d9fe I.E...... ......I. 0,0-0,0} TM=true MM=false
12-04 14:55:25.047  4214  4214 D ViewRootImpl@50d39c7[StatusBar]: MSG_RESIZED_REPORT: frame=Rect(0, 0 - 2220, 63) ci=Rect(0, 0 - 126, 0) vi=Rect(0, 0 - 126, 0) or=2
12-04 14:55:25.048  3785  6485 I ActivityManager: START u0 {act=null typ=null flg=0x10000 cmp=ComponentInfo{com.YourCompany.FlaminGo/com.epicgames.ue4.GameActivity}} from uid 10228
12-04 14:55:25.049  4214  4214 D MetadataParser: onConfigurationChanged()
12-04 14:55:25.050  4214  4214 I MetadataParser: updateMetadataInfo() key = com.sec.android.daemonapp, bInfo = MetadataInfo[pkgName=com.sec.android.daemonapp, dbKey=add_info_com_sec_android_daemonapp, titleRes = 2131100116, title=null], mInfo = MetadataInfo[pkgName=com.sec.android.daemonapp, dbKey=add_info_com_sec_android_daemonapp, titleRes = 2131100116, title=null]
12-04 14:55:25.052  3785  3880 D ViewRootImpl@7bcc1e3[FlaminGo]: dispatchDetachedFromWindow
12-04 14:55:25.052  3785  3880 D InputEventReceiver: channel '703e7e0 Splash Screen com.YourCompany.FlaminGo (client)' ~ Disposing input event receiver.
12-04 14:55:25.052  3785  3880 D InputEventReceiver: channel '703e7e0 Splash Screen com.YourCompany.FlaminGo (client)' ~NativeInputEventReceiver.
12-04 14:55:25.052  3785  3880 I WindowManager: Destroying surface Surface(name=Splash Screen com.YourCompany.FlaminGo) called by com.android.server.wm.WindowStateAnimator.destroySurface:2465 com.android.server.wm.WindowStateAnimator.destroySurfaceLocked:967 com.android.server.wm.WindowState.removeImmediately:2396 com.android.server.wm.WindowState.removeIfPossible:2594 com.android.server.wm.WindowState.removeIfPossible:2434 com.android.server.wm.WindowManagerService.removeWindow:2018 com.android.server.wm.Session.remove:233 android.view.ViewRootImpl.dispatchDetachedFromWindow:4093 
12-04 14:55:25.052  3249  3277 I SurfaceFlinger: id=166 Removed Splash Screen com.YourCompany.FlaminGo#0 (2/7)
12-04 14:55:25.053  3249  3277 I SurfaceFlinger: id=166 Removed Splash Screen com.YourCompany.FlaminGo#0 (-2/7)
12-04 14:55:25.053  3785  5262 D SecContentProvider: query(), uri = 17 selection = isSettingsChangesAllowed
12-04 14:55:25.054  3785  5262 D SecContentProvider: called from android.uid.systemui:10005
12-04 14:55:25.056  3785  5262 I chatty  : uid=1000(system) Binder:3785_1C identical 1 line
12-04 14:55:25.056  3785  5262 I chatty  : uid=1000(system) Binder:3785_1C identical 1 line
12-04 14:55:25.060  3785  5262 D SecContentProvider: query(), uri = 17 selection = isSettingsChangesAllowed
12-04 14:55:25.060  3785  5262 D SecContentProvider: called from android.uid.systemui:10005
12-04 14:55:25.068  3249  3249 I Layer   : id=166 onRemoved Splash Screen com.YourCompany.FlaminGo#0 
12-04 14:55:25.069  4214  4214 D ViewRootImpl@8c5732[NavigationBar]: MSG_RESIZED_REPORT: frame=Rect(2094, 0 - 2220, 1080) ci=Rect(0, 0 - 0, 0) vi=Rect(0, 0 - 0, 0) or=2
12-04 14:55:25.071  4214  4214 D ViewRootImpl@c4cfa54[NavBarTouchConsumer]: MSG_RESIZED_REPORT: frame=Rect(1108, 1076 - 1112, 1080) ci=Rect(0, 0 - 0, 0) vi=Rect(0, 0 - 0, 0) or=2
12-04 14:55:25.072  4214  4214 D KeyguardUpdateMonitor: received broadcast android.intent.action.CONFIGURATION_CHANGED
12-04 14:55:25.075  3249  3249 D SurfaceFlinger:   Display[0] configurations (* current):
12-04 14:55:25.075  3249  3249 D SurfaceFlinger:     * 0: 1440x2960, xdpi=522.513977, ydpi=525.762024, refresh=16666666
12-04 14:55:25.075  3249  3249 D SurfaceFlinger:   numHwLayers=3, flags=00000000
12-04 14:55:25.075  3249  3249 D SurfaceFlinger:     type   |  handle  | hint | flag | tr | blnd |   format    |     source crop (l,t,r,b)      |          frame         | name 
12-04 14:55:25.075  3249  3249 D SurfaceFlinger: -----------+----------+------+------+----+------+-------------+--------------------------------+------------------------+------
12-04 14:55:25.075  3249  3249 D SurfaceFlinger:        HWC | 7392e57760 | 0000 | 0000 | 00 | 0105 | RGBA_8888   |    0.0,    0.0, 1080.0,  126.0 |    0, 2094, 1080, 2220 | NavigationBar#0
12-04 14:55:25.075  3249  3249 D SurfaceFlinger:        HWC | 7392a2be00 | 0000 | 0100 | 00 | 0105 | RGBA_8888   |    0.0,    0.0, 1080.0, 2220.0 |    0,    0, 1080, 2220 | ScreenshotSurface#0
12-04 14:55:25.075  3249  3249 D SurfaceFlinger:  FB TARGET | 7392e55d20 | 0000 | 0000 | 00 | 0105 | RGBA_8888   |    0.0,    0.0, 1440.0, 2960.0 |    0,    0, 1440, 2960 | HWC_FRAMEBUFFER_TARGET
12-04 14:55:25.078  4214  4214 D BarTransitions.PhoneStatusBarView: MODE_TRANSPARENT -> MODE_OPAQUE animate=true
12-04 14:55:25.078  4214  4214 D BarTransitions.SecNavigationBarView: MODE_TRANSPARENT -> MODE_OPAQUE animate=false
12-04 14:55:25.078  3785  6485 D WindowManager: adjustSystemUiVisibilityLw : vis= 0x10
