--------- beginning of main
11-05 13:15:42.341  3376  3376 E adbd    : recv: OPEN 0000228f 00000000 004f:73 68 65 6C 6C 2C 76 32 3A 61 6D 20 73 74 61 72 74 20 2D 6E 20 63 6F 6D 2E 59 6F 75 72 43 6F 6D 70 61 6E 79 2E 46 6C 61 6D 69 6E 47 6F 2F 63 6F 6D 2E 65 70 69 63 67 61 6D 65 73 2E 75 65 34 2E 53 70 6C 61 73 68 41 63 74 69 76 69 74 79 00 
11-05 13:15:42.341  3376  3376 E adbd    : service_to_fd: shell,v2:am start -n com.YourCompany.FlaminGo/com.epicgames.ue4.SplashActivity
--------- beginning of system
11-05 13:15:42.413  3783  4705 I ActivityManager: START u0 {act=null typ=null flg=0x10000000 cmp=ComponentInfo{com.YourCompany.FlaminGo/com.epicgames.ue4.SplashActivity}} from uid 2000
11-05 13:15:42.423  3783  4705 D CustomFrequencyManagerService: acquireDVFSLockLocked : type : DVFS_MIN_LIMIT  frequency : 2314000  uid : 1000  pid : 3783  pkgName : AMS_APP_SWITCH@CPU_MIN@61
11-05 13:15:42.426  3783  4705 D ActivityManagerPerformance: AMP_acquire() APP_SWITCH
11-05 13:15:42.426  3783  4994 D ActivityManagerPerformance: Received MSG_CFMS_HINT_AMS_SWITCH pkgName: com.YourCompany.FlaminGo
11-05 13:15:42.427  3783  7224 D TelephonyManager: getAllCellInfo : Caller (PID / UID / TID): 3783 / 1000 / 7224
11-05 13:15:42.428  3783  3783 D CS_HdrController: MultiWindowEventListener::onFocusStackChanged(1)
11-05 13:15:42.431  5208  5208 V Launcher: Launcher.onPause()
11-05 13:15:42.432  5208  5208 D Launcher: setHotWordDetection : call requestHotWordDetection false
11-05 13:15:42.434  3783  3783 D CS_HdrController: updateMultiWindowState : 0
11-05 13:15:42.435  3783  3881 D ViewRootImpl@4e762e0[FlaminGo]: setView = DecorView@9fe645e[FlaminGo] TM=true MM=false
11-05 13:15:42.439  3783  7275 I ActivityManager: KPU : put [com.samsung.android.provider.shootingmodeprovider] : 8945 K
11-05 13:15:42.439  3783  7275 I ActivityManager: Killing 2510:com.samsung.android.provider.shootingmodeprovider/u0a70 (adj 906): DHA:empty #25
11-05 13:15:42.439  3783  3783 D MdnieScenarioControlService: Listener Real Multi Window State : false
11-05 13:15:42.440  3783  3783 D CodecSolution: MultiWindowEventListener::onMultiWindowFocusChanged(1)
11-05 13:15:42.440  3783  7275 D ActivityManager: isScaleDownAnimationEnabled() : false
11-05 13:15:42.441  3783  7275 D StorageManagerService: getExternalStorageMountMode : 3
11-05 13:15:42.441  3783  7275 D StorageManagerService: getExternalStorageMountMode : 3
11-05 13:15:42.441  3783  7275 D StorageManagerService: getExternalStorageMountMode : final mountMode=3, uid : 10225, packageName : com.YourCompany.FlaminGo
11-05 13:15:42.441  3783  7275 I ApplicationPolicy: isApplicationExternalStorageWhitelisted:com.YourCompany.FlaminGo user:0
11-05 13:15:42.441  3783  7275 D ApplicationPolicy: isApplicationExternalStorageWhitelisted: DO is not enabled on user 0. Allowed.
11-05 13:15:42.441  3783  7275 D ActivityManager: package  com.YourCompany.FlaminGo, user - 0 is SDcard whitelisted
11-05 13:15:42.441  3783  7275 I ApplicationPolicy: isApplicationExternalStorageBlacklisted:com.YourCompany.FlaminGo user:0
11-05 13:15:42.441  3783  7275 D ApplicationPolicy: isApplicationExternalStorageBlacklisted: DO is not enabled on user 0. Allowed.
11-05 13:15:42.445  3783  3881 D ViewRootImpl@4e762e0[FlaminGo]: dispatchAttachedToWindow
11-05 13:15:42.445  3783  3881 V WindowManager: Relayout Window{fe58999 u0 Splash Screen com.YourCompany.FlaminGo}: viewVisibility=0 req=1079x2029 WM.LayoutParams{(0,0)(fillxfill) sim=#20 ty=3 fl=#1830518 pfl=0x1000011 wanim=0x1030001 vsysui=0x10 needsMenuKey=2 colorMode=0 naviIconColor=0}
11-05 13:15:42.448  3253  3253 I SurfaceFlinger: id=239 createSurf (1080x2094),1 flag=404, Splash Screen com.YourCompany.FlaminGo#0
11-05 13:15:42.449  3783  3881 V Surface : sf_framedrop debug : 0x4f4c, game : false, logging : 0
11-05 13:15:42.451  3783  7275 I ActivityManager: Start proc 3559:com.YourCompany.FlaminGo/u0a225 for activity com.YourCompany.FlaminGo/com.epicgames.ue4.SplashActivity
11-05 13:15:42.452  3559  3559 E Zygote  : isWhitelistProcess - Process is Whitelisted
11-05 13:15:42.452  3783  3881 D ViewRootImpl@4e762e0[FlaminGo]: Relayout returned: old=[0,0][0,0] new=[0,0][1080,2094] result=0x7 surface={valid=true 489248194560} changed=true
11-05 13:15:42.453  3559  3559 E libpersona: scanKnoxPersonas
11-05 13:15:42.453  3559  3559 E libpersona: Couldn't open the File - /data/system/users/0/personalist.xml - No such file or directory
11-05 13:15:42.455  3559  3559 W SELinux : SELinux selinux_android_compute_policy_index : Policy Index[2],  Con:u:r:zygote:s0 RAM:SEPF_SM-G955F_8.0.0_0016, [-1 -1 -1 -1 0 1]
11-05 13:15:42.456  3559  3559 I SELinux : SELinux: seapp_context_lookup: seinfo=untrusted, level=s0:c512,c768, pkgname=com.YourCompany.FlaminGo 
11-05 13:15:42.459  3559  3559 I zygote  : Late-enabling -Xcheck:jni
11-05 13:15:42.476  3783  3881 V WindowManager: finishDrawingLocked: mDrawState=COMMIT_DRAW_PENDING Window{fe58999 u0 Splash Screen com.YourCompany.FlaminGo} in Surface(name=Splash Screen com.YourCompany.FlaminGo)
11-05 13:15:42.478  4382  4382 D WallpaperService: updateSurface forceRelayout=true redrawNeeded=false myWidth=-1 myHeight=-1 fixedSize=false x = 0 y = 0 mWidth=-1 mHeight=-1 mIsSleepMode=false
11-05 13:15:42.480  3783 12436 V WindowManager: Relayout Window{a60ebd3 u0 com.android.systemui.infinity.InfinityWallpaperBlack}: viewVisibility=0 req=-1x-1 WM.LayoutParams{(0,0)(fillxfill) gr=#800033 ty=2013 fl=#10318 pfl=0x4 fmt=2 wanim=0x103030e colorMode=0 naviIconColor=0 sfl=0x8}
11-05 13:15:42.480  4536 16815 D ForegroundUtils: could not check pending caller
11-05 13:15:42.480  3783 12436 V WindowManager: rotationForOrientationLw(orient=0, last=0); user=0  sensorRotation=-1 mLidState=-1 mDockMode=0 mHdmiPlugged=false
11-05 13:15:42.480  3783 12436 D SamsungPhoneWindowManager: setRotationLw() : rotation=1
11-05 13:15:42.480  3783 12436 D SamsungPhoneWindowManager: semDvfsWakeupBooster.acquire()
11-05 13:15:42.481  3783 12436 D CustomFrequencyManagerService: acquireDVFSLockLocked : type : DVFS_MIN_LIMIT  frequency : 2314000  uid : 1000  pid : 3783  pkgName : PWM_ROTATION@CPU_MIN@66
11-05 13:15:42.481  3783  3564 D TspStateManagerInternal: update cmd=set_grip_data,2,1,60,10
11-05 13:15:42.481  3783 12436 D InputDispatcher: setInputDispatchMode: enabled=1, frozen=1
11-05 13:15:42.482  3253  3253 I SurfaceFlinger: id=240 createSurf (1080x2220),2 flag=4, ScreenshotSurface#0
11-05 13:15:42.483  3783 12436 V Surface : sf_framedrop debug : 0x4f4c, game : false, logging : 0
11-05 13:15:42.483  3376  3376 E adbd    : recv: OPEN 00002295 00000000 000c:73 68 65 6C 6C 2C 76 32 3A 70 73 00 
11-05 13:15:42.483  3376  3376 E adbd    : service_to_fd: shell,v2:ps
11-05 13:15:42.483  3253  3253 V Surface : sf_framedrop debug : 0x4f4c, game : false, logging : 0
11-05 13:15:42.508  3559  3559 D TimaKeyStoreProvider: TimaKeyStore is not enabled: cannot add TimaSignature Service and generateKeyPair Service
11-05 13:15:42.509  3559  3559 D ActivityThread: Added TimaKeyStore provider
11-05 13:15:42.511  3253  3253 I SurfaceFlinger: Disp[0] Orientation 0=>1
11-05 13:15:42.513  4382  4408 D WallpaperService: dispatchAppVisibility onVisibilityChanged(): false
11-05 13:15:42.515  3783 12436 I ActivityManager: Config changes=480 {0 1.1 themeSeq = 0 showBtnBg = 0 ?mcc?mnc [en_GB] ldltr sw411dp w797dp h387dp 420dpi nrml long land finger -keyb/v/h -nav/h appBounds=Rect(0, 0 - 2094, 1080) s.26 mkbd/h desktop/d ?dc}
11-05 13:15:42.522  3253  3253 D SurfaceFlinger:   Display[0] configurations (* current):
11-05 13:15:42.522  3253  3253 D SurfaceFlinger:     * 0: 1440x2960, xdpi=522.513977, ydpi=525.762024, refresh=16666666
11-05 13:15:42.522  3253  3253 D SurfaceFlinger:   numHwLayers=6, flags=00000000
11-05 13:15:42.522  3253  3253 D SurfaceFlinger:     type   |  handle  | hint | flag | tr | blnd |   format    |     source crop (l,t,r,b)      |          frame         | name 
11-05 13:15:42.522  3253  3253 D SurfaceFlinger: -----------+----------+------+------+----+------+-------------+--------------------------------+------------------------+------
11-05 13:15:42.522  3253  3253 D SurfaceFlinger:        HWC | 7f0a82cdc0 | 0000 | 0020 | 00 | 0100 | RGBx_8888   |    0.0,    0.0, 1080.0, 2220.0 |    0,    0, 1080, 2220 | com.android.systemui.infinity.InfinityWallpaperBlack#0
11-05 13:15:42.522  3253  3253 D SurfaceFlinger:        HWC | 7f0ae5a4e0 | 0000 | 0000 | 04 | 0105 | RGBA_8888   |    0.0,    0.0, 1080.0, 1080.0 |    0,    0, 1080, 1080 | com.sec.android.app.launcher/com.sec.android.app.launcher.activities.LauncherActivity#0
11-05 13:15:42.522  3253  3253 D SurfaceFlinger:       GLES | 7f0ae591a0 | 0000 | 0000 | 04 | 0105 | RGBA_8888   |    0.0,    0.0, 1080.0,   63.0 | 1017,    0, 1080, 1080 | StatusBar#0
11-05 13:15:42.522  3253  3253 D SurfaceFlinger:       GLES | 7f0ae58720 | 0000 | 0000 | 04 | 0105 | RGBA_8888   |    0.0,    0.0,   67.0,  455.0
11-05 13:15:42.522  3253  3253 D SurfaceFlinger:  |   20, 1013,  475, 1080 | com.samsung.android.app.cocktailbarservice/com.samsung.android.app.cocktailbarservice.CocktailBarService#0
11-05 13:15:42.522  3253  3253 D SurfaceFlinger:        HWC | 7f0ae59fa0 | 0000 | 0100 | 00 | 0105 | RGBA_8888   |    0.0,    0.0, 1080.0, 2220.0 |    0,    0, 1080, 2220 | ScreenshotSurface#0
11-05 13:15:42.522  3253  3253 D SurfaceFlinger:  FB TARGET | 7f0ae55d20 | 0000 | 0000 | 00 | 0105 | RGBA_8888   |    0.0,    0.0, 1440.0, 2960.0 |    0,    0, 1440, 2960 | HWC_FRAMEBUFFER_TARGET
11-05 13:15:42.523  3783 12436 I ActivityManager: Override config changes=480 {0 1.1 themeSeq = 0 showBtnBg = 0 ?mcc?mnc [en_GB] ldltr sw411dp w797dp h387dp 420dpi nrml long land finger -keyb/v/h -nav/h appBounds=Rect(0, 0 - 2094, 1080) s.26 mkbd/h desktop/d ?dc} for displayId=0
11-05 13:15:42.523  3783  3783 D TelecomService: onConfigurationChanged {0 1.1 themeSeq = 0 showBtnBg = 0 ?mcc?mnc [en_GB] ldltr sw411dp w797dp h387dp 420dpi nrml long land finger -keyb/v/h -nav/h appBounds=Rect(0, 0 - 2094, 1080) s.26 mkbd/h desktop/d ?dc}
11-05 13:15:42.523  3783 12436 I SamsungPhoneWindowManager: setInitialDisplaySize() width=1080, height=2220, density=420, initWidth=1440, initHeight=2960, initDensity=560
11-05 13:15:42.523  3783 12436 D TspStateManagerInternal: updateDefaultValue customSetting=null
11-05 13:15:42.525  3783 12436 I SamsungPhoneWindowManager: setInitialDisplaySize() width=1080, height=2220, density=420, initWidth=1440, initHeight=2960, initDensity=560
11-05 13:15:42.525  3783 12436 D TspStateManagerInternal: updateDefaultValue customSetting=null
11-05 13:15:42.533  3783  3806 D WindowManager: set systemUiVisibility : systemUiFlags= 0x8708 fullscreenStackSysUiFlags= 0x0
11-05 13:15:42.538  5208  5208 V Configuration:  needToUpdateOverlays
11-05 13:15:42.538  5208  5208 I chatty  : uid=10083(u0_a83) com.sec.android.app.launcher identical 6 lines
11-05 13:15:42.538  5208  5208 V Configuration:  needToUpdateOverlays
11-05 13:15:42.539  3253  3253 D SurfaceFlinger:   Display[0] configurations (* current):
11-05 13:15:42.539  3253  3253 D SurfaceFlinger:     * 0: 1440x2960, xdpi=522.513977, ydpi=525.762024, refresh=16666666
11-05 13:15:42.539  3253  3253 D SurfaceFlinger:   numHwLayers=4, flags=00000000
11-05 13:15:42.539  3253  3253 D SurfaceFlinger:     type   |  handle  | hint | flag | tr | blnd |   format    |     source crop (l,t,r,b)      |          frame         | name 
11-05 13:15:42.539  3253  3253 D SurfaceFlinger: -----------+----------+------+------+----+------+-------------+--------------------------------+------------------------+------
11-05 13:15:42.539  3253  3253 D SurfaceFlinger:        HWC | 7f0ae591a0 | 0000 | 0000 | 04 | 0105 | RGBA_8888   |    0.0,    0.0, 1080.0,   63.0 | 1017,    0, 1080, 1080 | StatusBar#0
11-05 13:15:42.539  3253  3253 D SurfaceFlinger:       GLES | 7f0ae58720 | 0000 | 0000 | 04 | 0105 | RGBA_8888   |    0.0,    0.0,   67.0,  455.0 |   20, 1013,  475, 1080 | com.samsung.android.app.cocktailbarservice/com.samsung.android.app.cocktailbarservice.CocktailBarService#0
11-05 13:15:42.539  3253  3253 D SurfaceFlinger:        HWC | 7f0ae59fa0 | 0000 | 0100 | 00 | 0105 | RGBA_8888   |    0.0,    0.0, 1080.0, 2220.0 |    0,    0, 1080, 2220 | ScreenshotSurface#0
11-05 13:15:42.539  3253  3253 D SurfaceFlinger:  FB TARGET | 7f0ae55b60 | 0000 | 0000 | 00 | 0105 | RGBA_8888   |    0.0,    0.0, 1440.0, 2960.0 |    0,    0, 1
11-05 13:15:42.539  3253  3253 D SurfaceFlinger: 440, 2960 | HWC_FRAMEBUFFER_TARGET
11-05 13:15:42.539  5208  5208 V Configuration:  needToUpdateOverlays
11-05 13:15:42.542  5208  5208 I chatty  : uid=10083(u0_a83) com.sec.android.app.launcher identical 11 lines
11-05 13:15:42.542  5208  5208 V Configuration:  needToUpdateOverlays
11-05 13:15:42.550  4536  4536 V Configuration:  needToUpdateOverlays
11-05 13:15:42.550  3253  3253 D SurfaceFlinger:   Display[0] configurations (* current):
11-05 13:15:42.550  3253  3253 D SurfaceFlinger:     * 0: 1440x2960, xdpi=522.513977, ydpi=525.762024, refresh=16666666
11-05 13:15:42.550  3253  3253 D SurfaceFlinger:   numHwLayers=6, flags=00000000
11-05 13:15:42.550  3253  3253 D SurfaceFlinger:     type   |  handle  | hint | flag | tr | blnd |   format    |     source crop (l,t,r,b)      |          frame         | name 
11-05 13:15:42.550  3253  3253 D SurfaceFlinger: -----------+----------+------+------+----+------+-------------+--------------------------------+------------------------+------
11-05 13:15:42.550  3253  3253 D SurfaceFlinger:        HWC | 7f0ae591a0 | 0000 | 0000 | 04 | 0105 | RGBA_8888   |    0.0,    0.0, 1080.0,   63.0 | 1017,    0, 1080, 1080 | StatusBar#0
11-05 13:15:42.550  3253  3253 D SurfaceFlinger:       GLES | 7f0ae58720 | 0000 | 0000 | 04 | 0105 | RGBA_8888   |    0.0,    0.0,   67.0,  455.0 |   20, 2153,  475, 2220 | com.samsung.android.app.cocktailbarservice/com.samsung.android.app.cocktailbarservice.CocktailBarService#0
11-05 13:15:42.550  3253  3253 D SurfaceFlinger:       GLES | 7f0ae59de0 | 0000 | 0000 | 04 | 0105 | RGBA_8888   |    0.0,    0.0,  126.0,  126.0 |  954, 2094, 1080, 2220 | NavigationBar#0
11-05 13:15:42.550  3253  3253 D SurfaceFlinger:       GLES | 7f0ae5a400 | 0000 | 0000 | 04 | 0105 | RGBA_8888   |    0.0,    0.0,  566.0,   63.0 |    0,  827,   63,
11-05 13:15:42.550  3253  3253 D SurfaceFlinger:  1393 | com.samsung.android.spay.simple.SimpleIntroHintService#0
11-05 13:15:42.550  3253  3253 D SurfaceFlinger:        HWC | 7f0ae59fa0 | 0000 | 0100 | 00 | 0105 | RGBA_8888   |    0.0,    0.0, 1080.0, 2220.0 |    0,    0, 1080, 2220 | ScreenshotSurface#0
11-05 13:15:42.550  3253  3253 D SurfaceFlinger:  FB TARGET | 7f0ae558c0 | 0000 | 0000 | 00 | 0105 | RGBA_8888   |    0.0,    0.0, 1440.0, 2960.0 |    0,    0, 1440, 2960 | HWC_FRAMEBUFFER_TARGET
11-05 13:15:42.552  3253  3324 W display : DPP_VG1, mHWState(0) but mStateFences size(1)
11-05 13:15:42.588  5208  5208 V Configuration:  needToUpdateOverlays
11-05 13:15:42.591  6548  6548 V Configuration:  needToUpdateOverlays
11-05 13:15:42.593  6548  6548 I chatty  : uid=10013(u0_a13) com.samsung.android.app.cocktailbarservice identical 37 lines
11-05 13:15:42.593  6548  6548 V Configuration:  needToUpdateOverlays
11-05 13:15:42.593  3783 12436 D InputDispatcher: Focus left window: 5208
11-05 13:15:42.594  6548  6548 V Configuration:  needToUpdateOverlays
11-05 13:15:42.594  6548  6548 I chatty  : uid=10013(u0_a13) com.samsung.android.app.cocktailbarservice identical 1 line
11-05 13:15:42.594  3783  3881 D ViewRootImpl@4e762e0[FlaminGo]: MSG_RESIZED_REPORT: frame=Rect(0, 0 - 2094, 1080) ci=Rect(0, 0 - 0, 0) vi=Rect(0, 63 - 0, 0) or=2
11-05 13:15:42.594  6548  6548 V Configuration:  needToUpdateOverlays
11-05 13:15:42.594  6548  6548 V Configuration:  needToUpdateOverlays
11-05 13:15:42.595  5208  5208 I Launcher: onWindowVisibilityChanged : false
11-05 13:15:42.595  6548  6548 I chatty  : uid=10013(u0_a13) com.samsung.android.app.cocktailbarservice expire 22 lines
11-05 13:15:42.595  6548  6548 V Configuration:  needToUpdateOverlays
11-05 13:15:42.595  6548  6548 V Configuration:  needToUpdateOverlays
11-05 13:15:42.596  6548  6548 I chatty  : uid=10013(u0_a13) com.samsung.android.app.cocktailbarservice identical 19 lines
11-05 13:15:42.596  6548  6548 V Configuration:  needToUpdateOverlays
11-05 13:15:42.597  6548  6548 I CocktailBarPositionManager: onOrientationChanged position not dirty
11-05 13:15:42.598  3783  3881 V WindowManager: Relayout Window{fe58999 u0 Splash Screen com.YourCompany.FlaminGo}: viewVisibility=0 req=2094x1080 WM.LayoutParams{(0,0)(fillxfill) sim=#20 ty=3 fl=#1830518 pfl=0x1000011 wanim=0x1030001 vsysui=0x10 needsMenuKey=2 colorMode=0 naviIconColor=0}
11-05 13:15:42.598  3783  4705 I ActivityManager: DSS on for com.YourCompany.FlaminGo and scale is 1.0
11-05 13:15:42.599  4536  4536 I NfcP2pEventManager: changeConfiguration() in NfcService
11-05 13:15:42.601  4382  4382 D GLAnimatorManager: doFrame
11-05 13:15:42.602  6548  6548 D PanelDescriptionView: updateHelpView: Apps edge2130968577 --> 2130968577 helpview reapplied0
11-05 13:15:42.603  6548  6548 D AbstractCocktailPanelView: setPanelVisible: CocktailPortraitRemotePanelView2 will be hidden: 5
11-05 13:15:42.603  6548  6548 D CocktailBarPanelVisibilityManager: updateActivePanelView:  vis=false screenOn=true onTransit=false -hide: 5 current Active: 5
11-05 13:15:42.603  6548  6548 E CocktailBarContainerView: updateContainerVisibility: 0
11-05 13:15:42.604  6548  6548 D CocktailBarUiController: onConfigurationChanged : orientation = true densityDpi = false
11-05 13:15:42.605  6548  6548 D CocktailBarTriggerContainerView: setContainerGravityState: 1 --> 1
11-05 13:15:42.606  4382  4382 D GalaxyWallpaper: onVisibilityChanged = false, mCurrentMode = HOME
11-05 13:15:42.607  4382  4382 D GyroRender: pauseSensing
11-05 13:15:42.607  3783 12436 D SensorService: Calling activate off 10
11-05 13:15:42.608  3240  3240 I Sensors : InterruptGyroSensor old sensor_state 33554433, new sensor_state : 1 en : 0
11-05 13:15:42.609  6548  6548 D TrayStateController: putInputRect mDynamicInputRegion=128111791@LastEvent=t=1541423537847Rect(25, 0 - 67, 455),Rect=Rect(0, 0 - 0, 0)
11-05 13:15:42.610  6548  6548 D TrayStateController: putInputRect mDynamicInputRegion=128111791@LastEvent=t=1541423537847Rect(25, 0 - 67, 455),Rect=Rect(25, 0 - 67, 455)
11-05 13:15:42.610  4382  4382 D SensorManager: unregisterListener ::   
11-05 13:15:42.610  4382  4382 D GyroRender: unregisterListener
11-05 13:15:42.610  4382  4382 D WallpaperService: reportVisibility onVisibilityChanged visible: false
11-05 13:15:42.610  6548  6548 D TrayStateTrigger: getTriggerMarginOnTop retY=605 halfHandleSize=228 getTriggerPosition=33.800007
11-05 13:15:42.614  6548  6548 D PanelDescriptionView: updateHelpView: Apps edge2130968577 --> 2130968577 helpview reapplied0
11-05 13:15:42.614  6548  6548 D AbstractCocktailPanelView: setPanelVisible: CocktailPortraitRemotePanelView2 will be hidden: 5
11-05 13:15:42.615  6548  6548 D CocktailBarPanelVisibilityManager: updateActivePanelView:  vis=false screenOn=true onTransit=false -hide: 5 current Active: 5
11-05 13:15:42.615  6548  6548 E CocktailBarContainerView: updateContainerVisibility: 0
11-05 13:15:42.615  6548  6548 D AbstractCocktailPanelView: setPanelVisible: CocktailPortraitRemotePanelView2 will be hidden: 5
11-05 13:15:42.615  6548  6548 D CocktailBarPanelVisibilityManager: updateActivePanelView:  vis=false screenOn=true onTransit=false -hide: 5 current Active: 5
11-05 13:15:42.615  6548  6548 E CocktailBarContainerView: updateContainerVisibility: 0
11-05 13:15:42.615  3783  3881 D ViewRootImpl@4e762e0[FlaminGo]: Relayout returned: old=[0,0][2094,1080] new=[0,0][2094,1080] result=0x23 surface={valid=true 489248194560} changed=false
11-05 13:15:42.634  3783  4705 D PersonaManagerService: Current focused persona service handled id set to : 0
11-05 13:15:42.634  3783  4705 D InputDispatcher: Focused application set to: xxxx
11-05 13:15:42.636  3783  4067 D GameManagerService: handleForegroundChange(). pkgName: com.YourCompany.FlaminGo, clsName: com.epicgames.ue4.SplashActivity,FgActivityName:com.YourCompany.FlaminGo/com.epicgames.ue4.SplashActivity
11-05 13:15:42.637  3783  4067 D GameManagerService: sem_perfomance_mode: 0
11-05 13:15:42.637  3783  4705 D MARsPolicyManager: onPackageResumedFG pkgName = com.YourCompany.FlaminGo, userId = 0
11-05 13:15:42.637  3783  4067 D GameManagerService: notifyResumePause(). pkg: com.YourCompany.FlaminGo, type: 4, isMinimized: false, isTunableApp: false
11-05 13:15:42.637  3783  4067 D GameManagerService:   notifyResumePause(). unexpected mPrevNotiType: -1
11-05 13:15:42.638  3783  3881 V WindowManager: finishDrawingLocked: mDrawState=COMMIT_DRAW_PENDING Window{fe58999 u0 Splash Screen com.YourCompany.FlaminGo} in Surface(name=Splash Screen com.YourCompany.FlaminGo)
11-05 13:15:42.639  3783  3881 D ViewRootImpl@4e762e0[FlaminGo]: MSG_RESIZED_REPORT: frame=Rect(0, 0 - 2094, 1080) ci=Rect(0, 0 - 0, 0) vi=Rect(0, 63 - 0, 0) or=1
11-05 13:15:42.640  3783  3783 D GameManagerService: onDisplayChanged. displyId: 0, state: 2
11-05 13:15:42.640  3783  3783 D GameManagerService: dpi: 420, longPixel: 2094, shortPixel: 1080
11-05 13:15:42.640  3783  3783 I CAE     : handleMessage(CaPowerManager.java:173) - AP_WAKEUP_Already_Delivered
11-05 13:15:42.641  4536  4536 D NfcService: PROXIMITY SCREEN ON
11-05 13:15:42.641  3783  3814 D PointerController: mLocked.displayWidth 1080, mLocked.displayHeight 2220
11-05 13:15:42.643  3783  3935 I InputReader: Reconfiguring input devices.  changes=0x00000004
11-05 13:15:42.643  3783  3935 I InputReader: Device reconfigured: id=4, name='sec_touchpad', size 1080x2220, orientation 1, mode 4, display id 0
11-05 13:15:42.643  3783  3935 I InputReader: Device reconfigured: id=5, name='sec_touchscreen', size 1080x2220, orientation 1, mode 1, display id 0
11-05 13:15:42.645  3783  3813 D TetheringConfiguration: NAP is enabled by CSCfeature
11-05 13:15:42.648  4211 30535 D vol.VolumeDialogControl.VC: setLayoutDirection
11-05 13:15:42.648  3783  3813 E TetheringConfiguration: No numeric data
11-05 13:15:42.650  4211  4650 D vol.VolumeDialogControl: onReceive ACTION_CONFIGURATION_CHANGED
11-05 13:15:42.652  4551  4551 D DeviceLocale: onReceive
11-05 13:15:42.652  6548  6548 I Utils   : isCurrentUser current = 0, ownerId = 0
11-05 13:15:42.652  6548  6548 I TrayVisibilityController: updateTrayVisible: State=257 visible=2 mCurrentVisible=1 specificMode=0
11-05 13:15:42.652  6548  6548 D TrayStateController: putInputRect mDynamicInputRegion=128111791@LastEvent=t=1541423537847Rect(25, 0 - 67, 455),Rect=Rect(0, 0 - 0, 0)
11-05 13:15:42.653  3783  7275 W CocktailBarStatePolicyController: updateWindowType: current window type is requested window type(1)
11-05 13:15:42.654  3783  3806 D WindowManager: set systemUiVisibility : systemUiFlags= 0x10 fullscreenStackSysUiFlags= 0x0
11-05 13:15:42.654  4551  4795 D EucModule: onLocaleChanged, languageCode=en
11-05 13:15:42.654  5208  5430 D OpenGLRenderer: eglDestroySurface = 0x71fd6c7930
11-05 13:15:42.655  3783  7275 V WindowManager: Relayout Window{b1803b4 u0 com.sec.android.app.launcher/com.sec.android.app.launcher.activities.LauncherActivity}: viewVisibility=8 req=1080x2220 WM.LayoutParams{(0,0)(fillxfill) sim=#130 ty=1 fl=#81910d00 pfl=0x20000 fmt=-2 wanim=0x10302ea vsysui=0x700 needsMenuKey=2 colorMode=0 dimDuration=200 naviIconColor=0}
11-05 13:15:42.655  3783  7224 D GamePkgDataHelper: getGamePkgDataIncServer(). com.YourCompany.FlaminGo
11-05 13:15:42.655  3783  7224 D GamePkgDataHelper: getSosPolicy(). com.YourCompany.FlaminGo
11-05 13:15:42.656  4536 16815 D ForegroundUtils: could not check pending caller
11-05 13:15:42.657   983   994 I SAMSUNGPAY: [Hint_ProcessStatusChange] fg Change, pid : 3559 , isNotify : true , isForeground : true , fg list : [3559, 5208]
11-05 13:15:42.657  4211  4211 D SecNavigationBarView: setNavigationIconHints showImeButton : false
11-05 13:15:42.657  4211  4211 D SecNavigationBarView: updateImmersivePinIcon() isImmersiveMode=false
11-05 13:15:42.658  4211  4211 D NavBarHideController: adjustConsumeWindowLp() enabled=false, mWindowAdded=true, rot=1
11-05 13:15:42.658  3783  7224 D GameManagerService: identifyGamePackage. com.YourCompany.FlaminGo
11-05 13:15:42.658  3783  7224 D GamePkgDataHelper: getGamePkgData(). com.YourCompany.FlaminGo
11-05 13:15:42.659  5208  5208 D ViewRootImpl@b2d5f8e[LauncherActivity]: Relayout returned: old=[0,0][1080,2220] new=[0,0][1080,2220] result=0x5 surface={valid=false 0} changed=true
11-05 13:15:42.659  5208  5208 D ViewRootImpl@b2d5f8e[LauncherActivity]: MSG_WINDOW_FOCUS_CHANGED 0
11-05 13:15:42.661  3783  3797 V WindowManager: Relayout Window{70a4286 u0 NavigationBar}: viewVisibility=0 req=1080x126 WM.LayoutParams{(0,0)(fillxfill) sim=#20 ty=2019 fl=#21840068 fmt=-3 colorMode=0 naviIconColor=0}
11-05 13:15:42.662  6548  6548 D TrayStateController: setUiState 2 : -isHideByOrientationPolicy 0 --> 2
11-05 13:15:42.662  4211  4278 D SystemServicesProxy: updateOverviewLastStackActiveTimeAsync: newTime=1540204754719
11-05 13:15:42.663  3783  5127 D SecContentProvider: query(), uri = 17 selection = isSettingsChangesAllowed
11-05 13:15:42.663  3783  7224 D GameManagerService: identifyGamePackage. com.YourCompany.FlaminGo
11-05 13:15:42.663  3783  7224 D GamePkgDataHelper: getGamePkgData(). com.YourCompany.FlaminGo
11-05 13:15:42.665  3783  5127 D SecContentProvider: called from android.uid.systemui:10005
11-05 13:15:42.665  4211  4481 D SystemServicesProxy: updateOverviewLastStackActiveTimeAsync: done.
11-05 13:15:42.666  3783  7224 D GameManagerService: identifyGamePackage. com.YourCompany.FlaminGo
11-05 13:15:42.666  3783  7224 D GamePkgDataHelper: getGamePkgData(). com.YourCompany.FlaminGo
11-05 13:15:42.667  3783  7224 D GameManagerService: identifyGamePackage. com.YourCompany.FlaminGo
11-05 13:15:42.667  3783  7224 D GamePkgDataHelper: getGamePkgData(). com.YourCompany.FlaminGo
11-05 13:15:42.669  6548  6548 D PanelDescriptionView: updateHelpView: Apps edge-1 --> 2130968577 helpview applied:1, help scroll view applied.
11-05 13:15:42.669  3783  7224 D GameManagerService: identifyGamePackage. com.YourCompany.FlaminGo
11-05 13:15:42.669  3783  7224 D GamePkgDataHelper: getGamePkgData(). com.YourCompany.FlaminGo
11-05 13:15:42.669  6548  6548 D TrayStateController: setUiState 2 : -isHideByOrientationPolicy  already 2
11-05 13:15:42.670  4536  3581 D NfcService: call the applyRouting
11-05 13:15:42.672  6548  6641 D OpenGLRenderer: eglDestroySurface = 0x721b0412a0
11-05 13:15:42.672  4536  3581 D NfcService: Screen Cmd value : 3
11-05 13:15:42.672  4536  3581 D NfcService: Discovery configuration equal, not updating.
11-05 13:15:42.673  6548  6548 D CocktailBarTriggerContainerView: onApplyWindowInsets bottom =0
11-05 13:15:42.674  3253  3253 D SurfaceFlinger:   Display[0] configurations (* current):
11-05 13:15:42.674  3253  3253 D SurfaceFlinger:     * 0: 1440x2960, xdpi=522.513977, ydpi=525.762024, refresh=16666666
11-05 13:15:42.674  3253  3253 D SurfaceFlinger:   numHwLayers=7, flags=00000000
11-05 13:15:42.674  3253  3253 D SurfaceFlinger:     type   |  handle  | hint | flag | tr | blnd |   format    |     source crop (l,t,r,b)      |          frame         | name 
11-05 13:15:42.674  3253  3253 D SurfaceFlinger: -----------+----------+------+------+----+------+-------------+--------------------------------+------------------------+------
11-05 13:15:42.674  3253  3253 D SurfaceFlinger:        HWC | 7f0a82cc00 | 0000 | 0020 | 04 | 0100 | RGBA_8888   |    0.0,    0.0, 2094.0, 1080.0 |    0,    0, 1080, 2094 | Splash Screen com.YourCompany.FlaminGo#0
11-05 13:15:42.674  3253  3253 D SurfaceFlinger:       GLES | 7f0ae591a0 | 0000 | 0000 | 04 | 0105 | RGBA_8888   |    0.0,    0.0, 1080.0,   63.0 | 1017,    0, 1080, 1080 | StatusBar#0
11-05 13:15:42.674  3253  3253 D SurfaceFlinger:       GLES | 7f0ae58720 | 0000 | 0000 | 04 | 0105 | RGBA_8888   |    0.0,    0.0,   67.0,  455.0 |   20, 2153,  475, 2220 | com.samsung.android.app.cocktailbarservice/com.samsung.android.app.cocktailbarservice.CocktailBarService#0
11-05 13:15:42.674  3253  3253 D SurfaceFlinger:       GLES | 7f0ae59de0 | 0000 | 0000 | 04 | 0105 | RGBA_8888   |    0.0,    0.0,  126.0,  
11-05 13:15:42.674  3253  3253 D SurfaceFlinger: 126.0 |  954, 2094, 1080, 2220 | NavigationBar#0
11-05 13:15:42.674  3253  3253 D SurfaceFlinger:       GLES | 7f0ae5a400 | 0000 | 0000 | 04 | 0105 | RGBA_8888   |    0.0,    0.0,  566.0,   63.0 |    0,  827,   63, 1393 | com.samsung.android.spay.simple.SimpleIntroHintService#0
11-05 13:15:42.674  3253  3253 D SurfaceFlinger:        HWC | 7f0ae59fa0 | 0000 | 0100 | 00 | 0105 | RGBA_8888   |    0.0,    0.0, 1080.0, 2220.0 |    0,    0, 1080, 2220 | ScreenshotSurface#0
11-05 13:15:42.674  3253  3253 D SurfaceFlinger:  FB TARGET | 7f0ae55d20 | 0000 | 0000 | 00 | 0105 | RGBA_8888   |    0.0,    0.0, 1440.0, 2960.0 |    0,    0, 1440, 2960 | HWC_FRAMEBUFFER_TARGET
11-05 13:15:42.683  3783  8476 V WindowManager: Relayout Window{1ed392f u0 com.samsung.android.app.cocktailbarservice/com.samsung.android.app.cocktailbarservice.CocktailBarService}: viewVisibility=8 req=67x455 WM.LayoutParams{(0,605)(67x455) gr=#35 sim=#20 ty=2226 fl=#1800148 pfl=0x50 fmt=-2 vsysui=0x2000 colorMode=0 naviIconColor=0}
11-05 13:15:42.683  4211  4211 D ViewRootImpl@6438528[NavigationBar]: Relayout returned: old=[0,2094][1080,2220] new=[2094,0][2220,1080] result=0x23 surface={valid=true 488772796416} changed=false
11-05 13:15:42.683  3783  8476 I WindowManager: Destroying surface Surface(name=com.samsung.android.app.cocktailbarservice/com.samsung.android.app.cocktailbarservice.CocktailBarService) called by com.android.server.wm.WindowStateAnimator.destroySurface:2465 com.android.server.wm.WindowStateAnimator.destroySurfaceLocked:967 com.android.server.wm.WindowState.destroyOrSaveSurfaceUnchecked:3661 com.android.server.wm.WindowState.destroySurface:3609 com.android.server.wm.WindowManagerService.tryStartExitingAnimation:2676 com.android.server.wm.WindowManagerService.relayoutWindow:2460 com.android.server.wm.Session.relayout:249 android.view.IWindowSession$Stub.onTransact:288 
11-05 13:15:42.683  3253  6520 I SurfaceFlinger: id=224 Removed com.samsung.android.app.cocktailbarservice/com.samsung.android.app.cocktailbarservice.CocktailBarService#0 (7/10)
11-05 13:15:42.683  3253  3278 I SurfaceFlinger: id=224 Removed com.samsung.android.app.cocktailbarservice/com.samsung.android.app.cocktailbarservice.CocktailBarService#0 (-2/10)
11-05 13:15:42.685  4211  4669 D OpenGLRenderer: eglDestroySurface = 0x71d3be1bf0
11-05 13:15:42.686  4211  4669 D mali_winsys: EGLint new_window_surface(egl_winsys_display *, void *, EGLSurface, EGLConfig, egl_winsys_surface **, egl_color_buffer_format *, EGLBoolean) returns 0x3000,  [126x1080]-format:1
11-05 13:15:42.686  4211  4669 D OpenGLRenderer: eglCreateWindowSurface = 0x71d3be1bf0
11-05 13:15:42.686  3559  3585 I vndksupport: sphal namespace is not configured for this process. Loading /vendor/lib/egl/libGLES_mali.so from the current namespace instead.
11-05 13:15:42.687  6548  6548 D ViewRootImpl@dd20ccb[CocktailBarService]: Relayout returned: old=[2153,605][2220,1060] new=[2153,605][2220,1060] result=0x5 surface={valid=false 0} changed=true
11-05 13:15:42.687  6548  6548 D CocktailBarTriggerContainerView: onApplyWindowInsets bottom =0
11-05 13:15:42.694  6548  6548 D ViewRootImpl@dd20ccb[CocktailBarService]: MSG_RESIZED_REPORT: frame=Rect(2153, 605 - 2220, 1060) ci=Rect(0, 0 - 126, 0) vi=Rect(0, 0 - 126, 0) or=2
11-05 13:15:42.695  3253  3253 I Layer   : id=224 onRemoved com.samsung.android.app.cocktailbarservice/com.samsung.android.app.cocktailbarservice.CocktailBarService#0 
11-05 13:15:42.695  6548  6548 I AbstractCocktailPanelView: notifyPanelVisibilityChanged: visibility not changed 2 id: 5
11-05 13:15:42.696  6548  6548 D CocktailBarUiController: onCocktailBarStateChanged: flag=0x1 vis=2 bgType=0 showTimeout=-1 activate=true
11-05 13:15:42.697  4211  4211 D SecNavigationBarView: setNavigationIconHints showImeButton : false
11-05 13:15:42.697  4211  4211 D SecNavigationBarView: updateImmersivePinIcon() isImmersiveMode=false
11-05 13:15:42.700  3253  3253 D SurfaceFlinger:   Display[0] configurations (* current):
11-05 13:15:42.700  3253  3253 D SurfaceFlinger:     * 0: 1440x2960, xdpi=522.513977, ydpi=525.762024, refresh=16666666
11-05 13:15:42.700  3253  3253 D SurfaceFlinger:   numHwLayers=5, flags=00000000
11-05 13:15:42.700  3253  3253 D SurfaceFlinger:     type   |  handle  | hint | flag | tr | blnd |   format    |     source crop (l,t,r,b)      |          frame         | name 
11-05 13:15:42.700  3253  3253 D SurfaceFlinger: -----------+----------+------+------+----+------+-------------+--------------------------------+------------------------+------
11-05 13:15:42.700  3253  3253 D SurfaceFlinger:        HWC | 7f0a82cc00 | 0000 | 0020 | 04 | 0100 | RGBA_8888   |    0.0,    0.0, 2094.0, 1080.0 |    0,    0, 1080, 2094 | Splash Screen com.YourCompany.FlaminGo#0
11-05 13:15:42.700  3253  3253 D SurfaceFlinger:       GLES | 7f0ae59de0 | 0000 | 0000 | 04 | 0105 | RGBA_8888   |    0.0,    0.0,  126.0,  126.0 |  954, 2094, 1080, 2220 | NavigationBar#0
11-05 13:15:42.700  3253  3253 D SurfaceFlinger:       GLES | 7f0ae5a400 | 0000 | 0000 | 04 | 0105 | RGBA_8888   |    0.0,    0.0,  566.0,   63.0 |    0,  827,   63, 1393 | com.samsung.android.spay.simple.SimpleIntroHintService#0
11-05 13:15:42.700  3253  3253 D SurfaceFlinger:        HWC | 7f0ae59fa0 | 0000 | 0100 | 00 | 0105 | RGBA_8888   |    0.0,    0.0, 1080.0, 2220.0 |    0,    0, 1080, 2220 | ScreenshotSur
11-05 13:15:42.700  3253  3253 D SurfaceFlinger: face#0
11-05 13:15:42.700  3253  3253 D SurfaceFlinger:  FB TARGET | 7f0ae558c0 | 0000 | 0000 | 00 | 0105 | RGBA_8888   |    0.0,    0.0, 1440.0, 2960.0 |    0,    0, 1440, 2960 | HWC_FRAMEBUFFER_TARGET
11-05 13:15:42.706  3783  4705 V WindowManager: finishDrawingLocked: mDrawState=COMMIT_DRAW_PENDING Window{70a4286 u0 NavigationBar} in Surface(name=NavigationBar)
11-05 13:15:42.709  3783  4705 V WindowManager: Relayout Window{e75ce4a u0 NavBarTouchConsumer}: viewVisibility=0 req=4x4 WM.LayoutParams{(0,0)(4x4) gr=#5 sim=#20 ty=2273 fl=#1080108 fmt=-3 alpha=0.0 colorMode=0 naviIconColor=0 sfl=0x20000}
11-05 13:15:42.710  3559  3585 D libEGL  : loaded /vendor/lib/egl/libGLES_mali.so
11-05 13:15:42.712  4211  4211 D ViewRootImpl@99336fc[NavBarTouchConsumer]: Relayout returned: old=[538,2216][542,2220] new=[2216,538][2220,542] result=0x3 surface={valid=true 489376280576} changed=false
11-05 13:15:42.713  3783  3797 V WindowManager: Relayout Window{1ed392f u0 com.samsung.android.app.cocktailbarservice/com.samsung.android.app.cocktailbarservice.CocktailBarService}: viewVisibility=8 req=67x455 WM.LayoutParams{(0,605)(67x455) gr=#35 sim=#20 ty=2226 fl=#1800148 pfl=0x50 fmt=-2 vsysui=0x2000 colorMode=0 naviIconColor=0}
11-05 13:15:42.716  3783  4705 V WindowManager: finishDrawingLocked: mDrawState=COMMIT_DRAW_PENDING Window{e75ce4a u0 NavBarTouchConsumer} in Surface(name=NavBarTouchConsumer)
11-05 13:15:42.716  6548  6548 D ViewRootImpl@dd20ccb[CocktailBarService]: Relayout returned: old=[2153,605][2220,1060] new=[2153,605][2220,1060] result=0x1 surface={valid=false 0} changed=false
11-05 13:15:42.718  4211  4211 V Configuration:  needToUpdateOverlays
11-05 13:15:42.718 14803 14803 V Configuration:  needToUpdateOverlays
11-05 13:15:42.718  4211  4211 V Configuration:  needToUpdateOverlays
11-05 13:15:42.729  4211  4211 I chatty  : uid=10005(u0_a5) com.android.systemui identical 143 lines
11-05 13:15:42.729  4211  4211 V Configuration:  needToUpdateOverlays
11-05 13:15:42.735  4211  4211 D ViewRootImpl@aa10f44[AssistPreviewPanel]: setView = com.android.systemui.assist.AssistOrbContainer{bd2682d G.E...... ......I. 0,0-0,0} TM=true MM=false
11-05 13:15:42.735  3783  4705 I ActivityManager: START u0 {act=null typ=null flg=0x10000 cmp=ComponentInfo{com.YourCompany.FlaminGo/com.epicgames.ue4.GameActivity}} from uid 10225
11-05 13:15:42.737  4211  4647 D NetworkController.MobileSignalController(0/-2): getMobileIconGroup(): 0
11-05 13:15:42.739  3783  3881 D ViewRootImpl@4e762e0[FlaminGo]: dispatchDetachedFromWindow
11-05 13:15:42.739  3783  3881 D InputEventReceiver: channel 'fe58999 Splash Screen com.YourCompany.FlaminGo (client)' ~ Disposing input event receiver.
11-05 13:15:42.739  3783  3881 D InputEventReceiver: channel 'fe58999 Splash Screen com.YourCompany.FlaminGo (client)' ~NativeInputEventReceiver.
11-05 13:15:42.740  3783  3881 I WindowManager: Destroying surface Surface(name=Splash Screen com.YourCompany.FlaminGo) called by com.android.server.wm.WindowStateAnimator.destroySurface:2465 com.android.server.wm.WindowStateAnimator.destroySurfaceLocked:967 com.android.server.wm.WindowState.removeImmediately:2396 com.android.server.wm.WindowState.removeIfPossible:2594 com.android.server.wm.WindowState.removeIfPossible:2434 com.android.server.wm.WindowManagerService.removeWindow:2018 com.android.server.wm.Session.remove:233 android.view.ViewRootImpl.dispatchDetachedFromWindow:4093 
11-05 13:15:42.740  3253  6520 I SurfaceFlinger: id=239 Removed Splash Screen com.YourCompany.FlaminGo#0 (3/9)
11-05 13:15:42.740  3253  6520 I SurfaceFlinger: id=239 Removed Splash Screen com.YourCompany.FlaminGo#0 (-2/9)
11-05 13:15:42.745  3253  3253 I Layer   : id=239 onRemoved Splash Screen com.YourCompany.FlaminGo#0 
11-05 13:15:42.748  3253  3253 D SurfaceFlinger:   Display[0] configurations (* current):
11-05 13:15:42.748  3253  3253 D SurfaceFlinger:     * 0: 1440x2960, xdpi=522.513977, ydpi=525.762024, refresh=16666666
11-05 13:15:42.748  3253  3253 D SurfaceFlinger:   numHwLayers=4, flags=00000000
11-05 13:15:42.748  3253  3253 D SurfaceFlinger:     type   |  handle  | hint | flag | tr | blnd |   format    |     source crop (l,t,r,b)      |          frame         | name 
11-05 13:15:42.748  3253  3253 D SurfaceFlinger: -----------+----------+------+------+----+------+-------------+--------------------------------+------------------------+------
11-05 13:15:42.748  3253  3253 D SurfaceFlinger:        HWC | 7f0ae58100 | 0000 | 0000 | 00 | 0105 | RGBA_8888   |    0.0,    0.0, 1080.0,  126.0 |    0, 2094, 1080, 2220 | NavigationBar#0
11-05 13:15:42.748  3253  3253 D SurfaceFlinger:        HWC | 7f0ae5a400 | 0000 | 0000 | 04 | 0105 | RGBA_8888   |    0.0,    0.0,  566.0,   63.0 |    0,  827,   63, 1393 | com.samsung.android.spay.simple.SimpleIntroHintService#0
11-05 13:15:42.748  3253  3253 D SurfaceFlinger:        HWC | 7f0ae59fa0 | 0000 | 0100 | 00 | 0105 | RGBA_8888   |    0.0,    0.0, 1080.0, 2220.0 |    0,    0, 1080, 2220 | ScreenshotSurface#0
11-05 13:15:42.748  3253  3253 D SurfaceFlinger:  FB TARGET | 7f0ae55d20 | 0000 | 0000 | 00 | 0105 | RGBA_8888   |    0.0,    0.0, 1440.0, 2960.0 |    0,    0, 1440, 2960 | HWC_FRAMEBUFFER_TARGET
11-05 13:15:42.749  4211  4647 D NetworkController: updateCarrierText : Emergency calls only
11-05 13:15:42.756  4211  4211 D ViewRootImpl@3ab266a[DockedStackDivider]: setView = com.android.systemui.stackdivider.DividerView{58fd75b I.E...... ......I. 0,0-0,0} TM=true MM=false
11-05 13:15:42.757  4211  4211 D ViewRootImpl@4ba6341[DividerButtonsGroup]: dispatchDetachedFromWindow
11-05 13:15:42.757  4211  4211 D InputEventReceiver: channel 'a7b5cca DividerButtonsGroup (client)' ~ Disposing input event receiver.
11-05 13:15:42.757  4211  4211 D InputEventReceiver: channel 'a7b5cca DividerButtonsGroup (client)' ~NativeInputEventReceiver.
11-05 13:15:42.757  3783  8476 W AppOps  : Finishing op nesting under-run: uid 10005 pkg com.android.systemui code 70 time=0 duration=0 nesting=0
11-05 13:15:42.766  4211  4211 D ViewRootImpl@409e841[DividerButtonsGroup]: setView = com.android.systemui.stackdivider.DividerButtonsGroup{41e1e6 I.E...... ......I. 0,0-0,0} TM=true MM=false
11-05 13:15:42.767  4211  4211 D ViewRootImpl@f2e5c0f[StatusBar]: MSG_RESIZED_REPORT: frame=Rect(0, 0 - 2220, 63) ci=Rect(0, 0 - 126, 0) vi=Rect(0, 0 - 126, 0) or=2
11-05 13:15:42.767  4211  4211 D MetadataParser: onConfigurationChanged()
11-05 13:15:42.769  4211  4211 I MetadataParser: updateMetadataInfo() key = com.sec.android.daemonapp, bInfo = MetadataInfo[pkgName=com.sec.android.daemonapp, dbKey=add_info_com_sec_android_daemonapp, titleRes = 2131100116, title=null], mInfo = MetadataInfo[pkgName=com.sec.android.daemonapp, dbKey=add_info_com_sec_android_daemonapp, titleRes = 2131100116, title=null]
11-05 13:15:42.770  2951  2951 D TuiService: onConfigurationChanged, old dpi=420, new dpi=420
11-05 13:15:42.770  3783  7275 D SecContentProvider: query(), uri = 17 selection = isSettingsChangesAllowed
11-05 13:15:42.771  3783  7275 D SecContentProvider: called from android.uid.systemui:10005
11-05 13:15:42.772  3783  7275 I chatty  : uid=1000(system) Binder:3783_14 identical 1 line
11-05 13:15:42.773  3783  7275 I chatty  : uid=1000(system) Binder:3783_14 identical 1 line
11-05 13:15:42.778  3783  7275 D SecContentProvider: query(), uri = 17 selection = isSettingsChangesAllowed
11-05 13:15:42.779  3783  7275 D SecContentProvider: called from android.uid.systemui:10005
11-05 13:15:42.780  5147  5147 V Configuration:  needToUpdateOverlays
11-05 13:15:42.781  5147  5147 I chatty  : uid=10094(u0_a94) com.google.android.googlequicksearchbox:search identical 8 lines
11-05 13:15:42.781  5147  5147 V Configuration:  needToUpdateOverlays
11-05 13:15:42.782  3783  3938 D MdnieScenarioControlService:  packageName : com.YourCompany.FlaminGo    className : com.epicgames.ue4.GameActivity
11-05 13:15:42.782  3783  3938 V MdnieScenarioControlService: setUIMode from UI function(3)
11-05 13:15:42.785  4211  4211 D ViewRootImpl@6438528[NavigationBar]: MSG_RESIZED_REPORT: frame=Rect(2094, 0 - 2220, 1080) ci=Rect(0, 0 - 0, 0) vi=Rect(0, 0 - 0, 0) or=2
11-05 13:15:42.787  4211  4211 D ViewRootImpl@99336fc[NavBarTouchConsumer]: MSG_RESIZED_REPORT: frame=Rect(1108, 1076 - 1112, 1080) ci=Rect(0, 0 - 0, 0) vi=Rect(0, 0 - 0, 0) or=2
11-05 13:15:42.788  4211  4211 D KeyguardUpdateMonitor: received broadcast android.intent.action.CONFIGURATION_CHANGED
11-05 13:15:42.793  4211  4211 D BarTransitions.PhoneStatusBarView: MODE_TRANSPARENT -> MODE_OPAQUE animate=true
11-05 13:15:42.793  4211  4211 D BarTransitions.SecNavigationBarView: MODE_TRANSPARENT -> MODE_OPAQUE animate=false
11-05 13:15:42.793  3783  4705 D WindowManager: adjustSystemUiVisibilityLw : vis= 0x10
11-05 13:15:42.793  4211  4211 D ViewRootImpl@6438528[NavigationBar]: MSG_RESIZED_REPORT: frame=Rect(2094, 0 - 2220, 1080) ci=Rect(0, 0 - 0, 0) vi=Rect(0, 0 - 0, 0) or=2
11-05 13:15:42.797  4211  4211 D ViewRootImpl@aa10f44[AssistPreviewPanel]: dispatchAttachedToWindow
11-05 13:15:42.798  3783  7275 V WindowManager: Relayout Window{77ca136 u0 AssistPreviewPanel}: viewVisibility=8 req=2092x656 WM.LayoutParams{(0,0)(fillx656) gr=#800053 sim=#31 ty=2033 fl=#1000118 fmt=-3 vsysui=0x700 colorMode=0 naviIconColor=0}
11-05 13:15:42.801  4211  4211 D ViewRootImpl@aa10f44[AssistPreviewPanel]: Relayout returned: old=[0,0][0,0] new=[0,1080][2094,1080] result=0x1 surface={valid=false 0} changed=false
11-05 13:15:42.805  5147  5147 I PBSessionCacheImpl: Deleted sessionId[22638286753637195] from persistence.
11-05 13:15:42.810  3783  4705 D ActivityManager: isScaleDownAnimationEnabled() : false
11-05 13:15:42.812  3783  4705 D PersonaManagerService: Current focused persona service handled id set to : 0
11-05 13:15:42.812  3783  4705 D InputDispatcher: Focused application set to: xxxx
11-05 13:15:42.814  3783  4067 D GameManagerService: handleForegroundChange(). pkgName: com.YourCompany.FlaminGo, clsName: com.epicgames.ue4.GameActivity,FgActivityName:com.YourCompany.FlaminGo/com.epicgames.ue4.GameActivity
11-05 13:15:42.814  3783  4705 D MARsPolicyManager: onPackageResumedFG pkgName = com.YourCompany.FlaminGo, userId = 0
11-05 13:15:42.814  3783  4067 D GameManagerService:   handleForegroundChange(). same package. game has never resumed yet. ignore
11-05 13:15:42.815 15039 15099 I chromium: [INFO:WebViewImpl.cpp(2027)] Blink ResizeWithBrowserControls old_size = 412 * 670, new_size = 412 * 670
11-05 13:15:42.820  3783  4705 V WindowManager: Relayout Window{bdb9e33 u0 StatusBar}: viewVisibility=0 req=2220x63 WM.LayoutParams{(0,0)(fillx63) gr=#30 sim=#10 ty=2000 fl=#81840048 fmt=-3 vsysui=0x600 colorMode=0 naviIconColor=0}
11-05 13:15:42.823  4189  4189 V Configuration:  needToUpdateOverlays
11-05 13:15:42.830  4189  4189 I chatty  : uid=10166(u0_a166) com.sec.android.inputmethod identical 3 lines
11-05 13:15:42.830  4189  4189 V Configuration:  needToUpdateOverlays
11-05 13:15:42.831  4189  4189 V Configuration:  needToUpdateOverlays
11-05 13:15:42.833  4211  4211 D ViewRootImpl@f2e5c0f[StatusBar]: Relayout returned: old=[0,0][2220,63] new=[0,0][2220,63] result=0x23 surface={valid=true 489514065920} changed=false
11-05 13:15:42.834  5147  5147 W SearchServiceCore: Abort, client detached.
11-05 13:15:42.835  3559  3559 W linker  : /data/app/com.YourCompany.FlaminGo-aagQQlyb9oU_y618wTiZaA==/lib/arm/libOVRPlugin.so: is missing DT_SONAME will use basename as a replacement: "libOVRPlugin.so"
11-05 13:15:42.837  4211  4669 D OpenGLRenderer: eglDestroySurface = 0x71fb255080
11-05 13:15:42.838  4211  4669 D mali_winsys: EGLint new_window_surface(egl_winsys_display *, void *, EGLSurface, EGLConfig, egl_winsys_surface **, egl_color_buffer_format *, EGLBoolean) returns 0x3000,  [2220x63]-format:1
11-05 13:15:42.838  3559  3559 D OVRPlugin: JNI_OnLoad
11-05 13:15:42.838  4211  4669 D OpenGLRenderer: eglCreateWindowSurface = 0x71fb255080
11-05 13:15:42.839   983   983 V Configuration:  needToUpdateOverlays
11-05 13:15:42.841  4189  4189 I chatty  : uid=10166(u0_a166) com.sec.android.inputmethod expire 22 lines
11-05 13:15:42.841  4189  4189 V Configuration:  needToUpdateOverlays
11-05 13:15:42.842   983   983 I chatty  : uid=10194(u0_a194) com.samsung.android.spay expire 3 lines
11-05 13:15:42.842   983   983 V Configuration:  needToUpdateOverlays
11-05 13:15:42.843 14803 14803 I [WeatherApp(157738@8)] : {[6F553C0FFEEBC8921C1DE372C0B7801AE73AF692B4D34AF07BA7747CBD8AFEE966523F972648F19F09857001A7CE9016AED2EACD8D109A77CAF0F2E84A549F450FEDF3735534D2510CFE54996B35AC220B97EEC99579DCCC37DF79208312A04D]}
11-05 13:15:42.845   983  1075 I SAMSUNGPAY: [Hint_cek] ensureHomePackagesLoaded - already update, isHomePackageEmpty : false, isKnoxRunning : false
11-05 13:15:42.847   983  1075 I SAMSUNGPAY: [Hint_cek] isHomePackageRunning topPkgName = com.YourCompany.FlaminGo, topClsName = com.epicgames.ue4.GameActivity, return false
11-05 13:15:42.849  2435  2435 V CameraLocalBCManager: sendLocalBroadcast : camera.action.CONFIGURATION_CHANGED
11-05 13:15:42.856  4211  4211 D ScrollView:  onsize change changed 
11-05 13:15:42.856 12087 12087 I [WeatherWidget(157738@8)] : {[6F553C0FFEEBC8921C1DE372C0B7801AE73AF692B4D34AF07BA7747CBD8AFEE966523F972648F19F09857001A7CE9016BC545B7C29E22C195F7029BAD1E51092]}
11-05 13:15:42.857 12087 12087 I [WeatherWidget(157738@8)] : {[6F553C0FFEEBC8921C1DE372C0B7801AA01BB0C39F82763FF4509115D82B8D6E8F7548AAF31890FA7B9038662072A9AC6855E26A2CE06A09029A117D4CCE27C2FAC9F80DAE31FBAB897D7D86BA1DFC9F]}
11-05 13:15:42.861   983   983 D ViewRootImpl@1cd9cdc[SimpleIntroHintService]: MSG_RESIZED_REPORT: frame=Rect(827, 1017 - 1393, 1080) ci=Rect(0, 0 - 0, 0) vi=Rect(0, 0 - 0, 0) or=2
11-05 13:15:42.862  4189  4189 I SKBD    : SamsungKeypad onConfigurationChanged2
11-05 13:15:42.867   983   983 I SAMSUNGPAY: [ServiceTypeTable] isSupportOperator : BTU, GB
11-05 13:15:42.868   983   983 D SAMSUNGPAY: [ServiceTypeTable] Upgrade - ServiceTypeTable - entryFromCountryIso - index is : 37, iso : GB
11-05 13:15:42.869   983   983 D SAMSUNGPAY: [Hint_SimpleIntroService] Hint Status - HIDE : Home Package Not Running
11-05 13:15:42.870   983   983 I SemUiSupportService: getWindowAttributes()
11-05 13:15:42.870   983   983 I SAMSUNGPAY: [ServiceTypeTable] isSupportOperator : BTU, GB
11-05 13:15:42.873  3783  7275 V WindowManager: finishDrawingLocked: mDrawState=COMMIT_DRAW_PENDING Window{bdb9e33 u0 StatusBar} in Surface(name=StatusBar)
11-05 13:15:42.874 12087 12087 D [WeatherWidget(157738@8)] : {[1E664422AD52943CBB2A3A8093981A53214B59EF8336756F3A53C3AED4C7D819445FBF54BA5ADF9159760DDE7965C454FED52E802B23DA62F149C23CCEAC3AA8BC25E3B73843615E29CC9356DC3F194514387D6D5742449D7EB28EBA4ED68111432D166C1822C4B37947D4DDECEC855773C9D0896144A89D16ABE7A0055995D6F059CCF9589FD03A61A9E6B657DA003A38F0D718A406C0A8FD63D7DB51F0D791A86547DE7D48E9E001F29EC92D5A4470328F6F391C1BFA8B467835FA8515D3228337B3BC24922B384AFE30143F2059ECE6DEB22B91969F7E8863C21C78E59922C1464359EC6CEAED2EEA0EDC0CDD94CA]}
11-05 13:15:42.875  4211  4211 D ViewRootImpl@3ab266a[DockedStackDivider]: dispatchAttachedToWindow
11-05 13:15:42.876  3783  7275 V WindowManager: Relayout Window{e8f0b09 u0 DockedStackDivider}: viewVisibility=4 req=126x1016 WM.LayoutParams{(0,0)(126xfill) sim=#20 ty=2034 fl=#21840028 pfl=0x40 fmt=-3 vsysui=0x700 colorMode=0 naviIconColor=0}
11-05 13:15:42.879  4211  4211 D ViewRootImpl@3ab266a[DockedStackDivider]: Relayout returned: old=[0,0][0,0] new=[0,0][0,0] result=0x1 surface={valid=false 0} changed=false
11-05 13:15:42.879   983   983 D SAMSUNGPAY: [ServiceTypeTable] Upgrade - ServiceTypeTable - entryFromCountryIso - index is : 37, iso : GB
11-05 13:15:42.882   983   983 D SAMSUNGPAY: [Hint_SimpleIntroService] Hint Status - already invisible, skip hide : Landscape mode
11-05 13:15:42.882  4211  4211 D ViewRootImpl@409e841[DividerButtonsGroup]: dispatchAttachedToWindow
11-05 13:15:42.883  3783  4705 V WindowManager: Relayout Window{6dd072f u0 DividerButtonsGroup}: viewVisibility=4 req=131x458 WM.LayoutParams{(0,0)(131x458) sim=#20 ty=2302 fl=#1040020 fmt=-3 vsysui=0x700 surfaceInsets=Rect(32, 32 - 32, 32) colorMode=0 naviIconColor=0}
